2026-08-20 10:22:02,665 [INFO] 5-node baseline: method=ppo seed=42 episodes=2000 query_budget=3204460
2026-08-20 10:22:22,443 [INFO]   Episode 0/2000, Final Loss: 2.1470
2026-08-20 10:22:50,452 [INFO]   Episode 10/2000, Final Loss: 2.0042
2026-08-20 10:23:18,345 [INFO]   Episode 20/2000, Final Loss: 1.9728
2026-08-20 10:23:46,337 [INFO]   Episode 30/2000, Final Loss: 1.9824
2026-08-20 10:24:14,139 [INFO]   Episode 40/2000, Final Loss: 1.9759
2026-08-20 10:24:42,076 [INFO]   Episode 50/2000, Final Loss: 2.0035
2026-08-20 10:25:09,974 [INFO]   Episode 60/2000, Final Loss: 1.9593
2026-08-20 10:25:37,669 [INFO]   Episode 70/2000, Final Loss: 1.9926
2026-08-20 10:26:05,447 [INFO]   Episode 80/2000, Final Loss: 1.9699
2026-08-20 10:26:33,313 [INFO]   Episode 90/2000, Final Loss: 2.0718
2026-08-20 10:27:01,046 [INFO]   Episode 100/2000, Final Loss: 1.9605
2026-08-20 10:27:28,846 [INFO]   Episode 110/2000, Final Loss: 2.0336
2026-08-20 10:27:56,794 [INFO]   Episode 120/2000, Final Loss: 1.9528
2026-08-20 10:28:24,571 [INFO]   Episode 130/2000, Final Loss: 1.9712
2026-08-20 10:28:52,425 [INFO]   Episode 140/2000, Final Loss: 1.9977
2026-08-20 10:29:20,385 [INFO]   Episode 150/2000, Final Loss: 1.9943
2026-08-20 10:29:48,282 [INFO]   Episode 160/2000, Final Loss: 1.9585
2026-08-20 10:30:16,042 [INFO]   Episode 170/2000, Final Loss: 1.9623
2026-08-20 10:30:43,911 [INFO]   Episode 180/2000, Final Loss: 2.0145
2026-08-20 10:31:11,812 [INFO]   Episode 190/2000, Final Loss: 1.9942
2026-08-20 10:31:39,727 [INFO]   Episode 200/2000, Final Loss: 2.0988
2026-08-20 10:32:07,666 [INFO]   Episode 210/2000, Final Loss: 2.0560
2026-08-20 10:32:35,560 [INFO]   Episode 220/2000, Final Loss: 2.0705
2026-08-20 10:33:03,513 [INFO]   Episode 230/2000, Final Loss: 2.0071
2026-08-20 10:33:31,408 [INFO]   Episode 240/2000, Final Loss: 1.9801
2026-08-20 10:33:59,379 [INFO]   Episode 250/2000, Final Loss: 2.0202
2026-08-20 10:34:27,357 [INFO]   Episode 260/2000, Final Loss: 2.0038
2026-08-20 10:34:55,303 [INFO]   Episode 270/2000, Final Loss: 2.0479
2026-08-20 10:35:23,095 [INFO]   Episode 280/2000, Final Loss: 1.9867
2026-08-20 10:35:50,631 [INFO]   Episode 290/2000, Final Loss: 2.0475
2026-08-20 10:36:18,512 [INFO]   Episode 300/2000, Final Loss: 1.9726
2026-08-20 10:36:46,352 [INFO]   Episode 310/2000, Final Loss: 1.9770
2026-08-20 10:37:13,948 [INFO]   Episode 320/2000, Final Loss: 1.9836
2026-08-20 10:37:41,685 [INFO]   Episode 330/2000, Final Loss: 2.0002
2026-08-20 10:38:09,697 [INFO]   Episode 340/2000, Final Loss: 1.9784
2026-08-20 10:38:37,705 [INFO]   Episode 350/2000, Final Loss: 2.0590
2026-08-20 10:39:05,586 [INFO]   Episode 360/2000, Final Loss: 2.0468
2026-08-20 10:39:33,470 [INFO]   Episode 370/2000, Final Loss: 1.9806
2026-08-20 10:40:01,263 [INFO]   Episode 380/2000, Final Loss: 1.9560
2026-08-20 10:40:29,158 [INFO]   Episode 390/2000, Final Loss: 1.9996
2026-08-20 10:40:57,089 [INFO]   Episode 400/2000, Final Loss: 1.9859
2026-08-20 10:41:24,994 [INFO]   Episode 410/2000, Final Loss: 1.9825
2026-08-20 10:41:52,896 [INFO]   Episode 420/2000, Final Loss: 1.9651
2026-08-20 10:42:20,604 [INFO]   Episode 430/2000, Final Loss: 1.9734
2026-08-20 10:42:48,340 [INFO]   Episode 440/2000, Final Loss: 1.9994
2026-08-20 10:43:15,928 [INFO]   Episode 450/2000, Final Loss: 2.0125
2026-08-20 10:43:43,634 [INFO]   Episode 460/2000, Final Loss: 2.0538
2026-08-20 10:44:11,560 [INFO]   Episode 470/2000, Final Loss: 2.0065
2026-08-20 10:44:39,445 [INFO]   Episode 480/2000, Final Loss: 1.9945
2026-08-20 10:45:07,183 [INFO]   Episode 490/2000, Final Loss: 2.0583
2026-08-20 10:45:34,913 [INFO]   Episode 500/2000, Final Loss: 1.9842
2026-08-20 10:46:02,648 [INFO]   Episode 510/2000, Final Loss: 1.9533
2026-08-20 10:46:30,244 [INFO]   Episode 520/2000, Final Loss: 2.1025
2026-08-20 10:46:57,765 [INFO]   Episode 530/2000, Final Loss: 1.9959
2026-08-20 10:47:25,287 [INFO]   Episode 540/2000, Final Loss: 2.0024
2026-08-20 10:47:53,075 [INFO]   Episode 550/2000, Final Loss: 1.9674
2026-08-20 10:48:20,803 [INFO]   Episode 560/2000, Final Loss: 2.0580
2026-08-20 10:48:48,563 [INFO]   Episode 570/2000, Final Loss: 2.0606
2026-08-20 10:49:16,400 [INFO]   Episode 580/2000, Final Loss: 1.9950
2026-08-20 10:49:44,397 [INFO]   Episode 590/2000, Final Loss: 1.9583
2026-08-20 10:50:12,306 [INFO]   Episode 600/2000, Final Loss: 2.0396
2026-08-20 10:50:40,245 [INFO]   Episode 610/2000, Final Loss: 2.0429
2026-08-20 10:51:08,150 [INFO]   Episode 620/2000, Final Loss: 1.9910
2026-08-20 10:51:36,064 [INFO]   Episode 630/2000, Final Loss: 2.0422
2026-08-20 10:52:03,708 [INFO]   Episode 640/2000, Final Loss: 1.9972
2026-08-20 10:52:31,313 [INFO]   Episode 650/2000, Final Loss: 1.9634
2026-08-20 10:52:59,234 [INFO]   Episode 660/2000, Final Loss: 2.1015
2026-08-20 10:53:27,157 [INFO]   Episode 670/2000, Final Loss: 1.9894
2026-08-20 10:53:55,098 [INFO]   Episode 680/2000, Final Loss: 2.0089
2026-08-20 10:54:23,097 [INFO]   Episode 690/2000, Final Loss: 2.0529
2026-08-20 10:54:51,179 [INFO]   Episode 700/2000, Final Loss: 1.9792
2026-08-20 10:55:19,181 [INFO]   Episode 710/2000, Final Loss: 2.0063
2026-08-20 10:55:47,192 [INFO]   Episode 720/2000, Final Loss: 2.0033
2026-08-20 10:56:15,121 [INFO]   Episode 730/2000, Final Loss: 1.9878
2026-08-20 10:56:43,051 [INFO]   Episode 740/2000, Final Loss: 2.0536
2026-08-20 10:57:10,971 [INFO]   Episode 750/2000, Final Loss: 2.0039
2026-08-20 10:57:38,910 [INFO]   Episode 760/2000, Final Loss: 2.0597
2026-08-20 10:58:06,729 [INFO]   Episode 770/2000, Final Loss: 2.0055
2026-08-20 10:58:34,593 [INFO]   Episode 780/2000, Final Loss: 2.0475
2026-08-20 10:59:02,403 [INFO]   Episode 790/2000, Final Loss: 2.0442
2026-08-20 10:59:30,363 [INFO]   Episode 800/2000, Final Loss: 2.0183
2026-08-20 10:59:58,285 [INFO]   Episode 810/2000, Final Loss: 2.0002
2026-08-20 11:00:26,185 [INFO]   Episode 820/2000, Final Loss: 2.0519
2026-08-20 11:00:54,181 [INFO]   Episode 830/2000, Final Loss: 1.9886
2026-08-20 11:01:22,087 [INFO]   Episode 840/2000, Final Loss: 1.9783
2026-08-20 11:01:49,797 [INFO]   Episode 850/2000, Final Loss: 1.9718
2026-08-20 11:02:17,420 [INFO]   Episode 860/2000, Final Loss: 2.0168
2026-08-20 11:02:45,193 [INFO]   Episode 870/2000, Final Loss: 2.0167
2026-08-20 11:03:12,837 [INFO]   Episode 880/2000, Final Loss: 2.0921
2026-08-20 11:03:40,464 [INFO]   Episode 890/2000, Final Loss: 2.0827
2026-08-20 11:04:08,283 [INFO]   Episode 900/2000, Final Loss: 2.0609
2026-08-20 11:04:35,895 [INFO]   Episode 910/2000, Final Loss: 1.9795
2026-08-20 11:05:03,706 [INFO]   Episode 920/2000, Final Loss: 1.9677
2026-08-20 11:05:31,584 [INFO]   Episode 930/2000, Final Loss: 2.0047
2026-08-20 11:05:59,418 [INFO]   Episode 940/2000, Final Loss: 2.0394
2026-08-20 11:06:27,097 [INFO]   Episode 950/2000, Final Loss: 2.0482
2026-08-20 11:06:54,855 [INFO]   Episode 960/2000, Final Loss: 2.0532
2026-08-20 11:07:22,613 [INFO]   Episode 970/2000, Final Loss: 2.0021
2026-08-20 11:07:50,155 [INFO]   Episode 980/2000, Final Loss: 2.0191
2026-08-20 11:08:17,666 [INFO]   Episode 990/2000, Final Loss: 2.0048
2026-08-20 11:08:45,340 [INFO]   Episode 1000/2000, Final Loss: 1.9772
2026-08-20 11:09:12,886 [INFO]   Episode 1010/2000, Final Loss: 1.9846
2026-08-20 11:09:40,638 [INFO]   Episode 1020/2000, Final Loss: 2.0631
2026-08-20 11:10:08,337 [INFO]   Episode 1030/2000, Final Loss: 2.0886
2026-08-20 11:10:35,893 [INFO]   Episode 1040/2000, Final Loss: 1.9883
2026-08-20 11:11:03,410 [INFO]   Episode 1050/2000, Final Loss: 1.9994
2026-08-20 11:11:30,907 [INFO]   Episode 1060/2000, Final Loss: 1.9704
2026-08-20 11:11:58,403 [INFO]   Episode 1070/2000, Final Loss: 1.9644
2026-08-20 11:12:26,233 [INFO]   Episode 1080/2000, Final Loss: 2.0035
2026-08-20 11:12:54,015 [INFO]   Episode 1090/2000, Final Loss: 1.9933
2026-08-20 11:13:21,868 [INFO]   Episode 1100/2000, Final Loss: 1.9696
2026-08-20 11:13:49,572 [INFO]   Episode 1110/2000, Final Loss: 2.1464
2026-08-20 11:14:17,322 [INFO]   Episode 1120/2000, Final Loss: 2.0734
2026-08-20 11:14:28,492 [INFO] [Query Budget] Reached 3206250/3204460 environment samples at episode 1125; stopping. Breakdown: {'executed': {'calls': 28125, 'samples': 1406250}, 'observational': {'calls': 9000, 'samples': 1800000}, 'total': {'calls': 37125, 'samples': 3206250}}
2026-08-20 11:14:28,560 [INFO]   Done. final_loss=2.0085  elapsed=3146s
2026-08-20 11:14:28,820 [INFO]   [Query Budget] ppo breakdown: {'executed': {'calls': 28125, 'samples': 1406250}, 'observational': {'calls': 9000, 'samples': 1800000}, 'total': {'calls': 37125, 'samples': 3206250}}
2026-08-20 11:14:28,820 [INFO]   Results saved to /scratch/alpine/paco0228/ACE/results/curc_5node_budget_fairness/baselines/ppo/seed_42
