2026-08-20 10:22:02,654 [INFO] 5-node baseline: method=ppo seed=456 episodes=2000 query_budget=3204460
2026-08-20 10:22:24,522 [INFO]   Episode 0/2000, Final Loss: 1.9728
2026-08-20 10:23:00,008 [INFO]   Episode 10/2000, Final Loss: 1.9302
2026-08-20 10:23:34,461 [INFO]   Episode 20/2000, Final Loss: 2.0276
2026-08-20 10:24:05,629 [INFO]   Episode 30/2000, Final Loss: 2.0293
2026-08-20 10:24:38,129 [INFO]   Episode 40/2000, Final Loss: 1.9724
2026-08-20 10:25:09,334 [INFO]   Episode 50/2000, Final Loss: 1.9673
2026-08-20 10:25:40,395 [INFO]   Episode 60/2000, Final Loss: 1.9423
2026-08-20 10:26:11,108 [INFO]   Episode 70/2000, Final Loss: 1.9244
2026-08-20 10:26:41,819 [INFO]   Episode 80/2000, Final Loss: 1.9130
2026-08-20 10:27:12,155 [INFO]   Episode 90/2000, Final Loss: 1.9179
2026-08-20 10:27:44,518 [INFO]   Episode 100/2000, Final Loss: 1.9103
2026-08-20 10:28:18,072 [INFO]   Episode 110/2000, Final Loss: 1.9869
2026-08-20 10:28:51,611 [INFO]   Episode 120/2000, Final Loss: 1.9738
2026-08-20 10:29:23,488 [INFO]   Episode 130/2000, Final Loss: 1.9979
2026-08-20 10:29:53,656 [INFO]   Episode 140/2000, Final Loss: 1.9405
2026-08-20 10:30:24,440 [INFO]   Episode 150/2000, Final Loss: 1.9447
2026-08-20 10:30:54,041 [INFO]   Episode 160/2000, Final Loss: 1.9145
2026-08-20 10:31:24,172 [INFO]   Episode 170/2000, Final Loss: 2.0189
2026-08-20 10:32:00,129 [INFO]   Episode 180/2000, Final Loss: 1.9285
2026-08-20 10:32:33,581 [INFO]   Episode 190/2000, Final Loss: 1.9421
2026-08-20 10:33:03,964 [INFO]   Episode 200/2000, Final Loss: 1.9895
2026-08-20 10:33:34,167 [INFO]   Episode 210/2000, Final Loss: 1.9606
2026-08-20 10:34:04,096 [INFO]   Episode 220/2000, Final Loss: 1.9469
2026-08-20 10:34:33,920 [INFO]   Episode 230/2000, Final Loss: 1.9469
2026-08-20 10:35:03,652 [INFO]   Episode 240/2000, Final Loss: 1.9202
2026-08-20 10:35:34,284 [INFO]   Episode 250/2000, Final Loss: 1.9628
2026-08-20 10:36:05,571 [INFO]   Episode 260/2000, Final Loss: 2.0721
2026-08-20 10:36:36,035 [INFO]   Episode 270/2000, Final Loss: 1.9363
2026-08-20 10:37:06,269 [INFO]   Episode 280/2000, Final Loss: 1.9922
2026-08-20 10:37:36,692 [INFO]   Episode 290/2000, Final Loss: 1.9132
2026-08-20 10:38:07,067 [INFO]   Episode 300/2000, Final Loss: 1.9381
2026-08-20 10:38:37,269 [INFO]   Episode 310/2000, Final Loss: 1.9435
2026-08-20 10:39:07,360 [INFO]   Episode 320/2000, Final Loss: 1.9650
2026-08-20 10:39:37,239 [INFO]   Episode 330/2000, Final Loss: 2.0619
2026-08-20 10:40:07,129 [INFO]   Episode 340/2000, Final Loss: 1.9125
2026-08-20 10:40:36,773 [INFO]   Episode 350/2000, Final Loss: 1.9405
2026-08-20 10:41:06,662 [INFO]   Episode 360/2000, Final Loss: 1.9545
2026-08-20 10:41:36,464 [INFO]   Episode 370/2000, Final Loss: 1.9477
2026-08-20 10:42:06,121 [INFO]   Episode 380/2000, Final Loss: 1.9675
2026-08-20 10:42:36,213 [INFO]   Episode 390/2000, Final Loss: 1.9305
2026-08-20 10:43:06,194 [INFO]   Episode 400/2000, Final Loss: 1.9188
2026-08-20 10:43:36,570 [INFO]   Episode 410/2000, Final Loss: 2.0235
2026-08-20 10:44:07,052 [INFO]   Episode 420/2000, Final Loss: 1.9189
2026-08-20 10:44:37,210 [INFO]   Episode 430/2000, Final Loss: 1.9290
2026-08-20 10:45:07,411 [INFO]   Episode 440/2000, Final Loss: 1.9717
2026-08-20 10:45:37,875 [INFO]   Episode 450/2000, Final Loss: 1.9429
2026-08-20 10:46:07,919 [INFO]   Episode 460/2000, Final Loss: 1.9536
2026-08-20 10:46:37,782 [INFO]   Episode 470/2000, Final Loss: 2.0802
2026-08-20 10:47:07,236 [INFO]   Episode 480/2000, Final Loss: 1.9178
2026-08-20 10:47:37,166 [INFO]   Episode 490/2000, Final Loss: 1.9183
2026-08-20 10:48:06,949 [INFO]   Episode 500/2000, Final Loss: 1.9457
2026-08-20 10:48:36,192 [INFO]   Episode 510/2000, Final Loss: 1.9245
2026-08-20 10:49:05,886 [INFO]   Episode 520/2000, Final Loss: 1.9798
2026-08-20 10:49:35,438 [INFO]   Episode 530/2000, Final Loss: 1.9526
2026-08-20 10:50:05,223 [INFO]   Episode 540/2000, Final Loss: 2.0256
2026-08-20 10:50:34,922 [INFO]   Episode 550/2000, Final Loss: 1.9744
2026-08-20 10:51:04,339 [INFO]   Episode 560/2000, Final Loss: 1.9368
2026-08-20 10:51:33,761 [INFO]   Episode 570/2000, Final Loss: 1.9967
2026-08-20 10:52:03,394 [INFO]   Episode 580/2000, Final Loss: 1.9373
2026-08-20 10:52:33,067 [INFO]   Episode 590/2000, Final Loss: 1.9878
2026-08-20 10:53:02,870 [INFO]   Episode 600/2000, Final Loss: 1.9548
2026-08-20 10:53:32,667 [INFO]   Episode 610/2000, Final Loss: 1.9605
2026-08-20 10:54:02,185 [INFO]   Episode 620/2000, Final Loss: 1.9296
2026-08-20 10:54:32,022 [INFO]   Episode 630/2000, Final Loss: 1.9231
2026-08-20 10:55:01,773 [INFO]   Episode 640/2000, Final Loss: 2.0198
2026-08-20 10:55:31,533 [INFO]   Episode 650/2000, Final Loss: 1.9385
2026-08-20 10:56:01,416 [INFO]   Episode 660/2000, Final Loss: 1.9670
2026-08-20 10:56:31,330 [INFO]   Episode 670/2000, Final Loss: 1.9318
2026-08-20 10:57:01,074 [INFO]   Episode 680/2000, Final Loss: 1.9146
2026-08-20 10:57:30,652 [INFO]   Episode 690/2000, Final Loss: 1.9225
2026-08-20 10:58:00,294 [INFO]   Episode 700/2000, Final Loss: 1.9231
2026-08-20 10:58:29,873 [INFO]   Episode 710/2000, Final Loss: 1.9225
2026-08-20 10:58:59,711 [INFO]   Episode 720/2000, Final Loss: 1.9252
2026-08-20 10:59:34,866 [INFO]   Episode 730/2000, Final Loss: 1.9217
2026-08-20 11:00:08,517 [INFO]   Episode 740/2000, Final Loss: 1.9166
2026-08-20 11:00:42,383 [INFO]   Episode 750/2000, Final Loss: 2.0095
2026-08-20 11:01:15,887 [INFO]   Episode 760/2000, Final Loss: 1.9649
2026-08-20 11:01:49,320 [INFO]   Episode 770/2000, Final Loss: 1.9883
2026-08-20 11:02:22,505 [INFO]   Episode 780/2000, Final Loss: 1.9663
2026-08-20 11:02:55,595 [INFO]   Episode 790/2000, Final Loss: 1.9352
2026-08-20 11:03:28,920 [INFO]   Episode 800/2000, Final Loss: 1.9241
2026-08-20 11:04:02,493 [INFO]   Episode 810/2000, Final Loss: 1.9207
2026-08-20 11:04:36,103 [INFO]   Episode 820/2000, Final Loss: 1.9157
2026-08-20 11:05:07,883 [INFO]   Episode 830/2000, Final Loss: 1.9132
2026-08-20 11:05:38,960 [INFO]   Episode 840/2000, Final Loss: 1.9507
2026-08-20 11:06:17,411 [INFO]   Episode 850/2000, Final Loss: 1.9284
2026-08-20 11:06:58,790 [INFO]   Episode 860/2000, Final Loss: 1.9214
2026-08-20 11:07:38,990 [INFO]   Episode 870/2000, Final Loss: 1.9223
2026-08-20 11:08:18,615 [INFO]   Episode 880/2000, Final Loss: 1.9300
2026-08-20 11:08:57,084 [INFO]   Episode 890/2000, Final Loss: 1.9372
2026-08-20 11:09:35,628 [INFO]   Episode 900/2000, Final Loss: 1.9966
2026-08-20 11:10:17,635 [INFO]   Episode 910/2000, Final Loss: 1.9852
2026-08-20 11:11:00,677 [INFO]   Episode 920/2000, Final Loss: 1.9631
2026-08-20 11:11:39,087 [INFO]   Episode 930/2000, Final Loss: 1.9255
2026-08-20 11:12:18,851 [INFO]   Episode 940/2000, Final Loss: 1.9432
2026-08-20 11:12:59,893 [INFO]   Episode 950/2000, Final Loss: 1.9424
2026-08-20 11:13:41,850 [INFO]   Episode 960/2000, Final Loss: 1.9425
2026-08-20 11:14:21,591 [INFO]   Episode 970/2000, Final Loss: 1.9513
2026-08-20 11:15:02,507 [INFO]   Episode 980/2000, Final Loss: 1.9370
2026-08-20 11:15:44,437 [INFO]   Episode 990/2000, Final Loss: 1.9639
2026-08-20 11:16:20,349 [INFO]   Episode 1000/2000, Final Loss: 1.9578
2026-08-20 11:17:01,858 [INFO]   Episode 1010/2000, Final Loss: 1.9209
2026-08-20 11:17:42,750 [INFO]   Episode 1020/2000, Final Loss: 1.9213
2026-08-20 11:18:17,116 [INFO]   Episode 1030/2000, Final Loss: 1.9353
2026-08-20 11:18:53,457 [INFO]   Episode 1040/2000, Final Loss: 1.9624
2026-08-20 11:19:25,717 [INFO]   Episode 1050/2000, Final Loss: 2.0157
2026-08-20 11:19:57,262 [INFO]   Episode 1060/2000, Final Loss: 1.9317
2026-08-20 11:20:29,526 [INFO]   Episode 1070/2000, Final Loss: 1.9115
2026-08-20 11:21:01,340 [INFO]   Episode 1080/2000, Final Loss: 2.0480
2026-08-20 11:21:33,428 [INFO]   Episode 1090/2000, Final Loss: 1.9926
2026-08-20 11:22:05,300 [INFO]   Episode 1100/2000, Final Loss: 1.9673
2026-08-20 11:22:37,176 [INFO]   Episode 1110/2000, Final Loss: 1.9295
2026-08-20 11:23:08,785 [INFO]   Episode 1120/2000, Final Loss: 1.9182
2026-08-20 11:23:21,957 [INFO] [Query Budget] Reached 3206250/3204460 environment samples at episode 1125; stopping. Breakdown: {'executed': {'calls': 28125, 'samples': 1406250}, 'observational': {'calls': 9000, 'samples': 1800000}, 'total': {'calls': 37125, 'samples': 3206250}}
2026-08-20 11:23:22,061 [INFO]   Done. final_loss=1.9223  elapsed=3679s
2026-08-20 11:23:22,334 [INFO]   [Query Budget] ppo breakdown: {'executed': {'calls': 28125, 'samples': 1406250}, 'observational': {'calls': 9000, 'samples': 1800000}, 'total': {'calls': 37125, 'samples': 3206250}}
2026-08-20 11:23:22,334 [INFO]   Results saved to /scratch/alpine/paco0228/ACE/results/curc_5node_budget_fairness/baselines/ppo/seed_456
