2026-08-20 10:22:03,209 [INFO] 5-node baseline: method=ppo seed=123 episodes=2000 query_budget=3204460
2026-08-20 10:22:22,455 [INFO]   Episode 0/2000, Final Loss: 1.9307
2026-08-20 10:22:50,846 [INFO]   Episode 10/2000, Final Loss: 1.8826
2026-08-20 10:23:19,100 [INFO]   Episode 20/2000, Final Loss: 1.9210
2026-08-20 10:23:47,335 [INFO]   Episode 30/2000, Final Loss: 2.0682
2026-08-20 10:24:15,668 [INFO]   Episode 40/2000, Final Loss: 1.9167
2026-08-20 10:24:43,874 [INFO]   Episode 50/2000, Final Loss: 1.9446
2026-08-20 10:25:12,208 [INFO]   Episode 60/2000, Final Loss: 1.9426
2026-08-20 10:25:40,514 [INFO]   Episode 70/2000, Final Loss: 1.9351
2026-08-20 10:26:08,740 [INFO]   Episode 80/2000, Final Loss: 2.0012
2026-08-20 10:26:36,871 [INFO]   Episode 90/2000, Final Loss: 1.9318
2026-08-20 10:27:05,089 [INFO]   Episode 100/2000, Final Loss: 2.0600
2026-08-20 10:27:33,397 [INFO]   Episode 110/2000, Final Loss: 1.9342
2026-08-20 10:28:01,677 [INFO]   Episode 120/2000, Final Loss: 1.9451
2026-08-20 10:28:29,869 [INFO]   Episode 130/2000, Final Loss: 1.9117
2026-08-20 10:28:58,254 [INFO]   Episode 140/2000, Final Loss: 1.9442
2026-08-20 10:29:26,683 [INFO]   Episode 150/2000, Final Loss: 1.9274
2026-08-20 10:29:54,941 [INFO]   Episode 160/2000, Final Loss: 1.9415
2026-08-20 10:30:23,131 [INFO]   Episode 170/2000, Final Loss: 1.8960
2026-08-20 10:30:51,200 [INFO]   Episode 180/2000, Final Loss: 1.9776
2026-08-20 10:31:19,333 [INFO]   Episode 190/2000, Final Loss: 1.9031
2026-08-20 10:31:47,570 [INFO]   Episode 200/2000, Final Loss: 1.8982
2026-08-20 10:32:15,672 [INFO]   Episode 210/2000, Final Loss: 1.9112
2026-08-20 10:32:43,849 [INFO]   Episode 220/2000, Final Loss: 1.8839
2026-08-20 10:33:12,221 [INFO]   Episode 230/2000, Final Loss: 1.9281
2026-08-20 10:33:40,442 [INFO]   Episode 240/2000, Final Loss: 1.9035
2026-08-20 10:34:08,729 [INFO]   Episode 250/2000, Final Loss: 1.9000
2026-08-20 10:34:36,894 [INFO]   Episode 260/2000, Final Loss: 1.8957
2026-08-20 10:35:05,079 [INFO]   Episode 270/2000, Final Loss: 1.8969
2026-08-20 10:35:33,388 [INFO]   Episode 280/2000, Final Loss: 1.8809
2026-08-20 10:36:02,908 [INFO]   Episode 290/2000, Final Loss: 1.8812
2026-08-20 10:36:31,281 [INFO]   Episode 300/2000, Final Loss: 1.8948
2026-08-20 10:36:59,696 [INFO]   Episode 310/2000, Final Loss: 1.8907
2026-08-20 10:37:28,058 [INFO]   Episode 320/2000, Final Loss: 1.8770
2026-08-20 10:37:56,639 [INFO]   Episode 330/2000, Final Loss: 1.9322
2026-08-20 10:38:25,020 [INFO]   Episode 340/2000, Final Loss: 1.8982
2026-08-20 10:38:53,342 [INFO]   Episode 350/2000, Final Loss: 1.8996
2026-08-20 10:39:21,617 [INFO]   Episode 360/2000, Final Loss: 1.9181
2026-08-20 10:39:50,025 [INFO]   Episode 370/2000, Final Loss: 1.8985
2026-08-20 10:40:18,532 [INFO]   Episode 380/2000, Final Loss: 1.8922
2026-08-20 10:40:46,917 [INFO]   Episode 390/2000, Final Loss: 1.8989
2026-08-20 10:41:15,262 [INFO]   Episode 400/2000, Final Loss: 1.9211
2026-08-20 10:41:43,466 [INFO]   Episode 410/2000, Final Loss: 1.9274
2026-08-20 10:42:11,961 [INFO]   Episode 420/2000, Final Loss: 1.9747
2026-08-20 10:42:40,406 [INFO]   Episode 430/2000, Final Loss: 1.9362
2026-08-20 10:43:08,935 [INFO]   Episode 440/2000, Final Loss: 1.9005
2026-08-20 10:43:37,496 [INFO]   Episode 450/2000, Final Loss: 1.9223
2026-08-20 10:44:05,965 [INFO]   Episode 460/2000, Final Loss: 1.9415
2026-08-20 10:44:34,402 [INFO]   Episode 470/2000, Final Loss: 1.9488
2026-08-20 10:45:02,879 [INFO]   Episode 480/2000, Final Loss: 1.9914
2026-08-20 10:45:31,216 [INFO]   Episode 490/2000, Final Loss: 2.1146
2026-08-20 10:45:59,390 [INFO]   Episode 500/2000, Final Loss: 1.9398
2026-08-20 10:46:27,745 [INFO]   Episode 510/2000, Final Loss: 1.9682
2026-08-20 10:46:56,066 [INFO]   Episode 520/2000, Final Loss: 2.0712
2026-08-20 10:47:24,279 [INFO]   Episode 530/2000, Final Loss: 1.9143
2026-08-20 10:47:52,683 [INFO]   Episode 540/2000, Final Loss: 1.9259
2026-08-20 10:48:20,905 [INFO]   Episode 550/2000, Final Loss: 1.9246
2026-08-20 10:48:49,170 [INFO]   Episode 560/2000, Final Loss: 1.8876
2026-08-20 10:49:17,408 [INFO]   Episode 570/2000, Final Loss: 1.9804
2026-08-20 10:49:45,504 [INFO]   Episode 580/2000, Final Loss: 1.8991
2026-08-20 10:50:13,811 [INFO]   Episode 590/2000, Final Loss: 1.9031
2026-08-20 10:50:41,891 [INFO]   Episode 600/2000, Final Loss: 1.9084
2026-08-20 10:51:09,995 [INFO]   Episode 610/2000, Final Loss: 1.8991
2026-08-20 10:51:38,149 [INFO]   Episode 620/2000, Final Loss: 1.9073
2026-08-20 10:52:06,287 [INFO]   Episode 630/2000, Final Loss: 1.9133
2026-08-20 10:52:34,388 [INFO]   Episode 640/2000, Final Loss: 1.8893
2026-08-20 10:53:02,485 [INFO]   Episode 650/2000, Final Loss: 1.8922
2026-08-20 10:53:30,892 [INFO]   Episode 660/2000, Final Loss: 1.9364
2026-08-20 10:53:58,917 [INFO]   Episode 670/2000, Final Loss: 1.9396
2026-08-20 10:54:27,230 [INFO]   Episode 680/2000, Final Loss: 1.9558
2026-08-20 10:54:55,497 [INFO]   Episode 690/2000, Final Loss: 1.9292
2026-08-20 10:55:23,584 [INFO]   Episode 700/2000, Final Loss: 1.9259
2026-08-20 10:55:51,872 [INFO]   Episode 710/2000, Final Loss: 1.9364
2026-08-20 10:56:19,877 [INFO]   Episode 720/2000, Final Loss: 1.9325
2026-08-20 10:56:47,795 [INFO]   Episode 730/2000, Final Loss: 1.8787
2026-08-20 10:57:15,679 [INFO]   Episode 740/2000, Final Loss: 1.8968
2026-08-20 10:57:43,828 [INFO]   Episode 750/2000, Final Loss: 1.8896
2026-08-20 10:58:11,897 [INFO]   Episode 760/2000, Final Loss: 1.8879
2026-08-20 10:58:39,926 [INFO]   Episode 770/2000, Final Loss: 1.8920
2026-08-20 10:59:07,867 [INFO]   Episode 780/2000, Final Loss: 1.9606
2026-08-20 10:59:36,149 [INFO]   Episode 790/2000, Final Loss: 2.0482
2026-08-20 11:00:04,386 [INFO]   Episode 800/2000, Final Loss: 2.0101
2026-08-20 11:00:32,362 [INFO]   Episode 810/2000, Final Loss: 1.8947
2026-08-20 11:01:00,347 [INFO]   Episode 820/2000, Final Loss: 2.0261
2026-08-20 11:01:28,628 [INFO]   Episode 830/2000, Final Loss: 2.0038
2026-08-20 11:01:56,721 [INFO]   Episode 840/2000, Final Loss: 1.8880
2026-08-20 11:02:24,862 [INFO]   Episode 850/2000, Final Loss: 1.9416
2026-08-20 11:02:53,101 [INFO]   Episode 860/2000, Final Loss: 1.9471
2026-08-20 11:03:21,197 [INFO]   Episode 870/2000, Final Loss: 1.9358
2026-08-20 11:03:49,332 [INFO]   Episode 880/2000, Final Loss: 1.9347
2026-08-20 11:04:17,385 [INFO]   Episode 890/2000, Final Loss: 1.9595
2026-08-20 11:04:45,405 [INFO]   Episode 900/2000, Final Loss: 1.9433
2026-08-20 11:05:13,684 [INFO]   Episode 910/2000, Final Loss: 1.8970
2026-08-20 11:05:42,005 [INFO]   Episode 920/2000, Final Loss: 1.8926
2026-08-20 11:06:10,294 [INFO]   Episode 930/2000, Final Loss: 1.8892
2026-08-20 11:06:38,511 [INFO]   Episode 940/2000, Final Loss: 1.9006
2026-08-20 11:07:06,759 [INFO]   Episode 950/2000, Final Loss: 1.9203
2026-08-20 11:07:34,931 [INFO]   Episode 960/2000, Final Loss: 1.8927
2026-08-20 11:08:02,839 [INFO]   Episode 970/2000, Final Loss: 1.8831
2026-08-20 11:08:30,948 [INFO]   Episode 980/2000, Final Loss: 1.8929
2026-08-20 11:08:58,925 [INFO]   Episode 990/2000, Final Loss: 1.8864
2026-08-20 11:09:27,099 [INFO]   Episode 1000/2000, Final Loss: 1.8978
2026-08-20 11:09:55,232 [INFO]   Episode 1010/2000, Final Loss: 1.8767
2026-08-20 11:10:23,563 [INFO]   Episode 1020/2000, Final Loss: 1.8951
2026-08-20 11:10:51,660 [INFO]   Episode 1030/2000, Final Loss: 1.9625
2026-08-20 11:11:19,777 [INFO]   Episode 1040/2000, Final Loss: 1.9655
2026-08-20 11:11:48,120 [INFO]   Episode 1050/2000, Final Loss: 1.9735
2026-08-20 11:12:16,444 [INFO]   Episode 1060/2000, Final Loss: 1.8795
2026-08-20 11:12:44,707 [INFO]   Episode 1070/2000, Final Loss: 1.9308
2026-08-20 11:13:13,062 [INFO]   Episode 1080/2000, Final Loss: 1.8880
2026-08-20 11:13:41,227 [INFO]   Episode 1090/2000, Final Loss: 1.9104
2026-08-20 11:14:09,533 [INFO]   Episode 1100/2000, Final Loss: 1.9728
2026-08-20 11:14:37,949 [INFO]   Episode 1110/2000, Final Loss: 1.9409
2026-08-20 11:15:06,105 [INFO]   Episode 1120/2000, Final Loss: 1.8884
2026-08-20 11:15:17,502 [INFO] [Query Budget] Reached 3206250/3204460 environment samples at episode 1125; stopping. Breakdown: {'executed': {'calls': 28125, 'samples': 1406250}, 'observational': {'calls': 9000, 'samples': 1800000}, 'total': {'calls': 37125, 'samples': 3206250}}
2026-08-20 11:15:17,579 [INFO]   Done. final_loss=1.8860  elapsed=3194s
2026-08-20 11:15:17,832 [INFO]   [Query Budget] ppo breakdown: {'executed': {'calls': 28125, 'samples': 1406250}, 'observational': {'calls': 9000, 'samples': 1800000}, 'total': {'calls': 37125, 'samples': 3206250}}
2026-08-20 11:15:17,832 [INFO]   Results saved to /scratch/alpine/paco0228/ACE/results/curc_5node_budget_fairness/baselines/ppo/seed_123
