2026-08-20 10:22:03,209 [INFO] 5-node baseline: method=ppo seed=1011 episodes=2000 query_budget=3204460
2026-08-20 10:22:21,805 [INFO]   Episode 0/2000, Final Loss: 2.2853
2026-08-20 10:22:43,352 [INFO]   Episode 10/2000, Final Loss: 2.3116
2026-08-20 10:23:04,826 [INFO]   Episode 20/2000, Final Loss: 2.2626
2026-08-20 10:23:26,430 [INFO]   Episode 30/2000, Final Loss: 2.2820
2026-08-20 10:23:47,804 [INFO]   Episode 40/2000, Final Loss: 2.3540
2026-08-20 10:24:09,249 [INFO]   Episode 50/2000, Final Loss: 2.3484
2026-08-20 10:24:30,838 [INFO]   Episode 60/2000, Final Loss: 2.2948
2026-08-20 10:24:52,400 [INFO]   Episode 70/2000, Final Loss: 2.2400
2026-08-20 10:25:13,780 [INFO]   Episode 80/2000, Final Loss: 2.2892
2026-08-20 10:25:35,313 [INFO]   Episode 90/2000, Final Loss: 2.3724
2026-08-20 10:25:56,771 [INFO]   Episode 100/2000, Final Loss: 2.2454
2026-08-20 10:26:18,282 [INFO]   Episode 110/2000, Final Loss: 2.4524
2026-08-20 10:26:39,840 [INFO]   Episode 120/2000, Final Loss: 2.3238
2026-08-20 10:27:01,334 [INFO]   Episode 130/2000, Final Loss: 2.2510
2026-08-20 10:27:22,845 [INFO]   Episode 140/2000, Final Loss: 2.3291
2026-08-20 10:27:44,344 [INFO]   Episode 150/2000, Final Loss: 2.3391
2026-08-20 10:28:05,621 [INFO]   Episode 160/2000, Final Loss: 2.2426
2026-08-20 10:28:27,117 [INFO]   Episode 170/2000, Final Loss: 2.2720
2026-08-20 10:28:48,654 [INFO]   Episode 180/2000, Final Loss: 2.2983
2026-08-20 10:29:10,128 [INFO]   Episode 190/2000, Final Loss: 2.2603
2026-08-20 10:29:31,687 [INFO]   Episode 200/2000, Final Loss: 2.2453
2026-08-20 10:29:53,193 [INFO]   Episode 210/2000, Final Loss: 2.2855
2026-08-20 10:30:14,674 [INFO]   Episode 220/2000, Final Loss: 2.3088
2026-08-20 10:30:36,211 [INFO]   Episode 230/2000, Final Loss: 2.3759
2026-08-20 10:30:57,764 [INFO]   Episode 240/2000, Final Loss: 2.2533
2026-08-20 10:31:19,186 [INFO]   Episode 250/2000, Final Loss: 2.2667
2026-08-20 10:31:40,751 [INFO]   Episode 260/2000, Final Loss: 2.3733
2026-08-20 10:32:02,110 [INFO]   Episode 270/2000, Final Loss: 2.3386
2026-08-20 10:32:23,459 [INFO]   Episode 280/2000, Final Loss: 2.2959
2026-08-20 10:32:44,972 [INFO]   Episode 290/2000, Final Loss: 2.2895
2026-08-20 10:33:06,386 [INFO]   Episode 300/2000, Final Loss: 2.2973
2026-08-20 10:33:27,860 [INFO]   Episode 310/2000, Final Loss: 2.3061
2026-08-20 10:33:49,140 [INFO]   Episode 320/2000, Final Loss: 2.3539
2026-08-20 10:34:10,427 [INFO]   Episode 330/2000, Final Loss: 2.2506
2026-08-20 10:34:31,859 [INFO]   Episode 340/2000, Final Loss: 2.3981
2026-08-20 10:34:53,270 [INFO]   Episode 350/2000, Final Loss: 2.2343
2026-08-20 10:35:14,709 [INFO]   Episode 360/2000, Final Loss: 2.2454
2026-08-20 10:35:35,879 [INFO]   Episode 370/2000, Final Loss: 2.3832
2026-08-20 10:35:57,299 [INFO]   Episode 380/2000, Final Loss: 2.2898
2026-08-20 10:36:18,835 [INFO]   Episode 390/2000, Final Loss: 2.2886
2026-08-20 10:36:40,118 [INFO]   Episode 400/2000, Final Loss: 2.2738
2026-08-20 10:37:01,600 [INFO]   Episode 410/2000, Final Loss: 2.2676
2026-08-20 10:37:23,091 [INFO]   Episode 420/2000, Final Loss: 2.2654
2026-08-20 10:37:44,433 [INFO]   Episode 430/2000, Final Loss: 2.2273
2026-08-20 10:38:05,909 [INFO]   Episode 440/2000, Final Loss: 2.2731
2026-08-20 10:38:27,417 [INFO]   Episode 450/2000, Final Loss: 2.2812
2026-08-20 10:38:48,921 [INFO]   Episode 460/2000, Final Loss: 2.2806
2026-08-20 10:39:10,365 [INFO]   Episode 470/2000, Final Loss: 2.2499
2026-08-20 10:39:31,888 [INFO]   Episode 480/2000, Final Loss: 2.2266
2026-08-20 10:39:53,402 [INFO]   Episode 490/2000, Final Loss: 2.3570
2026-08-20 10:40:14,929 [INFO]   Episode 500/2000, Final Loss: 2.4319
2026-08-20 10:40:36,404 [INFO]   Episode 510/2000, Final Loss: 2.2405
2026-08-20 10:40:57,826 [INFO]   Episode 520/2000, Final Loss: 2.2584
2026-08-20 10:41:19,296 [INFO]   Episode 530/2000, Final Loss: 2.3377
2026-08-20 10:41:40,707 [INFO]   Episode 540/2000, Final Loss: 2.3538
2026-08-20 10:42:02,135 [INFO]   Episode 550/2000, Final Loss: 2.4250
2026-08-20 10:42:23,600 [INFO]   Episode 560/2000, Final Loss: 2.5402
2026-08-20 10:42:45,128 [INFO]   Episode 570/2000, Final Loss: 2.2621
2026-08-20 10:43:06,726 [INFO]   Episode 580/2000, Final Loss: 2.2896
2026-08-20 10:43:28,327 [INFO]   Episode 590/2000, Final Loss: 2.2465
2026-08-20 10:43:49,911 [INFO]   Episode 600/2000, Final Loss: 2.3063
2026-08-20 10:44:11,305 [INFO]   Episode 610/2000, Final Loss: 2.2639
2026-08-20 10:44:32,558 [INFO]   Episode 620/2000, Final Loss: 2.3028
2026-08-20 10:44:54,067 [INFO]   Episode 630/2000, Final Loss: 2.2694
2026-08-20 10:45:15,588 [INFO]   Episode 640/2000, Final Loss: 2.5502
2026-08-20 10:45:37,089 [INFO]   Episode 650/2000, Final Loss: 2.2483
2026-08-20 10:45:58,465 [INFO]   Episode 660/2000, Final Loss: 2.3942
2026-08-20 10:46:19,843 [INFO]   Episode 670/2000, Final Loss: 2.5117
2026-08-20 10:46:41,322 [INFO]   Episode 680/2000, Final Loss: 2.2640
2026-08-20 10:47:02,842 [INFO]   Episode 690/2000, Final Loss: 2.2990
2026-08-20 10:47:24,156 [INFO]   Episode 700/2000, Final Loss: 2.3296
2026-08-20 10:47:45,636 [INFO]   Episode 710/2000, Final Loss: 2.2879
2026-08-20 10:48:07,013 [INFO]   Episode 720/2000, Final Loss: 2.3161
2026-08-20 10:48:28,393 [INFO]   Episode 730/2000, Final Loss: 2.2354
2026-08-20 10:48:49,806 [INFO]   Episode 740/2000, Final Loss: 2.2287
2026-08-20 10:49:11,121 [INFO]   Episode 750/2000, Final Loss: 2.2755
2026-08-20 10:49:32,574 [INFO]   Episode 760/2000, Final Loss: 2.4126
2026-08-20 10:49:53,764 [INFO]   Episode 770/2000, Final Loss: 2.3545
2026-08-20 10:50:14,983 [INFO]   Episode 780/2000, Final Loss: 2.2773
2026-08-20 10:50:36,224 [INFO]   Episode 790/2000, Final Loss: 2.3145
2026-08-20 10:50:57,425 [INFO]   Episode 800/2000, Final Loss: 2.2613
2026-08-20 10:51:18,778 [INFO]   Episode 810/2000, Final Loss: 2.2374
2026-08-20 10:51:40,025 [INFO]   Episode 820/2000, Final Loss: 2.3131
2026-08-20 10:52:01,247 [INFO]   Episode 830/2000, Final Loss: 2.2283
2026-08-20 10:52:22,507 [INFO]   Episode 840/2000, Final Loss: 2.3399
2026-08-20 10:52:43,909 [INFO]   Episode 850/2000, Final Loss: 2.2496
2026-08-20 10:53:05,384 [INFO]   Episode 860/2000, Final Loss: 2.3687
2026-08-20 10:53:26,805 [INFO]   Episode 870/2000, Final Loss: 2.2322
2026-08-20 10:53:48,300 [INFO]   Episode 880/2000, Final Loss: 2.2484
2026-08-20 10:54:09,769 [INFO]   Episode 890/2000, Final Loss: 2.2441
2026-08-20 10:54:31,225 [INFO]   Episode 900/2000, Final Loss: 2.2783
2026-08-20 10:54:52,755 [INFO]   Episode 910/2000, Final Loss: 2.2703
2026-08-20 10:55:14,321 [INFO]   Episode 920/2000, Final Loss: 2.2548
2026-08-20 10:55:35,905 [INFO]   Episode 930/2000, Final Loss: 2.4246
2026-08-20 10:55:57,358 [INFO]   Episode 940/2000, Final Loss: 2.3124
2026-08-20 10:56:18,697 [INFO]   Episode 950/2000, Final Loss: 2.2308
2026-08-20 10:56:40,263 [INFO]   Episode 960/2000, Final Loss: 2.2982
2026-08-20 10:57:01,807 [INFO]   Episode 970/2000, Final Loss: 2.2407
2026-08-20 10:57:23,343 [INFO]   Episode 980/2000, Final Loss: 2.2958
2026-08-20 10:57:44,691 [INFO]   Episode 990/2000, Final Loss: 2.3653
2026-08-20 10:58:06,069 [INFO]   Episode 1000/2000, Final Loss: 2.3085
2026-08-20 10:58:27,514 [INFO]   Episode 1010/2000, Final Loss: 2.2567
2026-08-20 10:58:48,906 [INFO]   Episode 1020/2000, Final Loss: 2.2865
2026-08-20 10:59:10,341 [INFO]   Episode 1030/2000, Final Loss: 2.3209
2026-08-20 10:59:31,801 [INFO]   Episode 1040/2000, Final Loss: 2.2783
2026-08-20 10:59:53,267 [INFO]   Episode 1050/2000, Final Loss: 2.2441
2026-08-20 11:00:14,781 [INFO]   Episode 1060/2000, Final Loss: 2.3312
2026-08-20 11:00:36,073 [INFO]   Episode 1070/2000, Final Loss: 2.2827
2026-08-20 11:00:57,313 [INFO]   Episode 1080/2000, Final Loss: 2.2922
2026-08-20 11:01:18,644 [INFO]   Episode 1090/2000, Final Loss: 2.2920
2026-08-20 11:01:39,842 [INFO]   Episode 1100/2000, Final Loss: 2.2282
2026-08-20 11:02:01,063 [INFO]   Episode 1110/2000, Final Loss: 2.2633
2026-08-20 11:02:22,274 [INFO]   Episode 1120/2000, Final Loss: 2.2673
2026-08-20 11:02:30,769 [INFO] [Query Budget] Reached 3206250/3204460 environment samples at episode 1125; stopping. Breakdown: {'executed': {'calls': 28125, 'samples': 1406250}, 'observational': {'calls': 9000, 'samples': 1800000}, 'total': {'calls': 37125, 'samples': 3206250}}
2026-08-20 11:02:30,877 [INFO]   Done. final_loss=2.2714  elapsed=2428s
2026-08-20 11:02:31,119 [INFO]   [Query Budget] ppo breakdown: {'executed': {'calls': 28125, 'samples': 1406250}, 'observational': {'calls': 9000, 'samples': 1800000}, 'total': {'calls': 37125, 'samples': 3206250}}
2026-08-20 11:02:31,119 [INFO]   Results saved to /scratch/alpine/paco0228/ACE/results/curc_5node_budget_fairness/baselines/ppo/seed_1011
