2026-08-20 10:22:03,202 [INFO] 5-node baseline: method=ppo seed=789 episodes=2000 query_budget=3204460
2026-08-20 10:22:22,594 [INFO]   Episode 0/2000, Final Loss: 1.9911
2026-08-20 10:22:52,064 [INFO]   Episode 10/2000, Final Loss: 1.9676
2026-08-20 10:23:21,600 [INFO]   Episode 20/2000, Final Loss: 2.0564
2026-08-20 10:23:51,119 [INFO]   Episode 30/2000, Final Loss: 2.1872
2026-08-20 10:24:20,580 [INFO]   Episode 40/2000, Final Loss: 1.9801
2026-08-20 10:24:50,142 [INFO]   Episode 50/2000, Final Loss: 2.2102
2026-08-20 10:25:19,566 [INFO]   Episode 60/2000, Final Loss: 2.0346
2026-08-20 10:25:48,923 [INFO]   Episode 70/2000, Final Loss: 2.0029
2026-08-20 10:26:18,357 [INFO]   Episode 80/2000, Final Loss: 2.1013
2026-08-20 10:26:47,750 [INFO]   Episode 90/2000, Final Loss: 2.0195
2026-08-20 10:27:16,942 [INFO]   Episode 100/2000, Final Loss: 2.1936
2026-08-20 10:27:46,396 [INFO]   Episode 110/2000, Final Loss: 2.0026
2026-08-20 10:28:15,898 [INFO]   Episode 120/2000, Final Loss: 1.9966
2026-08-20 10:28:45,188 [INFO]   Episode 130/2000, Final Loss: 2.0200
2026-08-20 10:29:14,583 [INFO]   Episode 140/2000, Final Loss: 2.0237
2026-08-20 10:29:43,997 [INFO]   Episode 150/2000, Final Loss: 2.0203
2026-08-20 10:30:13,316 [INFO]   Episode 160/2000, Final Loss: 2.0675
2026-08-20 10:30:42,623 [INFO]   Episode 170/2000, Final Loss: 2.0468
2026-08-20 10:31:11,753 [INFO]   Episode 180/2000, Final Loss: 2.0065
2026-08-20 10:31:41,112 [INFO]   Episode 190/2000, Final Loss: 2.0773
2026-08-20 10:32:10,460 [INFO]   Episode 200/2000, Final Loss: 2.0306
2026-08-20 10:32:39,835 [INFO]   Episode 210/2000, Final Loss: 2.0134
2026-08-20 10:33:08,470 [INFO]   Episode 220/2000, Final Loss: 1.9737
2026-08-20 10:33:37,001 [INFO]   Episode 230/2000, Final Loss: 1.9919
2026-08-20 10:34:05,332 [INFO]   Episode 240/2000, Final Loss: 1.9856
2026-08-20 10:34:33,727 [INFO]   Episode 250/2000, Final Loss: 1.9757
2026-08-20 10:35:02,053 [INFO]   Episode 260/2000, Final Loss: 1.9955
2026-08-20 10:35:30,229 [INFO]   Episode 270/2000, Final Loss: 2.0453
2026-08-20 10:35:58,659 [INFO]   Episode 280/2000, Final Loss: 2.0137
2026-08-20 10:36:27,122 [INFO]   Episode 290/2000, Final Loss: 2.0144
2026-08-20 10:36:55,612 [INFO]   Episode 300/2000, Final Loss: 1.9693
2026-08-20 10:37:24,108 [INFO]   Episode 310/2000, Final Loss: 2.0002
2026-08-20 10:37:52,346 [INFO]   Episode 320/2000, Final Loss: 1.9997
2026-08-20 10:38:20,693 [INFO]   Episode 330/2000, Final Loss: 2.0905
2026-08-20 10:38:49,168 [INFO]   Episode 340/2000, Final Loss: 1.9827
2026-08-20 10:39:17,747 [INFO]   Episode 350/2000, Final Loss: 1.9844
2026-08-20 10:39:46,295 [INFO]   Episode 360/2000, Final Loss: 2.0722
2026-08-20 10:40:14,766 [INFO]   Episode 370/2000, Final Loss: 1.9684
2026-08-20 10:40:43,297 [INFO]   Episode 380/2000, Final Loss: 2.0258
2026-08-20 10:41:11,607 [INFO]   Episode 390/2000, Final Loss: 2.0041
2026-08-20 10:41:40,036 [INFO]   Episode 400/2000, Final Loss: 2.0794
2026-08-20 10:42:08,363 [INFO]   Episode 410/2000, Final Loss: 1.9971
2026-08-20 10:42:37,017 [INFO]   Episode 420/2000, Final Loss: 2.0687
2026-08-20 10:43:05,554 [INFO]   Episode 430/2000, Final Loss: 2.0417
2026-08-20 10:43:34,230 [INFO]   Episode 440/2000, Final Loss: 2.0135
2026-08-20 10:44:02,997 [INFO]   Episode 450/2000, Final Loss: 2.1110
2026-08-20 10:44:31,724 [INFO]   Episode 460/2000, Final Loss: 2.0022
2026-08-20 10:45:00,453 [INFO]   Episode 470/2000, Final Loss: 2.0466
2026-08-20 10:45:29,077 [INFO]   Episode 480/2000, Final Loss: 1.9993
2026-08-20 10:45:57,748 [INFO]   Episode 490/2000, Final Loss: 2.0458
2026-08-20 10:46:26,438 [INFO]   Episode 500/2000, Final Loss: 1.9731
2026-08-20 10:46:54,788 [INFO]   Episode 510/2000, Final Loss: 2.0003
2026-08-20 10:47:23,143 [INFO]   Episode 520/2000, Final Loss: 2.0133
2026-08-20 10:47:51,764 [INFO]   Episode 530/2000, Final Loss: 2.0416
2026-08-20 10:48:20,443 [INFO]   Episode 540/2000, Final Loss: 2.0423
2026-08-20 10:48:49,082 [INFO]   Episode 550/2000, Final Loss: 1.9893
2026-08-20 10:49:17,610 [INFO]   Episode 560/2000, Final Loss: 2.0956
2026-08-20 10:49:46,313 [INFO]   Episode 570/2000, Final Loss: 1.9813
2026-08-20 10:50:14,933 [INFO]   Episode 580/2000, Final Loss: 1.9775
2026-08-20 10:50:43,565 [INFO]   Episode 590/2000, Final Loss: 1.9690
2026-08-20 10:51:12,216 [INFO]   Episode 600/2000, Final Loss: 1.9865
2026-08-20 10:51:40,746 [INFO]   Episode 610/2000, Final Loss: 1.9893
2026-08-20 10:52:09,455 [INFO]   Episode 620/2000, Final Loss: 1.9956
2026-08-20 10:52:37,929 [INFO]   Episode 630/2000, Final Loss: 1.9816
2026-08-20 10:53:06,286 [INFO]   Episode 640/2000, Final Loss: 2.0162
2026-08-20 10:53:34,968 [INFO]   Episode 650/2000, Final Loss: 2.0275
2026-08-20 10:54:03,663 [INFO]   Episode 660/2000, Final Loss: 1.9891
2026-08-20 10:54:32,438 [INFO]   Episode 670/2000, Final Loss: 1.9991
2026-08-20 10:55:01,056 [INFO]   Episode 680/2000, Final Loss: 2.0233
2026-08-20 10:55:29,721 [INFO]   Episode 690/2000, Final Loss: 2.0054
2026-08-20 10:55:58,403 [INFO]   Episode 700/2000, Final Loss: 1.9888
2026-08-20 10:56:26,965 [INFO]   Episode 710/2000, Final Loss: 1.9979
2026-08-20 10:56:55,492 [INFO]   Episode 720/2000, Final Loss: 1.9805
2026-08-20 10:57:23,720 [INFO]   Episode 730/2000, Final Loss: 1.9985
2026-08-20 10:57:52,207 [INFO]   Episode 740/2000, Final Loss: 1.9707
2026-08-20 10:58:20,514 [INFO]   Episode 750/2000, Final Loss: 1.9881
2026-08-20 10:58:48,848 [INFO]   Episode 760/2000, Final Loss: 1.9646
2026-08-20 10:59:17,462 [INFO]   Episode 770/2000, Final Loss: 2.0769
2026-08-20 10:59:46,238 [INFO]   Episode 780/2000, Final Loss: 2.0331
2026-08-20 11:00:15,036 [INFO]   Episode 790/2000, Final Loss: 1.9967
2026-08-20 11:00:43,670 [INFO]   Episode 800/2000, Final Loss: 1.9845
2026-08-20 11:01:12,348 [INFO]   Episode 810/2000, Final Loss: 2.0464
2026-08-20 11:01:41,108 [INFO]   Episode 820/2000, Final Loss: 1.9806
2026-08-20 11:02:09,746 [INFO]   Episode 830/2000, Final Loss: 1.9745
2026-08-20 11:02:38,502 [INFO]   Episode 840/2000, Final Loss: 2.0487
2026-08-20 11:03:07,157 [INFO]   Episode 850/2000, Final Loss: 1.9824
2026-08-20 11:03:35,612 [INFO]   Episode 860/2000, Final Loss: 2.0351
2026-08-20 11:04:04,296 [INFO]   Episode 870/2000, Final Loss: 2.0252
2026-08-20 11:04:33,026 [INFO]   Episode 880/2000, Final Loss: 1.9962
2026-08-20 11:05:01,666 [INFO]   Episode 890/2000, Final Loss: 1.9726
2026-08-20 11:05:29,977 [INFO]   Episode 900/2000, Final Loss: 1.9714
2026-08-20 11:05:58,610 [INFO]   Episode 910/2000, Final Loss: 1.9739
2026-08-20 11:06:27,249 [INFO]   Episode 920/2000, Final Loss: 1.9982
2026-08-20 11:06:55,873 [INFO]   Episode 930/2000, Final Loss: 1.9970
2026-08-20 11:07:24,536 [INFO]   Episode 940/2000, Final Loss: 2.0238
2026-08-20 11:07:52,986 [INFO]   Episode 950/2000, Final Loss: 2.0361
2026-08-20 11:08:21,295 [INFO]   Episode 960/2000, Final Loss: 1.9794
2026-08-20 11:08:49,891 [INFO]   Episode 970/2000, Final Loss: 2.0018
2026-08-20 11:09:18,472 [INFO]   Episode 980/2000, Final Loss: 2.0569
2026-08-20 11:09:46,778 [INFO]   Episode 990/2000, Final Loss: 2.0029
2026-08-20 11:10:15,385 [INFO]   Episode 1000/2000, Final Loss: 2.0578
2026-08-20 11:10:43,764 [INFO]   Episode 1010/2000, Final Loss: 2.0010
2026-08-20 11:11:12,112 [INFO]   Episode 1020/2000, Final Loss: 1.9974
2026-08-20 11:11:40,643 [INFO]   Episode 1030/2000, Final Loss: 2.0780
2026-08-20 11:12:09,217 [INFO]   Episode 1040/2000, Final Loss: 2.0527
2026-08-20 11:12:37,833 [INFO]   Episode 1050/2000, Final Loss: 2.0603
2026-08-20 11:13:06,445 [INFO]   Episode 1060/2000, Final Loss: 2.0109
2026-08-20 11:13:34,956 [INFO]   Episode 1070/2000, Final Loss: 2.0131
2026-08-20 11:14:03,499 [INFO]   Episode 1080/2000, Final Loss: 2.0761
2026-08-20 11:14:31,944 [INFO]   Episode 1090/2000, Final Loss: 1.9857
2026-08-20 11:15:00,205 [INFO]   Episode 1100/2000, Final Loss: 2.0613
2026-08-20 11:15:28,815 [INFO]   Episode 1110/2000, Final Loss: 2.1312
2026-08-20 11:15:57,476 [INFO]   Episode 1120/2000, Final Loss: 1.9770
2026-08-20 11:16:08,922 [INFO] [Query Budget] Reached 3206250/3204460 environment samples at episode 1125; stopping. Breakdown: {'executed': {'calls': 28125, 'samples': 1406250}, 'observational': {'calls': 9000, 'samples': 1800000}, 'total': {'calls': 37125, 'samples': 3206250}}
2026-08-20 11:16:08,993 [INFO]   Done. final_loss=2.0155  elapsed=3246s
2026-08-20 11:16:09,262 [INFO]   [Query Budget] ppo breakdown: {'executed': {'calls': 28125, 'samples': 1406250}, 'observational': {'calls': 9000, 'samples': 1800000}, 'total': {'calls': 37125, 'samples': 3206250}}
2026-08-20 11:16:09,263 [INFO]   Results saved to /scratch/alpine/paco0228/ACE/results/curc_5node_budget_fairness/baselines/ppo/seed_789
