2026-08-20 10:22:10,700 [INFO] 5-node baseline: method=random seed=42 episodes=2000 query_budget=3204460
2026-08-20 10:22:23,498 [INFO]   Episode 0/2000, Final Loss: 1.9695
2026-08-20 10:23:00,292 [INFO]   Episode 10/2000, Final Loss: 2.0406
2026-08-20 10:23:36,432 [INFO]   Episode 20/2000, Final Loss: 1.9353
2026-08-20 10:24:14,511 [INFO]   Episode 30/2000, Final Loss: 1.9529
2026-08-20 10:24:50,444 [INFO]   Episode 40/2000, Final Loss: 2.0156
2026-08-20 10:25:28,912 [INFO]   Episode 50/2000, Final Loss: 1.9811
2026-08-20 10:26:05,492 [INFO]   Episode 60/2000, Final Loss: 1.9763
2026-08-20 10:26:42,268 [INFO]   Episode 70/2000, Final Loss: 2.0480
2026-08-20 10:27:18,876 [INFO]   Episode 80/2000, Final Loss: 1.9334
2026-08-20 10:27:55,950 [INFO]   Episode 90/2000, Final Loss: 2.0306
2026-08-20 10:28:34,247 [INFO]   Episode 100/2000, Final Loss: 1.9811
2026-08-20 10:29:10,822 [INFO]   Episode 110/2000, Final Loss: 1.9802
2026-08-20 10:29:46,714 [INFO]   Episode 120/2000, Final Loss: 1.9989
2026-08-20 10:30:23,668 [INFO]   Episode 130/2000, Final Loss: 1.9571
2026-08-20 10:30:58,694 [INFO]   Episode 140/2000, Final Loss: 2.0842
2026-08-20 10:31:33,167 [INFO]   Episode 150/2000, Final Loss: 1.9767
2026-08-20 10:32:07,861 [INFO]   Episode 160/2000, Final Loss: 1.9792
2026-08-20 10:32:43,834 [INFO]   Episode 170/2000, Final Loss: 1.9746
2026-08-20 10:33:19,149 [INFO]   Episode 180/2000, Final Loss: 1.9638
2026-08-20 10:33:54,011 [INFO]   Episode 190/2000, Final Loss: 1.9404
2026-08-20 10:34:28,946 [INFO]   Episode 200/2000, Final Loss: 1.9477
2026-08-20 10:35:05,695 [INFO]   Episode 210/2000, Final Loss: 1.9364
2026-08-20 10:35:41,149 [INFO]   Episode 220/2000, Final Loss: 2.0287
2026-08-20 10:36:17,061 [INFO]   Episode 230/2000, Final Loss: 1.9371
2026-08-20 10:36:52,893 [INFO]   Episode 240/2000, Final Loss: 1.9633
2026-08-20 10:37:27,749 [INFO]   Episode 250/2000, Final Loss: 2.0022
2026-08-20 10:38:02,937 [INFO]   Episode 260/2000, Final Loss: 2.0180
2026-08-20 10:38:38,422 [INFO]   Episode 270/2000, Final Loss: 1.9520
2026-08-20 10:39:13,288 [INFO]   Episode 280/2000, Final Loss: 2.0429
2026-08-20 10:39:48,197 [INFO]   Episode 290/2000, Final Loss: 2.0835
2026-08-20 10:40:22,974 [INFO]   Episode 300/2000, Final Loss: 2.0679
2026-08-20 10:40:57,291 [INFO]   Episode 310/2000, Final Loss: 1.9572
2026-08-20 10:41:33,186 [INFO]   Episode 320/2000, Final Loss: 2.1547
2026-08-20 10:42:09,535 [INFO]   Episode 330/2000, Final Loss: 1.9693
2026-08-20 10:42:47,029 [INFO]   Episode 340/2000, Final Loss: 1.9294
2026-08-20 10:43:23,843 [INFO]   Episode 350/2000, Final Loss: 2.0613
2026-08-20 10:43:59,141 [INFO]   Episode 360/2000, Final Loss: 1.9325
2026-08-20 10:44:33,889 [INFO]   Episode 370/2000, Final Loss: 1.9365
2026-08-20 10:45:09,260 [INFO]   Episode 380/2000, Final Loss: 1.9942
2026-08-20 10:45:47,861 [INFO]   Episode 390/2000, Final Loss: 1.9838
2026-08-20 10:46:24,490 [INFO]   Episode 400/2000, Final Loss: 2.1150
2026-08-20 10:47:00,504 [INFO]   Episode 410/2000, Final Loss: 1.9625
2026-08-20 10:47:36,275 [INFO]   Episode 420/2000, Final Loss: 1.9855
2026-08-20 10:48:12,819 [INFO]   Episode 430/2000, Final Loss: 2.1256
2026-08-20 10:48:48,695 [INFO]   Episode 440/2000, Final Loss: 2.1565
2026-08-20 10:49:23,884 [INFO]   Episode 450/2000, Final Loss: 1.9488
2026-08-20 10:49:59,420 [INFO]   Episode 460/2000, Final Loss: 1.9740
2026-08-20 10:50:35,073 [INFO]   Episode 470/2000, Final Loss: 1.9825
2026-08-20 10:51:10,448 [INFO]   Episode 480/2000, Final Loss: 2.0570
2026-08-20 10:51:45,971 [INFO]   Episode 490/2000, Final Loss: 1.9575
2026-08-20 10:52:21,478 [INFO]   Episode 500/2000, Final Loss: 1.9566
2026-08-20 10:52:56,791 [INFO]   Episode 510/2000, Final Loss: 1.9835
2026-08-20 10:53:32,826 [INFO]   Episode 520/2000, Final Loss: 1.9421
2026-08-20 10:54:09,129 [INFO]   Episode 530/2000, Final Loss: 1.9380
2026-08-20 10:54:44,283 [INFO]   Episode 540/2000, Final Loss: 1.9303
2026-08-20 10:55:20,383 [INFO]   Episode 550/2000, Final Loss: 2.0240
2026-08-20 10:55:55,519 [INFO]   Episode 560/2000, Final Loss: 2.1136
2026-08-20 10:56:32,253 [INFO]   Episode 570/2000, Final Loss: 1.9463
2026-08-20 10:57:08,806 [INFO]   Episode 580/2000, Final Loss: 1.9681
2026-08-20 10:57:44,508 [INFO]   Episode 590/2000, Final Loss: 2.1124
2026-08-20 10:58:19,201 [INFO]   Episode 600/2000, Final Loss: 2.0098
2026-08-20 10:58:55,470 [INFO]   Episode 610/2000, Final Loss: 1.9494
2026-08-20 10:59:31,254 [INFO]   Episode 620/2000, Final Loss: 1.9771
2026-08-20 11:00:09,793 [INFO]   Episode 630/2000, Final Loss: 1.9268
2026-08-20 11:00:44,778 [INFO]   Episode 640/2000, Final Loss: 2.0037
2026-08-20 11:01:21,228 [INFO]   Episode 650/2000, Final Loss: 1.9757
2026-08-20 11:01:59,515 [INFO]   Episode 660/2000, Final Loss: 1.9734
2026-08-20 11:02:35,715 [INFO]   Episode 670/2000, Final Loss: 1.9823
2026-08-20 11:03:12,295 [INFO]   Episode 680/2000, Final Loss: 2.0028
2026-08-20 11:03:49,327 [INFO]   Episode 690/2000, Final Loss: 1.9607
2026-08-20 11:04:25,456 [INFO]   Episode 700/2000, Final Loss: 2.0615
2026-08-20 11:05:01,819 [INFO]   Episode 710/2000, Final Loss: 1.9335
2026-08-20 11:05:38,065 [INFO]   Episode 720/2000, Final Loss: 1.9979
2026-08-20 11:06:14,587 [INFO]   Episode 730/2000, Final Loss: 2.0474
2026-08-20 11:06:52,878 [INFO]   Episode 740/2000, Final Loss: 1.9365
2026-08-20 11:07:28,388 [INFO]   Episode 750/2000, Final Loss: 1.9780
2026-08-20 11:08:04,695 [INFO]   Episode 760/2000, Final Loss: 1.9750
2026-08-20 11:08:41,211 [INFO]   Episode 770/2000, Final Loss: 1.9926
2026-08-20 11:09:17,030 [INFO]   Episode 780/2000, Final Loss: 2.0448
2026-08-20 11:09:52,484 [INFO]   Episode 790/2000, Final Loss: 2.0222
2026-08-20 11:10:27,588 [INFO]   Episode 800/2000, Final Loss: 2.0369
2026-08-20 11:11:03,800 [INFO]   Episode 810/2000, Final Loss: 1.9367
2026-08-20 11:11:38,686 [INFO]   Episode 820/2000, Final Loss: 1.9606
2026-08-20 11:12:14,090 [INFO]   Episode 830/2000, Final Loss: 2.0425
2026-08-20 11:12:50,901 [INFO]   Episode 840/2000, Final Loss: 1.9451
2026-08-20 11:13:26,955 [INFO]   Episode 850/2000, Final Loss: 2.0650
2026-08-20 11:14:03,053 [INFO]   Episode 860/2000, Final Loss: 2.1779
2026-08-20 11:14:38,891 [INFO]   Episode 870/2000, Final Loss: 1.9353
2026-08-20 11:15:15,675 [INFO]   Episode 880/2000, Final Loss: 1.9930
2026-08-20 11:15:51,782 [INFO]   Episode 890/2000, Final Loss: 2.0169
2026-08-20 11:16:27,516 [INFO]   Episode 900/2000, Final Loss: 2.0345
2026-08-20 11:17:04,075 [INFO]   Episode 910/2000, Final Loss: 1.9895
2026-08-20 11:17:40,062 [INFO]   Episode 920/2000, Final Loss: 1.9578
2026-08-20 11:18:14,800 [INFO]   Episode 930/2000, Final Loss: 1.9430
2026-08-20 11:18:54,513 [INFO]   Episode 940/2000, Final Loss: 1.9680
2026-08-20 11:19:38,540 [INFO]   Episode 950/2000, Final Loss: 1.9702
2026-08-20 11:20:23,485 [INFO]   Episode 960/2000, Final Loss: 2.0266
2026-08-20 11:21:02,180 [INFO]   Episode 970/2000, Final Loss: 1.9901
2026-08-20 11:21:40,082 [INFO]   Episode 980/2000, Final Loss: 1.9445
2026-08-20 11:22:17,416 [INFO]   Episode 990/2000, Final Loss: 1.9700
2026-08-20 11:22:56,662 [INFO]   Episode 1000/2000, Final Loss: 1.9554
2026-08-20 11:23:36,740 [INFO]   Episode 1010/2000, Final Loss: 1.9340
2026-08-20 11:24:19,109 [INFO]   Episode 1020/2000, Final Loss: 2.0507
2026-08-20 11:24:57,907 [INFO]   Episode 1030/2000, Final Loss: 1.9645
2026-08-20 11:25:36,522 [INFO]   Episode 1040/2000, Final Loss: 1.9344
2026-08-20 11:26:15,518 [INFO]   Episode 1050/2000, Final Loss: 2.0358
2026-08-20 11:26:52,849 [INFO]   Episode 1060/2000, Final Loss: 2.0359
2026-08-20 11:27:28,664 [INFO]   Episode 1070/2000, Final Loss: 1.9365
2026-08-20 11:28:05,644 [INFO]   Episode 1080/2000, Final Loss: 1.9546
2026-08-20 11:28:43,438 [INFO]   Episode 1090/2000, Final Loss: 1.9782
2026-08-20 11:29:20,825 [INFO]   Episode 1100/2000, Final Loss: 2.0418
2026-08-20 11:29:59,717 [INFO]   Episode 1110/2000, Final Loss: 1.9310
2026-08-20 11:30:37,242 [INFO]   Episode 1120/2000, Final Loss: 1.9384
2026-08-20 11:30:52,199 [INFO] [Query Budget] Reached 3206250/3204460 environment samples at episode 1125; stopping. Breakdown: {'executed': {'calls': 28125, 'samples': 1406250}, 'observational': {'calls': 9000, 'samples': 1800000}, 'total': {'calls': 37125, 'samples': 3206250}}
2026-08-20 11:30:52,337 [INFO]   Done. final_loss=2.0742  elapsed=4122s
2026-08-20 11:30:52,717 [INFO]   [Query Budget] random breakdown: {'executed': {'calls': 28125, 'samples': 1406250}, 'observational': {'calls': 9000, 'samples': 1800000}, 'total': {'calls': 37125, 'samples': 3206250}}
2026-08-20 11:30:52,718 [INFO]   Results saved to /scratch/alpine/paco0228/ACE/results/curc_5node_budget_fairness/baselines/random/seed_42
