2026-08-20 10:22:10,701 [INFO] 5-node baseline: method=random seed=1011 episodes=2000 query_budget=3204460
2026-08-20 10:22:23,673 [INFO]   Episode 0/2000, Final Loss: 2.1373
2026-08-20 10:22:57,638 [INFO]   Episode 10/2000, Final Loss: 2.0597
2026-08-20 10:23:29,296 [INFO]   Episode 20/2000, Final Loss: 2.0641
2026-08-20 10:23:59,822 [INFO]   Episode 30/2000, Final Loss: 2.2318
2026-08-20 10:24:30,639 [INFO]   Episode 40/2000, Final Loss: 2.1195
2026-08-20 10:25:04,440 [INFO]   Episode 50/2000, Final Loss: 2.1706
2026-08-20 10:25:37,374 [INFO]   Episode 60/2000, Final Loss: 2.1643
2026-08-20 10:26:09,800 [INFO]   Episode 70/2000, Final Loss: 2.0829
2026-08-20 10:26:40,407 [INFO]   Episode 80/2000, Final Loss: 2.1223
2026-08-20 10:27:11,673 [INFO]   Episode 90/2000, Final Loss: 2.1871
2026-08-20 10:27:43,539 [INFO]   Episode 100/2000, Final Loss: 2.1674
2026-08-20 10:28:15,921 [INFO]   Episode 110/2000, Final Loss: 2.1265
2026-08-20 10:28:47,727 [INFO]   Episode 120/2000, Final Loss: 2.0728
2026-08-20 10:29:18,476 [INFO]   Episode 130/2000, Final Loss: 2.1401
2026-08-20 10:29:50,649 [INFO]   Episode 140/2000, Final Loss: 2.1157
2026-08-20 10:30:21,292 [INFO]   Episode 150/2000, Final Loss: 2.1139
2026-08-20 10:30:53,172 [INFO]   Episode 160/2000, Final Loss: 2.0876
2026-08-20 10:31:24,141 [INFO]   Episode 170/2000, Final Loss: 2.0716
2026-08-20 10:31:54,719 [INFO]   Episode 180/2000, Final Loss: 2.1302
2026-08-20 10:32:25,234 [INFO]   Episode 190/2000, Final Loss: 2.1577
2026-08-20 10:32:55,819 [INFO]   Episode 200/2000, Final Loss: 2.1444
2026-08-20 10:33:27,257 [INFO]   Episode 210/2000, Final Loss: 2.0639
2026-08-20 10:33:57,770 [INFO]   Episode 220/2000, Final Loss: 2.1062
2026-08-20 10:34:28,397 [INFO]   Episode 230/2000, Final Loss: 2.1214
2026-08-20 10:34:59,044 [INFO]   Episode 240/2000, Final Loss: 2.1413
2026-08-20 10:35:31,414 [INFO]   Episode 250/2000, Final Loss: 2.1544
2026-08-20 10:36:03,248 [INFO]   Episode 260/2000, Final Loss: 2.0602
2026-08-20 10:36:34,052 [INFO]   Episode 270/2000, Final Loss: 2.0782
2026-08-20 10:37:05,822 [INFO]   Episode 280/2000, Final Loss: 2.0931
2026-08-20 10:37:37,236 [INFO]   Episode 290/2000, Final Loss: 2.1676
2026-08-20 10:38:07,828 [INFO]   Episode 300/2000, Final Loss: 2.1251
2026-08-20 10:38:38,308 [INFO]   Episode 310/2000, Final Loss: 2.0598
2026-08-20 10:39:08,781 [INFO]   Episode 320/2000, Final Loss: 2.0823
2026-08-20 10:39:39,631 [INFO]   Episode 330/2000, Final Loss: 2.1714
2026-08-20 10:40:10,627 [INFO]   Episode 340/2000, Final Loss: 2.0568
2026-08-20 10:40:42,501 [INFO]   Episode 350/2000, Final Loss: 2.0728
2026-08-20 10:41:13,070 [INFO]   Episode 360/2000, Final Loss: 2.1008
2026-08-20 10:41:43,590 [INFO]   Episode 370/2000, Final Loss: 2.1346
2026-08-20 10:42:14,594 [INFO]   Episode 380/2000, Final Loss: 2.1171
2026-08-20 10:42:45,090 [INFO]   Episode 390/2000, Final Loss: 2.1217
2026-08-20 10:43:15,936 [INFO]   Episode 400/2000, Final Loss: 2.0959
2026-08-20 10:43:46,795 [INFO]   Episode 410/2000, Final Loss: 2.0663
2026-08-20 10:44:17,050 [INFO]   Episode 420/2000, Final Loss: 2.1501
2026-08-20 10:44:47,271 [INFO]   Episode 430/2000, Final Loss: 2.1457
2026-08-20 10:45:17,625 [INFO]   Episode 440/2000, Final Loss: 2.0896
2026-08-20 10:45:48,094 [INFO]   Episode 450/2000, Final Loss: 2.0569
2026-08-20 10:46:18,264 [INFO]   Episode 460/2000, Final Loss: 2.2156
2026-08-20 10:46:48,399 [INFO]   Episode 470/2000, Final Loss: 2.0503
2026-08-20 10:47:18,562 [INFO]   Episode 480/2000, Final Loss: 2.1741
2026-08-20 10:47:48,810 [INFO]   Episode 490/2000, Final Loss: 2.1552
2026-08-20 10:48:19,298 [INFO]   Episode 500/2000, Final Loss: 2.1469
2026-08-20 10:48:49,445 [INFO]   Episode 510/2000, Final Loss: 2.0894
2026-08-20 10:49:19,577 [INFO]   Episode 520/2000, Final Loss: 2.1987
2026-08-20 10:49:49,784 [INFO]   Episode 530/2000, Final Loss: 2.1140
2026-08-20 10:50:19,831 [INFO]   Episode 540/2000, Final Loss: 2.0928
2026-08-20 10:50:49,952 [INFO]   Episode 550/2000, Final Loss: 2.1007
2026-08-20 10:51:20,230 [INFO]   Episode 560/2000, Final Loss: 2.1255
2026-08-20 10:51:50,294 [INFO]   Episode 570/2000, Final Loss: 2.1136
2026-08-20 10:52:20,420 [INFO]   Episode 580/2000, Final Loss: 2.0784
2026-08-20 10:52:50,618 [INFO]   Episode 590/2000, Final Loss: 2.1900
2026-08-20 10:53:20,772 [INFO]   Episode 600/2000, Final Loss: 2.0573
2026-08-20 10:53:50,852 [INFO]   Episode 610/2000, Final Loss: 2.1759
2026-08-20 10:54:20,999 [INFO]   Episode 620/2000, Final Loss: 2.1206
2026-08-20 10:54:51,177 [INFO]   Episode 630/2000, Final Loss: 2.1846
2026-08-20 10:55:23,876 [INFO]   Episode 640/2000, Final Loss: 2.1486
2026-08-20 10:55:56,318 [INFO]   Episode 650/2000, Final Loss: 2.1840
2026-08-20 10:56:28,751 [INFO]   Episode 660/2000, Final Loss: 2.1372
2026-08-20 10:57:01,652 [INFO]   Episode 670/2000, Final Loss: 2.1284
2026-08-20 10:57:35,145 [INFO]   Episode 680/2000, Final Loss: 2.1229
2026-08-20 10:58:09,070 [INFO]   Episode 690/2000, Final Loss: 2.1477
2026-08-20 10:58:42,471 [INFO]   Episode 700/2000, Final Loss: 2.1493
2026-08-20 10:59:14,751 [INFO]   Episode 710/2000, Final Loss: 2.1474
2026-08-20 10:59:46,987 [INFO]   Episode 720/2000, Final Loss: 2.1287
2026-08-20 11:00:19,496 [INFO]   Episode 730/2000, Final Loss: 2.2535
2026-08-20 11:00:52,965 [INFO]   Episode 740/2000, Final Loss: 2.1345
2026-08-20 11:01:25,117 [INFO]   Episode 750/2000, Final Loss: 2.1042
2026-08-20 11:01:57,263 [INFO]   Episode 760/2000, Final Loss: 2.1610
2026-08-20 11:02:30,588 [INFO]   Episode 770/2000, Final Loss: 2.0718
2026-08-20 11:03:03,729 [INFO]   Episode 780/2000, Final Loss: 2.1178
2026-08-20 11:03:36,608 [INFO]   Episode 790/2000, Final Loss: 2.0648
2026-08-20 11:04:08,722 [INFO]   Episode 800/2000, Final Loss: 2.1366
2026-08-20 11:04:42,520 [INFO]   Episode 810/2000, Final Loss: 2.1639
2026-08-20 11:05:17,253 [INFO]   Episode 820/2000, Final Loss: 2.1071
2026-08-20 11:05:50,327 [INFO]   Episode 830/2000, Final Loss: 2.1446
2026-08-20 11:06:24,138 [INFO]   Episode 840/2000, Final Loss: 2.2096
2026-08-20 11:06:56,989 [INFO]   Episode 850/2000, Final Loss: 2.0897
2026-08-20 11:07:29,462 [INFO]   Episode 860/2000, Final Loss: 2.2163
2026-08-20 11:08:01,499 [INFO]   Episode 870/2000, Final Loss: 2.1294
2026-08-20 11:08:34,693 [INFO]   Episode 880/2000, Final Loss: 2.1160
2026-08-20 11:09:06,796 [INFO]   Episode 890/2000, Final Loss: 2.1017
2026-08-20 11:09:41,101 [INFO]   Episode 900/2000, Final Loss: 2.1728
2026-08-20 11:10:15,632 [INFO]   Episode 910/2000, Final Loss: 2.0726
2026-08-20 11:10:48,515 [INFO]   Episode 920/2000, Final Loss: 2.1359
2026-08-20 11:11:20,016 [INFO]   Episode 930/2000, Final Loss: 2.1520
2026-08-20 11:11:50,418 [INFO]   Episode 940/2000, Final Loss: 2.1530
2026-08-20 11:12:20,613 [INFO]   Episode 950/2000, Final Loss: 2.1694
2026-08-20 11:12:50,669 [INFO]   Episode 960/2000, Final Loss: 2.0666
2026-08-20 11:13:20,765 [INFO]   Episode 970/2000, Final Loss: 2.1963
2026-08-20 11:13:50,923 [INFO]   Episode 980/2000, Final Loss: 2.0683
2026-08-20 11:14:21,094 [INFO]   Episode 990/2000, Final Loss: 2.1450
2026-08-20 11:14:51,502 [INFO]   Episode 1000/2000, Final Loss: 2.1418
2026-08-20 11:15:21,686 [INFO]   Episode 1010/2000, Final Loss: 2.1042
2026-08-20 11:15:51,849 [INFO]   Episode 1020/2000, Final Loss: 2.0645
2026-08-20 11:16:22,527 [INFO]   Episode 1030/2000, Final Loss: 2.0611
2026-08-20 11:16:52,818 [INFO]   Episode 1040/2000, Final Loss: 2.0738
2026-08-20 11:17:23,303 [INFO]   Episode 1050/2000, Final Loss: 2.1067
2026-08-20 11:17:53,611 [INFO]   Episode 1060/2000, Final Loss: 2.1026
2026-08-20 11:18:23,951 [INFO]   Episode 1070/2000, Final Loss: 2.1463
2026-08-20 11:18:54,239 [INFO]   Episode 1080/2000, Final Loss: 2.1590
2026-08-20 11:19:24,598 [INFO]   Episode 1090/2000, Final Loss: 2.1096
2026-08-20 11:19:54,886 [INFO]   Episode 1100/2000, Final Loss: 2.1960
2026-08-20 11:20:25,479 [INFO]   Episode 1110/2000, Final Loss: 2.0534
2026-08-20 11:20:55,845 [INFO]   Episode 1120/2000, Final Loss: 2.0787
2026-08-20 11:21:07,997 [INFO] [Query Budget] Reached 3206250/3204460 environment samples at episode 1125; stopping. Breakdown: {'executed': {'calls': 28125, 'samples': 1406250}, 'observational': {'calls': 9000, 'samples': 1800000}, 'total': {'calls': 37125, 'samples': 3206250}}
2026-08-20 11:21:08,073 [INFO]   Done. final_loss=2.0481  elapsed=3537s
2026-08-20 11:21:08,332 [INFO]   [Query Budget] random breakdown: {'executed': {'calls': 28125, 'samples': 1406250}, 'observational': {'calls': 9000, 'samples': 1800000}, 'total': {'calls': 37125, 'samples': 3206250}}
2026-08-20 11:21:08,332 [INFO]   Results saved to /scratch/alpine/paco0228/ACE/results/curc_5node_budget_fairness/baselines/random/seed_1011
