2026-08-20 10:22:10,694 [INFO] 5-node baseline: method=random seed=789 episodes=2000 query_budget=3204460
2026-08-20 10:22:22,321 [INFO]   Episode 0/2000, Final Loss: 1.9897
2026-08-20 10:22:49,032 [INFO]   Episode 10/2000, Final Loss: 2.0559
2026-08-20 10:23:15,553 [INFO]   Episode 20/2000, Final Loss: 2.0126
2026-08-20 10:23:41,954 [INFO]   Episode 30/2000, Final Loss: 1.9861
2026-08-20 10:24:08,333 [INFO]   Episode 40/2000, Final Loss: 1.9904
2026-08-20 10:24:34,700 [INFO]   Episode 50/2000, Final Loss: 1.9977
2026-08-20 10:25:01,067 [INFO]   Episode 60/2000, Final Loss: 2.0955
2026-08-20 10:25:27,348 [INFO]   Episode 70/2000, Final Loss: 2.0405
2026-08-20 10:25:53,580 [INFO]   Episode 80/2000, Final Loss: 2.0768
2026-08-20 10:26:19,874 [INFO]   Episode 90/2000, Final Loss: 2.0127
2026-08-20 10:26:48,736 [INFO]   Episode 100/2000, Final Loss: 2.0111
2026-08-20 10:27:15,627 [INFO]   Episode 110/2000, Final Loss: 2.0896
2026-08-20 10:27:42,639 [INFO]   Episode 120/2000, Final Loss: 1.9948
2026-08-20 10:28:09,629 [INFO]   Episode 130/2000, Final Loss: 2.1139
2026-08-20 10:28:36,549 [INFO]   Episode 140/2000, Final Loss: 2.1454
2026-08-20 10:29:03,488 [INFO]   Episode 150/2000, Final Loss: 2.0717
2026-08-20 10:29:30,391 [INFO]   Episode 160/2000, Final Loss: 2.0171
2026-08-20 10:29:57,312 [INFO]   Episode 170/2000, Final Loss: 2.0041
2026-08-20 10:30:24,243 [INFO]   Episode 180/2000, Final Loss: 2.0891
2026-08-20 10:30:51,150 [INFO]   Episode 190/2000, Final Loss: 2.0093
2026-08-20 10:31:17,967 [INFO]   Episode 200/2000, Final Loss: 2.1042
2026-08-20 10:31:44,680 [INFO]   Episode 210/2000, Final Loss: 2.0602
2026-08-20 10:32:11,441 [INFO]   Episode 220/2000, Final Loss: 2.1236
2026-08-20 10:32:38,157 [INFO]   Episode 230/2000, Final Loss: 2.1257
2026-08-20 10:33:04,974 [INFO]   Episode 240/2000, Final Loss: 2.0272
2026-08-20 10:33:31,823 [INFO]   Episode 250/2000, Final Loss: 1.9851
2026-08-20 10:33:58,667 [INFO]   Episode 260/2000, Final Loss: 2.1567
2026-08-20 10:34:25,584 [INFO]   Episode 270/2000, Final Loss: 1.9927
2026-08-20 10:34:52,440 [INFO]   Episode 280/2000, Final Loss: 2.0014
2026-08-20 10:35:19,290 [INFO]   Episode 290/2000, Final Loss: 2.0574
2026-08-20 10:35:46,129 [INFO]   Episode 300/2000, Final Loss: 2.0325
2026-08-20 10:36:12,749 [INFO]   Episode 310/2000, Final Loss: 1.9951
2026-08-20 10:36:39,206 [INFO]   Episode 320/2000, Final Loss: 2.0101
2026-08-20 10:37:05,687 [INFO]   Episode 330/2000, Final Loss: 2.0013
2026-08-20 10:37:32,236 [INFO]   Episode 340/2000, Final Loss: 2.0019
2026-08-20 10:37:58,760 [INFO]   Episode 350/2000, Final Loss: 2.0245
2026-08-20 10:38:25,311 [INFO]   Episode 360/2000, Final Loss: 2.0404
2026-08-20 10:38:51,846 [INFO]   Episode 370/2000, Final Loss: 2.0326
2026-08-20 10:39:18,508 [INFO]   Episode 380/2000, Final Loss: 2.0116
2026-08-20 10:39:45,203 [INFO]   Episode 390/2000, Final Loss: 2.0087
2026-08-20 10:40:11,899 [INFO]   Episode 400/2000, Final Loss: 2.0070
2026-08-20 10:40:38,570 [INFO]   Episode 410/2000, Final Loss: 2.0527
2026-08-20 10:41:05,243 [INFO]   Episode 420/2000, Final Loss: 2.0215
2026-08-20 10:41:31,960 [INFO]   Episode 430/2000, Final Loss: 2.0895
2026-08-20 10:41:58,657 [INFO]   Episode 440/2000, Final Loss: 2.0984
2026-08-20 10:42:25,389 [INFO]   Episode 450/2000, Final Loss: 1.9917
2026-08-20 10:42:52,059 [INFO]   Episode 460/2000, Final Loss: 2.1194
2026-08-20 10:43:18,716 [INFO]   Episode 470/2000, Final Loss: 2.0155
2026-08-20 10:43:45,386 [INFO]   Episode 480/2000, Final Loss: 2.0261
2026-08-20 10:44:12,044 [INFO]   Episode 490/2000, Final Loss: 2.2242
2026-08-20 10:44:38,620 [INFO]   Episode 500/2000, Final Loss: 1.9840
2026-08-20 10:45:05,146 [INFO]   Episode 510/2000, Final Loss: 2.1261
2026-08-20 10:45:31,843 [INFO]   Episode 520/2000, Final Loss: 1.9944
2026-08-20 10:45:58,496 [INFO]   Episode 530/2000, Final Loss: 1.9914
2026-08-20 10:46:25,168 [INFO]   Episode 540/2000, Final Loss: 1.9935
2026-08-20 10:46:52,227 [INFO]   Episode 550/2000, Final Loss: 2.1051
2026-08-20 10:47:19,393 [INFO]   Episode 560/2000, Final Loss: 2.0562
2026-08-20 10:47:46,757 [INFO]   Episode 570/2000, Final Loss: 1.9995
2026-08-20 10:48:14,159 [INFO]   Episode 580/2000, Final Loss: 2.0076
2026-08-20 10:48:41,560 [INFO]   Episode 590/2000, Final Loss: 1.9986
2026-08-20 10:49:09,015 [INFO]   Episode 600/2000, Final Loss: 2.1117
2026-08-20 10:49:36,497 [INFO]   Episode 610/2000, Final Loss: 2.0441
2026-08-20 10:50:04,034 [INFO]   Episode 620/2000, Final Loss: 2.0596
2026-08-20 10:50:31,560 [INFO]   Episode 630/2000, Final Loss: 2.0944
2026-08-20 10:50:59,028 [INFO]   Episode 640/2000, Final Loss: 2.0568
2026-08-20 10:51:26,562 [INFO]   Episode 650/2000, Final Loss: 2.0214
2026-08-20 10:51:54,072 [INFO]   Episode 660/2000, Final Loss: 2.0908
2026-08-20 10:52:21,625 [INFO]   Episode 670/2000, Final Loss: 2.0094
2026-08-20 10:52:49,172 [INFO]   Episode 680/2000, Final Loss: 1.9984
2026-08-20 10:53:16,724 [INFO]   Episode 690/2000, Final Loss: 2.0157
2026-08-20 10:53:44,224 [INFO]   Episode 700/2000, Final Loss: 1.9972
2026-08-20 10:54:11,784 [INFO]   Episode 710/2000, Final Loss: 1.9901
2026-08-20 10:54:39,399 [INFO]   Episode 720/2000, Final Loss: 2.0669
2026-08-20 10:55:06,937 [INFO]   Episode 730/2000, Final Loss: 2.0973
2026-08-20 10:55:34,463 [INFO]   Episode 740/2000, Final Loss: 2.0179
2026-08-20 10:56:02,005 [INFO]   Episode 750/2000, Final Loss: 2.0154
2026-08-20 10:56:29,524 [INFO]   Episode 760/2000, Final Loss: 1.9974
2026-08-20 10:56:57,034 [INFO]   Episode 770/2000, Final Loss: 1.9828
2026-08-20 10:57:24,539 [INFO]   Episode 780/2000, Final Loss: 2.0221
2026-08-20 10:57:52,049 [INFO]   Episode 790/2000, Final Loss: 2.0639
2026-08-20 10:58:19,527 [INFO]   Episode 800/2000, Final Loss: 2.0490
2026-08-20 10:58:47,031 [INFO]   Episode 810/2000, Final Loss: 2.0082
2026-08-20 10:59:14,523 [INFO]   Episode 820/2000, Final Loss: 2.0563
2026-08-20 10:59:42,000 [INFO]   Episode 830/2000, Final Loss: 2.1151
2026-08-20 11:00:09,416 [INFO]   Episode 840/2000, Final Loss: 1.9967
2026-08-20 11:00:36,848 [INFO]   Episode 850/2000, Final Loss: 2.0239
2026-08-20 11:01:04,340 [INFO]   Episode 860/2000, Final Loss: 2.0150
2026-08-20 11:01:31,750 [INFO]   Episode 870/2000, Final Loss: 2.0261
2026-08-20 11:01:59,172 [INFO]   Episode 880/2000, Final Loss: 2.1285
2026-08-20 11:02:26,582 [INFO]   Episode 890/2000, Final Loss: 2.0154
2026-08-20 11:02:53,944 [INFO]   Episode 900/2000, Final Loss: 2.0214
2026-08-20 11:03:21,320 [INFO]   Episode 910/2000, Final Loss: 1.9994
2026-08-20 11:03:48,676 [INFO]   Episode 920/2000, Final Loss: 2.0486
2026-08-20 11:04:16,036 [INFO]   Episode 930/2000, Final Loss: 2.0198
2026-08-20 11:04:43,336 [INFO]   Episode 940/2000, Final Loss: 1.9953
2026-08-20 11:05:10,697 [INFO]   Episode 950/2000, Final Loss: 1.9914
2026-08-20 11:05:38,008 [INFO]   Episode 960/2000, Final Loss: 2.0618
2026-08-20 11:06:05,286 [INFO]   Episode 970/2000, Final Loss: 1.9846
2026-08-20 11:06:32,595 [INFO]   Episode 980/2000, Final Loss: 2.0282
2026-08-20 11:06:59,832 [INFO]   Episode 990/2000, Final Loss: 2.0168
2026-08-20 11:07:27,091 [INFO]   Episode 1000/2000, Final Loss: 2.1305
2026-08-20 11:07:54,309 [INFO]   Episode 1010/2000, Final Loss: 2.0327
2026-08-20 11:08:21,527 [INFO]   Episode 1020/2000, Final Loss: 1.9878
2026-08-20 11:08:48,734 [INFO]   Episode 1030/2000, Final Loss: 2.0487
2026-08-20 11:09:15,974 [INFO]   Episode 1040/2000, Final Loss: 2.0288
2026-08-20 11:09:43,186 [INFO]   Episode 1050/2000, Final Loss: 2.0338
2026-08-20 11:10:10,369 [INFO]   Episode 1060/2000, Final Loss: 2.0003
2026-08-20 11:10:37,541 [INFO]   Episode 1070/2000, Final Loss: 2.0896
2026-08-20 11:11:04,759 [INFO]   Episode 1080/2000, Final Loss: 2.0563
2026-08-20 11:11:32,460 [INFO]   Episode 1090/2000, Final Loss: 1.9988
2026-08-20 11:12:00,358 [INFO]   Episode 1100/2000, Final Loss: 2.1196
2026-08-20 11:12:28,273 [INFO]   Episode 1110/2000, Final Loss: 2.0136
2026-08-20 11:12:56,217 [INFO]   Episode 1120/2000, Final Loss: 2.0023
2026-08-20 11:13:07,381 [INFO] [Query Budget] Reached 3206250/3204460 environment samples at episode 1125; stopping. Breakdown: {'executed': {'calls': 28125, 'samples': 1406250}, 'observational': {'calls': 9000, 'samples': 1800000}, 'total': {'calls': 37125, 'samples': 3206250}}
2026-08-20 11:13:07,469 [INFO]   Done. final_loss=2.0422  elapsed=3057s
2026-08-20 11:13:07,878 [INFO]   [Query Budget] random breakdown: {'executed': {'calls': 28125, 'samples': 1406250}, 'observational': {'calls': 9000, 'samples': 1800000}, 'total': {'calls': 37125, 'samples': 3206250}}
2026-08-20 11:13:07,878 [INFO]   Results saved to /scratch/alpine/paco0228/ACE/results/curc_5node_budget_fairness/baselines/random/seed_789
