2026-08-20 10:22:02,656 [INFO] 5-node baseline: method=random seed=123 episodes=2000 query_budget=3204460
2026-08-20 10:22:23,550 [INFO]   Episode 0/2000, Final Loss: 2.1259
2026-08-20 10:22:57,922 [INFO]   Episode 10/2000, Final Loss: 2.2363
2026-08-20 10:23:32,201 [INFO]   Episode 20/2000, Final Loss: 2.1340
2026-08-20 10:24:06,497 [INFO]   Episode 30/2000, Final Loss: 2.1425
2026-08-20 10:24:40,756 [INFO]   Episode 40/2000, Final Loss: 2.1109
2026-08-20 10:25:15,152 [INFO]   Episode 50/2000, Final Loss: 2.1137
2026-08-20 10:25:49,385 [INFO]   Episode 60/2000, Final Loss: 2.1295
2026-08-20 10:26:23,735 [INFO]   Episode 70/2000, Final Loss: 2.1001
2026-08-20 10:26:58,692 [INFO]   Episode 80/2000, Final Loss: 2.2580
2026-08-20 10:27:34,042 [INFO]   Episode 90/2000, Final Loss: 2.2451
2026-08-20 10:28:10,149 [INFO]   Episode 100/2000, Final Loss: 2.1901
2026-08-20 10:28:45,539 [INFO]   Episode 110/2000, Final Loss: 2.0913
2026-08-20 10:29:21,003 [INFO]   Episode 120/2000, Final Loss: 2.0848
2026-08-20 10:29:56,354 [INFO]   Episode 130/2000, Final Loss: 2.1360
2026-08-20 10:30:32,113 [INFO]   Episode 140/2000, Final Loss: 2.1279
2026-08-20 10:31:06,681 [INFO]   Episode 150/2000, Final Loss: 2.1763
2026-08-20 10:31:40,968 [INFO]   Episode 160/2000, Final Loss: 2.1776
2026-08-20 10:32:16,928 [INFO]   Episode 170/2000, Final Loss: 2.1398
2026-08-20 10:32:52,277 [INFO]   Episode 180/2000, Final Loss: 2.1374
2026-08-20 10:33:27,029 [INFO]   Episode 190/2000, Final Loss: 2.1545
2026-08-20 10:34:02,054 [INFO]   Episode 200/2000, Final Loss: 2.0998
2026-08-20 10:34:36,954 [INFO]   Episode 210/2000, Final Loss: 2.1334
2026-08-20 10:35:12,015 [INFO]   Episode 220/2000, Final Loss: 2.0876
2026-08-20 10:35:47,252 [INFO]   Episode 230/2000, Final Loss: 2.1119
2026-08-20 10:36:23,072 [INFO]   Episode 240/2000, Final Loss: 2.0905
2026-08-20 10:36:57,578 [INFO]   Episode 250/2000, Final Loss: 2.1460
2026-08-20 10:37:32,085 [INFO]   Episode 260/2000, Final Loss: 2.1895
2026-08-20 10:38:06,588 [INFO]   Episode 270/2000, Final Loss: 2.1042
2026-08-20 10:38:41,546 [INFO]   Episode 280/2000, Final Loss: 2.1526
2026-08-20 10:39:16,776 [INFO]   Episode 290/2000, Final Loss: 2.1168
2026-08-20 10:39:51,158 [INFO]   Episode 300/2000, Final Loss: 2.0834
2026-08-20 10:40:25,493 [INFO]   Episode 310/2000, Final Loss: 2.2757
2026-08-20 10:40:59,911 [INFO]   Episode 320/2000, Final Loss: 2.1194
2026-08-20 10:41:35,145 [INFO]   Episode 330/2000, Final Loss: 2.0755
2026-08-20 10:42:10,732 [INFO]   Episode 340/2000, Final Loss: 2.1341
2026-08-20 10:42:46,005 [INFO]   Episode 350/2000, Final Loss: 2.1547
2026-08-20 10:43:21,446 [INFO]   Episode 360/2000, Final Loss: 2.1690
2026-08-20 10:43:56,754 [INFO]   Episode 370/2000, Final Loss: 2.1064
2026-08-20 10:44:31,484 [INFO]   Episode 380/2000, Final Loss: 2.1255
2026-08-20 10:45:06,280 [INFO]   Episode 390/2000, Final Loss: 2.1348
2026-08-20 10:45:41,025 [INFO]   Episode 400/2000, Final Loss: 2.1064
2026-08-20 10:46:16,592 [INFO]   Episode 410/2000, Final Loss: 2.0878
2026-08-20 10:46:51,059 [INFO]   Episode 420/2000, Final Loss: 2.1055
2026-08-20 10:47:25,326 [INFO]   Episode 430/2000, Final Loss: 2.0798
2026-08-20 10:47:59,599 [INFO]   Episode 440/2000, Final Loss: 2.0870
2026-08-20 10:48:33,592 [INFO]   Episode 450/2000, Final Loss: 2.0875
2026-08-20 10:49:07,279 [INFO]   Episode 460/2000, Final Loss: 2.1284
2026-08-20 10:49:40,949 [INFO]   Episode 470/2000, Final Loss: 2.1471
2026-08-20 10:50:14,835 [INFO]   Episode 480/2000, Final Loss: 2.1361
2026-08-20 10:50:48,602 [INFO]   Episode 490/2000, Final Loss: 2.1061
2026-08-20 10:51:22,388 [INFO]   Episode 500/2000, Final Loss: 2.1196
2026-08-20 10:51:56,082 [INFO]   Episode 510/2000, Final Loss: 2.2008
2026-08-20 10:52:29,769 [INFO]   Episode 520/2000, Final Loss: 2.1610
2026-08-20 10:53:03,463 [INFO]   Episode 530/2000, Final Loss: 2.0961
2026-08-20 10:53:37,375 [INFO]   Episode 540/2000, Final Loss: 2.1365
2026-08-20 10:54:10,993 [INFO]   Episode 550/2000, Final Loss: 2.2078
2026-08-20 10:54:44,661 [INFO]   Episode 560/2000, Final Loss: 2.1616
2026-08-20 10:55:18,434 [INFO]   Episode 570/2000, Final Loss: 2.1861
2026-08-20 10:55:52,211 [INFO]   Episode 580/2000, Final Loss: 2.1252
2026-08-20 10:56:26,267 [INFO]   Episode 590/2000, Final Loss: 2.1973
2026-08-20 10:57:00,733 [INFO]   Episode 600/2000, Final Loss: 2.0940
2026-08-20 10:57:35,036 [INFO]   Episode 610/2000, Final Loss: 2.1258
2026-08-20 10:58:09,252 [INFO]   Episode 620/2000, Final Loss: 2.1823
2026-08-20 10:58:43,458 [INFO]   Episode 630/2000, Final Loss: 2.0931
2026-08-20 10:59:17,833 [INFO]   Episode 640/2000, Final Loss: 2.1191
2026-08-20 10:59:52,446 [INFO]   Episode 650/2000, Final Loss: 2.1822
2026-08-20 11:00:26,785 [INFO]   Episode 660/2000, Final Loss: 2.1600
2026-08-20 11:01:00,847 [INFO]   Episode 670/2000, Final Loss: 2.1678
2026-08-20 11:01:34,772 [INFO]   Episode 680/2000, Final Loss: 2.2711
2026-08-20 11:02:09,396 [INFO]   Episode 690/2000, Final Loss: 2.1799
2026-08-20 11:02:44,033 [INFO]   Episode 700/2000, Final Loss: 2.1353
2026-08-20 11:03:18,358 [INFO]   Episode 710/2000, Final Loss: 2.1593
2026-08-20 11:03:52,646 [INFO]   Episode 720/2000, Final Loss: 2.1364
2026-08-20 11:04:27,163 [INFO]   Episode 730/2000, Final Loss: 2.1623
2026-08-20 11:05:01,707 [INFO]   Episode 740/2000, Final Loss: 2.0957
2026-08-20 11:05:35,667 [INFO]   Episode 750/2000, Final Loss: 2.1570
2026-08-20 11:06:09,533 [INFO]   Episode 760/2000, Final Loss: 2.1079
2026-08-20 11:06:44,024 [INFO]   Episode 770/2000, Final Loss: 2.2234
2026-08-20 11:07:18,038 [INFO]   Episode 780/2000, Final Loss: 2.1213
2026-08-20 11:07:51,994 [INFO]   Episode 790/2000, Final Loss: 2.1439
2026-08-20 11:08:26,183 [INFO]   Episode 800/2000, Final Loss: 2.1000
2026-08-20 11:09:00,542 [INFO]   Episode 810/2000, Final Loss: 2.1549
2026-08-20 11:09:34,780 [INFO]   Episode 820/2000, Final Loss: 2.1708
2026-08-20 11:10:08,627 [INFO]   Episode 830/2000, Final Loss: 2.1275
2026-08-20 11:10:42,356 [INFO]   Episode 840/2000, Final Loss: 2.1867
2026-08-20 11:11:16,075 [INFO]   Episode 850/2000, Final Loss: 2.1422
2026-08-20 11:11:49,653 [INFO]   Episode 860/2000, Final Loss: 2.0798
2026-08-20 11:12:23,406 [INFO]   Episode 870/2000, Final Loss: 2.0926
2026-08-20 11:12:57,103 [INFO]   Episode 880/2000, Final Loss: 2.2286
2026-08-20 11:13:31,362 [INFO]   Episode 890/2000, Final Loss: 2.1142
2026-08-20 11:14:05,307 [INFO]   Episode 900/2000, Final Loss: 2.1258
2026-08-20 11:14:38,953 [INFO]   Episode 910/2000, Final Loss: 2.1158
2026-08-20 11:15:12,563 [INFO]   Episode 920/2000, Final Loss: 2.1226
2026-08-20 11:15:46,440 [INFO]   Episode 930/2000, Final Loss: 2.0952
2026-08-20 11:16:20,379 [INFO]   Episode 940/2000, Final Loss: 2.1431
2026-08-20 11:16:54,440 [INFO]   Episode 950/2000, Final Loss: 2.1418
2026-08-20 11:17:28,080 [INFO]   Episode 960/2000, Final Loss: 2.1818
2026-08-20 11:18:01,947 [INFO]   Episode 970/2000, Final Loss: 2.1177
2026-08-20 11:18:36,021 [INFO]   Episode 980/2000, Final Loss: 2.2028
2026-08-20 11:19:09,881 [INFO]   Episode 990/2000, Final Loss: 2.1075
2026-08-20 11:19:43,607 [INFO]   Episode 1000/2000, Final Loss: 2.1342
2026-08-20 11:20:17,817 [INFO]   Episode 1010/2000, Final Loss: 2.2234
2026-08-20 11:20:51,634 [INFO]   Episode 1020/2000, Final Loss: 2.2160
2026-08-20 11:21:25,663 [INFO]   Episode 1030/2000, Final Loss: 2.1815
2026-08-20 11:21:59,680 [INFO]   Episode 1040/2000, Final Loss: 2.2360
2026-08-20 11:22:33,693 [INFO]   Episode 1050/2000, Final Loss: 2.1461
2026-08-20 11:23:07,967 [INFO]   Episode 1060/2000, Final Loss: 2.1557
2026-08-20 11:23:42,392 [INFO]   Episode 1070/2000, Final Loss: 2.1504
2026-08-20 11:24:17,068 [INFO]   Episode 1080/2000, Final Loss: 2.0963
2026-08-20 11:24:52,475 [INFO]   Episode 1090/2000, Final Loss: 2.1012
2026-08-20 11:25:27,892 [INFO]   Episode 1100/2000, Final Loss: 2.2209
2026-08-20 11:26:03,349 [INFO]   Episode 1110/2000, Final Loss: 2.0947
2026-08-20 11:26:39,098 [INFO]   Episode 1120/2000, Final Loss: 2.1399
2026-08-20 11:26:52,970 [INFO] [Query Budget] Reached 3206250/3204460 environment samples at episode 1125; stopping. Breakdown: {'executed': {'calls': 28125, 'samples': 1406250}, 'observational': {'calls': 9000, 'samples': 1800000}, 'total': {'calls': 37125, 'samples': 3206250}}
2026-08-20 11:26:53,041 [INFO]   Done. final_loss=2.1592  elapsed=3890s
2026-08-20 11:26:54,239 [INFO]   [Query Budget] random breakdown: {'executed': {'calls': 28125, 'samples': 1406250}, 'observational': {'calls': 9000, 'samples': 1800000}, 'total': {'calls': 37125, 'samples': 3206250}}
2026-08-20 11:26:54,239 [INFO]   Results saved to /scratch/alpine/paco0228/ACE/results/curc_5node_budget_fairness/baselines/random/seed_123
