2026-08-20 10:22:02,659 [INFO] 5-node baseline: method=random seed=456 episodes=2000 query_budget=3204460
2026-08-20 10:22:24,448 [INFO]   Episode 0/2000, Final Loss: 2.0745
2026-08-20 10:22:58,222 [INFO]   Episode 10/2000, Final Loss: 2.0325
2026-08-20 10:23:30,780 [INFO]   Episode 20/2000, Final Loss: 2.0548
2026-08-20 10:24:03,488 [INFO]   Episode 30/2000, Final Loss: 2.0924
2026-08-20 10:24:34,998 [INFO]   Episode 40/2000, Final Loss: 2.0554
2026-08-20 10:25:07,631 [INFO]   Episode 50/2000, Final Loss: 2.1062
2026-08-20 10:25:39,943 [INFO]   Episode 60/2000, Final Loss: 2.0454
2026-08-20 10:26:10,896 [INFO]   Episode 70/2000, Final Loss: 2.0362
2026-08-20 10:26:41,933 [INFO]   Episode 80/2000, Final Loss: 2.1551
2026-08-20 10:27:13,106 [INFO]   Episode 90/2000, Final Loss: 2.0208
2026-08-20 10:27:46,634 [INFO]   Episode 100/2000, Final Loss: 2.0355
2026-08-20 10:28:22,129 [INFO]   Episode 110/2000, Final Loss: 2.0923
2026-08-20 10:28:55,777 [INFO]   Episode 120/2000, Final Loss: 2.0844
2026-08-20 10:29:28,043 [INFO]   Episode 130/2000, Final Loss: 2.0548
2026-08-20 10:30:00,613 [INFO]   Episode 140/2000, Final Loss: 2.1737
2026-08-20 10:30:32,172 [INFO]   Episode 150/2000, Final Loss: 2.0467
2026-08-20 10:31:03,542 [INFO]   Episode 160/2000, Final Loss: 2.0156
2026-08-20 10:31:34,983 [INFO]   Episode 170/2000, Final Loss: 2.0575
2026-08-20 10:32:07,600 [INFO]   Episode 180/2000, Final Loss: 2.0058
2026-08-20 10:32:41,073 [INFO]   Episode 190/2000, Final Loss: 2.0330
2026-08-20 10:33:14,741 [INFO]   Episode 200/2000, Final Loss: 2.0872
2026-08-20 10:33:46,470 [INFO]   Episode 210/2000, Final Loss: 2.0704
2026-08-20 10:34:19,187 [INFO]   Episode 220/2000, Final Loss: 2.0578
2026-08-20 10:34:50,556 [INFO]   Episode 230/2000, Final Loss: 2.1324
2026-08-20 10:35:22,030 [INFO]   Episode 240/2000, Final Loss: 2.0533
2026-08-20 10:35:55,933 [INFO]   Episode 250/2000, Final Loss: 2.1717
2026-08-20 10:36:28,087 [INFO]   Episode 260/2000, Final Loss: 2.0704
2026-08-20 10:36:59,804 [INFO]   Episode 270/2000, Final Loss: 2.0225
2026-08-20 10:37:33,657 [INFO]   Episode 280/2000, Final Loss: 2.0473
2026-08-20 10:38:08,895 [INFO]   Episode 290/2000, Final Loss: 2.0544
2026-08-20 10:38:41,038 [INFO]   Episode 300/2000, Final Loss: 2.1594
2026-08-20 10:39:14,123 [INFO]   Episode 310/2000, Final Loss: 2.1489
2026-08-20 10:39:48,546 [INFO]   Episode 320/2000, Final Loss: 2.0293
2026-08-20 10:40:20,709 [INFO]   Episode 330/2000, Final Loss: 2.0996
2026-08-20 10:40:52,372 [INFO]   Episode 340/2000, Final Loss: 2.0282
2026-08-20 10:41:23,450 [INFO]   Episode 350/2000, Final Loss: 2.0316
2026-08-20 10:41:54,402 [INFO]   Episode 360/2000, Final Loss: 2.0597
2026-08-20 10:42:25,447 [INFO]   Episode 370/2000, Final Loss: 2.0844
2026-08-20 10:42:59,501 [INFO]   Episode 380/2000, Final Loss: 2.0617
2026-08-20 10:43:32,555 [INFO]   Episode 390/2000, Final Loss: 2.2310
2026-08-20 10:44:04,546 [INFO]   Episode 400/2000, Final Loss: 2.1047
2026-08-20 10:44:38,562 [INFO]   Episode 410/2000, Final Loss: 2.0737
2026-08-20 10:45:15,364 [INFO]   Episode 420/2000, Final Loss: 2.0366
2026-08-20 10:45:47,190 [INFO]   Episode 430/2000, Final Loss: 2.0228
2026-08-20 10:46:18,789 [INFO]   Episode 440/2000, Final Loss: 2.0226
2026-08-20 10:46:49,706 [INFO]   Episode 450/2000, Final Loss: 2.0284
2026-08-20 10:47:20,853 [INFO]   Episode 460/2000, Final Loss: 2.0755
2026-08-20 10:47:51,790 [INFO]   Episode 470/2000, Final Loss: 2.0750
2026-08-20 10:48:22,585 [INFO]   Episode 480/2000, Final Loss: 2.0884
2026-08-20 10:48:53,511 [INFO]   Episode 490/2000, Final Loss: 2.0189
2026-08-20 10:49:25,785 [INFO]   Episode 500/2000, Final Loss: 2.0440
2026-08-20 10:49:59,857 [INFO]   Episode 510/2000, Final Loss: 2.0093
2026-08-20 10:50:33,184 [INFO]   Episode 520/2000, Final Loss: 2.1371
2026-08-20 10:51:04,547 [INFO]   Episode 530/2000, Final Loss: 2.0756
2026-08-20 10:51:37,449 [INFO]   Episode 540/2000, Final Loss: 2.0548
2026-08-20 10:52:13,521 [INFO]   Episode 550/2000, Final Loss: 2.1308
2026-08-20 10:52:46,870 [INFO]   Episode 560/2000, Final Loss: 2.0091
2026-08-20 10:53:20,713 [INFO]   Episode 570/2000, Final Loss: 2.0721
2026-08-20 10:53:54,465 [INFO]   Episode 580/2000, Final Loss: 2.0689
2026-08-20 10:54:28,707 [INFO]   Episode 590/2000, Final Loss: 2.0351
2026-08-20 10:54:59,966 [INFO]   Episode 600/2000, Final Loss: 2.0328
2026-08-20 10:55:31,431 [INFO]   Episode 610/2000, Final Loss: 2.0842
2026-08-20 10:56:04,274 [INFO]   Episode 620/2000, Final Loss: 2.0408
2026-08-20 10:56:35,790 [INFO]   Episode 630/2000, Final Loss: 2.0986
2026-08-20 10:57:09,150 [INFO]   Episode 640/2000, Final Loss: 2.0684
2026-08-20 10:57:42,416 [INFO]   Episode 650/2000, Final Loss: 2.1169
2026-08-20 10:58:16,129 [INFO]   Episode 660/2000, Final Loss: 2.0893
2026-08-20 10:58:47,087 [INFO]   Episode 670/2000, Final Loss: 2.1039
2026-08-20 10:59:18,380 [INFO]   Episode 680/2000, Final Loss: 2.1082
2026-08-20 10:59:49,320 [INFO]   Episode 690/2000, Final Loss: 2.1170
2026-08-20 11:00:20,895 [INFO]   Episode 700/2000, Final Loss: 2.0213
2026-08-20 11:00:52,374 [INFO]   Episode 710/2000, Final Loss: 2.0787
2026-08-20 11:01:23,478 [INFO]   Episode 720/2000, Final Loss: 2.0430
2026-08-20 11:01:54,441 [INFO]   Episode 730/2000, Final Loss: 2.1043
2026-08-20 11:02:26,056 [INFO]   Episode 740/2000, Final Loss: 2.0705
2026-08-20 11:02:57,200 [INFO]   Episode 750/2000, Final Loss: 2.0204
2026-08-20 11:03:31,613 [INFO]   Episode 760/2000, Final Loss: 2.1206
2026-08-20 11:04:05,875 [INFO]   Episode 770/2000, Final Loss: 2.0663
2026-08-20 11:04:38,539 [INFO]   Episode 780/2000, Final Loss: 2.0309
2026-08-20 11:05:09,278 [INFO]   Episode 790/2000, Final Loss: 2.0707
2026-08-20 11:05:40,804 [INFO]   Episode 800/2000, Final Loss: 2.0734
2026-08-20 11:06:12,034 [INFO]   Episode 810/2000, Final Loss: 2.0278
2026-08-20 11:06:44,962 [INFO]   Episode 820/2000, Final Loss: 2.1342
2026-08-20 11:07:18,064 [INFO]   Episode 830/2000, Final Loss: 2.0785
2026-08-20 11:07:50,954 [INFO]   Episode 840/2000, Final Loss: 2.0615
2026-08-20 11:08:23,085 [INFO]   Episode 850/2000, Final Loss: 2.1018
2026-08-20 11:08:54,657 [INFO]   Episode 860/2000, Final Loss: 2.1280
2026-08-20 11:09:25,242 [INFO]   Episode 870/2000, Final Loss: 2.0234
2026-08-20 11:09:55,713 [INFO]   Episode 880/2000, Final Loss: 2.0225
2026-08-20 11:10:26,866 [INFO]   Episode 890/2000, Final Loss: 2.0276
2026-08-20 11:10:58,104 [INFO]   Episode 900/2000, Final Loss: 2.1636
2026-08-20 11:11:28,373 [INFO]   Episode 910/2000, Final Loss: 2.0331
2026-08-20 11:11:58,618 [INFO]   Episode 920/2000, Final Loss: 2.1051
2026-08-20 11:12:29,060 [INFO]   Episode 930/2000, Final Loss: 2.0670
2026-08-20 11:13:00,565 [INFO]   Episode 940/2000, Final Loss: 2.0795
2026-08-20 11:13:32,951 [INFO]   Episode 950/2000, Final Loss: 2.0366
2026-08-20 11:14:04,298 [INFO]   Episode 960/2000, Final Loss: 2.1469
2026-08-20 11:14:35,080 [INFO]   Episode 970/2000, Final Loss: 2.0895
2026-08-20 11:15:05,826 [INFO]   Episode 980/2000, Final Loss: 2.1105
2026-08-20 11:15:36,150 [INFO]   Episode 990/2000, Final Loss: 2.1216
2026-08-20 11:16:06,539 [INFO]   Episode 1000/2000, Final Loss: 2.0385
2026-08-20 11:16:38,048 [INFO]   Episode 1010/2000, Final Loss: 2.1143
2026-08-20 11:17:10,689 [INFO]   Episode 1020/2000, Final Loss: 2.0420
2026-08-20 11:17:41,138 [INFO]   Episode 1030/2000, Final Loss: 2.0432
2026-08-20 11:18:11,741 [INFO]   Episode 1040/2000, Final Loss: 2.0349
2026-08-20 11:18:42,713 [INFO]   Episode 1050/2000, Final Loss: 2.0695
2026-08-20 11:19:14,116 [INFO]   Episode 1060/2000, Final Loss: 2.0524
2026-08-20 11:19:52,130 [INFO]   Episode 1070/2000, Final Loss: 2.0340
2026-08-20 11:20:22,841 [INFO]   Episode 1080/2000, Final Loss: 2.0605
2026-08-20 11:20:53,740 [INFO]   Episode 1090/2000, Final Loss: 2.0519
2026-08-20 11:21:25,469 [INFO]   Episode 1100/2000, Final Loss: 2.0347
2026-08-20 11:21:55,643 [INFO]   Episode 1110/2000, Final Loss: 2.0652
2026-08-20 11:22:25,931 [INFO]   Episode 1120/2000, Final Loss: 2.0655
2026-08-20 11:22:38,167 [INFO] [Query Budget] Reached 3206250/3204460 environment samples at episode 1125; stopping. Breakdown: {'executed': {'calls': 28125, 'samples': 1406250}, 'observational': {'calls': 9000, 'samples': 1800000}, 'total': {'calls': 37125, 'samples': 3206250}}
2026-08-20 11:22:38,260 [INFO]   Done. final_loss=2.0582  elapsed=3636s
2026-08-20 11:22:38,515 [INFO]   [Query Budget] random breakdown: {'executed': {'calls': 28125, 'samples': 1406250}, 'observational': {'calls': 9000, 'samples': 1800000}, 'total': {'calls': 37125, 'samples': 3206250}}
2026-08-20 11:22:38,515 [INFO]   Results saved to /scratch/alpine/paco0228/ACE/results/curc_5node_budget_fairness/baselines/random/seed_456
