2026-08-20 10:22:02,677 [INFO] 5-node baseline: method=round_robin seed=123 episodes=2000 query_budget=3204460
2026-08-20 10:22:23,107 [INFO]   Episode 0/2000, Final Loss: 2.1463
2026-08-20 10:22:58,375 [INFO]   Episode 10/2000, Final Loss: 2.1565
2026-08-20 10:23:34,975 [INFO]   Episode 20/2000, Final Loss: 2.1241
2026-08-20 10:24:12,623 [INFO]   Episode 30/2000, Final Loss: 2.1039
2026-08-20 10:24:47,819 [INFO]   Episode 40/2000, Final Loss: 2.1454
2026-08-20 10:25:23,099 [INFO]   Episode 50/2000, Final Loss: 2.0924
2026-08-20 10:25:58,297 [INFO]   Episode 60/2000, Final Loss: 2.0975
2026-08-20 10:26:33,704 [INFO]   Episode 70/2000, Final Loss: 2.1286
2026-08-20 10:27:08,910 [INFO]   Episode 80/2000, Final Loss: 2.1395
2026-08-20 10:27:45,384 [INFO]   Episode 90/2000, Final Loss: 2.2444
2026-08-20 10:28:22,731 [INFO]   Episode 100/2000, Final Loss: 2.1997
2026-08-20 10:28:57,929 [INFO]   Episode 110/2000, Final Loss: 2.1626
2026-08-20 10:29:33,278 [INFO]   Episode 120/2000, Final Loss: 2.1507
2026-08-20 10:30:08,501 [INFO]   Episode 130/2000, Final Loss: 2.1889
2026-08-20 10:30:44,000 [INFO]   Episode 140/2000, Final Loss: 2.1506
2026-08-20 10:31:19,558 [INFO]   Episode 150/2000, Final Loss: 2.1116
2026-08-20 10:31:55,210 [INFO]   Episode 160/2000, Final Loss: 2.1236
2026-08-20 10:32:31,335 [INFO]   Episode 170/2000, Final Loss: 2.1618
2026-08-20 10:33:07,140 [INFO]   Episode 180/2000, Final Loss: 2.0686
2026-08-20 10:33:43,686 [INFO]   Episode 190/2000, Final Loss: 2.0881
2026-08-20 10:34:21,635 [INFO]   Episode 200/2000, Final Loss: 2.1213
2026-08-20 10:34:58,110 [INFO]   Episode 210/2000, Final Loss: 2.2119
2026-08-20 10:35:34,264 [INFO]   Episode 220/2000, Final Loss: 2.0984
2026-08-20 10:36:10,325 [INFO]   Episode 230/2000, Final Loss: 2.1214
2026-08-20 10:36:47,908 [INFO]   Episode 240/2000, Final Loss: 2.0956
2026-08-20 10:37:25,032 [INFO]   Episode 250/2000, Final Loss: 2.0986
2026-08-20 10:38:00,728 [INFO]   Episode 260/2000, Final Loss: 2.1344
2026-08-20 10:38:36,514 [INFO]   Episode 270/2000, Final Loss: 2.0965
2026-08-20 10:39:12,008 [INFO]   Episode 280/2000, Final Loss: 2.1258
2026-08-20 10:39:47,451 [INFO]   Episode 290/2000, Final Loss: 2.1371
2026-08-20 10:40:22,879 [INFO]   Episode 300/2000, Final Loss: 2.0857
2026-08-20 10:40:58,267 [INFO]   Episode 310/2000, Final Loss: 2.1227
2026-08-20 10:41:33,799 [INFO]   Episode 320/2000, Final Loss: 2.0884
2026-08-20 10:42:09,125 [INFO]   Episode 330/2000, Final Loss: 2.0834
2026-08-20 10:42:46,764 [INFO]   Episode 340/2000, Final Loss: 2.0849
2026-08-20 10:43:22,978 [INFO]   Episode 350/2000, Final Loss: 2.0941
2026-08-20 10:43:58,282 [INFO]   Episode 360/2000, Final Loss: 2.0911
2026-08-20 10:44:33,831 [INFO]   Episode 370/2000, Final Loss: 2.1334
2026-08-20 10:45:09,220 [INFO]   Episode 380/2000, Final Loss: 2.1166
2026-08-20 10:45:44,514 [INFO]   Episode 390/2000, Final Loss: 2.0991
2026-08-20 10:46:19,805 [INFO]   Episode 400/2000, Final Loss: 2.1484
2026-08-20 10:46:55,177 [INFO]   Episode 410/2000, Final Loss: 2.1532
2026-08-20 10:47:30,607 [INFO]   Episode 420/2000, Final Loss: 2.1710
2026-08-20 10:48:06,011 [INFO]   Episode 430/2000, Final Loss: 2.0870
2026-08-20 10:48:42,578 [INFO]   Episode 440/2000, Final Loss: 2.1686
2026-08-20 10:49:19,866 [INFO]   Episode 450/2000, Final Loss: 2.0834
2026-08-20 10:49:55,242 [INFO]   Episode 460/2000, Final Loss: 2.2038
2026-08-20 10:50:30,715 [INFO]   Episode 470/2000, Final Loss: 2.1219
2026-08-20 10:51:06,137 [INFO]   Episode 480/2000, Final Loss: 2.1393
2026-08-20 10:51:41,474 [INFO]   Episode 490/2000, Final Loss: 2.1573
2026-08-20 10:52:16,790 [INFO]   Episode 500/2000, Final Loss: 2.1773
2026-08-20 10:52:52,175 [INFO]   Episode 510/2000, Final Loss: 2.0875
2026-08-20 10:53:27,541 [INFO]   Episode 520/2000, Final Loss: 2.1419
2026-08-20 10:54:03,788 [INFO]   Episode 530/2000, Final Loss: 2.1146
2026-08-20 10:54:41,411 [INFO]   Episode 540/2000, Final Loss: 2.1073
2026-08-20 10:55:19,067 [INFO]   Episode 550/2000, Final Loss: 2.2507
2026-08-20 10:55:56,544 [INFO]   Episode 560/2000, Final Loss: 2.1837
2026-08-20 10:56:32,871 [INFO]   Episode 570/2000, Final Loss: 2.1238
2026-08-20 10:57:07,887 [INFO]   Episode 580/2000, Final Loss: 2.1802
2026-08-20 10:57:42,852 [INFO]   Episode 590/2000, Final Loss: 2.1665
2026-08-20 10:58:17,919 [INFO]   Episode 600/2000, Final Loss: 2.1194
2026-08-20 10:58:52,951 [INFO]   Episode 610/2000, Final Loss: 2.1109
2026-08-20 10:59:27,935 [INFO]   Episode 620/2000, Final Loss: 2.1974
2026-08-20 11:00:03,138 [INFO]   Episode 630/2000, Final Loss: 2.1218
2026-08-20 11:00:38,111 [INFO]   Episode 640/2000, Final Loss: 2.0961
2026-08-20 11:01:13,074 [INFO]   Episode 650/2000, Final Loss: 2.1304
2026-08-20 11:01:49,895 [INFO]   Episode 660/2000, Final Loss: 2.2196
2026-08-20 11:02:27,217 [INFO]   Episode 670/2000, Final Loss: 2.3131
2026-08-20 11:03:04,848 [INFO]   Episode 680/2000, Final Loss: 2.0864
2026-08-20 11:03:42,288 [INFO]   Episode 690/2000, Final Loss: 2.1362
2026-08-20 11:04:17,256 [INFO]   Episode 700/2000, Final Loss: 2.1137
2026-08-20 11:04:52,235 [INFO]   Episode 710/2000, Final Loss: 2.1507
2026-08-20 11:05:27,277 [INFO]   Episode 720/2000, Final Loss: 2.1406
2026-08-20 11:06:02,491 [INFO]   Episode 730/2000, Final Loss: 2.1773
2026-08-20 11:06:38,297 [INFO]   Episode 740/2000, Final Loss: 2.0926
2026-08-20 11:07:15,582 [INFO]   Episode 750/2000, Final Loss: 2.1455
2026-08-20 11:07:50,096 [INFO]   Episode 760/2000, Final Loss: 2.1504
2026-08-20 11:08:23,142 [INFO]   Episode 770/2000, Final Loss: 2.1430
2026-08-20 11:08:56,184 [INFO]   Episode 780/2000, Final Loss: 2.1688
2026-08-20 11:09:30,955 [INFO]   Episode 790/2000, Final Loss: 2.2115
2026-08-20 11:10:05,976 [INFO]   Episode 800/2000, Final Loss: 2.1821
2026-08-20 11:10:40,947 [INFO]   Episode 810/2000, Final Loss: 2.0903
2026-08-20 11:11:15,930 [INFO]   Episode 820/2000, Final Loss: 2.1666
2026-08-20 11:11:50,835 [INFO]   Episode 830/2000, Final Loss: 2.0903
2026-08-20 11:12:25,681 [INFO]   Episode 840/2000, Final Loss: 2.1485
2026-08-20 11:13:00,730 [INFO]   Episode 850/2000, Final Loss: 2.1576
2026-08-20 11:13:37,768 [INFO]   Episode 860/2000, Final Loss: 2.1031
2026-08-20 11:14:14,963 [INFO]   Episode 870/2000, Final Loss: 2.0891
2026-08-20 11:14:52,239 [INFO]   Episode 880/2000, Final Loss: 2.1509
2026-08-20 11:15:28,112 [INFO]   Episode 890/2000, Final Loss: 2.1262
2026-08-20 11:16:03,174 [INFO]   Episode 900/2000, Final Loss: 2.1194
2026-08-20 11:16:38,151 [INFO]   Episode 910/2000, Final Loss: 2.1239
2026-08-20 11:17:13,119 [INFO]   Episode 920/2000, Final Loss: 2.1719
2026-08-20 11:17:48,086 [INFO]   Episode 930/2000, Final Loss: 2.1177
2026-08-20 11:18:23,005 [INFO]   Episode 940/2000, Final Loss: 2.1808
2026-08-20 11:18:57,961 [INFO]   Episode 950/2000, Final Loss: 2.1242
2026-08-20 11:19:33,133 [INFO]   Episode 960/2000, Final Loss: 2.2058
2026-08-20 11:20:08,095 [INFO]   Episode 970/2000, Final Loss: 2.1677
2026-08-20 11:20:43,073 [INFO]   Episode 980/2000, Final Loss: 2.1187
2026-08-20 11:21:18,008 [INFO]   Episode 990/2000, Final Loss: 2.2539
2026-08-20 11:21:53,006 [INFO]   Episode 1000/2000, Final Loss: 2.0937
2026-08-20 11:22:28,008 [INFO]   Episode 1010/2000, Final Loss: 2.1353
2026-08-20 11:23:03,179 [INFO]   Episode 1020/2000, Final Loss: 2.2436
2026-08-20 11:23:40,148 [INFO]   Episode 1030/2000, Final Loss: 2.0881
2026-08-20 11:24:17,316 [INFO]   Episode 1040/2000, Final Loss: 2.1256
2026-08-20 11:24:54,669 [INFO]   Episode 1050/2000, Final Loss: 2.1127
2026-08-20 11:25:30,971 [INFO]   Episode 1060/2000, Final Loss: 2.1148
2026-08-20 11:26:06,006 [INFO]   Episode 1070/2000, Final Loss: 2.1335
2026-08-20 11:26:42,393 [INFO]   Episode 1080/2000, Final Loss: 2.0900
2026-08-20 11:27:18,804 [INFO]   Episode 1090/2000, Final Loss: 2.0828
2026-08-20 11:27:55,508 [INFO]   Episode 1100/2000, Final Loss: 2.1959
2026-08-20 11:28:32,784 [INFO]   Episode 1110/2000, Final Loss: 2.1062
2026-08-20 11:29:10,416 [INFO]   Episode 1120/2000, Final Loss: 2.2535
2026-08-20 11:29:25,906 [INFO] [Query Budget] Reached 3206250/3204460 environment samples at episode 1125; stopping. Breakdown: {'executed': {'calls': 28125, 'samples': 1406250}, 'observational': {'calls': 9000, 'samples': 1800000}, 'total': {'calls': 37125, 'samples': 3206250}}
2026-08-20 11:29:25,980 [INFO]   Done. final_loss=2.1040  elapsed=4043s
2026-08-20 11:29:26,319 [INFO]   [Query Budget] round_robin breakdown: {'executed': {'calls': 28125, 'samples': 1406250}, 'observational': {'calls': 9000, 'samples': 1800000}, 'total': {'calls': 37125, 'samples': 3206250}}
2026-08-20 11:29:26,319 [INFO]   Results saved to /scratch/alpine/paco0228/ACE/results/curc_5node_budget_fairness/baselines/round_robin/seed_123
