2026-08-20 10:22:02,655 [INFO] 5-node baseline: method=round_robin seed=42 episodes=2000 query_budget=3204460
2026-08-20 10:22:21,872 [INFO]   Episode 0/2000, Final Loss: 1.9352
2026-08-20 10:22:44,585 [INFO]   Episode 10/2000, Final Loss: 2.0744
2026-08-20 10:23:08,402 [INFO]   Episode 20/2000, Final Loss: 1.9355
2026-08-20 10:23:31,299 [INFO]   Episode 30/2000, Final Loss: 1.9400
2026-08-20 10:23:55,496 [INFO]   Episode 40/2000, Final Loss: 1.9773
2026-08-20 10:24:23,562 [INFO]   Episode 50/2000, Final Loss: 1.9375
2026-08-20 10:24:49,195 [INFO]   Episode 60/2000, Final Loss: 1.9988
2026-08-20 10:25:12,684 [INFO]   Episode 70/2000, Final Loss: 1.9304
2026-08-20 10:25:35,169 [INFO]   Episode 80/2000, Final Loss: 2.0482
2026-08-20 10:26:00,913 [INFO]   Episode 90/2000, Final Loss: 2.0314
2026-08-20 10:26:26,178 [INFO]   Episode 100/2000, Final Loss: 1.9227
2026-08-20 10:26:48,990 [INFO]   Episode 110/2000, Final Loss: 1.9778
2026-08-20 10:27:14,055 [INFO]   Episode 120/2000, Final Loss: 1.9938
2026-08-20 10:27:40,700 [INFO]   Episode 130/2000, Final Loss: 1.9627
2026-08-20 10:28:03,378 [INFO]   Episode 140/2000, Final Loss: 2.0440
2026-08-20 10:28:25,949 [INFO]   Episode 150/2000, Final Loss: 1.9525
2026-08-20 10:28:48,518 [INFO]   Episode 160/2000, Final Loss: 2.1063
2026-08-20 10:29:11,140 [INFO]   Episode 170/2000, Final Loss: 1.9774
2026-08-20 10:29:33,751 [INFO]   Episode 180/2000, Final Loss: 1.9542
2026-08-20 10:29:56,369 [INFO]   Episode 190/2000, Final Loss: 2.0841
2026-08-20 10:30:19,066 [INFO]   Episode 200/2000, Final Loss: 1.9835
2026-08-20 10:30:41,744 [INFO]   Episode 210/2000, Final Loss: 2.0183
2026-08-20 10:31:04,302 [INFO]   Episode 220/2000, Final Loss: 2.0466
2026-08-20 10:31:26,897 [INFO]   Episode 230/2000, Final Loss: 1.9445
2026-08-20 10:31:49,506 [INFO]   Episode 240/2000, Final Loss: 2.0701
2026-08-20 10:32:12,160 [INFO]   Episode 250/2000, Final Loss: 2.0437
2026-08-20 10:32:35,003 [INFO]   Episode 260/2000, Final Loss: 2.0111
2026-08-20 10:33:01,510 [INFO]   Episode 270/2000, Final Loss: 2.0233
2026-08-20 10:33:24,223 [INFO]   Episode 280/2000, Final Loss: 1.9596
2026-08-20 10:33:46,789 [INFO]   Episode 290/2000, Final Loss: 1.9446
2026-08-20 10:34:09,319 [INFO]   Episode 300/2000, Final Loss: 1.9911
2026-08-20 10:34:31,851 [INFO]   Episode 310/2000, Final Loss: 1.9609
2026-08-20 10:34:54,416 [INFO]   Episode 320/2000, Final Loss: 2.0798
2026-08-20 10:35:17,002 [INFO]   Episode 330/2000, Final Loss: 2.0431
2026-08-20 10:35:39,633 [INFO]   Episode 340/2000, Final Loss: 1.9332
2026-08-20 10:36:02,228 [INFO]   Episode 350/2000, Final Loss: 2.0293
2026-08-20 10:36:24,775 [INFO]   Episode 360/2000, Final Loss: 1.9269
2026-08-20 10:36:47,360 [INFO]   Episode 370/2000, Final Loss: 1.9742
2026-08-20 10:37:10,007 [INFO]   Episode 380/2000, Final Loss: 2.0006
2026-08-20 10:37:32,600 [INFO]   Episode 390/2000, Final Loss: 2.1260
2026-08-20 10:37:55,197 [INFO]   Episode 400/2000, Final Loss: 1.9430
2026-08-20 10:38:17,795 [INFO]   Episode 410/2000, Final Loss: 1.9486
2026-08-20 10:38:40,441 [INFO]   Episode 420/2000, Final Loss: 1.9548
2026-08-20 10:39:03,116 [INFO]   Episode 430/2000, Final Loss: 2.0064
2026-08-20 10:39:25,757 [INFO]   Episode 440/2000, Final Loss: 1.9349
2026-08-20 10:39:48,424 [INFO]   Episode 450/2000, Final Loss: 1.9521
2026-08-20 10:40:11,073 [INFO]   Episode 460/2000, Final Loss: 1.9927
2026-08-20 10:40:33,821 [INFO]   Episode 470/2000, Final Loss: 1.9766
2026-08-20 10:40:56,497 [INFO]   Episode 480/2000, Final Loss: 2.1365
2026-08-20 10:41:19,008 [INFO]   Episode 490/2000, Final Loss: 2.0506
2026-08-20 10:41:41,544 [INFO]   Episode 500/2000, Final Loss: 1.9435
2026-08-20 10:42:04,091 [INFO]   Episode 510/2000, Final Loss: 1.9549
2026-08-20 10:42:26,576 [INFO]   Episode 520/2000, Final Loss: 2.0551
2026-08-20 10:42:49,078 [INFO]   Episode 530/2000, Final Loss: 2.0668
2026-08-20 10:43:11,563 [INFO]   Episode 540/2000, Final Loss: 2.0549
2026-08-20 10:43:33,879 [INFO]   Episode 550/2000, Final Loss: 1.9558
2026-08-20 10:43:56,207 [INFO]   Episode 560/2000, Final Loss: 1.9311
2026-08-20 10:44:18,556 [INFO]   Episode 570/2000, Final Loss: 1.9480
2026-08-20 10:44:40,950 [INFO]   Episode 580/2000, Final Loss: 2.1058
2026-08-20 10:45:03,676 [INFO]   Episode 590/2000, Final Loss: 1.9395
2026-08-20 10:45:27,655 [INFO]   Episode 600/2000, Final Loss: 2.0478
2026-08-20 10:45:50,064 [INFO]   Episode 610/2000, Final Loss: 1.9747
2026-08-20 10:46:12,401 [INFO]   Episode 620/2000, Final Loss: 2.0913
2026-08-20 10:46:38,814 [INFO]   Episode 630/2000, Final Loss: 1.9956
2026-08-20 10:47:05,826 [INFO]   Episode 640/2000, Final Loss: 1.9410
2026-08-20 10:47:34,281 [INFO]   Episode 650/2000, Final Loss: 2.0000
2026-08-20 10:48:01,653 [INFO]   Episode 660/2000, Final Loss: 1.9755
2026-08-20 10:48:24,483 [INFO]   Episode 670/2000, Final Loss: 2.0469
2026-08-20 10:48:47,694 [INFO]   Episode 680/2000, Final Loss: 1.9610
2026-08-20 10:49:17,646 [INFO]   Episode 690/2000, Final Loss: 1.9896
2026-08-20 10:49:41,134 [INFO]   Episode 700/2000, Final Loss: 2.0773
2026-08-20 10:50:03,771 [INFO]   Episode 710/2000, Final Loss: 1.9471
2026-08-20 10:50:26,289 [INFO]   Episode 720/2000, Final Loss: 1.9375
2026-08-20 10:50:50,371 [INFO]   Episode 730/2000, Final Loss: 2.0591
2026-08-20 10:51:13,077 [INFO]   Episode 740/2000, Final Loss: 1.9484
2026-08-20 10:51:35,679 [INFO]   Episode 750/2000, Final Loss: 2.0415
2026-08-20 10:51:58,251 [INFO]   Episode 760/2000, Final Loss: 1.9274
2026-08-20 10:52:20,967 [INFO]   Episode 770/2000, Final Loss: 1.9520
2026-08-20 10:52:46,842 [INFO]   Episode 780/2000, Final Loss: 1.9789
2026-08-20 10:53:09,412 [INFO]   Episode 790/2000, Final Loss: 2.0659
2026-08-20 10:53:31,971 [INFO]   Episode 800/2000, Final Loss: 1.9891
2026-08-20 10:53:54,521 [INFO]   Episode 810/2000, Final Loss: 1.9545
2026-08-20 10:54:17,202 [INFO]   Episode 820/2000, Final Loss: 1.9678
2026-08-20 10:54:39,922 [INFO]   Episode 830/2000, Final Loss: 1.9664
2026-08-20 10:55:02,645 [INFO]   Episode 840/2000, Final Loss: 1.9846
2026-08-20 10:55:27,783 [INFO]   Episode 850/2000, Final Loss: 1.9817
2026-08-20 10:55:51,456 [INFO]   Episode 860/2000, Final Loss: 1.9605
2026-08-20 10:56:16,492 [INFO]   Episode 870/2000, Final Loss: 2.0791
2026-08-20 10:56:44,858 [INFO]   Episode 880/2000, Final Loss: 1.9781
2026-08-20 10:57:15,363 [INFO]   Episode 890/2000, Final Loss: 2.1077
2026-08-20 10:57:53,168 [INFO]   Episode 900/2000, Final Loss: 1.9646
2026-08-20 10:58:16,027 [INFO]   Episode 910/2000, Final Loss: 1.9470
2026-08-20 10:58:39,073 [INFO]   Episode 920/2000, Final Loss: 2.0380
2026-08-20 10:59:06,667 [INFO]   Episode 930/2000, Final Loss: 1.9568
2026-08-20 10:59:31,089 [INFO]   Episode 940/2000, Final Loss: 1.9534
2026-08-20 10:59:53,896 [INFO]   Episode 950/2000, Final Loss: 1.9536
2026-08-20 11:00:16,768 [INFO]   Episode 960/2000, Final Loss: 1.9709
2026-08-20 11:00:39,737 [INFO]   Episode 970/2000, Final Loss: 1.9860
2026-08-20 11:01:02,820 [INFO]   Episode 980/2000, Final Loss: 1.9349
2026-08-20 11:01:26,133 [INFO]   Episode 990/2000, Final Loss: 1.9438
2026-08-20 11:01:49,420 [INFO]   Episode 1000/2000, Final Loss: 2.0634
2026-08-20 11:02:12,352 [INFO]   Episode 1010/2000, Final Loss: 1.9859
2026-08-20 11:02:35,550 [INFO]   Episode 1020/2000, Final Loss: 2.0207
2026-08-20 11:03:00,070 [INFO]   Episode 1030/2000, Final Loss: 1.9646
2026-08-20 11:03:34,829 [INFO]   Episode 1040/2000, Final Loss: 1.9458
2026-08-20 11:03:59,729 [INFO]   Episode 1050/2000, Final Loss: 1.9277
2026-08-20 11:04:23,453 [INFO]   Episode 1060/2000, Final Loss: 1.9314
2026-08-20 11:04:46,398 [INFO]   Episode 1070/2000, Final Loss: 1.9831
2026-08-20 11:05:09,203 [INFO]   Episode 1080/2000, Final Loss: 1.9280
2026-08-20 11:05:32,839 [INFO]   Episode 1090/2000, Final Loss: 2.0120
2026-08-20 11:05:55,755 [INFO]   Episode 1100/2000, Final Loss: 1.9425
2026-08-20 11:06:18,631 [INFO]   Episode 1110/2000, Final Loss: 1.9532
2026-08-20 11:06:41,511 [INFO]   Episode 1120/2000, Final Loss: 1.9318
2026-08-20 11:06:50,636 [INFO] [Query Budget] Reached 3206250/3204460 environment samples at episode 1125; stopping. Breakdown: {'executed': {'calls': 28125, 'samples': 1406250}, 'observational': {'calls': 9000, 'samples': 1800000}, 'total': {'calls': 37125, 'samples': 3206250}}
2026-08-20 11:06:50,793 [INFO]   Done. final_loss=1.9568  elapsed=2688s
2026-08-20 11:06:51,080 [INFO]   [Query Budget] round_robin breakdown: {'executed': {'calls': 28125, 'samples': 1406250}, 'observational': {'calls': 9000, 'samples': 1800000}, 'total': {'calls': 37125, 'samples': 3206250}}
2026-08-20 11:06:51,080 [INFO]   Results saved to /scratch/alpine/paco0228/ACE/results/curc_5node_budget_fairness/baselines/round_robin/seed_42
