2026-08-20 10:22:03,479 [INFO] 5-node baseline: method=round_robin seed=1011 episodes=2000 query_budget=3204460
2026-08-20 10:22:22,947 [INFO]   Episode 0/2000, Final Loss: 2.1874
2026-08-20 10:22:56,411 [INFO]   Episode 10/2000, Final Loss: 2.0952
2026-08-20 10:23:29,869 [INFO]   Episode 20/2000, Final Loss: 2.0567
2026-08-20 10:24:03,309 [INFO]   Episode 30/2000, Final Loss: 2.1648
2026-08-20 10:24:36,747 [INFO]   Episode 40/2000, Final Loss: 2.1002
2026-08-20 10:25:10,197 [INFO]   Episode 50/2000, Final Loss: 2.0695
2026-08-20 10:25:43,672 [INFO]   Episode 60/2000, Final Loss: 2.0783
2026-08-20 10:26:17,123 [INFO]   Episode 70/2000, Final Loss: 2.0981
2026-08-20 10:26:50,565 [INFO]   Episode 80/2000, Final Loss: 2.1386
2026-08-20 10:27:23,994 [INFO]   Episode 90/2000, Final Loss: 2.0555
2026-08-20 10:27:57,428 [INFO]   Episode 100/2000, Final Loss: 2.0916
2026-08-20 10:28:30,827 [INFO]   Episode 110/2000, Final Loss: 2.1509
2026-08-20 10:29:04,302 [INFO]   Episode 120/2000, Final Loss: 2.0700
2026-08-20 10:29:37,762 [INFO]   Episode 130/2000, Final Loss: 2.1210
2026-08-20 10:30:11,216 [INFO]   Episode 140/2000, Final Loss: 2.1903
2026-08-20 10:30:44,653 [INFO]   Episode 150/2000, Final Loss: 2.0787
2026-08-20 10:31:18,080 [INFO]   Episode 160/2000, Final Loss: 2.1484
2026-08-20 10:31:51,533 [INFO]   Episode 170/2000, Final Loss: 2.1770
2026-08-20 10:32:25,004 [INFO]   Episode 180/2000, Final Loss: 2.1911
2026-08-20 10:32:58,470 [INFO]   Episode 190/2000, Final Loss: 2.1375
2026-08-20 10:33:31,944 [INFO]   Episode 200/2000, Final Loss: 2.1630
2026-08-20 10:34:05,409 [INFO]   Episode 210/2000, Final Loss: 2.1120
2026-08-20 10:34:38,876 [INFO]   Episode 220/2000, Final Loss: 2.1675
2026-08-20 10:35:12,342 [INFO]   Episode 230/2000, Final Loss: 2.2176
2026-08-20 10:35:45,798 [INFO]   Episode 240/2000, Final Loss: 2.1117
2026-08-20 10:36:19,271 [INFO]   Episode 250/2000, Final Loss: 2.0627
2026-08-20 10:36:52,742 [INFO]   Episode 260/2000, Final Loss: 2.1224
2026-08-20 10:37:26,222 [INFO]   Episode 270/2000, Final Loss: 2.0586
2026-08-20 10:37:59,691 [INFO]   Episode 280/2000, Final Loss: 2.0892
2026-08-20 10:38:33,159 [INFO]   Episode 290/2000, Final Loss: 2.0669
2026-08-20 10:39:06,623 [INFO]   Episode 300/2000, Final Loss: 2.1949
2026-08-20 10:39:40,095 [INFO]   Episode 310/2000, Final Loss: 2.0759
2026-08-20 10:40:13,556 [INFO]   Episode 320/2000, Final Loss: 2.1265
2026-08-20 10:40:47,039 [INFO]   Episode 330/2000, Final Loss: 2.0883
2026-08-20 10:41:20,524 [INFO]   Episode 340/2000, Final Loss: 2.1875
2026-08-20 10:41:54,005 [INFO]   Episode 350/2000, Final Loss: 2.1398
2026-08-20 10:42:27,477 [INFO]   Episode 360/2000, Final Loss: 2.0668
2026-08-20 10:43:00,948 [INFO]   Episode 370/2000, Final Loss: 2.0720
2026-08-20 10:43:34,403 [INFO]   Episode 380/2000, Final Loss: 2.0819
2026-08-20 10:44:07,872 [INFO]   Episode 390/2000, Final Loss: 2.1565
2026-08-20 10:44:41,346 [INFO]   Episode 400/2000, Final Loss: 2.1679
2026-08-20 10:45:14,814 [INFO]   Episode 410/2000, Final Loss: 2.0829
2026-08-20 10:45:48,288 [INFO]   Episode 420/2000, Final Loss: 2.0869
2026-08-20 10:46:21,765 [INFO]   Episode 430/2000, Final Loss: 2.1529
2026-08-20 10:46:55,242 [INFO]   Episode 440/2000, Final Loss: 2.1591
2026-08-20 10:47:28,732 [INFO]   Episode 450/2000, Final Loss: 2.1469
2026-08-20 10:48:02,198 [INFO]   Episode 460/2000, Final Loss: 2.0767
2026-08-20 10:48:35,673 [INFO]   Episode 470/2000, Final Loss: 2.1418
2026-08-20 10:49:09,146 [INFO]   Episode 480/2000, Final Loss: 2.1592
2026-08-20 10:49:42,627 [INFO]   Episode 490/2000, Final Loss: 2.1596
2026-08-20 10:50:16,102 [INFO]   Episode 500/2000, Final Loss: 2.1552
2026-08-20 10:50:49,581 [INFO]   Episode 510/2000, Final Loss: 2.1678
2026-08-20 10:51:23,052 [INFO]   Episode 520/2000, Final Loss: 2.0757
2026-08-20 10:51:56,527 [INFO]   Episode 530/2000, Final Loss: 2.0634
2026-08-20 10:52:30,003 [INFO]   Episode 540/2000, Final Loss: 2.1531
2026-08-20 10:53:03,468 [INFO]   Episode 550/2000, Final Loss: 2.1806
2026-08-20 10:53:36,946 [INFO]   Episode 560/2000, Final Loss: 2.0718
2026-08-20 10:54:10,424 [INFO]   Episode 570/2000, Final Loss: 2.0606
2026-08-20 10:54:43,894 [INFO]   Episode 580/2000, Final Loss: 2.1078
2026-08-20 10:55:17,370 [INFO]   Episode 590/2000, Final Loss: 2.1671
2026-08-20 10:55:50,846 [INFO]   Episode 600/2000, Final Loss: 2.0662
2026-08-20 10:56:24,313 [INFO]   Episode 610/2000, Final Loss: 2.2109
2026-08-20 10:56:57,794 [INFO]   Episode 620/2000, Final Loss: 2.1231
2026-08-20 10:57:31,273 [INFO]   Episode 630/2000, Final Loss: 2.1200
2026-08-20 10:58:04,758 [INFO]   Episode 640/2000, Final Loss: 2.2270
2026-08-20 10:58:38,237 [INFO]   Episode 650/2000, Final Loss: 2.0634
2026-08-20 10:59:11,711 [INFO]   Episode 660/2000, Final Loss: 2.1774
2026-08-20 10:59:45,188 [INFO]   Episode 670/2000, Final Loss: 2.1358
2026-08-20 11:00:18,671 [INFO]   Episode 680/2000, Final Loss: 2.1460
2026-08-20 11:00:52,148 [INFO]   Episode 690/2000, Final Loss: 2.1890
2026-08-20 11:01:25,636 [INFO]   Episode 700/2000, Final Loss: 2.1550
2026-08-20 11:01:59,111 [INFO]   Episode 710/2000, Final Loss: 2.1530
2026-08-20 11:02:32,592 [INFO]   Episode 720/2000, Final Loss: 2.0987
2026-08-20 11:03:06,074 [INFO]   Episode 730/2000, Final Loss: 2.1317
2026-08-20 11:03:39,549 [INFO]   Episode 740/2000, Final Loss: 2.0855
2026-08-20 11:04:13,022 [INFO]   Episode 750/2000, Final Loss: 2.0961
2026-08-20 11:04:46,485 [INFO]   Episode 760/2000, Final Loss: 2.1814
2026-08-20 11:05:19,964 [INFO]   Episode 770/2000, Final Loss: 2.2159
2026-08-20 11:05:53,430 [INFO]   Episode 780/2000, Final Loss: 2.1890
2026-08-20 11:06:26,908 [INFO]   Episode 790/2000, Final Loss: 2.1445
2026-08-20 11:07:00,388 [INFO]   Episode 800/2000, Final Loss: 2.1477
2026-08-20 11:07:33,886 [INFO]   Episode 810/2000, Final Loss: 2.1214
2026-08-20 11:08:07,364 [INFO]   Episode 820/2000, Final Loss: 2.0799
2026-08-20 11:08:40,854 [INFO]   Episode 830/2000, Final Loss: 2.1105
2026-08-20 11:09:14,341 [INFO]   Episode 840/2000, Final Loss: 2.1746
2026-08-20 11:09:47,822 [INFO]   Episode 850/2000, Final Loss: 2.0830
2026-08-20 11:10:21,299 [INFO]   Episode 860/2000, Final Loss: 2.2398
2026-08-20 11:10:54,775 [INFO]   Episode 870/2000, Final Loss: 2.0625
2026-08-20 11:11:28,241 [INFO]   Episode 880/2000, Final Loss: 2.1146
2026-08-20 11:12:01,726 [INFO]   Episode 890/2000, Final Loss: 2.1648
2026-08-20 11:12:35,214 [INFO]   Episode 900/2000, Final Loss: 2.0982
2026-08-20 11:13:08,698 [INFO]   Episode 910/2000, Final Loss: 2.1927
2026-08-20 11:13:42,188 [INFO]   Episode 920/2000, Final Loss: 2.0697
2026-08-20 11:14:15,658 [INFO]   Episode 930/2000, Final Loss: 2.0787
2026-08-20 11:14:49,139 [INFO]   Episode 940/2000, Final Loss: 2.0699
2026-08-20 11:15:22,629 [INFO]   Episode 950/2000, Final Loss: 2.1656
2026-08-20 11:15:56,089 [INFO]   Episode 960/2000, Final Loss: 2.0749
2026-08-20 11:16:29,586 [INFO]   Episode 970/2000, Final Loss: 2.1532
2026-08-20 11:17:03,080 [INFO]   Episode 980/2000, Final Loss: 2.1012
2026-08-20 11:17:36,560 [INFO]   Episode 990/2000, Final Loss: 2.1278
2026-08-20 11:18:10,039 [INFO]   Episode 1000/2000, Final Loss: 2.1213
2026-08-20 11:18:43,526 [INFO]   Episode 1010/2000, Final Loss: 2.0537
2026-08-20 11:19:17,015 [INFO]   Episode 1020/2000, Final Loss: 2.0885
2026-08-20 11:19:50,483 [INFO]   Episode 1030/2000, Final Loss: 2.0691
2026-08-20 11:20:23,951 [INFO]   Episode 1040/2000, Final Loss: 2.1778
2026-08-20 11:20:57,413 [INFO]   Episode 1050/2000, Final Loss: 2.0708
2026-08-20 11:21:30,871 [INFO]   Episode 1060/2000, Final Loss: 2.0962
2026-08-20 11:22:04,331 [INFO]   Episode 1070/2000, Final Loss: 2.1407
2026-08-20 11:22:37,808 [INFO]   Episode 1080/2000, Final Loss: 2.0928
2026-08-20 11:23:11,272 [INFO]   Episode 1090/2000, Final Loss: 2.1629
2026-08-20 11:23:44,747 [INFO]   Episode 1100/2000, Final Loss: 2.2607
2026-08-20 11:24:18,197 [INFO]   Episode 1110/2000, Final Loss: 2.0932
2026-08-20 11:24:51,670 [INFO]   Episode 1120/2000, Final Loss: 2.1245
2026-08-20 11:25:05,054 [INFO] [Query Budget] Reached 3206250/3204460 environment samples at episode 1125; stopping. Breakdown: {'executed': {'calls': 28125, 'samples': 1406250}, 'observational': {'calls': 9000, 'samples': 1800000}, 'total': {'calls': 37125, 'samples': 3206250}}
2026-08-20 11:25:05,114 [INFO]   Done. final_loss=2.0644  elapsed=3782s
2026-08-20 11:25:05,419 [INFO]   [Query Budget] round_robin breakdown: {'executed': {'calls': 28125, 'samples': 1406250}, 'observational': {'calls': 9000, 'samples': 1800000}, 'total': {'calls': 37125, 'samples': 3206250}}
2026-08-20 11:25:05,420 [INFO]   Results saved to /scratch/alpine/paco0228/ACE/results/curc_5node_budget_fairness/baselines/round_robin/seed_1011
