2026-08-20 10:22:03,488 [INFO] 5-node baseline: method=round_robin seed=456 episodes=2000 query_budget=3204460
2026-08-20 10:22:23,212 [INFO]   Episode 0/2000, Final Loss: 2.0487
2026-08-20 10:22:57,499 [INFO]   Episode 10/2000, Final Loss: 2.1080
2026-08-20 10:23:31,830 [INFO]   Episode 20/2000, Final Loss: 2.0148
2026-08-20 10:24:06,071 [INFO]   Episode 30/2000, Final Loss: 2.0481
2026-08-20 10:24:40,334 [INFO]   Episode 40/2000, Final Loss: 2.0825
2026-08-20 10:25:14,560 [INFO]   Episode 50/2000, Final Loss: 2.0477
2026-08-20 10:25:48,979 [INFO]   Episode 60/2000, Final Loss: 2.0464
2026-08-20 10:26:23,598 [INFO]   Episode 70/2000, Final Loss: 2.0216
2026-08-20 10:26:57,648 [INFO]   Episode 80/2000, Final Loss: 2.0765
2026-08-20 10:27:31,741 [INFO]   Episode 90/2000, Final Loss: 2.1273
2026-08-20 10:28:06,006 [INFO]   Episode 100/2000, Final Loss: 2.0293
2026-08-20 10:28:40,249 [INFO]   Episode 110/2000, Final Loss: 2.0417
2026-08-20 10:29:14,578 [INFO]   Episode 120/2000, Final Loss: 2.0394
2026-08-20 10:29:48,951 [INFO]   Episode 130/2000, Final Loss: 2.0906
2026-08-20 10:30:23,271 [INFO]   Episode 140/2000, Final Loss: 2.0791
2026-08-20 10:30:57,571 [INFO]   Episode 150/2000, Final Loss: 2.0943
2026-08-20 10:31:31,811 [INFO]   Episode 160/2000, Final Loss: 2.0434
2026-08-20 10:32:06,232 [INFO]   Episode 170/2000, Final Loss: 2.0229
2026-08-20 10:32:41,382 [INFO]   Episode 180/2000, Final Loss: 2.0523
2026-08-20 10:33:16,884 [INFO]   Episode 190/2000, Final Loss: 2.0687
2026-08-20 10:33:52,348 [INFO]   Episode 200/2000, Final Loss: 2.0877
2026-08-20 10:34:27,757 [INFO]   Episode 210/2000, Final Loss: 2.0793
2026-08-20 10:35:03,113 [INFO]   Episode 220/2000, Final Loss: 2.0696
2026-08-20 10:35:38,279 [INFO]   Episode 230/2000, Final Loss: 2.0734
2026-08-20 10:36:13,404 [INFO]   Episode 240/2000, Final Loss: 2.0843
2026-08-20 10:36:48,495 [INFO]   Episode 250/2000, Final Loss: 2.0488
2026-08-20 10:37:23,523 [INFO]   Episode 260/2000, Final Loss: 2.0758
2026-08-20 10:37:58,671 [INFO]   Episode 270/2000, Final Loss: 2.1098
2026-08-20 10:38:33,773 [INFO]   Episode 280/2000, Final Loss: 2.1008
2026-08-20 10:39:08,972 [INFO]   Episode 290/2000, Final Loss: 2.0113
2026-08-20 10:39:43,968 [INFO]   Episode 300/2000, Final Loss: 2.0131
2026-08-20 10:40:19,016 [INFO]   Episode 310/2000, Final Loss: 2.0225
2026-08-20 10:40:54,023 [INFO]   Episode 320/2000, Final Loss: 2.0301
2026-08-20 10:41:29,336 [INFO]   Episode 330/2000, Final Loss: 2.0220
2026-08-20 10:42:04,697 [INFO]   Episode 340/2000, Final Loss: 2.0441
2026-08-20 10:42:40,040 [INFO]   Episode 350/2000, Final Loss: 2.1357
2026-08-20 10:43:15,344 [INFO]   Episode 360/2000, Final Loss: 2.0235
2026-08-20 10:43:50,510 [INFO]   Episode 370/2000, Final Loss: 2.1152
2026-08-20 10:44:25,675 [INFO]   Episode 380/2000, Final Loss: 2.0452
2026-08-20 10:45:00,884 [INFO]   Episode 390/2000, Final Loss: 2.0796
2026-08-20 10:45:35,999 [INFO]   Episode 400/2000, Final Loss: 2.0224
2026-08-20 10:46:11,162 [INFO]   Episode 410/2000, Final Loss: 2.0032
2026-08-20 10:46:46,344 [INFO]   Episode 420/2000, Final Loss: 2.0377
2026-08-20 10:47:20,980 [INFO]   Episode 430/2000, Final Loss: 2.1431
2026-08-20 10:47:55,600 [INFO]   Episode 440/2000, Final Loss: 2.0655
2026-08-20 10:48:30,277 [INFO]   Episode 450/2000, Final Loss: 2.1089
2026-08-20 10:49:04,896 [INFO]   Episode 460/2000, Final Loss: 2.0026
2026-08-20 10:49:39,408 [INFO]   Episode 470/2000, Final Loss: 2.0811
2026-08-20 10:50:13,843 [INFO]   Episode 480/2000, Final Loss: 2.0559
2026-08-20 10:50:48,324 [INFO]   Episode 490/2000, Final Loss: 2.0323
2026-08-20 10:51:22,798 [INFO]   Episode 500/2000, Final Loss: 2.0528
2026-08-20 10:51:56,937 [INFO]   Episode 510/2000, Final Loss: 2.0606
2026-08-20 10:52:31,124 [INFO]   Episode 520/2000, Final Loss: 2.0512
2026-08-20 10:53:05,240 [INFO]   Episode 530/2000, Final Loss: 2.0323
2026-08-20 10:53:39,313 [INFO]   Episode 540/2000, Final Loss: 2.0546
2026-08-20 10:54:13,444 [INFO]   Episode 550/2000, Final Loss: 2.1182
2026-08-20 10:54:47,679 [INFO]   Episode 560/2000, Final Loss: 2.0466
2026-08-20 10:55:21,734 [INFO]   Episode 570/2000, Final Loss: 2.0689
2026-08-20 10:55:55,939 [INFO]   Episode 580/2000, Final Loss: 2.0310
2026-08-20 10:56:30,521 [INFO]   Episode 590/2000, Final Loss: 2.0733
2026-08-20 10:57:05,079 [INFO]   Episode 600/2000, Final Loss: 2.1013
2026-08-20 10:57:39,636 [INFO]   Episode 610/2000, Final Loss: 2.0888
2026-08-20 10:58:14,206 [INFO]   Episode 620/2000, Final Loss: 2.1151
2026-08-20 10:58:48,731 [INFO]   Episode 630/2000, Final Loss: 2.0385
2026-08-20 10:59:23,249 [INFO]   Episode 640/2000, Final Loss: 2.0276
2026-08-20 10:59:57,850 [INFO]   Episode 650/2000, Final Loss: 2.0842
2026-08-20 11:00:32,499 [INFO]   Episode 660/2000, Final Loss: 2.0515
2026-08-20 11:01:07,157 [INFO]   Episode 670/2000, Final Loss: 2.0524
2026-08-20 11:01:41,943 [INFO]   Episode 680/2000, Final Loss: 2.0261
2026-08-20 11:02:16,700 [INFO]   Episode 690/2000, Final Loss: 2.0391
2026-08-20 11:02:51,393 [INFO]   Episode 700/2000, Final Loss: 2.0252
2026-08-20 11:03:26,152 [INFO]   Episode 710/2000, Final Loss: 2.1716
2026-08-20 11:04:00,898 [INFO]   Episode 720/2000, Final Loss: 2.0507
2026-08-20 11:04:35,612 [INFO]   Episode 730/2000, Final Loss: 2.0801
2026-08-20 11:05:10,427 [INFO]   Episode 740/2000, Final Loss: 2.0260
2026-08-20 11:05:45,299 [INFO]   Episode 750/2000, Final Loss: 2.0161
2026-08-20 11:06:19,741 [INFO]   Episode 760/2000, Final Loss: 2.0549
2026-08-20 11:06:54,179 [INFO]   Episode 770/2000, Final Loss: 2.0368
2026-08-20 11:07:28,738 [INFO]   Episode 780/2000, Final Loss: 2.0678
2026-08-20 11:08:03,328 [INFO]   Episode 790/2000, Final Loss: 2.0474
2026-08-20 11:08:38,088 [INFO]   Episode 800/2000, Final Loss: 2.1453
2026-08-20 11:09:12,644 [INFO]   Episode 810/2000, Final Loss: 2.0625
2026-08-20 11:09:47,072 [INFO]   Episode 820/2000, Final Loss: 2.0428
2026-08-20 11:10:21,715 [INFO]   Episode 830/2000, Final Loss: 2.1602
2026-08-20 11:10:56,762 [INFO]   Episode 840/2000, Final Loss: 2.0146
2026-08-20 11:11:31,770 [INFO]   Episode 850/2000, Final Loss: 2.0874
2026-08-20 11:12:06,608 [INFO]   Episode 860/2000, Final Loss: 2.0212
2026-08-20 11:12:41,366 [INFO]   Episode 870/2000, Final Loss: 2.0936
2026-08-20 11:13:16,274 [INFO]   Episode 880/2000, Final Loss: 2.0118
2026-08-20 11:13:51,489 [INFO]   Episode 890/2000, Final Loss: 2.0328
2026-08-20 11:14:29,309 [INFO]   Episode 900/2000, Final Loss: 2.0970
2026-08-20 11:15:07,329 [INFO]   Episode 910/2000, Final Loss: 2.0806
2026-08-20 11:15:44,640 [INFO]   Episode 920/2000, Final Loss: 2.0792
2026-08-20 11:16:20,940 [INFO]   Episode 930/2000, Final Loss: 2.0833
2026-08-20 11:16:58,048 [INFO]   Episode 940/2000, Final Loss: 2.0625
2026-08-20 11:17:35,161 [INFO]   Episode 950/2000, Final Loss: 2.0310
2026-08-20 11:18:12,323 [INFO]   Episode 960/2000, Final Loss: 2.0721
2026-08-20 11:18:49,431 [INFO]   Episode 970/2000, Final Loss: 2.1393
2026-08-20 11:19:27,033 [INFO]   Episode 980/2000, Final Loss: 2.1296
2026-08-20 11:20:05,509 [INFO]   Episode 990/2000, Final Loss: 2.0233
2026-08-20 11:20:43,930 [INFO]   Episode 1000/2000, Final Loss: 2.1363
2026-08-20 11:21:22,339 [INFO]   Episode 1010/2000, Final Loss: 2.1296
2026-08-20 11:22:00,229 [INFO]   Episode 1020/2000, Final Loss: 2.0464
2026-08-20 11:22:37,998 [INFO]   Episode 1030/2000, Final Loss: 2.0947
2026-08-20 11:23:15,592 [INFO]   Episode 1040/2000, Final Loss: 2.0633
2026-08-20 11:23:53,044 [INFO]   Episode 1050/2000, Final Loss: 2.0427
2026-08-20 11:24:30,378 [INFO]   Episode 1060/2000, Final Loss: 2.0372
2026-08-20 11:25:07,901 [INFO]   Episode 1070/2000, Final Loss: 2.1740
2026-08-20 11:25:45,299 [INFO]   Episode 1080/2000, Final Loss: 2.1687
2026-08-20 11:26:22,944 [INFO]   Episode 1090/2000, Final Loss: 2.0434
2026-08-20 11:27:00,293 [INFO]   Episode 1100/2000, Final Loss: 2.0534
2026-08-20 11:27:37,738 [INFO]   Episode 1110/2000, Final Loss: 2.0193
2026-08-20 11:28:15,183 [INFO]   Episode 1120/2000, Final Loss: 2.1256
2026-08-20 11:28:30,147 [INFO] [Query Budget] Reached 3206250/3204460 environment samples at episode 1125; stopping. Breakdown: {'executed': {'calls': 28125, 'samples': 1406250}, 'observational': {'calls': 9000, 'samples': 1800000}, 'total': {'calls': 37125, 'samples': 3206250}}
2026-08-20 11:28:30,259 [INFO]   Done. final_loss=2.1382  elapsed=3987s
2026-08-20 11:28:30,608 [INFO]   [Query Budget] round_robin breakdown: {'executed': {'calls': 28125, 'samples': 1406250}, 'observational': {'calls': 9000, 'samples': 1800000}, 'total': {'calls': 37125, 'samples': 3206250}}
2026-08-20 11:28:30,609 [INFO]   Results saved to /scratch/alpine/paco0228/ACE/results/curc_5node_budget_fairness/baselines/round_robin/seed_456
