2026-08-07 08:01:14,862 [INFO] 100-node baseline: method=random seed=42 episodes=150
2026-08-07 08:01:14,885 [INFO]   SCM: 100 nodes, 125 edges, 35 colliders
2026-08-07 08:02:17,614 [INFO]   Episode 0/150, loss=18.1986
2026-08-07 08:09:43,571 [INFO]   Episode 10/150, loss=18.1384
2026-08-07 08:16:59,946 [INFO]   Episode 20/150, loss=18.1579
2026-08-07 08:24:15,851 [INFO]   Episode 30/150, loss=18.1958
2026-08-07 08:31:30,641 [INFO]   Episode 40/150, loss=18.1658
2026-08-07 08:38:44,736 [INFO]   Episode 50/150, loss=18.2309
2026-08-07 08:45:58,882 [INFO]   Episode 60/150, loss=18.1866
2026-08-07 08:53:14,416 [INFO]   Episode 70/150, loss=18.1512
2026-08-07 09:00:30,340 [INFO]   Episode 80/150, loss=18.1425
2026-08-07 09:07:46,920 [INFO]   Episode 90/150, loss=18.1731
2026-08-07 09:15:03,401 [INFO]   Episode 100/150, loss=18.2221
2026-08-07 09:22:20,428 [INFO]   Episode 110/150, loss=18.1539
2026-08-07 09:29:37,262 [INFO]   Episode 120/150, loss=18.1747
2026-08-07 09:36:55,416 [INFO]   Episode 130/150, loss=18.1308
2026-08-07 09:44:15,066 [INFO]   Episode 140/150, loss=18.1674
2026-08-07 09:50:51,103 [INFO]   Done. final_loss=18.1474  elapsed=6576s
2026-08-07 09:50:51,496 [INFO]   [Query Budget] random breakdown: {'executed': {'calls': 3750, 'samples': 187500}, 'observational': {'calls': 1200, 'samples': 240000}, 'total': {'calls': 4950, 'samples': 427500}}
2026-08-07 09:50:51,496 [INFO]   Results saved to /scratch/alpine/paco0228/ACE/results/curc_100node_frontier/nodes100/random/seed_42
