2026-08-07 08:01:14,862 [INFO] 100-node baseline: method=random seed=123 episodes=150
2026-08-07 08:01:14,885 [INFO]   SCM: 100 nodes, 133 edges, 39 colliders
2026-08-07 08:02:19,508 [INFO]   Episode 0/150, loss=18.8320
2026-08-07 08:10:21,640 [INFO]   Episode 10/150, loss=18.9680
2026-08-07 08:18:26,552 [INFO]   Episode 20/150, loss=18.8417
2026-08-07 08:26:32,081 [INFO]   Episode 30/150, loss=18.8826
2026-08-07 08:34:33,011 [INFO]   Episode 40/150, loss=18.9305
2026-08-07 08:42:38,779 [INFO]   Episode 50/150, loss=18.8887
2026-08-07 08:50:34,963 [INFO]   Episode 60/150, loss=18.8601
2026-08-07 08:58:30,084 [INFO]   Episode 70/150, loss=18.8357
2026-08-07 09:06:18,567 [INFO]   Episode 80/150, loss=18.9279
2026-08-07 09:14:04,135 [INFO]   Episode 90/150, loss=18.8728
2026-08-07 09:21:52,446 [INFO]   Episode 100/150, loss=18.8174
2026-08-07 09:29:38,566 [INFO]   Episode 110/150, loss=18.8975
2026-08-07 09:37:23,660 [INFO]   Episode 120/150, loss=18.8887
2026-08-07 09:45:09,242 [INFO]   Episode 130/150, loss=18.8681
2026-08-07 09:52:57,730 [INFO]   Episode 140/150, loss=18.8916
2026-08-07 09:59:43,110 [INFO]   Done. final_loss=18.8379  elapsed=7108s
2026-08-07 09:59:43,488 [INFO]   [Query Budget] random breakdown: {'executed': {'calls': 3750, 'samples': 187500}, 'observational': {'calls': 1200, 'samples': 240000}, 'total': {'calls': 4950, 'samples': 427500}}
2026-08-07 09:59:43,488 [INFO]   Results saved to /scratch/alpine/paco0228/ACE/results/curc_100node_frontier/nodes100/random/seed_123
