2026-08-07 08:01:14,862 [INFO] 100-node baseline: method=random seed=456 episodes=150
2026-08-07 08:01:14,885 [INFO]   SCM: 100 nodes, 125 edges, 36 colliders
2026-08-07 08:02:22,629 [INFO]   Episode 0/150, loss=18.8059
2026-08-07 08:10:37,774 [INFO]   Episode 10/150, loss=18.8561
2026-08-07 08:18:50,976 [INFO]   Episode 20/150, loss=18.8425
2026-08-07 08:27:01,791 [INFO]   Episode 30/150, loss=18.7800
2026-08-07 08:35:13,609 [INFO]   Episode 40/150, loss=18.8341
2026-08-07 08:43:26,865 [INFO]   Episode 50/150, loss=18.8028
2026-08-07 08:51:38,938 [INFO]   Episode 60/150, loss=18.8481
2026-08-07 08:59:52,317 [INFO]   Episode 70/150, loss=18.8158
2026-08-07 09:08:05,245 [INFO]   Episode 80/150, loss=18.8862
2026-08-07 09:16:19,675 [INFO]   Episode 90/150, loss=18.8483
2026-08-07 09:24:33,007 [INFO]   Episode 100/150, loss=18.8842
2026-08-07 09:32:46,295 [INFO]   Episode 110/150, loss=18.9055
2026-08-07 09:41:01,439 [INFO]   Episode 120/150, loss=18.8334
2026-08-07 09:49:15,370 [INFO]   Episode 130/150, loss=18.8777
2026-08-07 09:57:17,431 [INFO]   Episode 140/150, loss=18.8161
2026-08-07 10:04:32,799 [INFO]   Done. final_loss=18.8143  elapsed=7398s
2026-08-07 10:04:33,179 [INFO]   [Query Budget] random breakdown: {'executed': {'calls': 3750, 'samples': 187500}, 'observational': {'calls': 1200, 'samples': 240000}, 'total': {'calls': 4950, 'samples': 427500}}
2026-08-07 10:04:33,179 [INFO]   Results saved to /scratch/alpine/paco0228/ACE/results/curc_100node_frontier/nodes100/random/seed_456
