2026-08-07 08:01:14,862 [INFO] 100-node baseline: method=round_robin seed=42 episodes=150
2026-08-07 08:01:14,885 [INFO]   SCM: 100 nodes, 125 edges, 35 colliders
2026-08-07 08:02:19,005 [INFO]   Episode 0/150, loss=18.1656
2026-08-07 08:10:06,811 [INFO]   Episode 10/150, loss=18.1677
2026-08-07 08:17:52,810 [INFO]   Episode 20/150, loss=18.2242
2026-08-07 08:25:39,152 [INFO]   Episode 30/150, loss=18.1538
2026-08-07 08:33:08,257 [INFO]   Episode 40/150, loss=18.1274
2026-08-07 08:40:25,843 [INFO]   Episode 50/150, loss=18.1877
2026-08-07 08:47:43,897 [INFO]   Episode 60/150, loss=18.1154
2026-08-07 08:55:03,121 [INFO]   Episode 70/150, loss=18.2154
2026-08-07 09:02:22,015 [INFO]   Episode 80/150, loss=18.1576
2026-08-07 09:09:41,950 [INFO]   Episode 90/150, loss=18.1231
2026-08-07 09:17:02,999 [INFO]   Episode 100/150, loss=18.1837
2026-08-07 09:24:25,082 [INFO]   Episode 110/150, loss=18.1897
2026-08-07 09:31:47,563 [INFO]   Episode 120/150, loss=18.1597
2026-08-07 09:39:11,610 [INFO]   Episode 130/150, loss=18.1789
2026-08-07 09:46:33,700 [INFO]   Episode 140/150, loss=18.2268
2026-08-07 09:53:11,269 [INFO]   Done. final_loss=18.1932  elapsed=6716s
2026-08-07 09:53:11,864 [INFO]   [Query Budget] round_robin breakdown: {'executed': {'calls': 3750, 'samples': 187500}, 'observational': {'calls': 1200, 'samples': 240000}, 'total': {'calls': 4950, 'samples': 427500}}
2026-08-07 09:53:11,865 [INFO]   Results saved to /scratch/alpine/paco0228/ACE/results/curc_100node_frontier/nodes100/round_robin/seed_42
