2026-08-07 08:01:14,862 [INFO] 100-node baseline: method=round_robin seed=456 episodes=150
2026-08-07 08:01:14,885 [INFO]   SCM: 100 nodes, 125 edges, 36 colliders
2026-08-07 08:02:17,412 [INFO]   Episode 0/150, loss=18.9633
2026-08-07 08:09:55,670 [INFO]   Episode 10/150, loss=18.9066
2026-08-07 08:17:06,081 [INFO]   Episode 20/150, loss=18.8072
2026-08-07 08:24:11,049 [INFO]   Episode 30/150, loss=18.8901
2026-08-07 08:31:15,214 [INFO]   Episode 40/150, loss=18.8661
2026-08-07 08:38:19,237 [INFO]   Episode 50/150, loss=18.8871
2026-08-07 08:45:24,424 [INFO]   Episode 60/150, loss=18.8027
2026-08-07 08:52:31,400 [INFO]   Episode 70/150, loss=18.7771
2026-08-07 08:59:37,152 [INFO]   Episode 80/150, loss=18.8500
2026-08-07 09:06:43,064 [INFO]   Episode 90/150, loss=18.8497
2026-08-07 09:13:49,347 [INFO]   Episode 100/150, loss=18.8853
2026-08-07 09:20:55,933 [INFO]   Episode 110/150, loss=18.8169
2026-08-07 09:28:03,756 [INFO]   Episode 120/150, loss=18.8458
2026-08-07 09:35:11,022 [INFO]   Episode 130/150, loss=18.8519
2026-08-07 09:42:17,313 [INFO]   Episode 140/150, loss=18.7643
2026-08-07 09:48:41,910 [INFO]   Done. final_loss=18.8930  elapsed=6447s
2026-08-07 09:48:42,451 [INFO]   [Query Budget] round_robin breakdown: {'executed': {'calls': 3750, 'samples': 187500}, 'observational': {'calls': 1200, 'samples': 240000}, 'total': {'calls': 4950, 'samples': 427500}}
2026-08-07 09:48:42,451 [INFO]   Results saved to /scratch/alpine/paco0228/ACE/results/curc_100node_frontier/nodes100/round_robin/seed_456
