2026-08-07 08:01:14,862 [INFO] 100-node baseline: method=round_robin seed=123 episodes=150
2026-08-07 08:01:14,885 [INFO]   SCM: 100 nodes, 133 edges, 39 colliders
2026-08-07 08:02:16,402 [INFO]   Episode 0/150, loss=18.9567
2026-08-07 08:09:34,695 [INFO]   Episode 10/150, loss=18.8891
2026-08-07 08:16:54,752 [INFO]   Episode 20/150, loss=18.8431
2026-08-07 08:24:15,028 [INFO]   Episode 30/150, loss=18.8781
2026-08-07 08:31:34,919 [INFO]   Episode 40/150, loss=18.8931
2026-08-07 08:38:55,365 [INFO]   Episode 50/150, loss=18.8020
2026-08-07 08:46:14,953 [INFO]   Episode 60/150, loss=18.9913
2026-08-07 08:53:34,837 [INFO]   Episode 70/150, loss=18.8420
2026-08-07 09:00:55,044 [INFO]   Episode 80/150, loss=18.9176
2026-08-07 09:08:15,332 [INFO]   Episode 90/150, loss=18.9119
2026-08-07 09:15:36,873 [INFO]   Episode 100/150, loss=18.8342
2026-08-07 09:22:59,747 [INFO]   Episode 110/150, loss=18.8365
2026-08-07 09:30:24,157 [INFO]   Episode 120/150, loss=18.8879
2026-08-07 09:37:47,187 [INFO]   Episode 130/150, loss=18.8430
2026-08-07 09:45:11,133 [INFO]   Episode 140/150, loss=18.8562
2026-08-07 09:51:50,936 [INFO]   Done. final_loss=18.8384  elapsed=6636s
2026-08-07 09:51:51,322 [INFO]   [Query Budget] round_robin breakdown: {'executed': {'calls': 3750, 'samples': 187500}, 'observational': {'calls': 1200, 'samples': 240000}, 'total': {'calls': 4950, 'samples': 427500}}
2026-08-07 09:51:51,323 [INFO]   Results saved to /scratch/alpine/paco0228/ACE/results/curc_100node_frontier/nodes100/round_robin/seed_123
