91000 polynomial complete 0.065
91000 extra_trees complete 0.15
91000 tabpfn_v2 complete 0.652
91000 grammar complete 0.001
91000 language complete 1.157
91001 polynomial complete 0.001
91001 extra_trees complete 0.053
91001 tabpfn_v2 complete 0.261
91001 grammar complete 0.001
91001 language complete 1.027
91002 polynomial complete 0.001
91002 extra_trees complete 0.055
91002 tabpfn_v2 complete 0.244
91002 grammar complete 0.0
91002 language complete 1.219
91003 polynomial complete 0.001
91003 extra_trees complete 0.053
91003 tabpfn_v2 complete 0.251
91003 grammar complete 0.001
91003 language complete 1.204
91004 polynomial complete 0.001
91004 extra_trees complete 0.05
91004 tabpfn_v2 complete 0.246
91004 grammar complete 0.001
91004 language complete 2.286
91005 polynomial complete 0.001
91005 extra_trees complete 0.054
91005 tabpfn_v2 complete 0.262
91005 grammar complete 0.001
91005 language complete 1.066
