2026-09-13 18:21:04,634 [INFO] 30-node baseline: method=random seed=123 episodes=5000
2026-09-13 18:21:04,635 [INFO]   SCM: 30 nodes, 39 edges, 12 colliders
2026-09-13 18:21:57,729 [INFO]   Episode 0/5000, loss=5.6457
2026-09-13 18:25:24,092 [INFO]   Episode 10/5000, loss=5.6387
2026-09-13 18:28:50,369 [INFO]   Episode 20/5000, loss=5.6431
2026-09-13 18:32:16,517 [INFO]   Episode 30/5000, loss=5.6424
2026-09-13 18:35:42,792 [INFO]   Episode 40/5000, loss=5.6420
2026-09-13 18:39:08,923 [INFO]   Episode 50/5000, loss=5.6473
2026-09-13 18:42:34,907 [INFO]   Episode 60/5000, loss=5.6502
2026-09-13 18:46:01,092 [INFO]   Episode 70/5000, loss=5.6377
2026-09-13 18:49:27,416 [INFO]   Episode 80/5000, loss=5.6433
2026-09-13 18:52:55,515 [INFO]   Episode 90/5000, loss=5.6405
2026-09-13 18:56:27,791 [INFO]   Episode 100/5000, loss=5.6387
2026-09-13 19:00:02,149 [INFO]   Episode 110/5000, loss=5.6436
2026-09-13 19:03:35,471 [INFO]   Episode 120/5000, loss=5.6440
2026-09-13 19:07:08,814 [INFO]   Episode 130/5000, loss=5.6451
2026-09-13 19:10:42,690 [INFO]   Episode 140/5000, loss=5.6524
2026-09-13 19:14:15,663 [INFO]   Episode 150/5000, loss=5.6403
2026-09-13 19:17:49,029 [INFO]   Episode 160/5000, loss=5.6495
2026-09-13 19:21:03,338 [INFO] [Query Budget] Reached 484500/483460 environment samples at episode 170; stopping.
2026-09-13 19:21:03,388 [INFO]   Done. final_loss=5.6417  elapsed=3599s
2026-09-13 19:21:03,870 [INFO]   [Query Budget] random breakdown: {'executed': {'calls': 4250, 'samples': 212500}, 'observational': {'calls': 1360, 'samples': 272000}, 'total': {'calls': 5610, 'samples': 484500}}
2026-09-13 19:21:03,870 [INFO]   Results saved to /scratch/alpine/paco0228/ACE/results/audit_reruns/bf30_baselines/random/seed_123
