2026-09-13 18:21:04,957 [INFO] 30-node baseline: method=random seed=1011 episodes=5000
2026-09-13 18:21:04,958 [INFO]   SCM: 30 nodes, 36 edges, 10 colliders
2026-09-13 18:21:54,963 [INFO]   Episode 0/5000, loss=5.5691
2026-09-13 18:24:56,271 [INFO]   Episode 10/5000, loss=5.5851
2026-09-13 18:27:56,503 [INFO]   Episode 20/5000, loss=5.5687
2026-09-13 18:30:57,146 [INFO]   Episode 30/5000, loss=5.5783
2026-09-13 18:33:56,841 [INFO]   Episode 40/5000, loss=5.5797
2026-09-13 18:36:57,748 [INFO]   Episode 50/5000, loss=5.5876
2026-09-13 18:39:57,125 [INFO]   Episode 60/5000, loss=5.5684
2026-09-13 18:42:54,040 [INFO]   Episode 70/5000, loss=5.5804
2026-09-13 18:45:49,670 [INFO]   Episode 80/5000, loss=5.5775
2026-09-13 18:48:47,423 [INFO]   Episode 90/5000, loss=5.5745
2026-09-13 18:51:47,721 [INFO]   Episode 100/5000, loss=5.5765
2026-09-13 18:54:47,146 [INFO]   Episode 110/5000, loss=5.5817
2026-09-13 18:57:46,635 [INFO]   Episode 120/5000, loss=5.5805
2026-09-13 19:00:45,529 [INFO]   Episode 130/5000, loss=5.5655
2026-09-13 19:03:44,402 [INFO]   Episode 140/5000, loss=5.5720
2026-09-13 19:06:44,209 [INFO]   Episode 150/5000, loss=5.5640
2026-09-13 19:09:43,408 [INFO]   Episode 160/5000, loss=5.5874
2026-09-13 19:12:25,024 [INFO] [Query Budget] Reached 484500/483460 environment samples at episode 170; stopping.
2026-09-13 19:12:25,117 [INFO]   Done. final_loss=5.5725  elapsed=3080s
2026-09-13 19:12:32,159 [INFO]   [Query Budget] random breakdown: {'executed': {'calls': 4250, 'samples': 212500}, 'observational': {'calls': 1360, 'samples': 272000}, 'total': {'calls': 5610, 'samples': 484500}}
2026-09-13 19:12:32,159 [INFO]   Results saved to /scratch/alpine/paco0228/ACE/results/audit_reruns/bf30_baselines/random/seed_1011
