2026-09-13 18:21:04,958 [INFO] 30-node baseline: method=random seed=42 episodes=5000
2026-09-13 18:21:04,960 [INFO]   SCM: 30 nodes, 39 edges, 11 colliders
2026-09-13 18:21:58,904 [INFO]   Episode 0/5000, loss=5.5101
2026-09-13 18:25:36,252 [INFO]   Episode 10/5000, loss=5.5227
2026-09-13 18:29:20,544 [INFO]   Episode 20/5000, loss=5.5149
2026-09-13 18:32:56,761 [INFO]   Episode 30/5000, loss=5.5213
2026-09-13 18:36:41,678 [INFO]   Episode 40/5000, loss=5.5143
2026-09-13 18:40:18,544 [INFO]   Episode 50/5000, loss=5.5116
2026-09-13 18:43:57,214 [INFO]   Episode 60/5000, loss=5.5128
2026-09-13 18:47:29,328 [INFO]   Episode 70/5000, loss=5.5117
2026-09-13 18:51:04,682 [INFO]   Episode 80/5000, loss=5.5163
2026-09-13 18:54:41,309 [INFO]   Episode 90/5000, loss=5.5229
2026-09-13 18:58:27,687 [INFO]   Episode 100/5000, loss=5.5220
2026-09-13 19:02:50,851 [INFO]   Episode 110/5000, loss=5.5191
2026-09-13 19:07:11,002 [INFO]   Episode 120/5000, loss=5.5193
2026-09-13 19:11:03,982 [INFO]   Episode 130/5000, loss=5.5266
2026-09-13 19:15:44,362 [INFO]   Episode 140/5000, loss=5.5098
2026-09-13 19:19:45,610 [INFO]   Episode 150/5000, loss=5.5133
2026-09-13 19:23:56,323 [INFO]   Episode 160/5000, loss=5.5188
2026-09-13 19:27:34,420 [INFO] [Query Budget] Reached 484500/483460 environment samples at episode 170; stopping.
2026-09-13 19:27:34,510 [INFO]   Done. final_loss=5.5133  elapsed=3990s
2026-09-13 19:27:43,044 [INFO]   [Query Budget] random breakdown: {'executed': {'calls': 4250, 'samples': 212500}, 'observational': {'calls': 1360, 'samples': 272000}, 'total': {'calls': 5610, 'samples': 484500}}
2026-09-13 19:27:43,044 [INFO]   Results saved to /scratch/alpine/paco0228/ACE/results/audit_reruns/bf30_baselines/random/seed_42
