2026-09-13 18:21:04,782 [INFO] 30-node baseline: method=random seed=456 episodes=5000
2026-09-13 18:21:04,784 [INFO]   SCM: 30 nodes, 37 edges, 10 colliders
2026-09-13 18:21:55,647 [INFO]   Episode 0/5000, loss=5.5472
2026-09-13 18:24:57,675 [INFO]   Episode 10/5000, loss=5.5495
2026-09-13 18:27:58,713 [INFO]   Episode 20/5000, loss=5.5504
2026-09-13 18:30:55,681 [INFO]   Episode 30/5000, loss=5.5457
2026-09-13 18:33:52,534 [INFO]   Episode 40/5000, loss=5.5528
2026-09-13 18:36:49,468 [INFO]   Episode 50/5000, loss=5.5524
2026-09-13 18:39:46,508 [INFO]   Episode 60/5000, loss=5.5493
2026-09-13 18:42:42,807 [INFO]   Episode 70/5000, loss=5.5672
2026-09-13 18:45:37,312 [INFO]   Episode 80/5000, loss=5.5476
2026-09-13 18:48:35,659 [INFO]   Episode 90/5000, loss=5.5498
2026-09-13 18:51:56,447 [INFO]   Episode 100/5000, loss=5.5436
2026-09-13 18:55:02,609 [INFO]   Episode 110/5000, loss=5.5433
2026-09-13 18:58:08,188 [INFO]   Episode 120/5000, loss=5.5453
2026-09-13 19:01:11,378 [INFO]   Episode 130/5000, loss=5.5515
2026-09-13 19:04:14,382 [INFO]   Episode 140/5000, loss=5.5532
2026-09-13 19:07:17,292 [INFO]   Episode 150/5000, loss=5.5463
2026-09-13 19:10:20,378 [INFO]   Episode 160/5000, loss=5.5671
2026-09-13 19:13:04,757 [INFO] [Query Budget] Reached 484500/483460 environment samples at episode 170; stopping.
2026-09-13 19:13:04,808 [INFO]   Done. final_loss=5.5481  elapsed=3120s
2026-09-13 19:13:05,104 [INFO]   [Query Budget] random breakdown: {'executed': {'calls': 4250, 'samples': 212500}, 'observational': {'calls': 1360, 'samples': 272000}, 'total': {'calls': 5610, 'samples': 484500}}
2026-09-13 19:13:05,104 [INFO]   Results saved to /scratch/alpine/paco0228/ACE/results/audit_reruns/bf30_baselines/random/seed_456
