2026-09-13 18:21:04,819 [INFO] 30-node baseline: method=random seed=789 episodes=5000
2026-09-13 18:21:04,820 [INFO]   SCM: 30 nodes, 38 edges, 11 colliders
2026-09-13 18:21:55,414 [INFO]   Episode 0/5000, loss=5.6082
2026-09-13 18:24:56,948 [INFO]   Episode 10/5000, loss=5.6155
2026-09-13 18:27:56,785 [INFO]   Episode 20/5000, loss=5.6122
2026-09-13 18:30:55,812 [INFO]   Episode 30/5000, loss=5.6192
2026-09-13 18:33:54,581 [INFO]   Episode 40/5000, loss=5.6169
2026-09-13 18:36:53,136 [INFO]   Episode 50/5000, loss=5.6097
2026-09-13 18:39:51,576 [INFO]   Episode 60/5000, loss=5.6090
2026-09-13 18:42:49,509 [INFO]   Episode 70/5000, loss=5.6133
2026-09-13 18:45:46,043 [INFO]   Episode 80/5000, loss=5.6171
2026-09-13 18:48:44,259 [INFO]   Episode 90/5000, loss=5.6199
2026-09-13 18:51:46,320 [INFO]   Episode 100/5000, loss=5.6055
2026-09-13 18:54:48,528 [INFO]   Episode 110/5000, loss=5.6157
2026-09-13 18:57:52,676 [INFO]   Episode 120/5000, loss=5.6225
2026-09-13 19:00:55,660 [INFO]   Episode 130/5000, loss=5.6127
2026-09-13 19:03:58,634 [INFO]   Episode 140/5000, loss=5.6065
2026-09-13 19:07:02,438 [INFO]   Episode 150/5000, loss=5.6075
2026-09-13 19:10:05,778 [INFO]   Episode 160/5000, loss=5.6186
2026-09-13 19:12:51,246 [INFO] [Query Budget] Reached 484500/483460 environment samples at episode 170; stopping.
2026-09-13 19:12:51,299 [INFO]   Done. final_loss=5.6137  elapsed=3106s
2026-09-13 19:12:51,615 [INFO]   [Query Budget] random breakdown: {'executed': {'calls': 4250, 'samples': 212500}, 'observational': {'calls': 1360, 'samples': 272000}, 'total': {'calls': 5610, 'samples': 484500}}
2026-09-13 19:12:51,615 [INFO]   Results saved to /scratch/alpine/paco0228/ACE/results/audit_reruns/bf30_baselines/random/seed_789
