2026-09-13 18:21:05,067 [INFO] 30-node baseline: method=round_robin seed=789 episodes=5000
2026-09-13 18:21:05,068 [INFO]   SCM: 30 nodes, 38 edges, 11 colliders
2026-09-13 18:21:54,939 [INFO]   Episode 0/5000, loss=5.6033
2026-09-13 18:24:50,262 [INFO]   Episode 10/5000, loss=5.6058
2026-09-13 18:27:46,087 [INFO]   Episode 20/5000, loss=5.6124
2026-09-13 18:30:40,545 [INFO]   Episode 30/5000, loss=5.6081
2026-09-13 18:33:34,724 [INFO]   Episode 40/5000, loss=5.6096
2026-09-13 18:36:28,683 [INFO]   Episode 50/5000, loss=5.6103
2026-09-13 18:39:22,900 [INFO]   Episode 60/5000, loss=5.6077
2026-09-13 18:42:16,709 [INFO]   Episode 70/5000, loss=5.6093
2026-09-13 18:45:08,776 [INFO]   Episode 80/5000, loss=5.6122
2026-09-13 18:48:00,842 [INFO]   Episode 90/5000, loss=5.6040
2026-09-13 18:50:58,342 [INFO]   Episode 100/5000, loss=5.6169
2026-09-13 18:53:57,825 [INFO]   Episode 110/5000, loss=5.6044
2026-09-13 18:56:56,940 [INFO]   Episode 120/5000, loss=5.6080
2026-09-13 18:59:56,980 [INFO]   Episode 130/5000, loss=5.6078
2026-09-13 19:02:57,188 [INFO]   Episode 140/5000, loss=5.6054
2026-09-13 19:05:54,868 [INFO]   Episode 150/5000, loss=5.6076
2026-09-13 19:08:53,784 [INFO]   Episode 160/5000, loss=5.6154
2026-09-13 19:11:31,938 [INFO] [Query Budget] Reached 484500/483460 environment samples at episode 170; stopping.
2026-09-13 19:11:31,988 [INFO]   Done. final_loss=5.6092  elapsed=3027s
2026-09-13 19:11:32,308 [INFO]   [Query Budget] round_robin breakdown: {'executed': {'calls': 4250, 'samples': 212500}, 'observational': {'calls': 1360, 'samples': 272000}, 'total': {'calls': 5610, 'samples': 484500}}
2026-09-13 19:11:32,309 [INFO]   Results saved to /scratch/alpine/paco0228/ACE/results/audit_reruns/bf30_baselines/round_robin/seed_789
