2026-09-13 18:21:04,935 [INFO] 30-node baseline: method=round_robin seed=123 episodes=5000
2026-09-13 18:21:04,937 [INFO]   SCM: 30 nodes, 39 edges, 12 colliders
2026-09-13 18:21:55,627 [INFO]   Episode 0/5000, loss=5.6446
2026-09-13 18:24:54,005 [INFO]   Episode 10/5000, loss=5.6435
2026-09-13 18:27:51,365 [INFO]   Episode 20/5000, loss=5.6510
2026-09-13 18:30:47,851 [INFO]   Episode 30/5000, loss=5.6402
2026-09-13 18:33:43,235 [INFO]   Episode 40/5000, loss=5.6412
2026-09-13 18:36:38,433 [INFO]   Episode 50/5000, loss=5.6446
2026-09-13 18:39:34,414 [INFO]   Episode 60/5000, loss=5.6484
2026-09-13 18:42:29,332 [INFO]   Episode 70/5000, loss=5.6450
2026-09-13 18:45:22,694 [INFO]   Episode 80/5000, loss=5.6457
2026-09-13 18:48:16,078 [INFO]   Episode 90/5000, loss=5.6440
2026-09-13 18:51:16,416 [INFO]   Episode 100/5000, loss=5.6374
2026-09-13 18:54:17,016 [INFO]   Episode 110/5000, loss=5.6441
2026-09-13 18:57:17,539 [INFO]   Episode 120/5000, loss=5.6475
2026-09-13 19:00:17,389 [INFO]   Episode 130/5000, loss=5.6462
2026-09-13 19:03:19,497 [INFO]   Episode 140/5000, loss=5.6412
2026-09-13 19:06:19,824 [INFO]   Episode 150/5000, loss=5.6413
2026-09-13 19:09:20,346 [INFO]   Episode 160/5000, loss=5.6396
2026-09-13 19:12:00,474 [INFO] [Query Budget] Reached 484500/483460 environment samples at episode 170; stopping.
2026-09-13 19:12:00,523 [INFO]   Done. final_loss=5.6461  elapsed=3056s
2026-09-13 19:12:00,833 [INFO]   [Query Budget] round_robin breakdown: {'executed': {'calls': 4250, 'samples': 212500}, 'observational': {'calls': 1360, 'samples': 272000}, 'total': {'calls': 5610, 'samples': 484500}}
2026-09-13 19:12:00,833 [INFO]   Results saved to /scratch/alpine/paco0228/ACE/results/audit_reruns/bf30_baselines/round_robin/seed_123
