2026-09-13 18:21:05,069 [INFO] 30-node baseline: method=round_robin seed=1011 episodes=5000
2026-09-13 18:21:05,070 [INFO]   SCM: 30 nodes, 36 edges, 10 colliders
2026-09-13 18:21:56,255 [INFO]   Episode 0/5000, loss=5.5688
2026-09-13 18:25:06,340 [INFO]   Episode 10/5000, loss=5.5755
2026-09-13 18:28:14,468 [INFO]   Episode 20/5000, loss=5.5728
2026-09-13 18:31:24,013 [INFO]   Episode 30/5000, loss=5.5751
2026-09-13 18:34:33,499 [INFO]   Episode 40/5000, loss=5.5765
2026-09-13 18:37:42,092 [INFO]   Episode 50/5000, loss=5.5633
2026-09-13 18:40:49,047 [INFO]   Episode 60/5000, loss=5.5761
2026-09-13 18:43:46,913 [INFO]   Episode 70/5000, loss=5.5823
2026-09-13 18:46:56,278 [INFO]   Episode 80/5000, loss=5.5719
2026-09-13 18:50:05,567 [INFO]   Episode 90/5000, loss=5.5727
2026-09-13 18:53:14,986 [INFO]   Episode 100/5000, loss=5.5719
2026-09-13 18:56:23,500 [INFO]   Episode 110/5000, loss=5.5679
2026-09-13 18:59:29,643 [INFO]   Episode 120/5000, loss=5.5713
2026-09-13 19:02:38,611 [INFO]   Episode 130/5000, loss=5.5767
2026-09-13 19:05:47,078 [INFO]   Episode 140/5000, loss=5.5799
2026-09-13 19:08:55,231 [INFO]   Episode 150/5000, loss=5.5706
2026-09-13 19:11:55,908 [INFO]   Episode 160/5000, loss=5.5771
2026-09-13 19:14:42,356 [INFO] [Query Budget] Reached 484500/483460 environment samples at episode 170; stopping.
2026-09-13 19:14:42,422 [INFO]   Done. final_loss=5.5847  elapsed=3217s
2026-09-13 19:14:42,759 [INFO]   [Query Budget] round_robin breakdown: {'executed': {'calls': 4250, 'samples': 212500}, 'observational': {'calls': 1360, 'samples': 272000}, 'total': {'calls': 5610, 'samples': 484500}}
2026-09-13 19:14:42,759 [INFO]   Results saved to /scratch/alpine/paco0228/ACE/results/audit_reruns/bf30_baselines/round_robin/seed_1011
