2026-09-13 18:21:04,936 [INFO] 30-node baseline: method=round_robin seed=456 episodes=5000
2026-09-13 18:21:04,937 [INFO]   SCM: 30 nodes, 37 edges, 10 colliders
2026-09-13 18:21:55,544 [INFO]   Episode 0/5000, loss=5.5502
2026-09-13 18:24:52,736 [INFO]   Episode 10/5000, loss=5.5516
2026-09-13 18:27:51,319 [INFO]   Episode 20/5000, loss=5.5532
2026-09-13 18:30:47,321 [INFO]   Episode 30/5000, loss=5.5485
2026-09-13 18:33:43,664 [INFO]   Episode 40/5000, loss=5.5604
2026-09-13 18:36:40,776 [INFO]   Episode 50/5000, loss=5.5535
2026-09-13 18:39:38,875 [INFO]   Episode 60/5000, loss=5.5580
2026-09-13 18:42:36,225 [INFO]   Episode 70/5000, loss=5.5507
2026-09-13 18:45:31,640 [INFO]   Episode 80/5000, loss=5.5433
2026-09-13 18:48:27,581 [INFO]   Episode 90/5000, loss=5.5480
2026-09-13 18:51:28,980 [INFO]   Episode 100/5000, loss=5.5562
2026-09-13 18:54:29,174 [INFO]   Episode 110/5000, loss=5.5538
2026-09-13 18:57:29,042 [INFO]   Episode 120/5000, loss=5.5567
2026-09-13 19:00:28,755 [INFO]   Episode 130/5000, loss=5.5585
2026-09-13 19:03:29,925 [INFO]   Episode 140/5000, loss=5.5663
2026-09-13 19:06:29,749 [INFO]   Episode 150/5000, loss=5.5527
2026-09-13 19:09:29,165 [INFO]   Episode 160/5000, loss=5.5542
2026-09-13 19:12:08,581 [INFO] [Query Budget] Reached 484500/483460 environment samples at episode 170; stopping.
2026-09-13 19:12:08,634 [INFO]   Done. final_loss=5.5521  elapsed=3064s
2026-09-13 19:12:08,962 [INFO]   [Query Budget] round_robin breakdown: {'executed': {'calls': 4250, 'samples': 212500}, 'observational': {'calls': 1360, 'samples': 272000}, 'total': {'calls': 5610, 'samples': 484500}}
2026-09-13 19:12:08,963 [INFO]   Results saved to /scratch/alpine/paco0228/ACE/results/audit_reruns/bf30_baselines/round_robin/seed_456
