2026-09-13 18:21:04,941 [INFO] 30-node baseline: method=round_robin seed=42 episodes=5000
2026-09-13 18:21:04,942 [INFO]   SCM: 30 nodes, 39 edges, 11 colliders
2026-09-13 18:21:56,707 [INFO]   Episode 0/5000, loss=5.5142
2026-09-13 18:25:43,340 [INFO]   Episode 10/5000, loss=5.5087
2026-09-13 18:29:32,325 [INFO]   Episode 20/5000, loss=5.5149
2026-09-13 18:33:24,594 [INFO]   Episode 30/5000, loss=5.5162
2026-09-13 18:37:01,218 [INFO]   Episode 40/5000, loss=5.5198
2026-09-13 18:40:27,121 [INFO]   Episode 50/5000, loss=5.5210
2026-09-13 18:43:49,609 [INFO]   Episode 60/5000, loss=5.5137
2026-09-13 18:47:12,544 [INFO]   Episode 70/5000, loss=5.5159
2026-09-13 18:50:35,991 [INFO]   Episode 80/5000, loss=5.5145
2026-09-13 18:54:08,068 [INFO]   Episode 90/5000, loss=5.5139
2026-09-13 18:57:45,273 [INFO]   Episode 100/5000, loss=5.5143
2026-09-13 19:01:16,786 [INFO]   Episode 110/5000, loss=5.5230
2026-09-13 19:04:51,320 [INFO]   Episode 120/5000, loss=5.5143
2026-09-13 19:08:25,830 [INFO]   Episode 130/5000, loss=5.5170
2026-09-13 19:12:01,907 [INFO]   Episode 140/5000, loss=5.5121
2026-09-13 19:15:34,625 [INFO]   Episode 150/5000, loss=5.5194
2026-09-13 19:19:01,244 [INFO]   Episode 160/5000, loss=5.5183
2026-09-13 19:22:13,813 [INFO] [Query Budget] Reached 484500/483460 environment samples at episode 170; stopping.
2026-09-13 19:22:13,873 [INFO]   Done. final_loss=5.5161  elapsed=3669s
2026-09-13 19:22:14,215 [INFO]   [Query Budget] round_robin breakdown: {'executed': {'calls': 4250, 'samples': 212500}, 'observational': {'calls': 1360, 'samples': 272000}, 'total': {'calls': 5610, 'samples': 484500}}
2026-09-13 19:22:14,215 [INFO]   Results saved to /scratch/alpine/paco0228/ACE/results/audit_reruns/bf30_baselines/round_robin/seed_42
