/projects/paco0228/miniconda3/envs/ace/lib/python3.10/site-packages/transformers/utils/hub.py:110: FutureWarning: Using `TRANSFORMERS_CACHE` is deprecated and will be removed in v5 of Transformers. Use `HF_HOME` instead.
  warnings.warn(
WARNING:root:  [WARNING] DPO loss near random chance (0.693) - model may not be learning!
  [WARNING] DPO loss near random chance (0.693) - model may not be learning!
WARNING:root:  [WARNING] Large KL divergence from reference - consider updating reference policy
  [WARNING] Large KL divergence from reference - consider updating reference policy
WARNING:root:  [WARNING] Gradients are near-zero! DPO may not be training the model.
  [WARNING] Gradients are near-zero! DPO may not be training the model.
WARNING:root:  [WARNING] Large KL divergence from reference - consider updating reference policy
  [WARNING] Large KL divergence from reference - consider updating reference policy
WARNING:root:  [WARNING] Large KL divergence from reference - consider updating reference policy
  [WARNING] Large KL divergence from reference - consider updating reference policy
WARNING:root:  [WARNING] Large KL divergence from reference - consider updating reference policy
  [WARNING] Large KL divergence from reference - consider updating reference policy
WARNING:root:  [WARNING] Large KL divergence from reference - consider updating reference policy
  [WARNING] Large KL divergence from reference - consider updating reference policy
WARNING:root:  [WARNING] Large KL divergence from reference - consider updating reference policy
  [WARNING] Large KL divergence from reference - consider updating reference policy
WARNING:root:  [WARNING] Large KL divergence from reference - consider updating reference policy
  [WARNING] Large KL divergence from reference - consider updating reference policy
WARNING:root:  [WARNING] Large KL divergence from reference - consider updating reference policy
  [WARNING] Large KL divergence from reference - consider updating reference policy
WARNING:root:  [WARNING] Large KL divergence from reference - consider updating reference policy
  [WARNING] Large KL divergence from reference - consider updating reference policy
WARNING:root:  [WARNING] Gradients are near-zero! DPO may not be training the model.
  [WARNING] Gradients are near-zero! DPO may not be training the model.
WARNING:root:  [WARNING] Large KL divergence from reference - consider updating reference policy
  [WARNING] Large KL divergence from reference - consider updating reference policy
WARNING:root:  [WARNING] Large KL divergence from reference - consider updating reference policy
  [WARNING] Large KL divergence from reference - consider updating reference policy
WARNING:root:  [WARNING] Large KL divergence from reference - consider updating reference policy
  [WARNING] Large KL divergence from reference - consider updating reference policy
WARNING:root:  [WARNING] Large KL divergence from reference - consider updating reference policy
  [WARNING] Large KL divergence from reference - consider updating reference policy
WARNING:root:  [WARNING] Large KL divergence from reference - consider updating reference policy
  [WARNING] Large KL divergence from reference - consider updating reference policy
WARNING:root:  [WARNING] Large KL divergence from reference - consider updating reference policy
  [WARNING] Large KL divergence from reference - consider updating reference policy
WARNING:root:  [WARNING] Large KL divergence from reference - consider updating reference policy
  [WARNING] Large KL divergence from reference - consider updating reference policy
WARNING:root:  [WARNING] DPO loss near random chance (0.693) - model may not be learning!
  [WARNING] DPO loss near random chance (0.693) - model may not be learning!
WARNING:root:  [WARNING] Large KL divergence from reference - consider updating reference policy
  [WARNING] Large KL divergence from reference - consider updating reference policy
WARNING:root:  [WARNING] Large KL divergence from reference - consider updating reference policy
  [WARNING] Large KL divergence from reference - consider updating reference policy
WARNING:root:  [WARNING] Large KL divergence from reference - consider updating reference policy
  [WARNING] Large KL divergence from reference - consider updating reference policy
WARNING:root:  [WARNING] Large KL divergence from reference - consider updating reference policy
  [WARNING] Large KL divergence from reference - consider updating reference policy
WARNING:root:  [WARNING] Gradients are near-zero! DPO may not be training the model.
  [WARNING] Gradients are near-zero! DPO may not be training the model.
WARNING:root:  [WARNING] Large KL divergence from reference - consider updating reference policy
  [WARNING] Large KL divergence from reference - consider updating reference policy
WARNING:root:  [WARNING] Large KL divergence from reference - consider updating reference policy
  [WARNING] Large KL divergence from reference - consider updating reference policy
WARNING:root:  [WARNING] DPO loss near random chance (0.693) - model may not be learning!
  [WARNING] DPO loss near random chance (0.693) - model may not be learning!
WARNING:root:  [WARNING] Large KL divergence from reference - consider updating reference policy
  [WARNING] Large KL divergence from reference - consider updating reference policy
WARNING:root:  [WARNING] Large KL divergence from reference - consider updating reference policy
  [WARNING] Large KL divergence from reference - consider updating reference policy
WARNING:root:  [WARNING] DPO loss near random chance (0.693) - model may not be learning!
  [WARNING] DPO loss near random chance (0.693) - model may not be learning!
WARNING:root:  [WARNING] Large KL divergence from reference - consider updating reference policy
  [WARNING] Large KL divergence from reference - consider updating reference policy
WARNING:root:  [WARNING] Large KL divergence from reference - consider updating reference policy
  [WARNING] Large KL divergence from reference - consider updating reference policy
WARNING:root:  [WARNING] DPO loss near random chance (0.693) - model may not be learning!
  [WARNING] DPO loss near random chance (0.693) - model may not be learning!
WARNING:root:  [WARNING] Large KL divergence from reference - consider updating reference policy
  [WARNING] Large KL divergence from reference - consider updating reference policy
WARNING:root:  [WARNING] DPO loss near random chance (0.693) - model may not be learning!
  [WARNING] DPO loss near random chance (0.693) - model may not be learning!
WARNING:root:  [WARNING] Large KL divergence from reference - consider updating reference policy
  [WARNING] Large KL divergence from reference - consider updating reference policy
WARNING:root:  [WARNING] Large KL divergence from reference - consider updating reference policy
  [WARNING] Large KL divergence from reference - consider updating reference policy
WARNING:root:  [WARNING] Large KL divergence from reference - consider updating reference policy
  [WARNING] Large KL divergence from reference - consider updating reference policy
slurmstepd: error: *** JOB 31182080 ON c3gpu-g7-u5 CANCELLED AT 2026-08-13T16:06:24 DUE TO TIME LIMIT ***
