2026-09-13 18:21:04,612 [INFO] 5-node baseline: method=ppo seed=456 episodes=2000 query_budget=3204460
2026-09-13 18:21:41,712 [INFO]   Episode 0/2000, Final Loss: 1.9139
2026-09-13 18:22:28,508 [INFO]   Episode 10/2000, Final Loss: 1.9444
2026-09-13 18:23:15,430 [INFO]   Episode 20/2000, Final Loss: 1.9343
2026-09-13 18:24:02,183 [INFO]   Episode 30/2000, Final Loss: 1.9433
2026-09-13 18:24:48,989 [INFO]   Episode 40/2000, Final Loss: 1.9613
2026-09-13 18:25:35,860 [INFO]   Episode 50/2000, Final Loss: 1.9318
2026-09-13 18:26:22,647 [INFO]   Episode 60/2000, Final Loss: 1.9781
2026-09-13 18:27:08,732 [INFO]   Episode 70/2000, Final Loss: 1.9430
2026-09-13 18:27:54,702 [INFO]   Episode 80/2000, Final Loss: 1.9438
2026-09-13 18:28:39,877 [INFO]   Episode 90/2000, Final Loss: 1.9726
2026-09-13 18:29:24,003 [INFO]   Episode 100/2000, Final Loss: 1.9364
2026-09-13 18:30:09,560 [INFO]   Episode 110/2000, Final Loss: 1.9461
2026-09-13 18:30:55,382 [INFO]   Episode 120/2000, Final Loss: 1.9597
2026-09-13 18:31:40,705 [INFO]   Episode 130/2000, Final Loss: 2.0407
2026-09-13 18:32:26,362 [INFO]   Episode 140/2000, Final Loss: 2.0337
2026-09-13 18:33:11,271 [INFO]   Episode 150/2000, Final Loss: 1.9247
2026-09-13 18:33:56,894 [INFO]   Episode 160/2000, Final Loss: 1.9352
2026-09-13 18:34:42,034 [INFO]   Episode 170/2000, Final Loss: 1.9485
2026-09-13 18:35:27,990 [INFO]   Episode 180/2000, Final Loss: 2.0560
2026-09-13 18:36:14,975 [INFO]   Episode 190/2000, Final Loss: 1.9855
2026-09-13 18:37:01,587 [INFO]   Episode 200/2000, Final Loss: 1.9273
2026-09-13 18:37:48,193 [INFO]   Episode 210/2000, Final Loss: 1.9616
2026-09-13 18:38:35,836 [INFO]   Episode 220/2000, Final Loss: 2.0092
2026-09-13 18:39:24,106 [INFO]   Episode 230/2000, Final Loss: 1.9623
2026-09-13 18:40:12,168 [INFO]   Episode 240/2000, Final Loss: 1.9517
2026-09-13 18:40:59,896 [INFO]   Episode 250/2000, Final Loss: 1.9442
2026-09-13 18:41:47,424 [INFO]   Episode 260/2000, Final Loss: 1.9977
2026-09-13 18:42:35,108 [INFO]   Episode 270/2000, Final Loss: 1.9483
2026-09-13 18:43:22,075 [INFO]   Episode 280/2000, Final Loss: 1.9509
2026-09-13 18:44:09,269 [INFO]   Episode 290/2000, Final Loss: 1.9180
2026-09-13 18:44:56,452 [INFO]   Episode 300/2000, Final Loss: 1.9368
2026-09-13 18:45:43,832 [INFO]   Episode 310/2000, Final Loss: 1.9302
2026-09-13 18:46:31,063 [INFO]   Episode 320/2000, Final Loss: 1.9318
2026-09-13 18:47:18,147 [INFO]   Episode 330/2000, Final Loss: 1.9697
2026-09-13 18:48:05,327 [INFO]   Episode 340/2000, Final Loss: 1.9364
2026-09-13 18:48:53,594 [INFO]   Episode 350/2000, Final Loss: 1.9520
2026-09-13 18:49:40,988 [INFO]   Episode 360/2000, Final Loss: 1.9522
2026-09-13 18:50:27,411 [INFO]   Episode 370/2000, Final Loss: 1.9660
2026-09-13 18:51:13,353 [INFO]   Episode 380/2000, Final Loss: 1.9952
2026-09-13 18:51:59,044 [INFO]   Episode 390/2000, Final Loss: 1.9539
2026-09-13 18:52:43,086 [INFO]   Episode 400/2000, Final Loss: 1.9785
2026-09-13 18:53:24,864 [INFO]   Episode 410/2000, Final Loss: 1.9431
2026-09-13 18:54:05,472 [INFO]   Episode 420/2000, Final Loss: 1.9701
2026-09-13 18:54:45,188 [INFO]   Episode 430/2000, Final Loss: 1.9115
2026-09-13 18:55:24,911 [INFO]   Episode 440/2000, Final Loss: 1.9272
2026-09-13 18:56:07,141 [INFO]   Episode 450/2000, Final Loss: 1.9389
2026-09-13 18:56:51,150 [INFO]   Episode 460/2000, Final Loss: 1.9256
2026-09-13 18:57:35,439 [INFO]   Episode 470/2000, Final Loss: 1.9491
2026-09-13 18:58:22,795 [INFO]   Episode 480/2000, Final Loss: 1.9599
2026-09-13 18:59:11,094 [INFO]   Episode 490/2000, Final Loss: 1.9191
2026-09-13 18:59:58,330 [INFO]   Episode 500/2000, Final Loss: 1.9121
2026-09-13 19:00:45,273 [INFO]   Episode 510/2000, Final Loss: 1.9177
2026-09-13 19:01:32,255 [INFO]   Episode 520/2000, Final Loss: 1.9386
2026-09-13 19:02:19,262 [INFO]   Episode 530/2000, Final Loss: 1.9554
2026-09-13 19:03:05,789 [INFO]   Episode 540/2000, Final Loss: 1.9275
2026-09-13 19:03:51,356 [INFO]   Episode 550/2000, Final Loss: 1.9584
2026-09-13 19:04:37,508 [INFO]   Episode 560/2000, Final Loss: 1.9599
2026-09-13 19:05:24,360 [INFO]   Episode 570/2000, Final Loss: 1.9262
2026-09-13 19:06:11,275 [INFO]   Episode 580/2000, Final Loss: 1.9500
2026-09-13 19:06:58,229 [INFO]   Episode 590/2000, Final Loss: 1.9680
2026-09-13 19:07:45,223 [INFO]   Episode 600/2000, Final Loss: 1.9512
2026-09-13 19:08:32,077 [INFO]   Episode 610/2000, Final Loss: 1.9113
2026-09-13 19:09:19,206 [INFO]   Episode 620/2000, Final Loss: 1.9374
2026-09-13 19:10:06,737 [INFO]   Episode 630/2000, Final Loss: 1.9279
2026-09-13 19:10:54,031 [INFO]   Episode 640/2000, Final Loss: 1.9424
2026-09-13 19:11:41,618 [INFO]   Episode 650/2000, Final Loss: 1.9634
2026-09-13 19:12:29,209 [INFO]   Episode 660/2000, Final Loss: 1.9550
2026-09-13 19:13:16,763 [INFO]   Episode 670/2000, Final Loss: 1.9493
2026-09-13 19:14:02,590 [INFO]   Episode 680/2000, Final Loss: 1.9620
2026-09-13 19:14:49,956 [INFO]   Episode 690/2000, Final Loss: 1.9626
2026-09-13 19:15:36,506 [INFO]   Episode 700/2000, Final Loss: 1.9561
2026-09-13 19:16:19,140 [INFO]   Episode 710/2000, Final Loss: 1.9268
2026-09-13 19:17:00,293 [INFO]   Episode 720/2000, Final Loss: 1.9625
2026-09-13 19:17:44,584 [INFO]   Episode 730/2000, Final Loss: 2.1441
2026-09-13 19:18:28,608 [INFO]   Episode 740/2000, Final Loss: 2.1125
2026-09-13 19:19:16,066 [INFO]   Episode 750/2000, Final Loss: 1.9215
2026-09-13 19:20:04,828 [INFO]   Episode 760/2000, Final Loss: 1.9390
2026-09-13 19:20:52,266 [INFO]   Episode 770/2000, Final Loss: 2.0519
2026-09-13 19:21:39,594 [INFO]   Episode 780/2000, Final Loss: 1.9358
2026-09-13 19:22:27,077 [INFO]   Episode 790/2000, Final Loss: 1.9301
2026-09-13 19:23:14,745 [INFO]   Episode 800/2000, Final Loss: 1.9233
2026-09-13 19:24:02,377 [INFO]   Episode 810/2000, Final Loss: 1.9179
2026-09-13 19:24:50,222 [INFO]   Episode 820/2000, Final Loss: 1.9420
2026-09-13 19:25:37,901 [INFO]   Episode 830/2000, Final Loss: 2.1223
2026-09-13 19:26:25,519 [INFO]   Episode 840/2000, Final Loss: 1.9892
2026-09-13 19:27:13,049 [INFO]   Episode 850/2000, Final Loss: 2.0884
2026-09-13 19:28:00,343 [INFO]   Episode 860/2000, Final Loss: 1.9425
2026-09-13 19:28:47,623 [INFO]   Episode 870/2000, Final Loss: 1.9080
2026-09-13 19:29:35,207 [INFO]   Episode 880/2000, Final Loss: 1.9150
2026-09-13 19:30:22,662 [INFO]   Episode 890/2000, Final Loss: 1.9213
2026-09-13 19:31:10,147 [INFO]   Episode 900/2000, Final Loss: 1.9556
2026-09-13 19:31:58,106 [INFO]   Episode 910/2000, Final Loss: 1.9272
2026-09-13 19:32:45,965 [INFO]   Episode 920/2000, Final Loss: 1.9631
2026-09-13 19:33:33,320 [INFO]   Episode 930/2000, Final Loss: 1.9175
2026-09-13 19:34:21,015 [INFO]   Episode 940/2000, Final Loss: 1.9195
2026-09-13 19:35:07,690 [INFO]   Episode 950/2000, Final Loss: 1.9953
2026-09-13 19:35:53,953 [INFO]   Episode 960/2000, Final Loss: 1.9331
2026-09-13 19:36:40,190 [INFO]   Episode 970/2000, Final Loss: 1.9543
2026-09-13 19:37:24,639 [INFO]   Episode 980/2000, Final Loss: 1.9831
2026-09-13 19:38:06,282 [INFO]   Episode 990/2000, Final Loss: 1.9554
2026-09-13 19:38:45,616 [INFO]   Episode 1000/2000, Final Loss: 1.9928
2026-09-13 19:39:24,427 [INFO]   Episode 1010/2000, Final Loss: 1.9229
2026-09-13 19:40:03,114 [INFO]   Episode 1020/2000, Final Loss: 1.9529
2026-09-13 19:40:41,573 [INFO]   Episode 1030/2000, Final Loss: 1.9341
2026-09-13 19:41:22,196 [INFO]   Episode 1040/2000, Final Loss: 1.9299
2026-09-13 19:42:08,389 [INFO]   Episode 1050/2000, Final Loss: 1.9247
2026-09-13 19:42:55,652 [INFO]   Episode 1060/2000, Final Loss: 1.9419
2026-09-13 19:43:42,302 [INFO]   Episode 1070/2000, Final Loss: 1.9440
2026-09-13 19:44:29,028 [INFO]   Episode 1080/2000, Final Loss: 1.9228
2026-09-13 19:45:16,355 [INFO]   Episode 1090/2000, Final Loss: 1.9683
2026-09-13 19:46:03,608 [INFO]   Episode 1100/2000, Final Loss: 1.9323
2026-09-13 19:46:51,522 [INFO]   Episode 1110/2000, Final Loss: 1.9312
2026-09-13 19:47:39,023 [INFO]   Episode 1120/2000, Final Loss: 1.9263
2026-09-13 19:47:57,113 [INFO] [Query Budget] Reached 3206250/3204460 environment samples at episode 1125; stopping. Breakdown: {'executed': {'calls': 28125, 'samples': 1406250}, 'observational': {'calls': 9000, 'samples': 1800000}, 'total': {'calls': 37125, 'samples': 3206250}}
2026-09-13 19:47:57,365 [INFO]   Done. final_loss=1.9485  elapsed=5213s
2026-09-13 19:47:58,338 [INFO]   [Query Budget] ppo breakdown: {'executed': {'calls': 28125, 'samples': 1406250}, 'observational': {'calls': 9000, 'samples': 1800000}, 'total': {'calls': 37125, 'samples': 3206250}}
2026-09-13 19:47:58,338 [INFO]   Results saved to /scratch/alpine/paco0228/ACE/results/audit_reruns/bf5_baselines/ppo/seed_456
