2026-09-13 18:21:04,586 [INFO] 5-node baseline: method=ppo seed=123 episodes=2000 query_budget=3204460
2026-09-13 18:21:41,251 [INFO]   Episode 0/2000, Final Loss: 1.8793
2026-09-13 18:22:22,579 [INFO]   Episode 10/2000, Final Loss: 1.9374
2026-09-13 18:23:03,904 [INFO]   Episode 20/2000, Final Loss: 1.8852
2026-09-13 18:23:45,127 [INFO]   Episode 30/2000, Final Loss: 1.9599
2026-09-13 18:24:26,015 [INFO]   Episode 40/2000, Final Loss: 1.9946
2026-09-13 18:25:06,977 [INFO]   Episode 50/2000, Final Loss: 1.9727
2026-09-13 18:25:47,986 [INFO]   Episode 60/2000, Final Loss: 1.9783
2026-09-13 18:26:29,250 [INFO]   Episode 70/2000, Final Loss: 2.0611
2026-09-13 18:27:10,365 [INFO]   Episode 80/2000, Final Loss: 1.9039
2026-09-13 18:27:51,126 [INFO]   Episode 90/2000, Final Loss: 1.9734
2026-09-13 18:28:31,865 [INFO]   Episode 100/2000, Final Loss: 1.9044
2026-09-13 18:29:12,741 [INFO]   Episode 110/2000, Final Loss: 1.8781
2026-09-13 18:29:53,712 [INFO]   Episode 120/2000, Final Loss: 1.9114
2026-09-13 18:30:34,587 [INFO]   Episode 130/2000, Final Loss: 1.9196
2026-09-13 18:31:15,416 [INFO]   Episode 140/2000, Final Loss: 1.9932
2026-09-13 18:31:56,205 [INFO]   Episode 150/2000, Final Loss: 1.9129
2026-09-13 18:32:37,304 [INFO]   Episode 160/2000, Final Loss: 1.9644
2026-09-13 18:33:18,124 [INFO]   Episode 170/2000, Final Loss: 1.9844
2026-09-13 18:33:59,078 [INFO]   Episode 180/2000, Final Loss: 1.9769
2026-09-13 18:34:40,223 [INFO]   Episode 190/2000, Final Loss: 1.9221
2026-09-13 18:35:21,810 [INFO]   Episode 200/2000, Final Loss: 1.8955
2026-09-13 18:36:03,131 [INFO]   Episode 210/2000, Final Loss: 1.9176
2026-09-13 18:36:44,635 [INFO]   Episode 220/2000, Final Loss: 1.9173
2026-09-13 18:37:26,215 [INFO]   Episode 230/2000, Final Loss: 1.9675
2026-09-13 18:38:07,666 [INFO]   Episode 240/2000, Final Loss: 1.9726
2026-09-13 18:38:49,181 [INFO]   Episode 250/2000, Final Loss: 1.8962
2026-09-13 18:39:30,745 [INFO]   Episode 260/2000, Final Loss: 1.9724
2026-09-13 18:40:12,309 [INFO]   Episode 270/2000, Final Loss: 1.9024
2026-09-13 18:40:53,904 [INFO]   Episode 280/2000, Final Loss: 1.9192
2026-09-13 18:41:35,297 [INFO]   Episode 290/2000, Final Loss: 1.9174
2026-09-13 18:42:16,429 [INFO]   Episode 300/2000, Final Loss: 2.0482
2026-09-13 18:42:57,849 [INFO]   Episode 310/2000, Final Loss: 2.0618
2026-09-13 18:43:39,046 [INFO]   Episode 320/2000, Final Loss: 1.9224
2026-09-13 18:44:20,149 [INFO]   Episode 330/2000, Final Loss: 1.8959
2026-09-13 18:45:01,539 [INFO]   Episode 340/2000, Final Loss: 1.9124
2026-09-13 18:45:43,025 [INFO]   Episode 350/2000, Final Loss: 1.8868
2026-09-13 18:46:24,567 [INFO]   Episode 360/2000, Final Loss: 1.8906
2026-09-13 18:47:06,122 [INFO]   Episode 370/2000, Final Loss: 1.8908
2026-09-13 18:47:47,629 [INFO]   Episode 380/2000, Final Loss: 1.9258
2026-09-13 18:48:29,137 [INFO]   Episode 390/2000, Final Loss: 1.9073
2026-09-13 18:49:10,662 [INFO]   Episode 400/2000, Final Loss: 1.9151
2026-09-13 18:49:51,926 [INFO]   Episode 410/2000, Final Loss: 1.8814
2026-09-13 18:50:32,949 [INFO]   Episode 420/2000, Final Loss: 1.9101
2026-09-13 18:51:14,395 [INFO]   Episode 430/2000, Final Loss: 1.9026
2026-09-13 18:51:55,604 [INFO]   Episode 440/2000, Final Loss: 2.1262
2026-09-13 18:52:37,112 [INFO]   Episode 450/2000, Final Loss: 1.9072
2026-09-13 18:53:18,786 [INFO]   Episode 460/2000, Final Loss: 2.0279
2026-09-13 18:54:00,380 [INFO]   Episode 470/2000, Final Loss: 1.9928
2026-09-13 18:54:41,765 [INFO]   Episode 480/2000, Final Loss: 1.9562
2026-09-13 18:55:23,115 [INFO]   Episode 490/2000, Final Loss: 1.9853
2026-09-13 18:56:04,312 [INFO]   Episode 500/2000, Final Loss: 1.9125
2026-09-13 18:56:45,761 [INFO]   Episode 510/2000, Final Loss: 1.9177
2026-09-13 18:57:26,962 [INFO]   Episode 520/2000, Final Loss: 1.8900
2026-09-13 18:58:08,375 [INFO]   Episode 530/2000, Final Loss: 1.9049
2026-09-13 18:58:49,642 [INFO]   Episode 540/2000, Final Loss: 1.8979
2026-09-13 18:59:31,187 [INFO]   Episode 550/2000, Final Loss: 1.9306
2026-09-13 19:00:12,503 [INFO]   Episode 560/2000, Final Loss: 1.8867
2026-09-13 19:00:53,892 [INFO]   Episode 570/2000, Final Loss: 1.9105
2026-09-13 19:01:35,453 [INFO]   Episode 580/2000, Final Loss: 1.9504
2026-09-13 19:02:16,985 [INFO]   Episode 590/2000, Final Loss: 1.9334
2026-09-13 19:02:58,248 [INFO]   Episode 600/2000, Final Loss: 1.8884
2026-09-13 19:03:39,810 [INFO]   Episode 610/2000, Final Loss: 1.8793
2026-09-13 19:04:21,301 [INFO]   Episode 620/2000, Final Loss: 1.9340
2026-09-13 19:05:02,703 [INFO]   Episode 630/2000, Final Loss: 1.9085
2026-09-13 19:05:44,512 [INFO]   Episode 640/2000, Final Loss: 1.9326
2026-09-13 19:06:27,148 [INFO]   Episode 650/2000, Final Loss: 1.9034
2026-09-13 19:07:09,739 [INFO]   Episode 660/2000, Final Loss: 1.9658
2026-09-13 19:07:51,708 [INFO]   Episode 670/2000, Final Loss: 1.9321
2026-09-13 19:08:33,438 [INFO]   Episode 680/2000, Final Loss: 1.9254
2026-09-13 19:09:16,325 [INFO]   Episode 690/2000, Final Loss: 1.9194
2026-09-13 19:09:59,097 [INFO]   Episode 700/2000, Final Loss: 1.8974
2026-09-13 19:10:40,624 [INFO]   Episode 710/2000, Final Loss: 1.9514
2026-09-13 19:11:22,250 [INFO]   Episode 720/2000, Final Loss: 1.9134
2026-09-13 19:12:04,822 [INFO]   Episode 730/2000, Final Loss: 1.8765
2026-09-13 19:12:47,499 [INFO]   Episode 740/2000, Final Loss: 1.8917
2026-09-13 19:13:28,716 [INFO]   Episode 750/2000, Final Loss: 1.9083
2026-09-13 19:14:10,319 [INFO]   Episode 760/2000, Final Loss: 1.8891
2026-09-13 19:14:52,654 [INFO]   Episode 770/2000, Final Loss: 1.9455
2026-09-13 19:15:34,758 [INFO]   Episode 780/2000, Final Loss: 1.9544
2026-09-13 19:16:16,260 [INFO]   Episode 790/2000, Final Loss: 2.0471
2026-09-13 19:16:58,535 [INFO]   Episode 800/2000, Final Loss: 1.9749
2026-09-13 19:17:40,929 [INFO]   Episode 810/2000, Final Loss: 1.9403
2026-09-13 19:18:22,833 [INFO]   Episode 820/2000, Final Loss: 1.8938
2026-09-13 19:19:03,971 [INFO]   Episode 830/2000, Final Loss: 1.9065
2026-09-13 19:19:46,113 [INFO]   Episode 840/2000, Final Loss: 1.9506
2026-09-13 19:20:28,523 [INFO]   Episode 850/2000, Final Loss: 1.9502
2026-09-13 19:21:10,683 [INFO]   Episode 860/2000, Final Loss: 1.9055
2026-09-13 19:21:52,113 [INFO]   Episode 870/2000, Final Loss: 1.8914
2026-09-13 19:22:34,831 [INFO]   Episode 880/2000, Final Loss: 1.9130
2026-09-13 19:23:17,656 [INFO]   Episode 890/2000, Final Loss: 1.9620
2026-09-13 19:23:59,216 [INFO]   Episode 900/2000, Final Loss: 1.9411
2026-09-13 19:24:40,464 [INFO]   Episode 910/2000, Final Loss: 1.9528
2026-09-13 19:25:23,061 [INFO]   Episode 920/2000, Final Loss: 1.9712
2026-09-13 19:26:05,629 [INFO]   Episode 930/2000, Final Loss: 1.8952
2026-09-13 19:26:46,837 [INFO]   Episode 940/2000, Final Loss: 1.8874
2026-09-13 19:27:28,359 [INFO]   Episode 950/2000, Final Loss: 1.9141
2026-09-13 19:28:10,612 [INFO]   Episode 960/2000, Final Loss: 1.9638
2026-09-13 19:28:52,651 [INFO]   Episode 970/2000, Final Loss: 1.9413
2026-09-13 19:29:33,456 [INFO]   Episode 980/2000, Final Loss: 1.9040
2026-09-13 19:30:15,021 [INFO]   Episode 990/2000, Final Loss: 1.9328
2026-09-13 19:30:57,249 [INFO]   Episode 1000/2000, Final Loss: 1.8859
2026-09-13 19:31:39,262 [INFO]   Episode 1010/2000, Final Loss: 1.8796
2026-09-13 19:32:20,345 [INFO]   Episode 1020/2000, Final Loss: 1.8844
2026-09-13 19:33:02,188 [INFO]   Episode 1030/2000, Final Loss: 1.9092
2026-09-13 19:33:44,545 [INFO]   Episode 1040/2000, Final Loss: 1.8874
2026-09-13 19:34:26,230 [INFO]   Episode 1050/2000, Final Loss: 1.8814
2026-09-13 19:35:07,033 [INFO]   Episode 1060/2000, Final Loss: 1.9187
2026-09-13 19:35:48,631 [INFO]   Episode 1070/2000, Final Loss: 1.9380
2026-09-13 19:36:30,864 [INFO]   Episode 1080/2000, Final Loss: 1.8858
2026-09-13 19:37:12,771 [INFO]   Episode 1090/2000, Final Loss: 1.9158
2026-09-13 19:37:53,569 [INFO]   Episode 1100/2000, Final Loss: 1.9037
2026-09-13 19:38:35,260 [INFO]   Episode 1110/2000, Final Loss: 1.9101
2026-09-13 19:39:17,798 [INFO]   Episode 1120/2000, Final Loss: 1.9037
2026-09-13 19:39:34,776 [INFO] [Query Budget] Reached 3206250/3204460 environment samples at episode 1125; stopping. Breakdown: {'executed': {'calls': 28125, 'samples': 1406250}, 'observational': {'calls': 9000, 'samples': 1800000}, 'total': {'calls': 37125, 'samples': 3206250}}
2026-09-13 19:39:34,918 [INFO]   Done. final_loss=1.8956  elapsed=4710s
2026-09-13 19:39:35,817 [INFO]   [Query Budget] ppo breakdown: {'executed': {'calls': 28125, 'samples': 1406250}, 'observational': {'calls': 9000, 'samples': 1800000}, 'total': {'calls': 37125, 'samples': 3206250}}
2026-09-13 19:39:35,818 [INFO]   Results saved to /scratch/alpine/paco0228/ACE/results/audit_reruns/bf5_baselines/ppo/seed_123
