2026-09-13 18:21:04,605 [INFO] 5-node baseline: method=ppo seed=1011 episodes=2000 query_budget=3204460
2026-09-13 18:21:41,203 [INFO]   Episode 0/2000, Final Loss: 2.2590
2026-09-13 18:22:17,005 [INFO]   Episode 10/2000, Final Loss: 2.3314
2026-09-13 18:22:52,091 [INFO]   Episode 20/2000, Final Loss: 2.4141
2026-09-13 18:23:27,651 [INFO]   Episode 30/2000, Final Loss: 2.3400
2026-09-13 18:24:03,694 [INFO]   Episode 40/2000, Final Loss: 2.2531
2026-09-13 18:24:39,533 [INFO]   Episode 50/2000, Final Loss: 2.2615
2026-09-13 18:25:15,168 [INFO]   Episode 60/2000, Final Loss: 2.2759
2026-09-13 18:25:51,501 [INFO]   Episode 70/2000, Final Loss: 2.2605
2026-09-13 18:26:27,867 [INFO]   Episode 80/2000, Final Loss: 2.3221
2026-09-13 18:27:04,756 [INFO]   Episode 90/2000, Final Loss: 2.3972
2026-09-13 18:27:40,376 [INFO]   Episode 100/2000, Final Loss: 2.2477
2026-09-13 18:28:17,134 [INFO]   Episode 110/2000, Final Loss: 2.3153
2026-09-13 18:28:52,399 [INFO]   Episode 120/2000, Final Loss: 2.2327
2026-09-13 18:29:27,721 [INFO]   Episode 130/2000, Final Loss: 2.2768
2026-09-13 18:30:03,173 [INFO]   Episode 140/2000, Final Loss: 2.2745
2026-09-13 18:30:38,775 [INFO]   Episode 150/2000, Final Loss: 2.3276
2026-09-13 18:31:14,189 [INFO]   Episode 160/2000, Final Loss: 2.3231
2026-09-13 18:31:49,474 [INFO]   Episode 170/2000, Final Loss: 2.2830
2026-09-13 18:32:24,806 [INFO]   Episode 180/2000, Final Loss: 2.2846
2026-09-13 18:33:00,240 [INFO]   Episode 190/2000, Final Loss: 2.2596
2026-09-13 18:33:35,637 [INFO]   Episode 200/2000, Final Loss: 2.2443
2026-09-13 18:34:11,120 [INFO]   Episode 210/2000, Final Loss: 2.2666
2026-09-13 18:34:46,417 [INFO]   Episode 220/2000, Final Loss: 2.2515
2026-09-13 18:35:21,816 [INFO]   Episode 230/2000, Final Loss: 2.2713
2026-09-13 18:35:57,117 [INFO]   Episode 240/2000, Final Loss: 2.2994
2026-09-13 18:36:31,983 [INFO]   Episode 250/2000, Final Loss: 2.2335
2026-09-13 18:37:06,709 [INFO]   Episode 260/2000, Final Loss: 2.3368
2026-09-13 18:37:41,632 [INFO]   Episode 270/2000, Final Loss: 2.3713
2026-09-13 18:38:16,175 [INFO]   Episode 280/2000, Final Loss: 2.2545
2026-09-13 18:38:51,282 [INFO]   Episode 290/2000, Final Loss: 2.2487
2026-09-13 18:39:26,453 [INFO]   Episode 300/2000, Final Loss: 2.3826
2026-09-13 18:40:01,486 [INFO]   Episode 310/2000, Final Loss: 2.2371
2026-09-13 18:40:36,023 [INFO]   Episode 320/2000, Final Loss: 2.3167
2026-09-13 18:41:10,764 [INFO]   Episode 330/2000, Final Loss: 2.2918
2026-09-13 18:41:46,266 [INFO]   Episode 340/2000, Final Loss: 2.2293
2026-09-13 18:42:21,678 [INFO]   Episode 350/2000, Final Loss: 2.3362
2026-09-13 18:42:57,180 [INFO]   Episode 360/2000, Final Loss: 2.3133
2026-09-13 18:43:32,600 [INFO]   Episode 370/2000, Final Loss: 2.2721
2026-09-13 18:44:07,951 [INFO]   Episode 380/2000, Final Loss: 2.2935
2026-09-13 18:44:43,467 [INFO]   Episode 390/2000, Final Loss: 2.2602
2026-09-13 18:45:18,890 [INFO]   Episode 400/2000, Final Loss: 2.3844
2026-09-13 18:45:54,003 [INFO]   Episode 410/2000, Final Loss: 2.3690
2026-09-13 18:46:29,370 [INFO]   Episode 420/2000, Final Loss: 2.2645
2026-09-13 18:47:04,807 [INFO]   Episode 430/2000, Final Loss: 2.2686
2026-09-13 18:47:40,312 [INFO]   Episode 440/2000, Final Loss: 2.2817
2026-09-13 18:48:15,753 [INFO]   Episode 450/2000, Final Loss: 2.2673
2026-09-13 18:48:51,934 [INFO]   Episode 460/2000, Final Loss: 2.2577
2026-09-13 18:49:27,917 [INFO]   Episode 470/2000, Final Loss: 2.2687
2026-09-13 18:50:04,132 [INFO]   Episode 480/2000, Final Loss: 2.2717
2026-09-13 18:50:39,526 [INFO]   Episode 490/2000, Final Loss: 2.3124
2026-09-13 18:51:15,943 [INFO]   Episode 500/2000, Final Loss: 2.2589
2026-09-13 18:51:54,666 [INFO]   Episode 510/2000, Final Loss: 2.3697
2026-09-13 18:52:31,456 [INFO]   Episode 520/2000, Final Loss: 2.2511
2026-09-13 18:53:07,658 [INFO]   Episode 530/2000, Final Loss: 2.2365
2026-09-13 18:53:45,968 [INFO]   Episode 540/2000, Final Loss: 2.2602
2026-09-13 18:54:23,739 [INFO]   Episode 550/2000, Final Loss: 2.3940
2026-09-13 18:55:00,120 [INFO]   Episode 560/2000, Final Loss: 2.2467
2026-09-13 18:55:37,142 [INFO]   Episode 570/2000, Final Loss: 2.2644
2026-09-13 18:56:17,170 [INFO]   Episode 580/2000, Final Loss: 2.2378
2026-09-13 18:56:55,195 [INFO]   Episode 590/2000, Final Loss: 2.4529
2026-09-13 18:57:33,423 [INFO]   Episode 600/2000, Final Loss: 2.2322
2026-09-13 18:58:13,764 [INFO]   Episode 610/2000, Final Loss: 2.3311
2026-09-13 18:58:53,262 [INFO]   Episode 620/2000, Final Loss: 2.3609
2026-09-13 18:59:30,884 [INFO]   Episode 630/2000, Final Loss: 2.4230
2026-09-13 19:00:10,783 [INFO]   Episode 640/2000, Final Loss: 2.4031
2026-09-13 19:00:50,269 [INFO]   Episode 650/2000, Final Loss: 2.3976
2026-09-13 19:01:27,838 [INFO]   Episode 660/2000, Final Loss: 2.3267
2026-09-13 19:02:06,990 [INFO]   Episode 670/2000, Final Loss: 2.2853
2026-09-13 19:02:45,959 [INFO]   Episode 680/2000, Final Loss: 2.2543
2026-09-13 19:03:22,598 [INFO]   Episode 690/2000, Final Loss: 2.2835
2026-09-13 19:04:00,473 [INFO]   Episode 700/2000, Final Loss: 2.3158
2026-09-13 19:04:39,295 [INFO]   Episode 710/2000, Final Loss: 2.2561
2026-09-13 19:05:18,299 [INFO]   Episode 720/2000, Final Loss: 2.2790
2026-09-13 19:05:53,205 [INFO]   Episode 730/2000, Final Loss: 2.2803
2026-09-13 19:06:31,730 [INFO]   Episode 740/2000, Final Loss: 2.2217
2026-09-13 19:07:11,053 [INFO]   Episode 750/2000, Final Loss: 2.3491
2026-09-13 19:07:49,022 [INFO]   Episode 760/2000, Final Loss: 2.3040
2026-09-13 19:08:25,062 [INFO]   Episode 770/2000, Final Loss: 2.2563
2026-09-13 19:09:03,987 [INFO]   Episode 780/2000, Final Loss: 2.2556
2026-09-13 19:09:42,224 [INFO]   Episode 790/2000, Final Loss: 2.2851
2026-09-13 19:10:16,070 [INFO]   Episode 800/2000, Final Loss: 2.3535
2026-09-13 19:10:50,940 [INFO]   Episode 810/2000, Final Loss: 2.3641
2026-09-13 19:11:29,349 [INFO]   Episode 820/2000, Final Loss: 2.2454
2026-09-13 19:12:06,329 [INFO]   Episode 830/2000, Final Loss: 2.2898
2026-09-13 19:12:40,928 [INFO]   Episode 840/2000, Final Loss: 2.3094
2026-09-13 19:13:15,553 [INFO]   Episode 850/2000, Final Loss: 2.3144
2026-09-13 19:13:50,585 [INFO]   Episode 860/2000, Final Loss: 2.2631
2026-09-13 19:14:25,922 [INFO]   Episode 870/2000, Final Loss: 2.3427
2026-09-13 19:15:00,353 [INFO]   Episode 880/2000, Final Loss: 2.3066
2026-09-13 19:15:35,047 [INFO]   Episode 890/2000, Final Loss: 2.3346
2026-09-13 19:16:09,897 [INFO]   Episode 900/2000, Final Loss: 2.3316
2026-09-13 19:16:44,707 [INFO]   Episode 910/2000, Final Loss: 2.4154
2026-09-13 19:17:18,879 [INFO]   Episode 920/2000, Final Loss: 2.2773
2026-09-13 19:17:53,099 [INFO]   Episode 930/2000, Final Loss: 2.2823
2026-09-13 19:18:27,724 [INFO]   Episode 940/2000, Final Loss: 2.3218
2026-09-13 19:19:02,837 [INFO]   Episode 950/2000, Final Loss: 2.3251
2026-09-13 19:19:37,073 [INFO]   Episode 960/2000, Final Loss: 2.2939
2026-09-13 19:20:10,948 [INFO]   Episode 970/2000, Final Loss: 2.3188
2026-09-13 19:20:45,646 [INFO]   Episode 980/2000, Final Loss: 2.2422
2026-09-13 19:21:20,998 [INFO]   Episode 990/2000, Final Loss: 2.3487
2026-09-13 19:21:56,167 [INFO]   Episode 1000/2000, Final Loss: 2.3559
2026-09-13 19:22:29,918 [INFO]   Episode 1010/2000, Final Loss: 2.2716
2026-09-13 19:23:04,333 [INFO]   Episode 1020/2000, Final Loss: 2.2608
2026-09-13 19:23:39,463 [INFO]   Episode 1030/2000, Final Loss: 2.3587
2026-09-13 19:24:14,178 [INFO]   Episode 1040/2000, Final Loss: 2.2475
2026-09-13 19:24:48,688 [INFO]   Episode 1050/2000, Final Loss: 2.2682
2026-09-13 19:25:23,688 [INFO]   Episode 1060/2000, Final Loss: 2.2278
2026-09-13 19:25:58,673 [INFO]   Episode 1070/2000, Final Loss: 2.2977
2026-09-13 19:26:33,352 [INFO]   Episode 1080/2000, Final Loss: 2.2965
2026-09-13 19:27:07,788 [INFO]   Episode 1090/2000, Final Loss: 2.3037
2026-09-13 19:27:42,719 [INFO]   Episode 1100/2000, Final Loss: 2.3789
2026-09-13 19:28:17,640 [INFO]   Episode 1110/2000, Final Loss: 2.2938
2026-09-13 19:28:52,407 [INFO]   Episode 1120/2000, Final Loss: 2.2830
2026-09-13 19:29:07,048 [INFO] [Query Budget] Reached 3206250/3204460 environment samples at episode 1125; stopping. Breakdown: {'executed': {'calls': 28125, 'samples': 1406250}, 'observational': {'calls': 9000, 'samples': 1800000}, 'total': {'calls': 37125, 'samples': 3206250}}
2026-09-13 19:29:07,177 [INFO]   Done. final_loss=2.2500  elapsed=4083s
2026-09-13 19:29:07,920 [INFO]   [Query Budget] ppo breakdown: {'executed': {'calls': 28125, 'samples': 1406250}, 'observational': {'calls': 9000, 'samples': 1800000}, 'total': {'calls': 37125, 'samples': 3206250}}
2026-09-13 19:29:07,920 [INFO]   Results saved to /scratch/alpine/paco0228/ACE/results/audit_reruns/bf5_baselines/ppo/seed_1011
