2026-09-13 18:21:04,609 [INFO] 5-node baseline: method=ppo seed=42 episodes=2000 query_budget=3204460
2026-09-13 18:21:40,714 [INFO]   Episode 0/2000, Final Loss: 2.0560
2026-09-13 18:22:15,268 [INFO]   Episode 10/2000, Final Loss: 1.9640
2026-09-13 18:22:49,891 [INFO]   Episode 20/2000, Final Loss: 1.9807
2026-09-13 18:23:24,455 [INFO]   Episode 30/2000, Final Loss: 1.9900
2026-09-13 18:23:59,104 [INFO]   Episode 40/2000, Final Loss: 2.0066
2026-09-13 18:24:33,690 [INFO]   Episode 50/2000, Final Loss: 1.9961
2026-09-13 18:25:08,229 [INFO]   Episode 60/2000, Final Loss: 2.0384
2026-09-13 18:25:42,766 [INFO]   Episode 70/2000, Final Loss: 2.0288
2026-09-13 18:26:17,090 [INFO]   Episode 80/2000, Final Loss: 1.9965
2026-09-13 18:26:51,522 [INFO]   Episode 90/2000, Final Loss: 1.9793
2026-09-13 18:27:25,735 [INFO]   Episode 100/2000, Final Loss: 1.9834
2026-09-13 18:27:59,898 [INFO]   Episode 110/2000, Final Loss: 1.9702
2026-09-13 18:28:33,923 [INFO]   Episode 120/2000, Final Loss: 1.9792
2026-09-13 18:29:08,061 [INFO]   Episode 130/2000, Final Loss: 2.0476
2026-09-13 18:29:42,335 [INFO]   Episode 140/2000, Final Loss: 2.0008
2026-09-13 18:30:16,824 [INFO]   Episode 150/2000, Final Loss: 2.0189
2026-09-13 18:30:51,470 [INFO]   Episode 160/2000, Final Loss: 1.9947
2026-09-13 18:31:25,899 [INFO]   Episode 170/2000, Final Loss: 1.9948
2026-09-13 18:32:00,519 [INFO]   Episode 180/2000, Final Loss: 2.1297
2026-09-13 18:32:34,928 [INFO]   Episode 190/2000, Final Loss: 2.0433
2026-09-13 18:33:09,422 [INFO]   Episode 200/2000, Final Loss: 2.0011
2026-09-13 18:33:44,058 [INFO]   Episode 210/2000, Final Loss: 1.9654
2026-09-13 18:34:18,542 [INFO]   Episode 220/2000, Final Loss: 2.0073
2026-09-13 18:34:53,018 [INFO]   Episode 230/2000, Final Loss: 2.0149
2026-09-13 18:35:27,821 [INFO]   Episode 240/2000, Final Loss: 2.0251
2026-09-13 18:36:02,214 [INFO]   Episode 250/2000, Final Loss: 2.0232
2026-09-13 18:36:36,873 [INFO]   Episode 260/2000, Final Loss: 1.9788
2026-09-13 18:37:11,652 [INFO]   Episode 270/2000, Final Loss: 1.9935
2026-09-13 18:37:46,472 [INFO]   Episode 280/2000, Final Loss: 1.9762
2026-09-13 18:38:21,266 [INFO]   Episode 290/2000, Final Loss: 1.9959
2026-09-13 18:38:55,755 [INFO]   Episode 300/2000, Final Loss: 1.9994
2026-09-13 18:39:30,304 [INFO]   Episode 310/2000, Final Loss: 1.9574
2026-09-13 18:40:05,182 [INFO]   Episode 320/2000, Final Loss: 1.9796
2026-09-13 18:40:39,991 [INFO]   Episode 330/2000, Final Loss: 1.9614
2026-09-13 18:41:14,633 [INFO]   Episode 340/2000, Final Loss: 1.9619
2026-09-13 18:41:49,462 [INFO]   Episode 350/2000, Final Loss: 1.9680
2026-09-13 18:42:24,425 [INFO]   Episode 360/2000, Final Loss: 2.0099
2026-09-13 18:42:59,241 [INFO]   Episode 370/2000, Final Loss: 1.9803
2026-09-13 18:43:34,085 [INFO]   Episode 380/2000, Final Loss: 1.9595
2026-09-13 18:44:08,906 [INFO]   Episode 390/2000, Final Loss: 2.0076
2026-09-13 18:44:43,740 [INFO]   Episode 400/2000, Final Loss: 1.9908
2026-09-13 18:45:18,319 [INFO]   Episode 410/2000, Final Loss: 1.9874
2026-09-13 18:45:52,748 [INFO]   Episode 420/2000, Final Loss: 1.9625
2026-09-13 18:46:27,253 [INFO]   Episode 430/2000, Final Loss: 1.9840
2026-09-13 18:47:01,583 [INFO]   Episode 440/2000, Final Loss: 1.9821
2026-09-13 18:47:35,925 [INFO]   Episode 450/2000, Final Loss: 2.0028
2026-09-13 18:48:10,617 [INFO]   Episode 460/2000, Final Loss: 2.0407
2026-09-13 18:48:45,447 [INFO]   Episode 470/2000, Final Loss: 2.2025
2026-09-13 18:49:20,281 [INFO]   Episode 480/2000, Final Loss: 2.0562
2026-09-13 18:49:55,186 [INFO]   Episode 490/2000, Final Loss: 1.9852
2026-09-13 18:50:30,144 [INFO]   Episode 500/2000, Final Loss: 1.9575
2026-09-13 18:51:04,746 [INFO]   Episode 510/2000, Final Loss: 2.0733
2026-09-13 18:51:39,166 [INFO]   Episode 520/2000, Final Loss: 2.0886
2026-09-13 18:52:13,744 [INFO]   Episode 530/2000, Final Loss: 1.9803
2026-09-13 18:52:48,441 [INFO]   Episode 540/2000, Final Loss: 2.0273
2026-09-13 18:53:22,798 [INFO]   Episode 550/2000, Final Loss: 1.9639
2026-09-13 18:53:57,523 [INFO]   Episode 560/2000, Final Loss: 2.0473
2026-09-13 18:54:32,384 [INFO]   Episode 570/2000, Final Loss: 2.0197
2026-09-13 18:55:07,201 [INFO]   Episode 580/2000, Final Loss: 1.9921
2026-09-13 18:55:41,546 [INFO]   Episode 590/2000, Final Loss: 1.9673
2026-09-13 18:56:15,890 [INFO]   Episode 600/2000, Final Loss: 1.9984
2026-09-13 18:56:50,313 [INFO]   Episode 610/2000, Final Loss: 1.9690
2026-09-13 18:57:24,943 [INFO]   Episode 620/2000, Final Loss: 2.0202
2026-09-13 18:57:59,810 [INFO]   Episode 630/2000, Final Loss: 1.9855
2026-09-13 18:58:34,751 [INFO]   Episode 640/2000, Final Loss: 1.9762
2026-09-13 18:59:09,586 [INFO]   Episode 650/2000, Final Loss: 1.9562
2026-09-13 18:59:44,495 [INFO]   Episode 660/2000, Final Loss: 1.9811
2026-09-13 19:00:19,402 [INFO]   Episode 670/2000, Final Loss: 1.9527
2026-09-13 19:00:54,069 [INFO]   Episode 680/2000, Final Loss: 1.9755
2026-09-13 19:01:28,654 [INFO]   Episode 690/2000, Final Loss: 1.9597
2026-09-13 19:02:03,177 [INFO]   Episode 700/2000, Final Loss: 1.9940
2026-09-13 19:02:37,967 [INFO]   Episode 710/2000, Final Loss: 1.9809
2026-09-13 19:03:12,735 [INFO]   Episode 720/2000, Final Loss: 2.0035
2026-09-13 19:03:47,544 [INFO]   Episode 730/2000, Final Loss: 1.9571
2026-09-13 19:04:22,425 [INFO]   Episode 740/2000, Final Loss: 2.0163
2026-09-13 19:04:57,263 [INFO]   Episode 750/2000, Final Loss: 1.9714
2026-09-13 19:05:31,999 [INFO]   Episode 760/2000, Final Loss: 2.0025
2026-09-13 19:06:06,760 [INFO]   Episode 770/2000, Final Loss: 1.9925
2026-09-13 19:06:41,564 [INFO]   Episode 780/2000, Final Loss: 1.9991
2026-09-13 19:07:16,387 [INFO]   Episode 790/2000, Final Loss: 1.9730
2026-09-13 19:07:50,914 [INFO]   Episode 800/2000, Final Loss: 1.9764
2026-09-13 19:08:25,331 [INFO]   Episode 810/2000, Final Loss: 1.9913
2026-09-13 19:08:59,913 [INFO]   Episode 820/2000, Final Loss: 2.0213
2026-09-13 19:09:34,765 [INFO]   Episode 830/2000, Final Loss: 1.9970
2026-09-13 19:10:09,365 [INFO]   Episode 840/2000, Final Loss: 1.9678
2026-09-13 19:10:43,603 [INFO]   Episode 850/2000, Final Loss: 1.9767
2026-09-13 19:11:18,045 [INFO]   Episode 860/2000, Final Loss: 1.9650
2026-09-13 19:11:52,851 [INFO]   Episode 870/2000, Final Loss: 1.9916
2026-09-13 19:12:27,682 [INFO]   Episode 880/2000, Final Loss: 1.9801
2026-09-13 19:13:02,298 [INFO]   Episode 890/2000, Final Loss: 1.9680
2026-09-13 19:13:37,157 [INFO]   Episode 900/2000, Final Loss: 2.0445
2026-09-13 19:14:11,929 [INFO]   Episode 910/2000, Final Loss: 2.0772
2026-09-13 19:14:46,742 [INFO]   Episode 920/2000, Final Loss: 2.0457
2026-09-13 19:15:21,625 [INFO]   Episode 930/2000, Final Loss: 2.0010
2026-09-13 19:15:56,556 [INFO]   Episode 940/2000, Final Loss: 1.9894
2026-09-13 19:16:31,335 [INFO]   Episode 950/2000, Final Loss: 1.9891
2026-09-13 19:17:06,026 [INFO]   Episode 960/2000, Final Loss: 1.9972
2026-09-13 19:17:40,536 [INFO]   Episode 970/2000, Final Loss: 1.9681
2026-09-13 19:18:15,129 [INFO]   Episode 980/2000, Final Loss: 2.0721
2026-09-13 19:18:50,013 [INFO]   Episode 990/2000, Final Loss: 2.0254
2026-09-13 19:19:24,844 [INFO]   Episode 1000/2000, Final Loss: 1.9925
2026-09-13 19:19:59,700 [INFO]   Episode 1010/2000, Final Loss: 2.0330
2026-09-13 19:20:34,623 [INFO]   Episode 1020/2000, Final Loss: 2.0509
2026-09-13 19:21:09,285 [INFO]   Episode 1030/2000, Final Loss: 1.9895
2026-09-13 19:21:44,063 [INFO]   Episode 1040/2000, Final Loss: 1.9848
2026-09-13 19:22:18,927 [INFO]   Episode 1050/2000, Final Loss: 1.9688
2026-09-13 19:22:53,654 [INFO]   Episode 1060/2000, Final Loss: 2.0161
2026-09-13 19:23:28,496 [INFO]   Episode 1070/2000, Final Loss: 2.0139
2026-09-13 19:24:03,182 [INFO]   Episode 1080/2000, Final Loss: 1.9751
2026-09-13 19:24:37,758 [INFO]   Episode 1090/2000, Final Loss: 1.9908
2026-09-13 19:25:12,467 [INFO]   Episode 1100/2000, Final Loss: 1.9934
2026-09-13 19:25:47,452 [INFO]   Episode 1110/2000, Final Loss: 1.9630
2026-09-13 19:26:22,293 [INFO]   Episode 1120/2000, Final Loss: 1.9782
2026-09-13 19:26:36,254 [INFO] [Query Budget] Reached 3206250/3204460 environment samples at episode 1125; stopping. Breakdown: {'executed': {'calls': 28125, 'samples': 1406250}, 'observational': {'calls': 9000, 'samples': 1800000}, 'total': {'calls': 37125, 'samples': 3206250}}
2026-09-13 19:26:36,367 [INFO]   Done. final_loss=1.9917  elapsed=3932s
2026-09-13 19:26:39,532 [INFO]   [Query Budget] ppo breakdown: {'executed': {'calls': 28125, 'samples': 1406250}, 'observational': {'calls': 9000, 'samples': 1800000}, 'total': {'calls': 37125, 'samples': 3206250}}
2026-09-13 19:26:39,532 [INFO]   Results saved to /scratch/alpine/paco0228/ACE/results/audit_reruns/bf5_baselines/ppo/seed_42
