2026-09-13 18:21:04,611 [INFO] 5-node baseline: method=ppo seed=789 episodes=2000 query_budget=3204460
2026-09-13 18:21:41,383 [INFO]   Episode 0/2000, Final Loss: 1.9821
2026-09-13 18:22:23,443 [INFO]   Episode 10/2000, Final Loss: 2.1313
2026-09-13 18:23:05,028 [INFO]   Episode 20/2000, Final Loss: 2.1748
2026-09-13 18:23:46,914 [INFO]   Episode 30/2000, Final Loss: 2.1392
2026-09-13 18:24:27,783 [INFO]   Episode 40/2000, Final Loss: 2.0335
2026-09-13 18:25:08,627 [INFO]   Episode 50/2000, Final Loss: 1.9829
2026-09-13 18:25:49,370 [INFO]   Episode 60/2000, Final Loss: 2.0300
2026-09-13 18:26:30,024 [INFO]   Episode 70/2000, Final Loss: 2.0346
2026-09-13 18:27:10,647 [INFO]   Episode 80/2000, Final Loss: 2.0136
2026-09-13 18:27:51,191 [INFO]   Episode 90/2000, Final Loss: 1.9829
2026-09-13 18:28:30,478 [INFO]   Episode 100/2000, Final Loss: 1.9989
2026-09-13 18:29:10,680 [INFO]   Episode 110/2000, Final Loss: 1.9942
2026-09-13 18:29:50,643 [INFO]   Episode 120/2000, Final Loss: 2.0492
2026-09-13 18:30:30,832 [INFO]   Episode 130/2000, Final Loss: 2.0204
2026-09-13 18:31:10,598 [INFO]   Episode 140/2000, Final Loss: 2.0116
2026-09-13 18:31:49,789 [INFO]   Episode 150/2000, Final Loss: 1.9716
2026-09-13 18:32:27,803 [INFO]   Episode 160/2000, Final Loss: 1.9832
2026-09-13 18:33:07,566 [INFO]   Episode 170/2000, Final Loss: 2.1243
2026-09-13 18:33:46,807 [INFO]   Episode 180/2000, Final Loss: 1.9617
2026-09-13 18:34:25,747 [INFO]   Episode 190/2000, Final Loss: 2.0046
2026-09-13 18:35:05,533 [INFO]   Episode 200/2000, Final Loss: 2.0210
2026-09-13 18:35:45,725 [INFO]   Episode 210/2000, Final Loss: 2.1485
2026-09-13 18:36:25,726 [INFO]   Episode 220/2000, Final Loss: 2.0232
2026-09-13 18:37:05,731 [INFO]   Episode 230/2000, Final Loss: 2.0638
2026-09-13 18:37:45,282 [INFO]   Episode 240/2000, Final Loss: 1.9976
2026-09-13 18:38:24,796 [INFO]   Episode 250/2000, Final Loss: 2.0053
2026-09-13 18:39:04,927 [INFO]   Episode 260/2000, Final Loss: 2.0281
2026-09-13 18:39:44,730 [INFO]   Episode 270/2000, Final Loss: 2.0585
2026-09-13 18:40:24,700 [INFO]   Episode 280/2000, Final Loss: 1.9960
2026-09-13 18:41:04,685 [INFO]   Episode 290/2000, Final Loss: 2.1723
2026-09-13 18:41:44,299 [INFO]   Episode 300/2000, Final Loss: 2.1703
2026-09-13 18:42:23,971 [INFO]   Episode 310/2000, Final Loss: 1.9754
2026-09-13 18:43:04,437 [INFO]   Episode 320/2000, Final Loss: 2.0217
2026-09-13 18:43:45,019 [INFO]   Episode 330/2000, Final Loss: 1.9979
2026-09-13 18:44:24,837 [INFO]   Episode 340/2000, Final Loss: 1.9714
2026-09-13 18:45:05,064 [INFO]   Episode 350/2000, Final Loss: 2.0410
2026-09-13 18:45:44,656 [INFO]   Episode 360/2000, Final Loss: 1.9769
2026-09-13 18:46:24,189 [INFO]   Episode 370/2000, Final Loss: 1.9965
2026-09-13 18:47:04,168 [INFO]   Episode 380/2000, Final Loss: 2.0019
2026-09-13 18:47:44,491 [INFO]   Episode 390/2000, Final Loss: 2.0278
2026-09-13 18:48:25,664 [INFO]   Episode 400/2000, Final Loss: 1.9772
2026-09-13 18:49:06,688 [INFO]   Episode 410/2000, Final Loss: 1.9581
2026-09-13 18:49:47,670 [INFO]   Episode 420/2000, Final Loss: 2.0252
2026-09-13 18:50:27,663 [INFO]   Episode 430/2000, Final Loss: 1.9718
2026-09-13 18:51:07,385 [INFO]   Episode 440/2000, Final Loss: 2.0053
2026-09-13 18:51:46,424 [INFO]   Episode 450/2000, Final Loss: 2.0391
2026-09-13 18:52:24,822 [INFO]   Episode 460/2000, Final Loss: 1.9633
2026-09-13 18:53:04,383 [INFO]   Episode 470/2000, Final Loss: 1.9777
2026-09-13 18:53:42,707 [INFO]   Episode 480/2000, Final Loss: 1.9916
2026-09-13 18:54:20,271 [INFO]   Episode 490/2000, Final Loss: 2.0082
2026-09-13 18:54:59,320 [INFO]   Episode 500/2000, Final Loss: 1.9859
2026-09-13 18:55:38,569 [INFO]   Episode 510/2000, Final Loss: 2.0188
2026-09-13 18:56:18,243 [INFO]   Episode 520/2000, Final Loss: 2.0430
2026-09-13 18:56:58,208 [INFO]   Episode 530/2000, Final Loss: 1.9987
2026-09-13 18:57:38,638 [INFO]   Episode 540/2000, Final Loss: 1.9712
2026-09-13 18:58:19,502 [INFO]   Episode 550/2000, Final Loss: 1.9710
2026-09-13 18:59:01,209 [INFO]   Episode 560/2000, Final Loss: 1.9736
2026-09-13 18:59:44,406 [INFO]   Episode 570/2000, Final Loss: 2.0017
2026-09-13 19:00:27,396 [INFO]   Episode 580/2000, Final Loss: 1.9944
2026-09-13 19:01:09,928 [INFO]   Episode 590/2000, Final Loss: 2.0318
2026-09-13 19:01:52,418 [INFO]   Episode 600/2000, Final Loss: 1.9665
2026-09-13 19:02:35,254 [INFO]   Episode 610/2000, Final Loss: 2.0066
2026-09-13 19:03:17,495 [INFO]   Episode 620/2000, Final Loss: 1.9847
2026-09-13 19:03:59,245 [INFO]   Episode 630/2000, Final Loss: 1.9838
2026-09-13 19:04:41,302 [INFO]   Episode 640/2000, Final Loss: 1.9739
2026-09-13 19:05:23,543 [INFO]   Episode 650/2000, Final Loss: 2.0780
2026-09-13 19:06:05,840 [INFO]   Episode 660/2000, Final Loss: 2.0598
2026-09-13 19:06:47,603 [INFO]   Episode 670/2000, Final Loss: 2.0510
2026-09-13 19:07:28,697 [INFO]   Episode 680/2000, Final Loss: 2.0596
2026-09-13 19:08:08,987 [INFO]   Episode 690/2000, Final Loss: 1.9989
2026-09-13 19:08:50,219 [INFO]   Episode 700/2000, Final Loss: 2.0253
2026-09-13 19:09:31,759 [INFO]   Episode 710/2000, Final Loss: 2.0148
2026-09-13 19:10:13,377 [INFO]   Episode 720/2000, Final Loss: 2.0265
2026-09-13 19:10:54,128 [INFO]   Episode 730/2000, Final Loss: 2.0383
2026-09-13 19:11:34,469 [INFO]   Episode 740/2000, Final Loss: 2.0663
2026-09-13 19:12:14,248 [INFO]   Episode 750/2000, Final Loss: 1.9870
2026-09-13 19:12:52,864 [INFO]   Episode 760/2000, Final Loss: 2.0217
2026-09-13 19:13:30,302 [INFO]   Episode 770/2000, Final Loss: 2.0019
2026-09-13 19:14:08,492 [INFO]   Episode 780/2000, Final Loss: 2.0638
2026-09-13 19:14:48,859 [INFO]   Episode 790/2000, Final Loss: 2.1782
2026-09-13 19:15:29,243 [INFO]   Episode 800/2000, Final Loss: 2.0043
2026-09-13 19:16:08,255 [INFO]   Episode 810/2000, Final Loss: 2.0114
2026-09-13 19:16:46,225 [INFO]   Episode 820/2000, Final Loss: 1.9999
2026-09-13 19:17:24,754 [INFO]   Episode 830/2000, Final Loss: 2.1015
2026-09-13 19:18:05,438 [INFO]   Episode 840/2000, Final Loss: 2.0068
2026-09-13 19:18:46,206 [INFO]   Episode 850/2000, Final Loss: 2.0452
2026-09-13 19:19:27,000 [INFO]   Episode 860/2000, Final Loss: 2.0053
2026-09-13 19:20:07,695 [INFO]   Episode 870/2000, Final Loss: 2.0787
2026-09-13 19:20:47,999 [INFO]   Episode 880/2000, Final Loss: 1.9998
2026-09-13 19:21:27,738 [INFO]   Episode 890/2000, Final Loss: 2.0237
2026-09-13 19:22:08,109 [INFO]   Episode 900/2000, Final Loss: 2.0224
2026-09-13 19:22:49,790 [INFO]   Episode 910/2000, Final Loss: 2.0064
2026-09-13 19:23:31,152 [INFO]   Episode 920/2000, Final Loss: 2.0348
2026-09-13 19:24:12,632 [INFO]   Episode 930/2000, Final Loss: 2.1172
2026-09-13 19:24:54,502 [INFO]   Episode 940/2000, Final Loss: 2.1141
2026-09-13 19:25:36,627 [INFO]   Episode 950/2000, Final Loss: 2.0977
2026-09-13 19:26:18,457 [INFO]   Episode 960/2000, Final Loss: 2.0130
2026-09-13 19:27:00,622 [INFO]   Episode 970/2000, Final Loss: 2.0033
2026-09-13 19:27:42,767 [INFO]   Episode 980/2000, Final Loss: 1.9820
2026-09-13 19:28:24,379 [INFO]   Episode 990/2000, Final Loss: 1.9937
2026-09-13 19:29:05,633 [INFO]   Episode 1000/2000, Final Loss: 2.0579
2026-09-13 19:29:46,308 [INFO]   Episode 1010/2000, Final Loss: 2.0313
2026-09-13 19:30:28,453 [INFO]   Episode 1020/2000, Final Loss: 2.0046
2026-09-13 19:31:10,290 [INFO]   Episode 1030/2000, Final Loss: 2.0206
2026-09-13 19:31:50,558 [INFO]   Episode 1040/2000, Final Loss: 1.9832
2026-09-13 19:32:29,201 [INFO]   Episode 1050/2000, Final Loss: 1.9799
2026-09-13 19:33:07,841 [INFO]   Episode 1060/2000, Final Loss: 2.0304
2026-09-13 19:33:46,640 [INFO]   Episode 1070/2000, Final Loss: 2.0222
2026-09-13 19:34:25,185 [INFO]   Episode 1080/2000, Final Loss: 2.1690
2026-09-13 19:35:03,763 [INFO]   Episode 1090/2000, Final Loss: 2.0828
2026-09-13 19:35:42,525 [INFO]   Episode 1100/2000, Final Loss: 2.0168
2026-09-13 19:36:22,676 [INFO]   Episode 1110/2000, Final Loss: 2.0479
2026-09-13 19:37:02,745 [INFO]   Episode 1120/2000, Final Loss: 1.9839
2026-09-13 19:37:18,230 [INFO] [Query Budget] Reached 3206250/3204460 environment samples at episode 1125; stopping. Breakdown: {'executed': {'calls': 28125, 'samples': 1406250}, 'observational': {'calls': 9000, 'samples': 1800000}, 'total': {'calls': 37125, 'samples': 3206250}}
2026-09-13 19:37:18,370 [INFO]   Done. final_loss=2.0260  elapsed=4574s
2026-09-13 19:37:18,969 [INFO]   [Query Budget] ppo breakdown: {'executed': {'calls': 28125, 'samples': 1406250}, 'observational': {'calls': 9000, 'samples': 1800000}, 'total': {'calls': 37125, 'samples': 3206250}}
2026-09-13 19:37:18,969 [INFO]   Results saved to /scratch/alpine/paco0228/ACE/results/audit_reruns/bf5_baselines/ppo/seed_789
