2026-09-13 18:21:04,617 [INFO] 5-node baseline: method=random seed=123 episodes=2000 query_budget=3204460
2026-09-13 18:21:40,561 [INFO]   Episode 0/2000, Final Loss: 2.1184
2026-09-13 18:22:14,903 [INFO]   Episode 10/2000, Final Loss: 2.1162
2026-09-13 18:22:49,251 [INFO]   Episode 20/2000, Final Loss: 2.1143
2026-09-13 18:23:23,674 [INFO]   Episode 30/2000, Final Loss: 2.1258
2026-09-13 18:23:58,136 [INFO]   Episode 40/2000, Final Loss: 2.1907
2026-09-13 18:24:32,562 [INFO]   Episode 50/2000, Final Loss: 2.1123
2026-09-13 18:25:07,038 [INFO]   Episode 60/2000, Final Loss: 2.1447
2026-09-13 18:25:41,448 [INFO]   Episode 70/2000, Final Loss: 2.1227
2026-09-13 18:26:15,942 [INFO]   Episode 80/2000, Final Loss: 2.2428
2026-09-13 18:26:50,410 [INFO]   Episode 90/2000, Final Loss: 2.1106
2026-09-13 18:27:24,870 [INFO]   Episode 100/2000, Final Loss: 2.2178
2026-09-13 18:27:59,407 [INFO]   Episode 110/2000, Final Loss: 2.1010
2026-09-13 18:28:33,943 [INFO]   Episode 120/2000, Final Loss: 2.0886
2026-09-13 18:29:08,550 [INFO]   Episode 130/2000, Final Loss: 2.1313
2026-09-13 18:29:43,151 [INFO]   Episode 140/2000, Final Loss: 2.1346
2026-09-13 18:30:17,727 [INFO]   Episode 150/2000, Final Loss: 2.0859
2026-09-13 18:30:52,402 [INFO]   Episode 160/2000, Final Loss: 2.0982
2026-09-13 18:31:26,990 [INFO]   Episode 170/2000, Final Loss: 2.1594
2026-09-13 18:32:01,587 [INFO]   Episode 180/2000, Final Loss: 2.1207
2026-09-13 18:32:36,179 [INFO]   Episode 190/2000, Final Loss: 2.0922
2026-09-13 18:33:10,240 [INFO]   Episode 200/2000, Final Loss: 2.1818
2026-09-13 18:33:44,798 [INFO]   Episode 210/2000, Final Loss: 2.1500
2026-09-13 18:34:19,354 [INFO]   Episode 220/2000, Final Loss: 2.1774
2026-09-13 18:34:53,945 [INFO]   Episode 230/2000, Final Loss: 2.1115
2026-09-13 18:35:28,381 [INFO]   Episode 240/2000, Final Loss: 2.0929
2026-09-13 18:36:02,805 [INFO]   Episode 250/2000, Final Loss: 2.1969
2026-09-13 18:36:37,114 [INFO]   Episode 260/2000, Final Loss: 2.2090
2026-09-13 18:37:11,590 [INFO]   Episode 270/2000, Final Loss: 2.0909
2026-09-13 18:37:46,037 [INFO]   Episode 280/2000, Final Loss: 2.1700
2026-09-13 18:38:20,462 [INFO]   Episode 290/2000, Final Loss: 2.0817
2026-09-13 18:38:54,880 [INFO]   Episode 300/2000, Final Loss: 2.0810
2026-09-13 18:39:29,279 [INFO]   Episode 310/2000, Final Loss: 2.2313
2026-09-13 18:40:03,695 [INFO]   Episode 320/2000, Final Loss: 2.1175
2026-09-13 18:40:38,157 [INFO]   Episode 330/2000, Final Loss: 2.1927
2026-09-13 18:41:12,597 [INFO]   Episode 340/2000, Final Loss: 2.2150
2026-09-13 18:41:47,019 [INFO]   Episode 350/2000, Final Loss: 2.1427
2026-09-13 18:42:21,398 [INFO]   Episode 360/2000, Final Loss: 2.1527
2026-09-13 18:42:55,692 [INFO]   Episode 370/2000, Final Loss: 2.0906
2026-09-13 18:43:30,064 [INFO]   Episode 380/2000, Final Loss: 2.1555
2026-09-13 18:44:04,529 [INFO]   Episode 390/2000, Final Loss: 2.0852
2026-09-13 18:44:39,015 [INFO]   Episode 400/2000, Final Loss: 2.1022
2026-09-13 18:45:13,447 [INFO]   Episode 410/2000, Final Loss: 2.1310
2026-09-13 18:45:47,552 [INFO]   Episode 420/2000, Final Loss: 2.0819
2026-09-13 18:46:22,045 [INFO]   Episode 430/2000, Final Loss: 2.1303
2026-09-13 18:46:56,608 [INFO]   Episode 440/2000, Final Loss: 2.0777
2026-09-13 18:47:30,890 [INFO]   Episode 450/2000, Final Loss: 2.0775
2026-09-13 18:48:05,295 [INFO]   Episode 460/2000, Final Loss: 2.1154
2026-09-13 18:48:40,237 [INFO]   Episode 470/2000, Final Loss: 2.1178
2026-09-13 18:49:16,049 [INFO]   Episode 480/2000, Final Loss: 2.1798
2026-09-13 18:49:51,899 [INFO]   Episode 490/2000, Final Loss: 2.0844
2026-09-13 18:50:26,574 [INFO]   Episode 500/2000, Final Loss: 2.1419
2026-09-13 18:51:01,587 [INFO]   Episode 510/2000, Final Loss: 2.1181
2026-09-13 18:51:37,504 [INFO]   Episode 520/2000, Final Loss: 2.1772
2026-09-13 18:52:13,273 [INFO]   Episode 530/2000, Final Loss: 2.1300
2026-09-13 18:52:47,710 [INFO]   Episode 540/2000, Final Loss: 2.1293
2026-09-13 18:53:23,216 [INFO]   Episode 550/2000, Final Loss: 2.1833
2026-09-13 18:53:59,130 [INFO]   Episode 560/2000, Final Loss: 2.1469
2026-09-13 18:54:34,438 [INFO]   Episode 570/2000, Final Loss: 2.1556
2026-09-13 18:55:09,011 [INFO]   Episode 580/2000, Final Loss: 2.1386
2026-09-13 18:55:44,764 [INFO]   Episode 590/2000, Final Loss: 2.2555
2026-09-13 18:56:20,671 [INFO]   Episode 600/2000, Final Loss: 2.1124
2026-09-13 18:56:55,419 [INFO]   Episode 610/2000, Final Loss: 2.1123
2026-09-13 18:57:30,412 [INFO]   Episode 620/2000, Final Loss: 2.1881
2026-09-13 18:58:06,675 [INFO]   Episode 630/2000, Final Loss: 2.0889
2026-09-13 18:58:41,523 [INFO]   Episode 640/2000, Final Loss: 2.1490
2026-09-13 18:59:16,004 [INFO]   Episode 650/2000, Final Loss: 2.1740
2026-09-13 18:59:51,492 [INFO]   Episode 660/2000, Final Loss: 2.1114
2026-09-13 19:00:27,962 [INFO]   Episode 670/2000, Final Loss: 2.1856
2026-09-13 19:01:05,417 [INFO]   Episode 680/2000, Final Loss: 2.1996
2026-09-13 19:01:42,049 [INFO]   Episode 690/2000, Final Loss: 2.1049
2026-09-13 19:02:18,362 [INFO]   Episode 700/2000, Final Loss: 2.1506
2026-09-13 19:02:54,042 [INFO]   Episode 710/2000, Final Loss: 2.1855
2026-09-13 19:03:30,587 [INFO]   Episode 720/2000, Final Loss: 2.1065
2026-09-13 19:04:07,589 [INFO]   Episode 730/2000, Final Loss: 2.1530
2026-09-13 19:04:44,830 [INFO]   Episode 740/2000, Final Loss: 2.1162
2026-09-13 19:05:20,530 [INFO]   Episode 750/2000, Final Loss: 2.1241
2026-09-13 19:05:56,823 [INFO]   Episode 760/2000, Final Loss: 2.0870
2026-09-13 19:06:34,781 [INFO]   Episode 770/2000, Final Loss: 2.1400
2026-09-13 19:07:13,631 [INFO]   Episode 780/2000, Final Loss: 2.1116
2026-09-13 19:07:51,055 [INFO]   Episode 790/2000, Final Loss: 2.1225
2026-09-13 19:08:29,677 [INFO]   Episode 800/2000, Final Loss: 2.1102
2026-09-13 19:09:07,915 [INFO]   Episode 810/2000, Final Loss: 2.2224
2026-09-13 19:09:45,443 [INFO]   Episode 820/2000, Final Loss: 2.1549
2026-09-13 19:10:21,487 [INFO]   Episode 830/2000, Final Loss: 2.1593
2026-09-13 19:10:57,297 [INFO]   Episode 840/2000, Final Loss: 2.0887
2026-09-13 19:11:34,563 [INFO]   Episode 850/2000, Final Loss: 2.1492
2026-09-13 19:12:13,911 [INFO]   Episode 860/2000, Final Loss: 2.0752
2026-09-13 19:12:52,979 [INFO]   Episode 870/2000, Final Loss: 2.2136
2026-09-13 19:13:31,851 [INFO]   Episode 880/2000, Final Loss: 2.2354
2026-09-13 19:14:12,224 [INFO]   Episode 890/2000, Final Loss: 2.1218
2026-09-13 19:14:52,662 [INFO]   Episode 900/2000, Final Loss: 2.1427
2026-09-13 19:15:31,218 [INFO]   Episode 910/2000, Final Loss: 2.1190
2026-09-13 19:16:10,480 [INFO]   Episode 920/2000, Final Loss: 2.0731
2026-09-13 19:16:50,027 [INFO]   Episode 930/2000, Final Loss: 2.1351
2026-09-13 19:17:29,410 [INFO]   Episode 940/2000, Final Loss: 2.1325
2026-09-13 19:18:07,635 [INFO]   Episode 950/2000, Final Loss: 2.2026
2026-09-13 19:18:46,227 [INFO]   Episode 960/2000, Final Loss: 2.1747
2026-09-13 19:19:25,987 [INFO]   Episode 970/2000, Final Loss: 2.1017
2026-09-13 19:20:05,910 [INFO]   Episode 980/2000, Final Loss: 2.0977
2026-09-13 19:20:44,265 [INFO]   Episode 990/2000, Final Loss: 2.1277
2026-09-13 19:21:22,255 [INFO]   Episode 1000/2000, Final Loss: 2.0995
2026-09-13 19:22:01,365 [INFO]   Episode 1010/2000, Final Loss: 2.0828
2026-09-13 19:22:40,989 [INFO]   Episode 1020/2000, Final Loss: 2.0782
2026-09-13 19:23:19,598 [INFO]   Episode 1030/2000, Final Loss: 2.2096
2026-09-13 19:23:57,440 [INFO]   Episode 1040/2000, Final Loss: 2.1211
2026-09-13 19:24:37,291 [INFO]   Episode 1050/2000, Final Loss: 2.1504
2026-09-13 19:25:17,305 [INFO]   Episode 1060/2000, Final Loss: 2.1281
2026-09-13 19:25:54,737 [INFO]   Episode 1070/2000, Final Loss: 2.1170
2026-09-13 19:26:31,806 [INFO]   Episode 1080/2000, Final Loss: 2.1888
2026-09-13 19:27:12,342 [INFO]   Episode 1090/2000, Final Loss: 2.0992
2026-09-13 19:27:53,194 [INFO]   Episode 1100/2000, Final Loss: 2.1254
2026-09-13 19:28:31,982 [INFO]   Episode 1110/2000, Final Loss: 2.1171
2026-09-13 19:29:10,132 [INFO]   Episode 1120/2000, Final Loss: 2.1647
2026-09-13 19:29:25,815 [INFO] [Query Budget] Reached 3206250/3204460 environment samples at episode 1125; stopping. Breakdown: {'executed': {'calls': 28125, 'samples': 1406250}, 'observational': {'calls': 9000, 'samples': 1800000}, 'total': {'calls': 37125, 'samples': 3206250}}
2026-09-13 19:29:26,042 [INFO]   Done. final_loss=2.1702  elapsed=4101s
2026-09-13 19:29:26,822 [INFO]   [Query Budget] random breakdown: {'executed': {'calls': 28125, 'samples': 1406250}, 'observational': {'calls': 9000, 'samples': 1800000}, 'total': {'calls': 37125, 'samples': 3206250}}
2026-09-13 19:29:26,822 [INFO]   Results saved to /scratch/alpine/paco0228/ACE/results/audit_reruns/bf5_baselines/random/seed_123
