2026-09-13 18:21:04,618 [INFO] 5-node baseline: method=random seed=1011 episodes=2000 query_budget=3204460
2026-09-13 18:21:40,732 [INFO]   Episode 0/2000, Final Loss: 2.1042
2026-09-13 18:22:16,204 [INFO]   Episode 10/2000, Final Loss: 2.0591
2026-09-13 18:22:51,693 [INFO]   Episode 20/2000, Final Loss: 2.0608
2026-09-13 18:23:26,701 [INFO]   Episode 30/2000, Final Loss: 2.1533
2026-09-13 18:24:01,501 [INFO]   Episode 40/2000, Final Loss: 2.1528
2026-09-13 18:24:36,297 [INFO]   Episode 50/2000, Final Loss: 2.1497
2026-09-13 18:25:10,924 [INFO]   Episode 60/2000, Final Loss: 2.0849
2026-09-13 18:25:44,840 [INFO]   Episode 70/2000, Final Loss: 2.0985
2026-09-13 18:26:18,781 [INFO]   Episode 80/2000, Final Loss: 2.1141
2026-09-13 18:26:52,679 [INFO]   Episode 90/2000, Final Loss: 2.0612
2026-09-13 18:27:26,610 [INFO]   Episode 100/2000, Final Loss: 2.1714
2026-09-13 18:28:00,482 [INFO]   Episode 110/2000, Final Loss: 2.1129
2026-09-13 18:28:34,396 [INFO]   Episode 120/2000, Final Loss: 2.0536
2026-09-13 18:29:08,304 [INFO]   Episode 130/2000, Final Loss: 2.1518
2026-09-13 18:29:42,280 [INFO]   Episode 140/2000, Final Loss: 2.0853
2026-09-13 18:30:16,226 [INFO]   Episode 150/2000, Final Loss: 2.1633
2026-09-13 18:30:50,192 [INFO]   Episode 160/2000, Final Loss: 2.0505
2026-09-13 18:31:24,156 [INFO]   Episode 170/2000, Final Loss: 2.1203
2026-09-13 18:31:58,111 [INFO]   Episode 180/2000, Final Loss: 2.0987
2026-09-13 18:32:32,074 [INFO]   Episode 190/2000, Final Loss: 2.0919
2026-09-13 18:33:05,990 [INFO]   Episode 200/2000, Final Loss: 2.0923
2026-09-13 18:33:39,748 [INFO]   Episode 210/2000, Final Loss: 2.0676
2026-09-13 18:34:13,020 [INFO]   Episode 220/2000, Final Loss: 2.0783
2026-09-13 18:34:46,124 [INFO]   Episode 230/2000, Final Loss: 2.0760
2026-09-13 18:35:18,923 [INFO]   Episode 240/2000, Final Loss: 2.1340
2026-09-13 18:35:51,760 [INFO]   Episode 250/2000, Final Loss: 2.1588
2026-09-13 18:36:24,559 [INFO]   Episode 260/2000, Final Loss: 2.0592
2026-09-13 18:36:57,406 [INFO]   Episode 270/2000, Final Loss: 2.0755
2026-09-13 18:37:30,234 [INFO]   Episode 280/2000, Final Loss: 2.1889
2026-09-13 18:38:03,025 [INFO]   Episode 290/2000, Final Loss: 2.1154
2026-09-13 18:38:35,894 [INFO]   Episode 300/2000, Final Loss: 2.0997
2026-09-13 18:39:08,691 [INFO]   Episode 310/2000, Final Loss: 2.1800
2026-09-13 18:39:41,491 [INFO]   Episode 320/2000, Final Loss: 2.0938
2026-09-13 18:40:14,290 [INFO]   Episode 330/2000, Final Loss: 2.1153
2026-09-13 18:40:47,097 [INFO]   Episode 340/2000, Final Loss: 2.0744
2026-09-13 18:41:19,885 [INFO]   Episode 350/2000, Final Loss: 2.0529
2026-09-13 18:41:52,642 [INFO]   Episode 360/2000, Final Loss: 2.0761
2026-09-13 18:42:25,540 [INFO]   Episode 370/2000, Final Loss: 2.1296
2026-09-13 18:42:58,778 [INFO]   Episode 380/2000, Final Loss: 2.1285
2026-09-13 18:43:32,332 [INFO]   Episode 390/2000, Final Loss: 2.1944
2026-09-13 18:44:05,839 [INFO]   Episode 400/2000, Final Loss: 2.0491
2026-09-13 18:44:38,641 [INFO]   Episode 410/2000, Final Loss: 2.0555
2026-09-13 18:45:12,270 [INFO]   Episode 420/2000, Final Loss: 2.0961
2026-09-13 18:45:45,923 [INFO]   Episode 430/2000, Final Loss: 2.1732
2026-09-13 18:46:19,543 [INFO]   Episode 440/2000, Final Loss: 2.1275
2026-09-13 18:46:53,181 [INFO]   Episode 450/2000, Final Loss: 2.0802
2026-09-13 18:47:26,796 [INFO]   Episode 460/2000, Final Loss: 2.1338
2026-09-13 18:47:59,811 [INFO]   Episode 470/2000, Final Loss: 2.0633
2026-09-13 18:48:32,463 [INFO]   Episode 480/2000, Final Loss: 2.1849
2026-09-13 18:49:05,232 [INFO]   Episode 490/2000, Final Loss: 2.0951
2026-09-13 18:49:39,160 [INFO]   Episode 500/2000, Final Loss: 2.0774
2026-09-13 18:50:13,129 [INFO]   Episode 510/2000, Final Loss: 2.0801
2026-09-13 18:50:46,828 [INFO]   Episode 520/2000, Final Loss: 2.1719
2026-09-13 18:51:19,566 [INFO]   Episode 530/2000, Final Loss: 2.0912
2026-09-13 18:51:53,504 [INFO]   Episode 540/2000, Final Loss: 2.1571
2026-09-13 18:52:28,080 [INFO]   Episode 550/2000, Final Loss: 2.1325
2026-09-13 18:53:01,934 [INFO]   Episode 560/2000, Final Loss: 2.1013
2026-09-13 18:53:34,821 [INFO]   Episode 570/2000, Final Loss: 2.1860
2026-09-13 18:54:09,149 [INFO]   Episode 580/2000, Final Loss: 2.1371
2026-09-13 18:54:43,706 [INFO]   Episode 590/2000, Final Loss: 2.1788
2026-09-13 18:55:17,197 [INFO]   Episode 600/2000, Final Loss: 2.0620
2026-09-13 18:55:50,030 [INFO]   Episode 610/2000, Final Loss: 2.1351
2026-09-13 18:56:24,442 [INFO]   Episode 620/2000, Final Loss: 2.1857
2026-09-13 18:56:59,078 [INFO]   Episode 630/2000, Final Loss: 2.1643
2026-09-13 18:57:32,575 [INFO]   Episode 640/2000, Final Loss: 2.1513
2026-09-13 18:58:05,718 [INFO]   Episode 650/2000, Final Loss: 2.1913
2026-09-13 18:58:40,158 [INFO]   Episode 660/2000, Final Loss: 2.1485
2026-09-13 18:59:14,783 [INFO]   Episode 670/2000, Final Loss: 2.1279
2026-09-13 18:59:47,857 [INFO]   Episode 680/2000, Final Loss: 2.0790
2026-09-13 19:00:21,338 [INFO]   Episode 690/2000, Final Loss: 2.1676
2026-09-13 19:00:55,918 [INFO]   Episode 700/2000, Final Loss: 2.0762
2026-09-13 19:01:30,373 [INFO]   Episode 710/2000, Final Loss: 2.1421
2026-09-13 19:02:03,183 [INFO]   Episode 720/2000, Final Loss: 2.1421
2026-09-13 19:02:37,006 [INFO]   Episode 730/2000, Final Loss: 2.1881
2026-09-13 19:03:11,654 [INFO]   Episode 740/2000, Final Loss: 2.0514
2026-09-13 19:03:45,876 [INFO]   Episode 750/2000, Final Loss: 2.0689
2026-09-13 19:04:18,632 [INFO]   Episode 760/2000, Final Loss: 2.1314
2026-09-13 19:04:53,058 [INFO]   Episode 770/2000, Final Loss: 2.0860
2026-09-13 19:05:27,750 [INFO]   Episode 780/2000, Final Loss: 2.1766
2026-09-13 19:06:01,477 [INFO]   Episode 790/2000, Final Loss: 2.0735
2026-09-13 19:06:34,438 [INFO]   Episode 800/2000, Final Loss: 2.1272
2026-09-13 19:07:08,980 [INFO]   Episode 810/2000, Final Loss: 2.0949
2026-09-13 19:07:43,680 [INFO]   Episode 820/2000, Final Loss: 2.1525
2026-09-13 19:08:17,077 [INFO]   Episode 830/2000, Final Loss: 2.1304
2026-09-13 19:08:50,166 [INFO]   Episode 840/2000, Final Loss: 2.2045
2026-09-13 19:09:24,776 [INFO]   Episode 850/2000, Final Loss: 2.1258
2026-09-13 19:09:59,410 [INFO]   Episode 860/2000, Final Loss: 2.1879
2026-09-13 19:10:32,479 [INFO]   Episode 870/2000, Final Loss: 2.1555
2026-09-13 19:11:05,520 [INFO]   Episode 880/2000, Final Loss: 2.1118
2026-09-13 19:11:40,006 [INFO]   Episode 890/2000, Final Loss: 2.1431
2026-09-13 19:12:14,613 [INFO]   Episode 900/2000, Final Loss: 2.0843
2026-09-13 19:12:47,910 [INFO]   Episode 910/2000, Final Loss: 2.1658
2026-09-13 19:13:20,708 [INFO]   Episode 920/2000, Final Loss: 2.1431
2026-09-13 19:13:54,944 [INFO]   Episode 930/2000, Final Loss: 2.1928
2026-09-13 19:14:29,426 [INFO]   Episode 940/2000, Final Loss: 2.0916
2026-09-13 19:15:03,148 [INFO]   Episode 950/2000, Final Loss: 2.1692
2026-09-13 19:15:35,856 [INFO]   Episode 960/2000, Final Loss: 2.0785
2026-09-13 19:16:10,246 [INFO]   Episode 970/2000, Final Loss: 2.1787
2026-09-13 19:16:44,812 [INFO]   Episode 980/2000, Final Loss: 2.1590
2026-09-13 19:17:18,425 [INFO]   Episode 990/2000, Final Loss: 2.0932
2026-09-13 19:17:51,333 [INFO]   Episode 1000/2000, Final Loss: 2.1449
2026-09-13 19:18:25,779 [INFO]   Episode 1010/2000, Final Loss: 2.1161
2026-09-13 19:19:00,295 [INFO]   Episode 1020/2000, Final Loss: 2.0897
2026-09-13 19:19:33,901 [INFO]   Episode 1030/2000, Final Loss: 2.0677
2026-09-13 19:20:06,837 [INFO]   Episode 1040/2000, Final Loss: 2.0545
2026-09-13 19:20:41,150 [INFO]   Episode 1050/2000, Final Loss: 2.1157
2026-09-13 19:21:15,734 [INFO]   Episode 1060/2000, Final Loss: 2.1265
2026-09-13 19:21:49,246 [INFO]   Episode 1070/2000, Final Loss: 2.1746
2026-09-13 19:22:22,185 [INFO]   Episode 1080/2000, Final Loss: 2.1626
2026-09-13 19:22:56,671 [INFO]   Episode 1090/2000, Final Loss: 2.1309
2026-09-13 19:23:31,295 [INFO]   Episode 1100/2000, Final Loss: 2.1745
2026-09-13 19:24:04,698 [INFO]   Episode 1110/2000, Final Loss: 2.0584
2026-09-13 19:24:37,728 [INFO]   Episode 1120/2000, Final Loss: 2.1564
2026-09-13 19:24:51,433 [INFO] [Query Budget] Reached 3206250/3204460 environment samples at episode 1125; stopping. Breakdown: {'executed': {'calls': 28125, 'samples': 1406250}, 'observational': {'calls': 9000, 'samples': 1800000}, 'total': {'calls': 37125, 'samples': 3206250}}
2026-09-13 19:24:51,553 [INFO]   Done. final_loss=2.0954  elapsed=3827s
2026-09-13 19:24:53,395 [INFO]   [Query Budget] random breakdown: {'executed': {'calls': 28125, 'samples': 1406250}, 'observational': {'calls': 9000, 'samples': 1800000}, 'total': {'calls': 37125, 'samples': 3206250}}
2026-09-13 19:24:53,395 [INFO]   Results saved to /scratch/alpine/paco0228/ACE/results/audit_reruns/bf5_baselines/random/seed_1011
