2026-09-13 18:21:04,618 [INFO] 5-node baseline: method=random seed=789 episodes=2000 query_budget=3204460
2026-09-13 18:21:41,492 [INFO]   Episode 0/2000, Final Loss: 1.9917
2026-09-13 18:22:28,608 [INFO]   Episode 10/2000, Final Loss: 2.0427
2026-09-13 18:23:11,700 [INFO]   Episode 20/2000, Final Loss: 2.0209
2026-09-13 18:23:50,588 [INFO]   Episode 30/2000, Final Loss: 2.0325
2026-09-13 18:24:28,538 [INFO]   Episode 40/2000, Final Loss: 2.0325
2026-09-13 18:25:04,561 [INFO]   Episode 50/2000, Final Loss: 2.1270
2026-09-13 18:25:39,007 [INFO]   Episode 60/2000, Final Loss: 2.0039
2026-09-13 18:26:13,283 [INFO]   Episode 70/2000, Final Loss: 2.0139
2026-09-13 18:26:47,580 [INFO]   Episode 80/2000, Final Loss: 1.9924
2026-09-13 18:27:21,937 [INFO]   Episode 90/2000, Final Loss: 2.1308
2026-09-13 18:27:56,382 [INFO]   Episode 100/2000, Final Loss: 2.0149
2026-09-13 18:28:30,812 [INFO]   Episode 110/2000, Final Loss: 2.0824
2026-09-13 18:29:05,290 [INFO]   Episode 120/2000, Final Loss: 2.0523
2026-09-13 18:29:39,743 [INFO]   Episode 130/2000, Final Loss: 2.1143
2026-09-13 18:30:14,168 [INFO]   Episode 140/2000, Final Loss: 2.1194
2026-09-13 18:30:48,642 [INFO]   Episode 150/2000, Final Loss: 2.0874
2026-09-13 18:31:23,124 [INFO]   Episode 160/2000, Final Loss: 2.0210
2026-09-13 18:31:57,681 [INFO]   Episode 170/2000, Final Loss: 2.0517
2026-09-13 18:32:32,238 [INFO]   Episode 180/2000, Final Loss: 2.0965
2026-09-13 18:33:06,770 [INFO]   Episode 190/2000, Final Loss: 1.9959
2026-09-13 18:33:41,212 [INFO]   Episode 200/2000, Final Loss: 2.0317
2026-09-13 18:34:15,654 [INFO]   Episode 210/2000, Final Loss: 2.0179
2026-09-13 18:34:50,181 [INFO]   Episode 220/2000, Final Loss: 2.0721
2026-09-13 18:35:24,648 [INFO]   Episode 230/2000, Final Loss: 1.9819
2026-09-13 18:35:59,097 [INFO]   Episode 240/2000, Final Loss: 2.0340
2026-09-13 18:36:33,586 [INFO]   Episode 250/2000, Final Loss: 2.0333
2026-09-13 18:37:08,089 [INFO]   Episode 260/2000, Final Loss: 2.1106
2026-09-13 18:37:42,602 [INFO]   Episode 270/2000, Final Loss: 2.0003
2026-09-13 18:38:17,032 [INFO]   Episode 280/2000, Final Loss: 1.9950
2026-09-13 18:38:51,502 [INFO]   Episode 290/2000, Final Loss: 2.0077
2026-09-13 18:39:25,992 [INFO]   Episode 300/2000, Final Loss: 2.0415
2026-09-13 18:40:00,449 [INFO]   Episode 310/2000, Final Loss: 2.0127
2026-09-13 18:40:34,730 [INFO]   Episode 320/2000, Final Loss: 1.9961
2026-09-13 18:41:08,614 [INFO]   Episode 330/2000, Final Loss: 1.9980
2026-09-13 18:41:42,304 [INFO]   Episode 340/2000, Final Loss: 1.9904
2026-09-13 18:42:15,947 [INFO]   Episode 350/2000, Final Loss: 2.1098
2026-09-13 18:42:49,728 [INFO]   Episode 360/2000, Final Loss: 2.0583
2026-09-13 18:43:23,818 [INFO]   Episode 370/2000, Final Loss: 2.0144
2026-09-13 18:43:57,966 [INFO]   Episode 380/2000, Final Loss: 1.9874
2026-09-13 18:44:31,690 [INFO]   Episode 390/2000, Final Loss: 2.1238
2026-09-13 18:45:05,826 [INFO]   Episode 400/2000, Final Loss: 2.0223
2026-09-13 18:45:40,039 [INFO]   Episode 410/2000, Final Loss: 1.9964
2026-09-13 18:46:14,275 [INFO]   Episode 420/2000, Final Loss: 2.0186
2026-09-13 18:46:48,544 [INFO]   Episode 430/2000, Final Loss: 2.1358
2026-09-13 18:47:22,774 [INFO]   Episode 440/2000, Final Loss: 2.0171
2026-09-13 18:47:56,683 [INFO]   Episode 450/2000, Final Loss: 1.9981
2026-09-13 18:48:30,300 [INFO]   Episode 460/2000, Final Loss: 2.0319
2026-09-13 18:49:03,916 [INFO]   Episode 470/2000, Final Loss: 2.0019
2026-09-13 18:49:38,622 [INFO]   Episode 480/2000, Final Loss: 2.0099
2026-09-13 18:50:13,962 [INFO]   Episode 490/2000, Final Loss: 2.0315
2026-09-13 18:50:50,032 [INFO]   Episode 500/2000, Final Loss: 2.0570
2026-09-13 18:51:23,632 [INFO]   Episode 510/2000, Final Loss: 2.0352
2026-09-13 18:51:58,684 [INFO]   Episode 520/2000, Final Loss: 2.1509
2026-09-13 18:52:33,995 [INFO]   Episode 530/2000, Final Loss: 1.9871
2026-09-13 18:53:08,259 [INFO]   Episode 540/2000, Final Loss: 2.0080
2026-09-13 18:53:42,277 [INFO]   Episode 550/2000, Final Loss: 2.0694
2026-09-13 18:54:17,440 [INFO]   Episode 560/2000, Final Loss: 2.0497
2026-09-13 18:54:52,776 [INFO]   Episode 570/2000, Final Loss: 2.0036
2026-09-13 18:55:26,544 [INFO]   Episode 580/2000, Final Loss: 2.0696
2026-09-13 18:56:00,568 [INFO]   Episode 590/2000, Final Loss: 1.9854
2026-09-13 18:56:35,903 [INFO]   Episode 600/2000, Final Loss: 2.0227
2026-09-13 18:57:11,155 [INFO]   Episode 610/2000, Final Loss: 2.0893
2026-09-13 18:57:44,859 [INFO]   Episode 620/2000, Final Loss: 2.0025
2026-09-13 18:58:19,471 [INFO]   Episode 630/2000, Final Loss: 2.1080
2026-09-13 18:58:54,739 [INFO]   Episode 640/2000, Final Loss: 2.0190
2026-09-13 18:59:29,555 [INFO]   Episode 650/2000, Final Loss: 2.0024
2026-09-13 19:00:03,145 [INFO]   Episode 660/2000, Final Loss: 2.0162
2026-09-13 19:00:38,314 [INFO]   Episode 670/2000, Final Loss: 2.0130
2026-09-13 19:01:13,708 [INFO]   Episode 680/2000, Final Loss: 1.9996
2026-09-13 19:01:47,959 [INFO]   Episode 690/2000, Final Loss: 1.9997
2026-09-13 19:02:21,752 [INFO]   Episode 700/2000, Final Loss: 2.0295
2026-09-13 19:02:57,060 [INFO]   Episode 710/2000, Final Loss: 2.0105
2026-09-13 19:03:32,439 [INFO]   Episode 720/2000, Final Loss: 1.9803
2026-09-13 19:04:06,323 [INFO]   Episode 730/2000, Final Loss: 2.1240
2026-09-13 19:04:40,781 [INFO]   Episode 740/2000, Final Loss: 2.0029
2026-09-13 19:05:16,195 [INFO]   Episode 750/2000, Final Loss: 2.0251
2026-09-13 19:05:51,220 [INFO]   Episode 760/2000, Final Loss: 2.0116
2026-09-13 19:06:24,846 [INFO]   Episode 770/2000, Final Loss: 2.0023
2026-09-13 19:06:59,775 [INFO]   Episode 780/2000, Final Loss: 2.0103
2026-09-13 19:07:35,106 [INFO]   Episode 790/2000, Final Loss: 2.0118
2026-09-13 19:08:09,580 [INFO]   Episode 800/2000, Final Loss: 2.0862
2026-09-13 19:08:43,252 [INFO]   Episode 810/2000, Final Loss: 1.9993
2026-09-13 19:09:18,266 [INFO]   Episode 820/2000, Final Loss: 1.9910
2026-09-13 19:09:53,599 [INFO]   Episode 830/2000, Final Loss: 2.1065
2026-09-13 19:10:27,681 [INFO]   Episode 840/2000, Final Loss: 2.0952
2026-09-13 19:11:01,354 [INFO]   Episode 850/2000, Final Loss: 2.0013
2026-09-13 19:11:36,618 [INFO]   Episode 860/2000, Final Loss: 2.0197
2026-09-13 19:12:11,923 [INFO]   Episode 870/2000, Final Loss: 2.0432
2026-09-13 19:12:46,115 [INFO]   Episode 880/2000, Final Loss: 2.1094
2026-09-13 19:13:19,762 [INFO]   Episode 890/2000, Final Loss: 2.0039
2026-09-13 19:13:54,728 [INFO]   Episode 900/2000, Final Loss: 2.0365
2026-09-13 19:14:29,955 [INFO]   Episode 910/2000, Final Loss: 2.0192
2026-09-13 19:15:04,387 [INFO]   Episode 920/2000, Final Loss: 2.0426
2026-09-13 19:15:38,134 [INFO]   Episode 930/2000, Final Loss: 2.0038
2026-09-13 19:16:13,340 [INFO]   Episode 940/2000, Final Loss: 2.0243
2026-09-13 19:16:48,672 [INFO]   Episode 950/2000, Final Loss: 1.9963
2026-09-13 19:17:22,922 [INFO]   Episode 960/2000, Final Loss: 1.9959
2026-09-13 19:17:56,743 [INFO]   Episode 970/2000, Final Loss: 2.0024
2026-09-13 19:18:32,103 [INFO]   Episode 980/2000, Final Loss: 2.0579
2026-09-13 19:19:07,344 [INFO]   Episode 990/2000, Final Loss: 2.0067
2026-09-13 19:19:41,386 [INFO]   Episode 1000/2000, Final Loss: 2.0665
2026-09-13 19:20:15,389 [INFO]   Episode 1010/2000, Final Loss: 2.0477
2026-09-13 19:20:50,707 [INFO]   Episode 1020/2000, Final Loss: 1.9949
2026-09-13 19:21:26,050 [INFO]   Episode 1030/2000, Final Loss: 2.1658
2026-09-13 19:21:59,951 [INFO]   Episode 1040/2000, Final Loss: 2.0110
2026-09-13 19:22:34,283 [INFO]   Episode 1050/2000, Final Loss: 2.0315
2026-09-13 19:23:09,604 [INFO]   Episode 1060/2000, Final Loss: 1.9859
2026-09-13 19:23:44,898 [INFO]   Episode 1070/2000, Final Loss: 2.0499
2026-09-13 19:24:18,542 [INFO]   Episode 1080/2000, Final Loss: 2.0855
2026-09-13 19:24:53,043 [INFO]   Episode 1090/2000, Final Loss: 2.0186
2026-09-13 19:25:27,866 [INFO]   Episode 1100/2000, Final Loss: 2.0289
2026-09-13 19:26:02,312 [INFO]   Episode 1110/2000, Final Loss: 1.9865
2026-09-13 19:26:35,998 [INFO]   Episode 1120/2000, Final Loss: 1.9785
2026-09-13 19:26:49,766 [INFO] [Query Budget] Reached 3206250/3204460 environment samples at episode 1125; stopping. Breakdown: {'executed': {'calls': 28125, 'samples': 1406250}, 'observational': {'calls': 9000, 'samples': 1800000}, 'total': {'calls': 37125, 'samples': 3206250}}
2026-09-13 19:26:49,890 [INFO]   Done. final_loss=2.0596  elapsed=3945s
2026-09-13 19:26:50,440 [INFO]   [Query Budget] random breakdown: {'executed': {'calls': 28125, 'samples': 1406250}, 'observational': {'calls': 9000, 'samples': 1800000}, 'total': {'calls': 37125, 'samples': 3206250}}
2026-09-13 19:26:50,440 [INFO]   Results saved to /scratch/alpine/paco0228/ACE/results/audit_reruns/bf5_baselines/random/seed_789
