2026-09-13 18:21:04,617 [INFO] 5-node baseline: method=random seed=456 episodes=2000 query_budget=3204460
2026-09-13 18:21:41,141 [INFO]   Episode 0/2000, Final Loss: 2.0754
2026-09-13 18:22:15,311 [INFO]   Episode 10/2000, Final Loss: 2.0196
2026-09-13 18:22:49,538 [INFO]   Episode 20/2000, Final Loss: 2.0477
2026-09-13 18:23:23,710 [INFO]   Episode 30/2000, Final Loss: 2.0474
2026-09-13 18:23:57,733 [INFO]   Episode 40/2000, Final Loss: 2.0559
2026-09-13 18:24:32,040 [INFO]   Episode 50/2000, Final Loss: 2.0636
2026-09-13 18:25:06,381 [INFO]   Episode 60/2000, Final Loss: 2.0863
2026-09-13 18:25:40,734 [INFO]   Episode 70/2000, Final Loss: 2.0414
2026-09-13 18:26:15,110 [INFO]   Episode 80/2000, Final Loss: 2.1043
2026-09-13 18:26:49,551 [INFO]   Episode 90/2000, Final Loss: 2.0517
2026-09-13 18:27:24,002 [INFO]   Episode 100/2000, Final Loss: 2.0138
2026-09-13 18:27:58,276 [INFO]   Episode 110/2000, Final Loss: 2.0403
2026-09-13 18:28:32,588 [INFO]   Episode 120/2000, Final Loss: 2.0487
2026-09-13 18:29:07,140 [INFO]   Episode 130/2000, Final Loss: 2.1251
2026-09-13 18:29:41,675 [INFO]   Episode 140/2000, Final Loss: 2.0414
2026-09-13 18:30:16,029 [INFO]   Episode 150/2000, Final Loss: 2.0373
2026-09-13 18:30:50,251 [INFO]   Episode 160/2000, Final Loss: 2.0709
2026-09-13 18:31:24,488 [INFO]   Episode 170/2000, Final Loss: 2.1148
2026-09-13 18:31:58,898 [INFO]   Episode 180/2000, Final Loss: 2.0081
2026-09-13 18:32:33,404 [INFO]   Episode 190/2000, Final Loss: 2.0163
2026-09-13 18:33:07,964 [INFO]   Episode 200/2000, Final Loss: 2.0448
2026-09-13 18:33:42,489 [INFO]   Episode 210/2000, Final Loss: 2.0760
2026-09-13 18:34:16,940 [INFO]   Episode 220/2000, Final Loss: 2.1510
2026-09-13 18:34:51,474 [INFO]   Episode 230/2000, Final Loss: 2.1422
2026-09-13 18:35:26,019 [INFO]   Episode 240/2000, Final Loss: 2.0493
2026-09-13 18:36:00,530 [INFO]   Episode 250/2000, Final Loss: 2.1363
2026-09-13 18:36:34,869 [INFO]   Episode 260/2000, Final Loss: 2.1518
2026-09-13 18:37:08,977 [INFO]   Episode 270/2000, Final Loss: 2.0681
2026-09-13 18:37:43,139 [INFO]   Episode 280/2000, Final Loss: 2.0798
2026-09-13 18:38:17,279 [INFO]   Episode 290/2000, Final Loss: 2.1549
2026-09-13 18:38:51,380 [INFO]   Episode 300/2000, Final Loss: 2.1820
2026-09-13 18:39:25,539 [INFO]   Episode 310/2000, Final Loss: 2.0746
2026-09-13 18:39:59,653 [INFO]   Episode 320/2000, Final Loss: 2.0473
2026-09-13 18:40:33,725 [INFO]   Episode 330/2000, Final Loss: 2.0989
2026-09-13 18:41:07,807 [INFO]   Episode 340/2000, Final Loss: 2.0217
2026-09-13 18:41:41,824 [INFO]   Episode 350/2000, Final Loss: 2.0370
2026-09-13 18:42:16,041 [INFO]   Episode 360/2000, Final Loss: 2.0543
2026-09-13 18:42:50,499 [INFO]   Episode 370/2000, Final Loss: 2.1007
2026-09-13 18:43:24,974 [INFO]   Episode 380/2000, Final Loss: 2.0724
2026-09-13 18:43:59,482 [INFO]   Episode 390/2000, Final Loss: 2.1904
2026-09-13 18:44:33,717 [INFO]   Episode 400/2000, Final Loss: 2.0813
2026-09-13 18:45:08,053 [INFO]   Episode 410/2000, Final Loss: 2.0908
2026-09-13 18:45:42,558 [INFO]   Episode 420/2000, Final Loss: 2.1041
2026-09-13 18:46:17,096 [INFO]   Episode 430/2000, Final Loss: 2.1046
2026-09-13 18:46:51,580 [INFO]   Episode 440/2000, Final Loss: 2.0153
2026-09-13 18:47:26,057 [INFO]   Episode 450/2000, Final Loss: 2.0931
2026-09-13 18:48:00,472 [INFO]   Episode 460/2000, Final Loss: 2.0920
2026-09-13 18:48:34,876 [INFO]   Episode 470/2000, Final Loss: 2.2090
2026-09-13 18:49:09,274 [INFO]   Episode 480/2000, Final Loss: 2.0775
2026-09-13 18:49:43,668 [INFO]   Episode 490/2000, Final Loss: 2.0680
2026-09-13 18:50:18,013 [INFO]   Episode 500/2000, Final Loss: 2.0676
2026-09-13 18:50:52,318 [INFO]   Episode 510/2000, Final Loss: 2.0216
2026-09-13 18:51:26,902 [INFO]   Episode 520/2000, Final Loss: 2.1396
2026-09-13 18:52:01,910 [INFO]   Episode 530/2000, Final Loss: 2.0582
2026-09-13 18:52:36,691 [INFO]   Episode 540/2000, Final Loss: 2.0754
2026-09-13 18:53:11,492 [INFO]   Episode 550/2000, Final Loss: 2.1561
2026-09-13 18:53:46,767 [INFO]   Episode 560/2000, Final Loss: 2.0819
2026-09-13 18:54:22,112 [INFO]   Episode 570/2000, Final Loss: 2.0347
2026-09-13 18:54:57,430 [INFO]   Episode 580/2000, Final Loss: 2.0615
2026-09-13 18:55:32,325 [INFO]   Episode 590/2000, Final Loss: 2.0692
2026-09-13 18:56:07,730 [INFO]   Episode 600/2000, Final Loss: 2.1089
2026-09-13 18:56:42,870 [INFO]   Episode 610/2000, Final Loss: 2.0525
2026-09-13 18:57:18,183 [INFO]   Episode 620/2000, Final Loss: 2.0777
2026-09-13 18:57:53,094 [INFO]   Episode 630/2000, Final Loss: 2.0641
2026-09-13 18:58:28,575 [INFO]   Episode 640/2000, Final Loss: 2.0925
2026-09-13 18:59:03,934 [INFO]   Episode 650/2000, Final Loss: 2.1136
2026-09-13 18:59:39,174 [INFO]   Episode 660/2000, Final Loss: 2.0826
2026-09-13 19:00:14,498 [INFO]   Episode 670/2000, Final Loss: 2.1086
2026-09-13 19:00:49,753 [INFO]   Episode 680/2000, Final Loss: 2.0828
2026-09-13 19:01:25,583 [INFO]   Episode 690/2000, Final Loss: 2.1384
2026-09-13 19:02:00,963 [INFO]   Episode 700/2000, Final Loss: 2.0278
2026-09-13 19:02:36,885 [INFO]   Episode 710/2000, Final Loss: 2.0869
2026-09-13 19:03:11,959 [INFO]   Episode 720/2000, Final Loss: 2.0616
2026-09-13 19:03:47,283 [INFO]   Episode 730/2000, Final Loss: 2.1482
2026-09-13 19:04:22,778 [INFO]   Episode 740/2000, Final Loss: 2.0523
2026-09-13 19:04:58,389 [INFO]   Episode 750/2000, Final Loss: 2.1239
2026-09-13 19:05:33,567 [INFO]   Episode 760/2000, Final Loss: 2.1281
2026-09-13 19:06:08,586 [INFO]   Episode 770/2000, Final Loss: 2.0492
2026-09-13 19:06:44,388 [INFO]   Episode 780/2000, Final Loss: 2.0676
2026-09-13 19:07:19,803 [INFO]   Episode 790/2000, Final Loss: 2.0525
2026-09-13 19:07:54,716 [INFO]   Episode 800/2000, Final Loss: 2.0736
2026-09-13 19:08:29,522 [INFO]   Episode 810/2000, Final Loss: 2.1251
2026-09-13 19:09:05,698 [INFO]   Episode 820/2000, Final Loss: 2.1054
2026-09-13 19:09:41,174 [INFO]   Episode 830/2000, Final Loss: 2.0627
2026-09-13 19:10:15,695 [INFO]   Episode 840/2000, Final Loss: 2.0871
2026-09-13 19:10:50,228 [INFO]   Episode 850/2000, Final Loss: 2.0216
2026-09-13 19:11:26,220 [INFO]   Episode 860/2000, Final Loss: 2.1130
2026-09-13 19:12:01,818 [INFO]   Episode 870/2000, Final Loss: 2.0475
2026-09-13 19:12:36,104 [INFO]   Episode 880/2000, Final Loss: 2.0779
2026-09-13 19:13:11,109 [INFO]   Episode 890/2000, Final Loss: 2.0347
2026-09-13 19:13:47,515 [INFO]   Episode 900/2000, Final Loss: 2.1533
2026-09-13 19:14:22,943 [INFO]   Episode 910/2000, Final Loss: 2.0580
2026-09-13 19:14:56,846 [INFO]   Episode 920/2000, Final Loss: 2.0240
2026-09-13 19:15:32,175 [INFO]   Episode 930/2000, Final Loss: 2.0758
2026-09-13 19:16:08,493 [INFO]   Episode 940/2000, Final Loss: 2.0601
2026-09-13 19:16:44,012 [INFO]   Episode 950/2000, Final Loss: 2.0558
2026-09-13 19:17:17,923 [INFO]   Episode 960/2000, Final Loss: 2.0505
2026-09-13 19:17:53,519 [INFO]   Episode 970/2000, Final Loss: 2.0666
2026-09-13 19:18:29,957 [INFO]   Episode 980/2000, Final Loss: 2.0891
2026-09-13 19:19:05,380 [INFO]   Episode 990/2000, Final Loss: 2.1324
2026-09-13 19:19:39,167 [INFO]   Episode 1000/2000, Final Loss: 2.0152
2026-09-13 19:20:14,680 [INFO]   Episode 1010/2000, Final Loss: 2.1151
2026-09-13 19:20:51,055 [INFO]   Episode 1020/2000, Final Loss: 2.0121
2026-09-13 19:21:26,450 [INFO]   Episode 1030/2000, Final Loss: 2.1217
2026-09-13 19:22:00,402 [INFO]   Episode 1040/2000, Final Loss: 2.0120
2026-09-13 19:22:36,457 [INFO]   Episode 1050/2000, Final Loss: 2.0329
2026-09-13 19:23:12,948 [INFO]   Episode 1060/2000, Final Loss: 2.1463
2026-09-13 19:23:47,765 [INFO]   Episode 1070/2000, Final Loss: 2.0187
2026-09-13 19:24:21,887 [INFO]   Episode 1080/2000, Final Loss: 2.0561
2026-09-13 19:24:57,882 [INFO]   Episode 1090/2000, Final Loss: 2.0219
2026-09-13 19:25:34,399 [INFO]   Episode 1100/2000, Final Loss: 2.0129
2026-09-13 19:26:09,100 [INFO]   Episode 1110/2000, Final Loss: 2.1052
2026-09-13 19:26:43,648 [INFO]   Episode 1120/2000, Final Loss: 2.0263
2026-09-13 19:26:57,974 [INFO] [Query Budget] Reached 3206250/3204460 environment samples at episode 1125; stopping. Breakdown: {'executed': {'calls': 28125, 'samples': 1406250}, 'observational': {'calls': 9000, 'samples': 1800000}, 'total': {'calls': 37125, 'samples': 3206250}}
2026-09-13 19:26:58,100 [INFO]   Done. final_loss=2.0760  elapsed=3953s
2026-09-13 19:26:58,827 [INFO]   [Query Budget] random breakdown: {'executed': {'calls': 28125, 'samples': 1406250}, 'observational': {'calls': 9000, 'samples': 1800000}, 'total': {'calls': 37125, 'samples': 3206250}}
2026-09-13 19:26:58,827 [INFO]   Results saved to /scratch/alpine/paco0228/ACE/results/audit_reruns/bf5_baselines/random/seed_456
