2026-09-13 18:21:04,614 [INFO] 5-node baseline: method=random seed=42 episodes=2000 query_budget=3204460
2026-09-13 18:21:40,483 [INFO]   Episode 0/2000, Final Loss: 1.9675
2026-09-13 18:22:13,782 [INFO]   Episode 10/2000, Final Loss: 1.9665
2026-09-13 18:22:47,137 [INFO]   Episode 20/2000, Final Loss: 1.9402
2026-09-13 18:23:20,476 [INFO]   Episode 30/2000, Final Loss: 2.0140
2026-09-13 18:23:53,763 [INFO]   Episode 40/2000, Final Loss: 1.9765
2026-09-13 18:24:27,194 [INFO]   Episode 50/2000, Final Loss: 1.9339
2026-09-13 18:25:00,617 [INFO]   Episode 60/2000, Final Loss: 1.9721
2026-09-13 18:25:34,147 [INFO]   Episode 70/2000, Final Loss: 2.0487
2026-09-13 18:26:07,728 [INFO]   Episode 80/2000, Final Loss: 1.9408
2026-09-13 18:26:41,377 [INFO]   Episode 90/2000, Final Loss: 1.9611
2026-09-13 18:27:15,037 [INFO]   Episode 100/2000, Final Loss: 2.1108
2026-09-13 18:27:48,644 [INFO]   Episode 110/2000, Final Loss: 1.9614
2026-09-13 18:28:22,220 [INFO]   Episode 120/2000, Final Loss: 1.9782
2026-09-13 18:28:55,878 [INFO]   Episode 130/2000, Final Loss: 2.0371
2026-09-13 18:29:29,501 [INFO]   Episode 140/2000, Final Loss: 2.0278
2026-09-13 18:30:03,138 [INFO]   Episode 150/2000, Final Loss: 1.9767
2026-09-13 18:30:36,848 [INFO]   Episode 160/2000, Final Loss: 2.0104
2026-09-13 18:31:10,553 [INFO]   Episode 170/2000, Final Loss: 1.9317
2026-09-13 18:31:44,245 [INFO]   Episode 180/2000, Final Loss: 1.9522
2026-09-13 18:32:17,941 [INFO]   Episode 190/2000, Final Loss: 1.9625
2026-09-13 18:32:51,635 [INFO]   Episode 200/2000, Final Loss: 1.9816
2026-09-13 18:33:25,310 [INFO]   Episode 210/2000, Final Loss: 1.9348
2026-09-13 18:33:58,966 [INFO]   Episode 220/2000, Final Loss: 2.0298
2026-09-13 18:34:32,634 [INFO]   Episode 230/2000, Final Loss: 2.0566
2026-09-13 18:35:06,272 [INFO]   Episode 240/2000, Final Loss: 1.9709
2026-09-13 18:35:39,912 [INFO]   Episode 250/2000, Final Loss: 2.0352
2026-09-13 18:36:13,496 [INFO]   Episode 260/2000, Final Loss: 1.9609
2026-09-13 18:36:47,135 [INFO]   Episode 270/2000, Final Loss: 2.0767
2026-09-13 18:37:20,774 [INFO]   Episode 280/2000, Final Loss: 1.9783
2026-09-13 18:37:54,409 [INFO]   Episode 290/2000, Final Loss: 2.0337
2026-09-13 18:38:28,036 [INFO]   Episode 300/2000, Final Loss: 2.0667
2026-09-13 18:39:01,652 [INFO]   Episode 310/2000, Final Loss: 1.9650
2026-09-13 18:39:35,309 [INFO]   Episode 320/2000, Final Loss: 2.1604
2026-09-13 18:40:08,878 [INFO]   Episode 330/2000, Final Loss: 2.0516
2026-09-13 18:40:42,459 [INFO]   Episode 340/2000, Final Loss: 1.9329
2026-09-13 18:41:16,049 [INFO]   Episode 350/2000, Final Loss: 2.1399
2026-09-13 18:41:49,602 [INFO]   Episode 360/2000, Final Loss: 1.9395
2026-09-13 18:42:23,253 [INFO]   Episode 370/2000, Final Loss: 1.9399
2026-09-13 18:42:56,896 [INFO]   Episode 380/2000, Final Loss: 1.9702
2026-09-13 18:43:30,497 [INFO]   Episode 390/2000, Final Loss: 1.9863
2026-09-13 18:44:04,055 [INFO]   Episode 400/2000, Final Loss: 2.1286
2026-09-13 18:44:37,633 [INFO]   Episode 410/2000, Final Loss: 1.9642
2026-09-13 18:45:11,255 [INFO]   Episode 420/2000, Final Loss: 1.9490
2026-09-13 18:45:44,882 [INFO]   Episode 430/2000, Final Loss: 2.1791
2026-09-13 18:46:18,478 [INFO]   Episode 440/2000, Final Loss: 2.1558
2026-09-13 18:46:52,085 [INFO]   Episode 450/2000, Final Loss: 1.9559
2026-09-13 18:47:25,754 [INFO]   Episode 460/2000, Final Loss: 1.9357
2026-09-13 18:47:59,356 [INFO]   Episode 470/2000, Final Loss: 2.0977
2026-09-13 18:48:32,913 [INFO]   Episode 480/2000, Final Loss: 2.0539
2026-09-13 18:49:06,506 [INFO]   Episode 490/2000, Final Loss: 1.9262
2026-09-13 18:49:40,124 [INFO]   Episode 500/2000, Final Loss: 2.0679
2026-09-13 18:50:13,695 [INFO]   Episode 510/2000, Final Loss: 2.0449
2026-09-13 18:50:47,277 [INFO]   Episode 520/2000, Final Loss: 1.9674
2026-09-13 18:51:20,878 [INFO]   Episode 530/2000, Final Loss: 1.9492
2026-09-13 18:51:54,482 [INFO]   Episode 540/2000, Final Loss: 1.9450
2026-09-13 18:52:28,037 [INFO]   Episode 550/2000, Final Loss: 1.9355
2026-09-13 18:53:01,572 [INFO]   Episode 560/2000, Final Loss: 2.0711
2026-09-13 18:53:35,141 [INFO]   Episode 570/2000, Final Loss: 1.9629
2026-09-13 18:54:08,666 [INFO]   Episode 580/2000, Final Loss: 1.9714
2026-09-13 18:54:42,195 [INFO]   Episode 590/2000, Final Loss: 2.1529
2026-09-13 18:55:15,768 [INFO]   Episode 600/2000, Final Loss: 2.0432
2026-09-13 18:55:49,383 [INFO]   Episode 610/2000, Final Loss: 1.9713
2026-09-13 18:56:22,951 [INFO]   Episode 620/2000, Final Loss: 1.9384
2026-09-13 18:56:56,577 [INFO]   Episode 630/2000, Final Loss: 1.9512
2026-09-13 18:57:30,152 [INFO]   Episode 640/2000, Final Loss: 2.0450
2026-09-13 18:58:06,518 [INFO]   Episode 650/2000, Final Loss: 1.9673
2026-09-13 18:58:42,323 [INFO]   Episode 660/2000, Final Loss: 1.9895
2026-09-13 18:59:17,272 [INFO]   Episode 670/2000, Final Loss: 1.9776
2026-09-13 18:59:50,223 [INFO]   Episode 680/2000, Final Loss: 1.9703
2026-09-13 19:00:26,351 [INFO]   Episode 690/2000, Final Loss: 1.9518
2026-09-13 19:01:02,159 [INFO]   Episode 700/2000, Final Loss: 2.0416
2026-09-13 19:01:36,200 [INFO]   Episode 710/2000, Final Loss: 1.9339
2026-09-13 19:02:09,844 [INFO]   Episode 720/2000, Final Loss: 1.9720
2026-09-13 19:02:47,208 [INFO]   Episode 730/2000, Final Loss: 1.9795
2026-09-13 19:03:24,275 [INFO]   Episode 740/2000, Final Loss: 1.9413
2026-09-13 19:03:57,665 [INFO]   Episode 750/2000, Final Loss: 1.9764
2026-09-13 19:04:33,073 [INFO]   Episode 760/2000, Final Loss: 1.9578
2026-09-13 19:05:10,971 [INFO]   Episode 770/2000, Final Loss: 2.0774
2026-09-13 19:05:46,790 [INFO]   Episode 780/2000, Final Loss: 2.0123
2026-09-13 19:06:20,105 [INFO]   Episode 790/2000, Final Loss: 2.0174
2026-09-13 19:06:56,805 [INFO]   Episode 800/2000, Final Loss: 2.0556
2026-09-13 19:07:34,569 [INFO]   Episode 810/2000, Final Loss: 1.9450
2026-09-13 19:08:09,115 [INFO]   Episode 820/2000, Final Loss: 1.9478
2026-09-13 19:08:42,369 [INFO]   Episode 830/2000, Final Loss: 2.0357
2026-09-13 19:09:18,834 [INFO]   Episode 840/2000, Final Loss: 2.0408
2026-09-13 19:09:55,419 [INFO]   Episode 850/2000, Final Loss: 1.9775
2026-09-13 19:10:29,347 [INFO]   Episode 860/2000, Final Loss: 1.9839
2026-09-13 19:11:02,235 [INFO]   Episode 870/2000, Final Loss: 1.9421
2026-09-13 19:11:38,655 [INFO]   Episode 880/2000, Final Loss: 1.9857
2026-09-13 19:12:15,513 [INFO]   Episode 890/2000, Final Loss: 1.9732
2026-09-13 19:12:49,844 [INFO]   Episode 900/2000, Final Loss: 2.0290
2026-09-13 19:13:22,818 [INFO]   Episode 910/2000, Final Loss: 1.9898
2026-09-13 19:13:59,219 [INFO]   Episode 920/2000, Final Loss: 1.9541
2026-09-13 19:14:36,700 [INFO]   Episode 930/2000, Final Loss: 1.9502
2026-09-13 19:15:11,517 [INFO]   Episode 940/2000, Final Loss: 1.9795
2026-09-13 19:15:45,177 [INFO]   Episode 950/2000, Final Loss: 1.9715
2026-09-13 19:16:20,708 [INFO]   Episode 960/2000, Final Loss: 2.0060
2026-09-13 19:16:57,058 [INFO]   Episode 970/2000, Final Loss: 1.9250
2026-09-13 19:17:30,715 [INFO]   Episode 980/2000, Final Loss: 1.9602
2026-09-13 19:18:03,640 [INFO]   Episode 990/2000, Final Loss: 2.0187
2026-09-13 19:18:38,559 [INFO]   Episode 1000/2000, Final Loss: 1.9672
2026-09-13 19:19:15,439 [INFO]   Episode 1010/2000, Final Loss: 2.0512
2026-09-13 19:19:50,808 [INFO]   Episode 1020/2000, Final Loss: 1.9313
2026-09-13 19:20:23,946 [INFO]   Episode 1030/2000, Final Loss: 1.9367
2026-09-13 19:20:58,291 [INFO]   Episode 1040/2000, Final Loss: 2.0439
2026-09-13 19:21:34,705 [INFO]   Episode 1050/2000, Final Loss: 2.0489
2026-09-13 19:22:11,005 [INFO]   Episode 1060/2000, Final Loss: 2.0289
2026-09-13 19:22:44,133 [INFO]   Episode 1070/2000, Final Loss: 1.9410
2026-09-13 19:23:18,895 [INFO]   Episode 1080/2000, Final Loss: 1.9523
2026-09-13 19:23:55,556 [INFO]   Episode 1090/2000, Final Loss: 1.9729
2026-09-13 19:24:32,203 [INFO]   Episode 1100/2000, Final Loss: 2.0115
2026-09-13 19:25:05,836 [INFO]   Episode 1110/2000, Final Loss: 1.9309
2026-09-13 19:25:41,800 [INFO]   Episode 1120/2000, Final Loss: 1.9499
2026-09-13 19:25:56,262 [INFO] [Query Budget] Reached 3206250/3204460 environment samples at episode 1125; stopping. Breakdown: {'executed': {'calls': 28125, 'samples': 1406250}, 'observational': {'calls': 9000, 'samples': 1800000}, 'total': {'calls': 37125, 'samples': 3206250}}
2026-09-13 19:25:56,397 [INFO]   Done. final_loss=2.0857  elapsed=3892s
2026-09-13 19:25:57,148 [INFO]   [Query Budget] random breakdown: {'executed': {'calls': 28125, 'samples': 1406250}, 'observational': {'calls': 9000, 'samples': 1800000}, 'total': {'calls': 37125, 'samples': 3206250}}
2026-09-13 19:25:57,148 [INFO]   Results saved to /scratch/alpine/paco0228/ACE/results/audit_reruns/bf5_baselines/random/seed_42
