2026-09-13 18:21:04,606 [INFO] 5-node baseline: method=round_robin seed=123 episodes=2000 query_budget=3204460
2026-09-13 18:21:41,104 [INFO]   Episode 0/2000, Final Loss: 2.1406
2026-09-13 18:22:19,215 [INFO]   Episode 10/2000, Final Loss: 2.1446
2026-09-13 18:22:57,575 [INFO]   Episode 20/2000, Final Loss: 2.1558
2026-09-13 18:23:34,765 [INFO]   Episode 30/2000, Final Loss: 2.1125
2026-09-13 18:24:11,115 [INFO]   Episode 40/2000, Final Loss: 2.1141
2026-09-13 18:24:46,679 [INFO]   Episode 50/2000, Final Loss: 2.0878
2026-09-13 18:25:21,077 [INFO]   Episode 60/2000, Final Loss: 2.1540
2026-09-13 18:25:54,543 [INFO]   Episode 70/2000, Final Loss: 2.1473
2026-09-13 18:26:27,962 [INFO]   Episode 80/2000, Final Loss: 2.0998
2026-09-13 18:27:01,431 [INFO]   Episode 90/2000, Final Loss: 2.1009
2026-09-13 18:27:34,860 [INFO]   Episode 100/2000, Final Loss: 2.2039
2026-09-13 18:28:08,321 [INFO]   Episode 110/2000, Final Loss: 2.2202
2026-09-13 18:28:41,842 [INFO]   Episode 120/2000, Final Loss: 2.1406
2026-09-13 18:29:15,380 [INFO]   Episode 130/2000, Final Loss: 2.0935
2026-09-13 18:29:48,935 [INFO]   Episode 140/2000, Final Loss: 2.1104
2026-09-13 18:30:22,502 [INFO]   Episode 150/2000, Final Loss: 2.1068
2026-09-13 18:30:56,084 [INFO]   Episode 160/2000, Final Loss: 2.1331
2026-09-13 18:31:29,697 [INFO]   Episode 170/2000, Final Loss: 2.1961
2026-09-13 18:32:03,295 [INFO]   Episode 180/2000, Final Loss: 2.0984
2026-09-13 18:32:36,897 [INFO]   Episode 190/2000, Final Loss: 2.0903
2026-09-13 18:33:10,504 [INFO]   Episode 200/2000, Final Loss: 2.1339
2026-09-13 18:33:44,102 [INFO]   Episode 210/2000, Final Loss: 2.1011
2026-09-13 18:34:17,716 [INFO]   Episode 220/2000, Final Loss: 2.0805
2026-09-13 18:34:51,473 [INFO]   Episode 230/2000, Final Loss: 2.1172
2026-09-13 18:35:25,317 [INFO]   Episode 240/2000, Final Loss: 2.0954
2026-09-13 18:35:59,161 [INFO]   Episode 250/2000, Final Loss: 2.1048
2026-09-13 18:36:32,950 [INFO]   Episode 260/2000, Final Loss: 2.0793
2026-09-13 18:37:06,701 [INFO]   Episode 270/2000, Final Loss: 2.0950
2026-09-13 18:37:40,039 [INFO]   Episode 280/2000, Final Loss: 2.0917
2026-09-13 18:38:13,223 [INFO]   Episode 290/2000, Final Loss: 2.1487
2026-09-13 18:38:46,351 [INFO]   Episode 300/2000, Final Loss: 2.1582
2026-09-13 18:39:19,476 [INFO]   Episode 310/2000, Final Loss: 2.1199
2026-09-13 18:39:52,604 [INFO]   Episode 320/2000, Final Loss: 2.1550
2026-09-13 18:40:25,739 [INFO]   Episode 330/2000, Final Loss: 2.1088
2026-09-13 18:40:58,868 [INFO]   Episode 340/2000, Final Loss: 2.1040
2026-09-13 18:41:31,988 [INFO]   Episode 350/2000, Final Loss: 2.1185
2026-09-13 18:42:05,124 [INFO]   Episode 360/2000, Final Loss: 2.0779
2026-09-13 18:42:38,343 [INFO]   Episode 370/2000, Final Loss: 2.0802
2026-09-13 18:43:12,019 [INFO]   Episode 380/2000, Final Loss: 2.1438
2026-09-13 18:43:45,764 [INFO]   Episode 390/2000, Final Loss: 2.1002
2026-09-13 18:44:19,245 [INFO]   Episode 400/2000, Final Loss: 2.1682
2026-09-13 18:44:52,648 [INFO]   Episode 410/2000, Final Loss: 2.1646
2026-09-13 18:45:26,476 [INFO]   Episode 420/2000, Final Loss: 2.0974
2026-09-13 18:46:00,309 [INFO]   Episode 430/2000, Final Loss: 2.1178
2026-09-13 18:46:34,134 [INFO]   Episode 440/2000, Final Loss: 2.1084
2026-09-13 18:47:07,958 [INFO]   Episode 450/2000, Final Loss: 2.0914
2026-09-13 18:47:41,695 [INFO]   Episode 460/2000, Final Loss: 2.1297
2026-09-13 18:48:14,819 [INFO]   Episode 470/2000, Final Loss: 2.1207
2026-09-13 18:48:47,932 [INFO]   Episode 480/2000, Final Loss: 2.1545
2026-09-13 18:49:21,665 [INFO]   Episode 490/2000, Final Loss: 2.1488
2026-09-13 18:49:55,894 [INFO]   Episode 500/2000, Final Loss: 2.1599
2026-09-13 18:50:30,469 [INFO]   Episode 510/2000, Final Loss: 2.0938
2026-09-13 18:51:04,113 [INFO]   Episode 520/2000, Final Loss: 2.1609
2026-09-13 18:51:37,745 [INFO]   Episode 530/2000, Final Loss: 2.1165
2026-09-13 18:52:12,618 [INFO]   Episode 540/2000, Final Loss: 2.2046
2026-09-13 18:52:47,426 [INFO]   Episode 550/2000, Final Loss: 2.2340
2026-09-13 18:53:20,659 [INFO]   Episode 560/2000, Final Loss: 2.1482
2026-09-13 18:53:54,767 [INFO]   Episode 570/2000, Final Loss: 2.1209
2026-09-13 18:54:29,605 [INFO]   Episode 580/2000, Final Loss: 2.1484
2026-09-13 18:55:04,081 [INFO]   Episode 590/2000, Final Loss: 2.1191
2026-09-13 18:55:37,171 [INFO]   Episode 600/2000, Final Loss: 2.1151
2026-09-13 18:56:11,294 [INFO]   Episode 610/2000, Final Loss: 2.1724
2026-09-13 18:56:46,139 [INFO]   Episode 620/2000, Final Loss: 2.1080
2026-09-13 18:57:20,546 [INFO]   Episode 630/2000, Final Loss: 2.0919
2026-09-13 18:57:53,636 [INFO]   Episode 640/2000, Final Loss: 2.1715
2026-09-13 18:58:28,171 [INFO]   Episode 650/2000, Final Loss: 2.1261
2026-09-13 18:59:03,050 [INFO]   Episode 660/2000, Final Loss: 2.2143
2026-09-13 18:59:37,027 [INFO]   Episode 670/2000, Final Loss: 2.1405
2026-09-13 19:00:10,385 [INFO]   Episode 680/2000, Final Loss: 2.1280
2026-09-13 19:00:45,258 [INFO]   Episode 690/2000, Final Loss: 2.1528
2026-09-13 19:01:20,159 [INFO]   Episode 700/2000, Final Loss: 2.1277
2026-09-13 19:01:53,725 [INFO]   Episode 710/2000, Final Loss: 2.1531
2026-09-13 19:02:27,447 [INFO]   Episode 720/2000, Final Loss: 2.1112
2026-09-13 19:03:02,384 [INFO]   Episode 730/2000, Final Loss: 2.1510
2026-09-13 19:03:37,342 [INFO]   Episode 740/2000, Final Loss: 2.1122
2026-09-13 19:04:10,556 [INFO]   Episode 750/2000, Final Loss: 2.1071
2026-09-13 19:04:44,839 [INFO]   Episode 760/2000, Final Loss: 2.1335
2026-09-13 19:05:19,836 [INFO]   Episode 770/2000, Final Loss: 2.2215
2026-09-13 19:05:54,250 [INFO]   Episode 780/2000, Final Loss: 2.0770
2026-09-13 19:06:27,406 [INFO]   Episode 790/2000, Final Loss: 2.1211
2026-09-13 19:07:02,075 [INFO]   Episode 800/2000, Final Loss: 2.1513
2026-09-13 19:07:37,008 [INFO]   Episode 810/2000, Final Loss: 2.1066
2026-09-13 19:08:11,012 [INFO]   Episode 820/2000, Final Loss: 2.1495
2026-09-13 19:08:44,312 [INFO]   Episode 830/2000, Final Loss: 2.0980
2026-09-13 19:09:19,013 [INFO]   Episode 840/2000, Final Loss: 2.0929
2026-09-13 19:09:53,975 [INFO]   Episode 850/2000, Final Loss: 2.1451
2026-09-13 19:10:27,688 [INFO]   Episode 860/2000, Final Loss: 2.1317
2026-09-13 19:11:00,956 [INFO]   Episode 870/2000, Final Loss: 2.1499
2026-09-13 19:11:35,683 [INFO]   Episode 880/2000, Final Loss: 2.1521
2026-09-13 19:12:10,567 [INFO]   Episode 890/2000, Final Loss: 2.1301
2026-09-13 19:12:44,382 [INFO]   Episode 900/2000, Final Loss: 2.1254
2026-09-13 19:13:17,512 [INFO]   Episode 910/2000, Final Loss: 2.1158
2026-09-13 19:13:51,916 [INFO]   Episode 920/2000, Final Loss: 2.0914
2026-09-13 19:14:26,753 [INFO]   Episode 930/2000, Final Loss: 2.2968
2026-09-13 19:15:01,004 [INFO]   Episode 940/2000, Final Loss: 2.2144
2026-09-13 19:15:34,165 [INFO]   Episode 950/2000, Final Loss: 2.0789
2026-09-13 19:16:08,847 [INFO]   Episode 960/2000, Final Loss: 2.1989
2026-09-13 19:16:43,766 [INFO]   Episode 970/2000, Final Loss: 2.1623
2026-09-13 19:17:17,805 [INFO]   Episode 980/2000, Final Loss: 2.1178
2026-09-13 19:17:51,021 [INFO]   Episode 990/2000, Final Loss: 2.1814
2026-09-13 19:18:25,802 [INFO]   Episode 1000/2000, Final Loss: 2.1045
2026-09-13 19:19:00,666 [INFO]   Episode 1010/2000, Final Loss: 2.0760
2026-09-13 19:19:34,597 [INFO]   Episode 1020/2000, Final Loss: 2.0799
2026-09-13 19:20:07,903 [INFO]   Episode 1030/2000, Final Loss: 2.1661
2026-09-13 19:20:42,633 [INFO]   Episode 1040/2000, Final Loss: 2.1503
2026-09-13 19:21:17,576 [INFO]   Episode 1050/2000, Final Loss: 2.1185
2026-09-13 19:21:51,411 [INFO]   Episode 1060/2000, Final Loss: 2.0950
2026-09-13 19:22:24,842 [INFO]   Episode 1070/2000, Final Loss: 2.0976
2026-09-13 19:22:59,771 [INFO]   Episode 1080/2000, Final Loss: 2.0863
2026-09-13 19:23:34,733 [INFO]   Episode 1090/2000, Final Loss: 2.0900
2026-09-13 19:24:08,337 [INFO]   Episode 1100/2000, Final Loss: 2.1161
2026-09-13 19:24:41,942 [INFO]   Episode 1110/2000, Final Loss: 2.1214
2026-09-13 19:25:16,361 [INFO]   Episode 1120/2000, Final Loss: 2.2346
2026-09-13 19:25:30,040 [INFO] [Query Budget] Reached 3206250/3204460 environment samples at episode 1125; stopping. Breakdown: {'executed': {'calls': 28125, 'samples': 1406250}, 'observational': {'calls': 9000, 'samples': 1800000}, 'total': {'calls': 37125, 'samples': 3206250}}
2026-09-13 19:25:30,157 [INFO]   Done. final_loss=2.2029  elapsed=3866s
2026-09-13 19:25:30,659 [INFO]   [Query Budget] round_robin breakdown: {'executed': {'calls': 28125, 'samples': 1406250}, 'observational': {'calls': 9000, 'samples': 1800000}, 'total': {'calls': 37125, 'samples': 3206250}}
2026-09-13 19:25:30,659 [INFO]   Results saved to /scratch/alpine/paco0228/ACE/results/audit_reruns/bf5_baselines/round_robin/seed_123
