2026-09-13 18:21:04,597 [INFO] 5-node baseline: method=round_robin seed=1011 episodes=2000 query_budget=3204460
2026-09-13 18:21:40,494 [INFO]   Episode 0/2000, Final Loss: 2.1820
2026-09-13 18:22:14,073 [INFO]   Episode 10/2000, Final Loss: 2.0919
2026-09-13 18:22:47,693 [INFO]   Episode 20/2000, Final Loss: 2.0710
2026-09-13 18:23:21,305 [INFO]   Episode 30/2000, Final Loss: 2.1622
2026-09-13 18:23:54,913 [INFO]   Episode 40/2000, Final Loss: 2.1047
2026-09-13 18:24:28,556 [INFO]   Episode 50/2000, Final Loss: 2.1162
2026-09-13 18:25:02,243 [INFO]   Episode 60/2000, Final Loss: 2.1190
2026-09-13 18:25:35,970 [INFO]   Episode 70/2000, Final Loss: 2.0854
2026-09-13 18:26:09,714 [INFO]   Episode 80/2000, Final Loss: 2.1677
2026-09-13 18:26:43,512 [INFO]   Episode 90/2000, Final Loss: 2.0576
2026-09-13 18:27:17,344 [INFO]   Episode 100/2000, Final Loss: 2.0702
2026-09-13 18:27:51,199 [INFO]   Episode 110/2000, Final Loss: 2.2141
2026-09-13 18:28:25,044 [INFO]   Episode 120/2000, Final Loss: 2.0866
2026-09-13 18:28:58,942 [INFO]   Episode 130/2000, Final Loss: 2.0983
2026-09-13 18:29:32,850 [INFO]   Episode 140/2000, Final Loss: 2.1767
2026-09-13 18:30:06,745 [INFO]   Episode 150/2000, Final Loss: 2.1379
2026-09-13 18:30:40,613 [INFO]   Episode 160/2000, Final Loss: 2.1232
2026-09-13 18:31:14,518 [INFO]   Episode 170/2000, Final Loss: 2.1172
2026-09-13 18:31:48,431 [INFO]   Episode 180/2000, Final Loss: 2.2525
2026-09-13 18:32:22,361 [INFO]   Episode 190/2000, Final Loss: 2.1141
2026-09-13 18:32:56,304 [INFO]   Episode 200/2000, Final Loss: 2.0746
2026-09-13 18:33:30,292 [INFO]   Episode 210/2000, Final Loss: 2.0736
2026-09-13 18:34:04,290 [INFO]   Episode 220/2000, Final Loss: 2.1994
2026-09-13 18:34:38,292 [INFO]   Episode 230/2000, Final Loss: 2.1189
2026-09-13 18:35:12,284 [INFO]   Episode 240/2000, Final Loss: 2.0976
2026-09-13 18:35:46,259 [INFO]   Episode 250/2000, Final Loss: 2.0496
2026-09-13 18:36:20,222 [INFO]   Episode 260/2000, Final Loss: 2.0832
2026-09-13 18:36:54,198 [INFO]   Episode 270/2000, Final Loss: 2.0605
2026-09-13 18:37:28,175 [INFO]   Episode 280/2000, Final Loss: 2.1391
2026-09-13 18:38:02,158 [INFO]   Episode 290/2000, Final Loss: 2.0880
2026-09-13 18:38:36,112 [INFO]   Episode 300/2000, Final Loss: 2.0973
2026-09-13 18:39:10,066 [INFO]   Episode 310/2000, Final Loss: 2.1763
2026-09-13 18:39:44,025 [INFO]   Episode 320/2000, Final Loss: 2.0861
2026-09-13 18:40:17,954 [INFO]   Episode 330/2000, Final Loss: 2.0817
2026-09-13 18:40:51,875 [INFO]   Episode 340/2000, Final Loss: 2.1822
2026-09-13 18:41:25,789 [INFO]   Episode 350/2000, Final Loss: 2.1325
2026-09-13 18:41:59,716 [INFO]   Episode 360/2000, Final Loss: 2.0644
2026-09-13 18:42:33,643 [INFO]   Episode 370/2000, Final Loss: 2.0638
2026-09-13 18:43:07,593 [INFO]   Episode 380/2000, Final Loss: 2.1718
2026-09-13 18:43:41,538 [INFO]   Episode 390/2000, Final Loss: 2.1406
2026-09-13 18:44:15,473 [INFO]   Episode 400/2000, Final Loss: 2.1641
2026-09-13 18:44:49,395 [INFO]   Episode 410/2000, Final Loss: 2.1564
2026-09-13 18:45:23,327 [INFO]   Episode 420/2000, Final Loss: 2.1338
2026-09-13 18:45:57,277 [INFO]   Episode 430/2000, Final Loss: 2.0747
2026-09-13 18:46:31,216 [INFO]   Episode 440/2000, Final Loss: 2.2027
2026-09-13 18:47:05,151 [INFO]   Episode 450/2000, Final Loss: 2.0979
2026-09-13 18:47:39,049 [INFO]   Episode 460/2000, Final Loss: 2.1892
2026-09-13 18:48:12,961 [INFO]   Episode 470/2000, Final Loss: 2.1359
2026-09-13 18:48:46,851 [INFO]   Episode 480/2000, Final Loss: 2.0848
2026-09-13 18:49:20,747 [INFO]   Episode 490/2000, Final Loss: 2.1134
2026-09-13 18:49:54,621 [INFO]   Episode 500/2000, Final Loss: 2.1274
2026-09-13 18:50:28,510 [INFO]   Episode 510/2000, Final Loss: 2.0714
2026-09-13 18:51:02,421 [INFO]   Episode 520/2000, Final Loss: 2.0668
2026-09-13 18:51:36,310 [INFO]   Episode 530/2000, Final Loss: 2.0646
2026-09-13 18:52:10,176 [INFO]   Episode 540/2000, Final Loss: 2.0710
2026-09-13 18:52:44,039 [INFO]   Episode 550/2000, Final Loss: 2.1781
2026-09-13 18:53:17,909 [INFO]   Episode 560/2000, Final Loss: 2.1260
2026-09-13 18:53:51,789 [INFO]   Episode 570/2000, Final Loss: 2.1504
2026-09-13 18:54:25,674 [INFO]   Episode 580/2000, Final Loss: 2.1387
2026-09-13 18:54:59,540 [INFO]   Episode 590/2000, Final Loss: 2.1090
2026-09-13 18:55:33,412 [INFO]   Episode 600/2000, Final Loss: 2.1259
2026-09-13 18:56:07,286 [INFO]   Episode 610/2000, Final Loss: 2.2861
2026-09-13 18:56:41,170 [INFO]   Episode 620/2000, Final Loss: 2.2306
2026-09-13 18:57:15,034 [INFO]   Episode 630/2000, Final Loss: 2.0704
2026-09-13 18:57:48,869 [INFO]   Episode 640/2000, Final Loss: 2.2202
2026-09-13 18:58:22,704 [INFO]   Episode 650/2000, Final Loss: 2.1726
2026-09-13 18:58:56,552 [INFO]   Episode 660/2000, Final Loss: 2.2544
2026-09-13 18:59:30,396 [INFO]   Episode 670/2000, Final Loss: 2.1308
2026-09-13 19:00:04,236 [INFO]   Episode 680/2000, Final Loss: 2.1353
2026-09-13 19:00:38,082 [INFO]   Episode 690/2000, Final Loss: 2.0878
2026-09-13 19:01:11,945 [INFO]   Episode 700/2000, Final Loss: 2.1547
2026-09-13 19:01:45,779 [INFO]   Episode 710/2000, Final Loss: 2.2725
2026-09-13 19:02:19,610 [INFO]   Episode 720/2000, Final Loss: 2.1696
2026-09-13 19:02:53,437 [INFO]   Episode 730/2000, Final Loss: 2.0894
2026-09-13 19:03:27,250 [INFO]   Episode 740/2000, Final Loss: 2.0968
2026-09-13 19:04:01,062 [INFO]   Episode 750/2000, Final Loss: 2.1085
2026-09-13 19:04:34,869 [INFO]   Episode 760/2000, Final Loss: 2.1029
2026-09-13 19:05:08,695 [INFO]   Episode 770/2000, Final Loss: 2.1768
2026-09-13 19:05:42,513 [INFO]   Episode 780/2000, Final Loss: 2.1663
2026-09-13 19:06:16,328 [INFO]   Episode 790/2000, Final Loss: 2.1491
2026-09-13 19:06:50,160 [INFO]   Episode 800/2000, Final Loss: 2.1597
2026-09-13 19:07:23,995 [INFO]   Episode 810/2000, Final Loss: 2.1247
2026-09-13 19:07:57,815 [INFO]   Episode 820/2000, Final Loss: 2.1776
2026-09-13 19:08:31,637 [INFO]   Episode 830/2000, Final Loss: 2.1508
2026-09-13 19:09:05,456 [INFO]   Episode 840/2000, Final Loss: 2.1852
2026-09-13 19:09:39,269 [INFO]   Episode 850/2000, Final Loss: 2.1330
2026-09-13 19:10:13,088 [INFO]   Episode 860/2000, Final Loss: 2.0762
2026-09-13 19:10:46,914 [INFO]   Episode 870/2000, Final Loss: 2.0590
2026-09-13 19:11:20,747 [INFO]   Episode 880/2000, Final Loss: 2.0722
2026-09-13 19:11:54,568 [INFO]   Episode 890/2000, Final Loss: 2.1874
2026-09-13 19:12:28,413 [INFO]   Episode 900/2000, Final Loss: 2.2013
2026-09-13 19:13:02,247 [INFO]   Episode 910/2000, Final Loss: 2.1772
2026-09-13 19:13:36,056 [INFO]   Episode 920/2000, Final Loss: 2.2167
2026-09-13 19:14:09,861 [INFO]   Episode 930/2000, Final Loss: 2.1313
2026-09-13 19:14:43,673 [INFO]   Episode 940/2000, Final Loss: 2.0679
2026-09-13 19:15:17,468 [INFO]   Episode 950/2000, Final Loss: 2.2452
2026-09-13 19:15:51,290 [INFO]   Episode 960/2000, Final Loss: 2.0792
2026-09-13 19:16:25,128 [INFO]   Episode 970/2000, Final Loss: 2.1227
2026-09-13 19:16:58,955 [INFO]   Episode 980/2000, Final Loss: 2.0815
2026-09-13 19:17:32,784 [INFO]   Episode 990/2000, Final Loss: 2.1087
2026-09-13 19:18:06,593 [INFO]   Episode 1000/2000, Final Loss: 2.1009
2026-09-13 19:18:40,407 [INFO]   Episode 1010/2000, Final Loss: 2.0693
2026-09-13 19:19:14,222 [INFO]   Episode 1020/2000, Final Loss: 2.0682
2026-09-13 19:19:48,055 [INFO]   Episode 1030/2000, Final Loss: 2.1261
2026-09-13 19:20:21,886 [INFO]   Episode 1040/2000, Final Loss: 2.1882
2026-09-13 19:20:55,711 [INFO]   Episode 1050/2000, Final Loss: 2.0721
2026-09-13 19:21:29,539 [INFO]   Episode 1060/2000, Final Loss: 2.0837
2026-09-13 19:22:03,376 [INFO]   Episode 1070/2000, Final Loss: 2.2002
2026-09-13 19:22:37,201 [INFO]   Episode 1080/2000, Final Loss: 2.1572
2026-09-13 19:23:11,039 [INFO]   Episode 1090/2000, Final Loss: 2.1779
2026-09-13 19:23:44,872 [INFO]   Episode 1100/2000, Final Loss: 2.1530
2026-09-13 19:24:18,717 [INFO]   Episode 1110/2000, Final Loss: 2.0813
2026-09-13 19:24:52,564 [INFO]   Episode 1120/2000, Final Loss: 2.1408
2026-09-13 19:25:06,104 [INFO] [Query Budget] Reached 3206250/3204460 environment samples at episode 1125; stopping. Breakdown: {'executed': {'calls': 28125, 'samples': 1406250}, 'observational': {'calls': 9000, 'samples': 1800000}, 'total': {'calls': 37125, 'samples': 3206250}}
2026-09-13 19:25:06,207 [INFO]   Done. final_loss=2.0734  elapsed=3842s
2026-09-13 19:25:06,830 [INFO]   [Query Budget] round_robin breakdown: {'executed': {'calls': 28125, 'samples': 1406250}, 'observational': {'calls': 9000, 'samples': 1800000}, 'total': {'calls': 37125, 'samples': 3206250}}
2026-09-13 19:25:06,831 [INFO]   Results saved to /scratch/alpine/paco0228/ACE/results/audit_reruns/bf5_baselines/round_robin/seed_1011
