2026-09-13 18:21:04,604 [INFO] 5-node baseline: method=round_robin seed=456 episodes=2000 query_budget=3204460
2026-09-13 18:21:40,669 [INFO]   Episode 0/2000, Final Loss: 2.0523
2026-09-13 18:22:15,213 [INFO]   Episode 10/2000, Final Loss: 2.0349
2026-09-13 18:22:49,772 [INFO]   Episode 20/2000, Final Loss: 2.0141
2026-09-13 18:23:24,353 [INFO]   Episode 30/2000, Final Loss: 2.0521
2026-09-13 18:23:58,922 [INFO]   Episode 40/2000, Final Loss: 2.0793
2026-09-13 18:24:33,556 [INFO]   Episode 50/2000, Final Loss: 2.0436
2026-09-13 18:25:08,290 [INFO]   Episode 60/2000, Final Loss: 2.0999
2026-09-13 18:25:42,910 [INFO]   Episode 70/2000, Final Loss: 2.0431
2026-09-13 18:26:17,540 [INFO]   Episode 80/2000, Final Loss: 2.0543
2026-09-13 18:26:52,177 [INFO]   Episode 90/2000, Final Loss: 2.0285
2026-09-13 18:27:26,807 [INFO]   Episode 100/2000, Final Loss: 2.0139
2026-09-13 18:28:01,548 [INFO]   Episode 110/2000, Final Loss: 2.0573
2026-09-13 18:28:36,339 [INFO]   Episode 120/2000, Final Loss: 2.0666
2026-09-13 18:29:11,157 [INFO]   Episode 130/2000, Final Loss: 2.0252
2026-09-13 18:29:46,048 [INFO]   Episode 140/2000, Final Loss: 2.0508
2026-09-13 18:30:20,853 [INFO]   Episode 150/2000, Final Loss: 2.0865
2026-09-13 18:30:55,545 [INFO]   Episode 160/2000, Final Loss: 2.0413
2026-09-13 18:31:30,428 [INFO]   Episode 170/2000, Final Loss: 2.0381
2026-09-13 18:32:05,345 [INFO]   Episode 180/2000, Final Loss: 2.0472
2026-09-13 18:32:40,306 [INFO]   Episode 190/2000, Final Loss: 2.0138
2026-09-13 18:33:15,332 [INFO]   Episode 200/2000, Final Loss: 2.1003
2026-09-13 18:33:50,379 [INFO]   Episode 210/2000, Final Loss: 2.0983
2026-09-13 18:34:25,292 [INFO]   Episode 220/2000, Final Loss: 2.1772
2026-09-13 18:35:00,351 [INFO]   Episode 230/2000, Final Loss: 2.0737
2026-09-13 18:35:35,293 [INFO]   Episode 240/2000, Final Loss: 2.0688
2026-09-13 18:36:10,359 [INFO]   Episode 250/2000, Final Loss: 2.0419
2026-09-13 18:36:45,466 [INFO]   Episode 260/2000, Final Loss: 2.0445
2026-09-13 18:37:20,695 [INFO]   Episode 270/2000, Final Loss: 2.1514
2026-09-13 18:37:55,705 [INFO]   Episode 280/2000, Final Loss: 2.0777
2026-09-13 18:38:30,809 [INFO]   Episode 290/2000, Final Loss: 2.0186
2026-09-13 18:39:05,760 [INFO]   Episode 300/2000, Final Loss: 2.0141
2026-09-13 18:39:40,682 [INFO]   Episode 310/2000, Final Loss: 2.0265
2026-09-13 18:40:15,463 [INFO]   Episode 320/2000, Final Loss: 2.1033
2026-09-13 18:40:50,224 [INFO]   Episode 330/2000, Final Loss: 2.0197
2026-09-13 18:41:24,906 [INFO]   Episode 340/2000, Final Loss: 2.0570
2026-09-13 18:41:59,567 [INFO]   Episode 350/2000, Final Loss: 2.0838
2026-09-13 18:42:33,934 [INFO]   Episode 360/2000, Final Loss: 2.0238
2026-09-13 18:43:08,613 [INFO]   Episode 370/2000, Final Loss: 2.1178
2026-09-13 18:43:43,222 [INFO]   Episode 380/2000, Final Loss: 2.1045
2026-09-13 18:44:18,048 [INFO]   Episode 390/2000, Final Loss: 2.0269
2026-09-13 18:44:52,919 [INFO]   Episode 400/2000, Final Loss: 2.0274
2026-09-13 18:45:27,762 [INFO]   Episode 410/2000, Final Loss: 2.0169
2026-09-13 18:46:02,653 [INFO]   Episode 420/2000, Final Loss: 2.0272
2026-09-13 18:46:37,297 [INFO]   Episode 430/2000, Final Loss: 2.1401
2026-09-13 18:47:11,733 [INFO]   Episode 440/2000, Final Loss: 2.0521
2026-09-13 18:47:46,154 [INFO]   Episode 450/2000, Final Loss: 2.0843
2026-09-13 18:48:20,582 [INFO]   Episode 460/2000, Final Loss: 2.1790
2026-09-13 18:48:55,125 [INFO]   Episode 470/2000, Final Loss: 2.0415
2026-09-13 18:49:29,992 [INFO]   Episode 480/2000, Final Loss: 2.0452
2026-09-13 18:50:04,551 [INFO]   Episode 490/2000, Final Loss: 2.0852
2026-09-13 18:50:38,866 [INFO]   Episode 500/2000, Final Loss: 2.0893
2026-09-13 18:51:13,175 [INFO]   Episode 510/2000, Final Loss: 2.1483
2026-09-13 18:51:47,573 [INFO]   Episode 520/2000, Final Loss: 2.1335
2026-09-13 18:52:21,974 [INFO]   Episode 530/2000, Final Loss: 2.0588
2026-09-13 18:52:57,671 [INFO]   Episode 540/2000, Final Loss: 2.0364
2026-09-13 18:53:32,911 [INFO]   Episode 550/2000, Final Loss: 2.1791
2026-09-13 18:54:07,906 [INFO]   Episode 560/2000, Final Loss: 2.0228
2026-09-13 18:54:42,449 [INFO]   Episode 570/2000, Final Loss: 2.1150
2026-09-13 18:55:17,598 [INFO]   Episode 580/2000, Final Loss: 2.0446
2026-09-13 18:55:52,672 [INFO]   Episode 590/2000, Final Loss: 2.0848
2026-09-13 18:56:27,491 [INFO]   Episode 600/2000, Final Loss: 2.1270
2026-09-13 18:57:01,939 [INFO]   Episode 610/2000, Final Loss: 2.0800
2026-09-13 18:57:37,061 [INFO]   Episode 620/2000, Final Loss: 2.0940
2026-09-13 18:58:12,243 [INFO]   Episode 630/2000, Final Loss: 2.0334
2026-09-13 18:58:46,703 [INFO]   Episode 640/2000, Final Loss: 2.0664
2026-09-13 18:59:20,781 [INFO]   Episode 650/2000, Final Loss: 2.0166
2026-09-13 18:59:55,378 [INFO]   Episode 660/2000, Final Loss: 2.0405
2026-09-13 19:00:31,551 [INFO]   Episode 670/2000, Final Loss: 2.0097
2026-09-13 19:01:07,289 [INFO]   Episode 680/2000, Final Loss: 2.0427
2026-09-13 19:01:41,500 [INFO]   Episode 690/2000, Final Loss: 2.0912
2026-09-13 19:02:16,132 [INFO]   Episode 700/2000, Final Loss: 2.0620
2026-09-13 19:02:51,192 [INFO]   Episode 710/2000, Final Loss: 2.0971
2026-09-13 19:03:26,003 [INFO]   Episode 720/2000, Final Loss: 2.1088
2026-09-13 19:04:00,685 [INFO]   Episode 730/2000, Final Loss: 2.0778
2026-09-13 19:04:35,419 [INFO]   Episode 740/2000, Final Loss: 2.0114
2026-09-13 19:05:10,602 [INFO]   Episode 750/2000, Final Loss: 2.0431
2026-09-13 19:05:45,193 [INFO]   Episode 760/2000, Final Loss: 2.1023
2026-09-13 19:06:19,624 [INFO]   Episode 770/2000, Final Loss: 2.0857
2026-09-13 19:06:54,417 [INFO]   Episode 780/2000, Final Loss: 2.0949
2026-09-13 19:07:29,477 [INFO]   Episode 790/2000, Final Loss: 2.0693
2026-09-13 19:08:03,872 [INFO]   Episode 800/2000, Final Loss: 2.0137
2026-09-13 19:08:38,135 [INFO]   Episode 810/2000, Final Loss: 2.1088
2026-09-13 19:09:12,877 [INFO]   Episode 820/2000, Final Loss: 2.0829
2026-09-13 19:09:47,809 [INFO]   Episode 830/2000, Final Loss: 2.1416
2026-09-13 19:10:22,399 [INFO]   Episode 840/2000, Final Loss: 2.0264
2026-09-13 19:10:56,441 [INFO]   Episode 850/2000, Final Loss: 2.0356
2026-09-13 19:11:30,101 [INFO]   Episode 860/2000, Final Loss: 2.0566
2026-09-13 19:12:04,621 [INFO]   Episode 870/2000, Final Loss: 2.1641
2026-09-13 19:12:39,824 [INFO]   Episode 880/2000, Final Loss: 2.0169
2026-09-13 19:13:14,353 [INFO]   Episode 890/2000, Final Loss: 2.0905
2026-09-13 19:13:48,347 [INFO]   Episode 900/2000, Final Loss: 2.0537
2026-09-13 19:14:22,752 [INFO]   Episode 910/2000, Final Loss: 2.0525
2026-09-13 19:14:57,561 [INFO]   Episode 920/2000, Final Loss: 2.0757
2026-09-13 19:15:32,334 [INFO]   Episode 930/2000, Final Loss: 2.0942
2026-09-13 19:16:06,461 [INFO]   Episode 940/2000, Final Loss: 2.0384
2026-09-13 19:16:40,197 [INFO]   Episode 950/2000, Final Loss: 2.1040
2026-09-13 19:17:14,673 [INFO]   Episode 960/2000, Final Loss: 2.0948
2026-09-13 19:17:49,602 [INFO]   Episode 970/2000, Final Loss: 2.1067
2026-09-13 19:18:24,014 [INFO]   Episode 980/2000, Final Loss: 2.1324
2026-09-13 19:18:57,778 [INFO]   Episode 990/2000, Final Loss: 2.0156
2026-09-13 19:19:31,754 [INFO]   Episode 1000/2000, Final Loss: 2.0049
2026-09-13 19:20:06,970 [INFO]   Episode 1010/2000, Final Loss: 2.0114
2026-09-13 19:20:42,307 [INFO]   Episode 1020/2000, Final Loss: 2.0091
2026-09-13 19:21:16,220 [INFO]   Episode 1030/2000, Final Loss: 2.0668
2026-09-13 19:21:49,773 [INFO]   Episode 1040/2000, Final Loss: 2.0128
2026-09-13 19:22:24,544 [INFO]   Episode 1050/2000, Final Loss: 2.0788
2026-09-13 19:22:59,716 [INFO]   Episode 1060/2000, Final Loss: 2.0717
2026-09-13 19:23:34,365 [INFO]   Episode 1070/2000, Final Loss: 2.0790
2026-09-13 19:24:08,132 [INFO]   Episode 1080/2000, Final Loss: 2.1532
2026-09-13 19:24:42,853 [INFO]   Episode 1090/2000, Final Loss: 2.0371
2026-09-13 19:25:17,804 [INFO]   Episode 1100/2000, Final Loss: 2.0539
2026-09-13 19:25:52,076 [INFO]   Episode 1110/2000, Final Loss: 2.0503
2026-09-13 19:26:25,857 [INFO]   Episode 1120/2000, Final Loss: 2.1262
2026-09-13 19:26:39,585 [INFO] [Query Budget] Reached 3206250/3204460 environment samples at episode 1125; stopping. Breakdown: {'executed': {'calls': 28125, 'samples': 1406250}, 'observational': {'calls': 9000, 'samples': 1800000}, 'total': {'calls': 37125, 'samples': 3206250}}
2026-09-13 19:26:39,708 [INFO]   Done. final_loss=2.1274  elapsed=3935s
2026-09-13 19:26:41,645 [INFO]   [Query Budget] round_robin breakdown: {'executed': {'calls': 28125, 'samples': 1406250}, 'observational': {'calls': 9000, 'samples': 1800000}, 'total': {'calls': 37125, 'samples': 3206250}}
2026-09-13 19:26:41,645 [INFO]   Results saved to /scratch/alpine/paco0228/ACE/results/audit_reruns/bf5_baselines/round_robin/seed_456
