2026-09-13 18:21:04,591 [INFO] 5-node baseline: method=round_robin seed=789 episodes=2000 query_budget=3204460
2026-09-13 18:21:40,828 [INFO]   Episode 0/2000, Final Loss: 1.9864
2026-09-13 18:22:17,393 [INFO]   Episode 10/2000, Final Loss: 2.0323
2026-09-13 18:22:52,976 [INFO]   Episode 20/2000, Final Loss: 2.0280
2026-09-13 18:23:28,532 [INFO]   Episode 30/2000, Final Loss: 2.0049
2026-09-13 18:24:04,117 [INFO]   Episode 40/2000, Final Loss: 2.1283
2026-09-13 18:24:40,542 [INFO]   Episode 50/2000, Final Loss: 2.1409
2026-09-13 18:25:16,462 [INFO]   Episode 60/2000, Final Loss: 2.0065
2026-09-13 18:25:52,189 [INFO]   Episode 70/2000, Final Loss: 2.1019
2026-09-13 18:26:28,519 [INFO]   Episode 80/2000, Final Loss: 2.1627
2026-09-13 18:27:04,101 [INFO]   Episode 90/2000, Final Loss: 1.9944
2026-09-13 18:27:39,530 [INFO]   Episode 100/2000, Final Loss: 1.9862
2026-09-13 18:28:15,390 [INFO]   Episode 110/2000, Final Loss: 2.0049
2026-09-13 18:28:51,321 [INFO]   Episode 120/2000, Final Loss: 2.0258
2026-09-13 18:29:26,689 [INFO]   Episode 130/2000, Final Loss: 2.0206
2026-09-13 18:30:01,485 [INFO]   Episode 140/2000, Final Loss: 2.0066
2026-09-13 18:30:37,170 [INFO]   Episode 150/2000, Final Loss: 2.0708
2026-09-13 18:31:12,545 [INFO]   Episode 160/2000, Final Loss: 2.0202
2026-09-13 18:31:47,337 [INFO]   Episode 170/2000, Final Loss: 2.0005
2026-09-13 18:32:22,152 [INFO]   Episode 180/2000, Final Loss: 2.0168
2026-09-13 18:32:56,917 [INFO]   Episode 190/2000, Final Loss: 1.9910
2026-09-13 18:33:31,832 [INFO]   Episode 200/2000, Final Loss: 2.0112
2026-09-13 18:34:07,016 [INFO]   Episode 210/2000, Final Loss: 2.0277
2026-09-13 18:34:42,619 [INFO]   Episode 220/2000, Final Loss: 2.0351
2026-09-13 18:35:17,428 [INFO]   Episode 230/2000, Final Loss: 2.0254
2026-09-13 18:35:52,235 [INFO]   Episode 240/2000, Final Loss: 2.0121
2026-09-13 18:36:27,167 [INFO]   Episode 250/2000, Final Loss: 2.0497
2026-09-13 18:37:01,795 [INFO]   Episode 260/2000, Final Loss: 2.0366
2026-09-13 18:37:36,612 [INFO]   Episode 270/2000, Final Loss: 2.0330
2026-09-13 18:38:12,438 [INFO]   Episode 280/2000, Final Loss: 1.9903
2026-09-13 18:38:47,580 [INFO]   Episode 290/2000, Final Loss: 2.0982
2026-09-13 18:39:22,346 [INFO]   Episode 300/2000, Final Loss: 1.9913
2026-09-13 18:39:57,265 [INFO]   Episode 310/2000, Final Loss: 2.0033
2026-09-13 18:40:32,707 [INFO]   Episode 320/2000, Final Loss: 1.9902
2026-09-13 18:41:07,682 [INFO]   Episode 330/2000, Final Loss: 2.0105
2026-09-13 18:41:42,456 [INFO]   Episode 340/2000, Final Loss: 2.0255
2026-09-13 18:42:17,425 [INFO]   Episode 350/2000, Final Loss: 2.0928
2026-09-13 18:42:52,977 [INFO]   Episode 360/2000, Final Loss: 1.9984
2026-09-13 18:43:28,184 [INFO]   Episode 370/2000, Final Loss: 2.0068
2026-09-13 18:44:03,452 [INFO]   Episode 380/2000, Final Loss: 2.0094
2026-09-13 18:44:38,378 [INFO]   Episode 390/2000, Final Loss: 2.0635
2026-09-13 18:45:13,001 [INFO]   Episode 400/2000, Final Loss: 1.9975
2026-09-13 18:45:47,546 [INFO]   Episode 410/2000, Final Loss: 2.0107
2026-09-13 18:46:22,960 [INFO]   Episode 420/2000, Final Loss: 2.0713
2026-09-13 18:46:57,878 [INFO]   Episode 430/2000, Final Loss: 2.1204
2026-09-13 18:47:32,980 [INFO]   Episode 440/2000, Final Loss: 2.0861
2026-09-13 18:48:08,031 [INFO]   Episode 450/2000, Final Loss: 2.0034
2026-09-13 18:48:43,098 [INFO]   Episode 460/2000, Final Loss: 2.0165
2026-09-13 18:49:18,273 [INFO]   Episode 470/2000, Final Loss: 2.0917
2026-09-13 18:49:53,341 [INFO]   Episode 480/2000, Final Loss: 2.0665
2026-09-13 18:50:28,695 [INFO]   Episode 490/2000, Final Loss: 1.9977
2026-09-13 18:51:03,635 [INFO]   Episode 500/2000, Final Loss: 2.0836
2026-09-13 18:51:38,834 [INFO]   Episode 510/2000, Final Loss: 2.0734
2026-09-13 18:52:14,003 [INFO]   Episode 520/2000, Final Loss: 2.0183
2026-09-13 18:52:49,007 [INFO]   Episode 530/2000, Final Loss: 2.0909
2026-09-13 18:53:23,960 [INFO]   Episode 540/2000, Final Loss: 2.0153
2026-09-13 18:53:58,824 [INFO]   Episode 550/2000, Final Loss: 2.0718
2026-09-13 18:54:33,893 [INFO]   Episode 560/2000, Final Loss: 1.9977
2026-09-13 18:55:09,041 [INFO]   Episode 570/2000, Final Loss: 1.9945
2026-09-13 18:55:43,932 [INFO]   Episode 580/2000, Final Loss: 2.1699
2026-09-13 18:56:19,269 [INFO]   Episode 590/2000, Final Loss: 2.0131
2026-09-13 18:56:53,930 [INFO]   Episode 600/2000, Final Loss: 2.0041
2026-09-13 18:57:28,718 [INFO]   Episode 610/2000, Final Loss: 1.9962
2026-09-13 18:58:03,944 [INFO]   Episode 620/2000, Final Loss: 1.9821
2026-09-13 18:58:39,191 [INFO]   Episode 630/2000, Final Loss: 2.0141
2026-09-13 18:59:14,021 [INFO]   Episode 640/2000, Final Loss: 1.9841
2026-09-13 18:59:48,854 [INFO]   Episode 650/2000, Final Loss: 2.0925
2026-09-13 19:00:23,571 [INFO]   Episode 660/2000, Final Loss: 2.1027
2026-09-13 19:00:58,591 [INFO]   Episode 670/2000, Final Loss: 2.0341
2026-09-13 19:01:33,456 [INFO]   Episode 680/2000, Final Loss: 1.9958
2026-09-13 19:02:08,627 [INFO]   Episode 690/2000, Final Loss: 2.0096
2026-09-13 19:02:43,410 [INFO]   Episode 700/2000, Final Loss: 2.0225
2026-09-13 19:03:18,080 [INFO]   Episode 710/2000, Final Loss: 2.0024
2026-09-13 19:03:52,907 [INFO]   Episode 720/2000, Final Loss: 1.9799
2026-09-13 19:04:27,725 [INFO]   Episode 730/2000, Final Loss: 2.1606
2026-09-13 19:05:02,579 [INFO]   Episode 740/2000, Final Loss: 2.1228
2026-09-13 19:05:37,233 [INFO]   Episode 750/2000, Final Loss: 2.2029
2026-09-13 19:06:11,926 [INFO]   Episode 760/2000, Final Loss: 2.0038
2026-09-13 19:06:47,039 [INFO]   Episode 770/2000, Final Loss: 2.0903
2026-09-13 19:07:21,663 [INFO]   Episode 780/2000, Final Loss: 2.0820
2026-09-13 19:07:56,354 [INFO]   Episode 790/2000, Final Loss: 2.0740
2026-09-13 19:08:31,193 [INFO]   Episode 800/2000, Final Loss: 2.1187
2026-09-13 19:09:05,985 [INFO]   Episode 810/2000, Final Loss: 2.0116
2026-09-13 19:09:40,587 [INFO]   Episode 820/2000, Final Loss: 2.0881
2026-09-13 19:10:15,347 [INFO]   Episode 830/2000, Final Loss: 2.0732
2026-09-13 19:10:50,199 [INFO]   Episode 840/2000, Final Loss: 2.0933
2026-09-13 19:11:24,925 [INFO]   Episode 850/2000, Final Loss: 2.1275
2026-09-13 19:11:59,483 [INFO]   Episode 860/2000, Final Loss: 2.0852
2026-09-13 19:12:34,177 [INFO]   Episode 870/2000, Final Loss: 2.0335
2026-09-13 19:13:08,860 [INFO]   Episode 880/2000, Final Loss: 2.0168
2026-09-13 19:13:43,539 [INFO]   Episode 890/2000, Final Loss: 1.9955
2026-09-13 19:14:18,625 [INFO]   Episode 900/2000, Final Loss: 2.0665
2026-09-13 19:14:53,656 [INFO]   Episode 910/2000, Final Loss: 2.0069
2026-09-13 19:15:29,080 [INFO]   Episode 920/2000, Final Loss: 2.0335
2026-09-13 19:16:04,343 [INFO]   Episode 930/2000, Final Loss: 2.0102
2026-09-13 19:16:40,044 [INFO]   Episode 940/2000, Final Loss: 2.0204
2026-09-13 19:17:14,917 [INFO]   Episode 950/2000, Final Loss: 1.9992
2026-09-13 19:17:49,910 [INFO]   Episode 960/2000, Final Loss: 2.0838
2026-09-13 19:18:24,800 [INFO]   Episode 970/2000, Final Loss: 2.0555
2026-09-13 19:18:59,719 [INFO]   Episode 980/2000, Final Loss: 2.0021
2026-09-13 19:19:34,801 [INFO]   Episode 990/2000, Final Loss: 2.0799
2026-09-13 19:20:10,194 [INFO]   Episode 1000/2000, Final Loss: 2.0063
2026-09-13 19:20:45,445 [INFO]   Episode 1010/2000, Final Loss: 2.0181
2026-09-13 19:21:20,195 [INFO]   Episode 1020/2000, Final Loss: 2.0495
2026-09-13 19:21:54,980 [INFO]   Episode 1030/2000, Final Loss: 2.0047
2026-09-13 19:22:29,944 [INFO]   Episode 1040/2000, Final Loss: 2.0054
2026-09-13 19:23:05,120 [INFO]   Episode 1050/2000, Final Loss: 2.1240
2026-09-13 19:23:39,906 [INFO]   Episode 1060/2000, Final Loss: 2.0845
2026-09-13 19:24:15,040 [INFO]   Episode 1070/2000, Final Loss: 2.0140
2026-09-13 19:24:50,084 [INFO]   Episode 1080/2000, Final Loss: 2.0893
2026-09-13 19:25:25,163 [INFO]   Episode 1090/2000, Final Loss: 2.0843
2026-09-13 19:26:00,059 [INFO]   Episode 1100/2000, Final Loss: 2.0053
2026-09-13 19:26:35,193 [INFO]   Episode 1110/2000, Final Loss: 2.0423
2026-09-13 19:27:10,066 [INFO]   Episode 1120/2000, Final Loss: 2.0025
2026-09-13 19:27:24,140 [INFO] [Query Budget] Reached 3206250/3204460 environment samples at episode 1125; stopping. Breakdown: {'executed': {'calls': 28125, 'samples': 1406250}, 'observational': {'calls': 9000, 'samples': 1800000}, 'total': {'calls': 37125, 'samples': 3206250}}
2026-09-13 19:27:24,251 [INFO]   Done. final_loss=2.2330  elapsed=3980s
2026-09-13 19:27:34,244 [INFO]   [Query Budget] round_robin breakdown: {'executed': {'calls': 28125, 'samples': 1406250}, 'observational': {'calls': 9000, 'samples': 1800000}, 'total': {'calls': 37125, 'samples': 3206250}}
2026-09-13 19:27:34,244 [INFO]   Results saved to /scratch/alpine/paco0228/ACE/results/audit_reruns/bf5_baselines/round_robin/seed_789
