2026-09-13 18:21:04,606 [INFO] 5-node baseline: method=round_robin seed=42 episodes=2000 query_budget=3204460
2026-09-13 18:21:40,827 [INFO]   Episode 0/2000, Final Loss: 2.0102
2026-09-13 18:22:17,170 [INFO]   Episode 10/2000, Final Loss: 2.0828
2026-09-13 18:22:53,555 [INFO]   Episode 20/2000, Final Loss: 1.9394
2026-09-13 18:23:29,440 [INFO]   Episode 30/2000, Final Loss: 1.9335
2026-09-13 18:24:05,118 [INFO]   Episode 40/2000, Final Loss: 1.9856
2026-09-13 18:24:40,782 [INFO]   Episode 50/2000, Final Loss: 1.9442
2026-09-13 18:25:16,191 [INFO]   Episode 60/2000, Final Loss: 1.9989
2026-09-13 18:25:51,031 [INFO]   Episode 70/2000, Final Loss: 1.9320
2026-09-13 18:26:25,830 [INFO]   Episode 80/2000, Final Loss: 2.0288
2026-09-13 18:27:00,617 [INFO]   Episode 90/2000, Final Loss: 2.0176
2026-09-13 18:27:35,396 [INFO]   Episode 100/2000, Final Loss: 1.9486
2026-09-13 18:28:10,187 [INFO]   Episode 110/2000, Final Loss: 1.9688
2026-09-13 18:28:44,981 [INFO]   Episode 120/2000, Final Loss: 1.9591
2026-09-13 18:29:19,759 [INFO]   Episode 130/2000, Final Loss: 1.9511
2026-09-13 18:29:54,519 [INFO]   Episode 140/2000, Final Loss: 1.9469
2026-09-13 18:30:28,862 [INFO]   Episode 150/2000, Final Loss: 1.9455
2026-09-13 18:31:03,062 [INFO]   Episode 160/2000, Final Loss: 2.0956
2026-09-13 18:31:37,219 [INFO]   Episode 170/2000, Final Loss: 1.9610
2026-09-13 18:32:11,340 [INFO]   Episode 180/2000, Final Loss: 2.0559
2026-09-13 18:32:45,452 [INFO]   Episode 190/2000, Final Loss: 1.9526
2026-09-13 18:33:19,547 [INFO]   Episode 200/2000, Final Loss: 2.0564
2026-09-13 18:33:53,646 [INFO]   Episode 210/2000, Final Loss: 2.0307
2026-09-13 18:34:27,740 [INFO]   Episode 220/2000, Final Loss: 2.0812
2026-09-13 18:35:02,738 [INFO]   Episode 230/2000, Final Loss: 2.0010
2026-09-13 18:35:36,755 [INFO]   Episode 240/2000, Final Loss: 2.0712
2026-09-13 18:36:10,757 [INFO]   Episode 250/2000, Final Loss: 2.0065
2026-09-13 18:36:44,745 [INFO]   Episode 260/2000, Final Loss: 1.9746
2026-09-13 18:37:18,710 [INFO]   Episode 270/2000, Final Loss: 2.0236
2026-09-13 18:37:52,694 [INFO]   Episode 280/2000, Final Loss: 1.9596
2026-09-13 18:38:26,679 [INFO]   Episode 290/2000, Final Loss: 1.9614
2026-09-13 18:39:00,604 [INFO]   Episode 300/2000, Final Loss: 1.9474
2026-09-13 18:39:34,542 [INFO]   Episode 310/2000, Final Loss: 2.0090
2026-09-13 18:40:08,504 [INFO]   Episode 320/2000, Final Loss: 1.9739
2026-09-13 18:40:42,510 [INFO]   Episode 330/2000, Final Loss: 1.9460
2026-09-13 18:41:16,508 [INFO]   Episode 340/2000, Final Loss: 1.9346
2026-09-13 18:41:50,583 [INFO]   Episode 350/2000, Final Loss: 2.0052
2026-09-13 18:42:24,651 [INFO]   Episode 360/2000, Final Loss: 1.9514
2026-09-13 18:42:58,979 [INFO]   Episode 370/2000, Final Loss: 1.9796
2026-09-13 18:43:33,520 [INFO]   Episode 380/2000, Final Loss: 1.9588
2026-09-13 18:44:08,021 [INFO]   Episode 390/2000, Final Loss: 2.0336
2026-09-13 18:44:42,151 [INFO]   Episode 400/2000, Final Loss: 2.0425
2026-09-13 18:45:16,705 [INFO]   Episode 410/2000, Final Loss: 1.9534
2026-09-13 18:45:51,281 [INFO]   Episode 420/2000, Final Loss: 2.0318
2026-09-13 18:46:25,886 [INFO]   Episode 430/2000, Final Loss: 2.0405
2026-09-13 18:47:00,518 [INFO]   Episode 440/2000, Final Loss: 1.9382
2026-09-13 18:47:35,108 [INFO]   Episode 450/2000, Final Loss: 1.9766
2026-09-13 18:48:09,099 [INFO]   Episode 460/2000, Final Loss: 1.9468
2026-09-13 18:48:43,051 [INFO]   Episode 470/2000, Final Loss: 2.0711
2026-09-13 18:49:17,377 [INFO]   Episode 480/2000, Final Loss: 1.9291
2026-09-13 18:49:52,419 [INFO]   Episode 490/2000, Final Loss: 1.9432
2026-09-13 18:50:27,707 [INFO]   Episode 500/2000, Final Loss: 1.9303
2026-09-13 18:51:02,230 [INFO]   Episode 510/2000, Final Loss: 1.9623
2026-09-13 18:51:36,558 [INFO]   Episode 520/2000, Final Loss: 2.0141
2026-09-13 18:52:12,226 [INFO]   Episode 530/2000, Final Loss: 2.0591
2026-09-13 18:52:47,855 [INFO]   Episode 540/2000, Final Loss: 2.0700
2026-09-13 18:53:21,830 [INFO]   Episode 550/2000, Final Loss: 1.9763
2026-09-13 18:53:56,805 [INFO]   Episode 560/2000, Final Loss: 1.9245
2026-09-13 18:54:32,514 [INFO]   Episode 570/2000, Final Loss: 1.9993
2026-09-13 18:55:07,650 [INFO]   Episode 580/2000, Final Loss: 1.9317
2026-09-13 18:55:41,577 [INFO]   Episode 590/2000, Final Loss: 1.9507
2026-09-13 18:56:16,780 [INFO]   Episode 600/2000, Final Loss: 2.0331
2026-09-13 18:56:52,526 [INFO]   Episode 610/2000, Final Loss: 1.9732
2026-09-13 18:57:27,461 [INFO]   Episode 620/2000, Final Loss: 2.0752
2026-09-13 18:58:01,548 [INFO]   Episode 630/2000, Final Loss: 2.0118
2026-09-13 18:58:37,176 [INFO]   Episode 640/2000, Final Loss: 1.9459
2026-09-13 18:59:12,879 [INFO]   Episode 650/2000, Final Loss: 2.0259
2026-09-13 18:59:47,143 [INFO]   Episode 660/2000, Final Loss: 2.0902
2026-09-13 19:00:21,814 [INFO]   Episode 670/2000, Final Loss: 2.0651
2026-09-13 19:00:57,588 [INFO]   Episode 680/2000, Final Loss: 1.9305
2026-09-13 19:01:33,073 [INFO]   Episode 690/2000, Final Loss: 2.0569
2026-09-13 19:02:06,995 [INFO]   Episode 700/2000, Final Loss: 1.9976
2026-09-13 19:02:42,181 [INFO]   Episode 710/2000, Final Loss: 1.9740
2026-09-13 19:03:18,002 [INFO]   Episode 720/2000, Final Loss: 1.9428
2026-09-13 19:03:53,020 [INFO]   Episode 730/2000, Final Loss: 2.0879
2026-09-13 19:04:27,225 [INFO]   Episode 740/2000, Final Loss: 1.9360
2026-09-13 19:05:03,049 [INFO]   Episode 750/2000, Final Loss: 2.0498
2026-09-13 19:05:38,870 [INFO]   Episode 760/2000, Final Loss: 1.9534
2026-09-13 19:06:13,196 [INFO]   Episode 770/2000, Final Loss: 2.1222
2026-09-13 19:06:47,960 [INFO]   Episode 780/2000, Final Loss: 2.0960
2026-09-13 19:07:23,731 [INFO]   Episode 790/2000, Final Loss: 2.0085
2026-09-13 19:07:59,222 [INFO]   Episode 800/2000, Final Loss: 2.0811
2026-09-13 19:08:33,153 [INFO]   Episode 810/2000, Final Loss: 1.9700
2026-09-13 19:09:08,186 [INFO]   Episode 820/2000, Final Loss: 2.0080
2026-09-13 19:09:43,933 [INFO]   Episode 830/2000, Final Loss: 2.1668
2026-09-13 19:10:18,961 [INFO]   Episode 840/2000, Final Loss: 2.1441
2026-09-13 19:10:52,929 [INFO]   Episode 850/2000, Final Loss: 1.9572
2026-09-13 19:11:28,197 [INFO]   Episode 860/2000, Final Loss: 1.9710
2026-09-13 19:12:03,923 [INFO]   Episode 870/2000, Final Loss: 2.0930
2026-09-13 19:12:38,867 [INFO]   Episode 880/2000, Final Loss: 1.9656
2026-09-13 19:13:12,819 [INFO]   Episode 890/2000, Final Loss: 1.9511
2026-09-13 19:13:47,861 [INFO]   Episode 900/2000, Final Loss: 2.0031
2026-09-13 19:14:23,520 [INFO]   Episode 910/2000, Final Loss: 1.9636
2026-09-13 19:14:58,677 [INFO]   Episode 920/2000, Final Loss: 2.1332
2026-09-13 19:15:32,614 [INFO]   Episode 930/2000, Final Loss: 1.9528
2026-09-13 19:16:08,052 [INFO]   Episode 940/2000, Final Loss: 1.9664
2026-09-13 19:16:43,759 [INFO]   Episode 950/2000, Final Loss: 1.9610
2026-09-13 19:17:18,559 [INFO]   Episode 960/2000, Final Loss: 1.9556
2026-09-13 19:17:52,615 [INFO]   Episode 970/2000, Final Loss: 1.9709
2026-09-13 19:18:28,237 [INFO]   Episode 980/2000, Final Loss: 1.9811
2026-09-13 19:19:03,924 [INFO]   Episode 990/2000, Final Loss: 2.0308
2026-09-13 19:19:38,461 [INFO]   Episode 1000/2000, Final Loss: 1.9829
2026-09-13 19:20:12,674 [INFO]   Episode 1010/2000, Final Loss: 1.9838
2026-09-13 19:20:48,393 [INFO]   Episode 1020/2000, Final Loss: 2.0050
2026-09-13 19:21:24,121 [INFO]   Episode 1030/2000, Final Loss: 1.9540
2026-09-13 19:21:58,426 [INFO]   Episode 1040/2000, Final Loss: 2.0226
2026-09-13 19:22:33,019 [INFO]   Episode 1050/2000, Final Loss: 1.9229
2026-09-13 19:23:08,765 [INFO]   Episode 1060/2000, Final Loss: 1.9328
2026-09-13 19:23:44,434 [INFO]   Episode 1070/2000, Final Loss: 1.9555
2026-09-13 19:24:18,407 [INFO]   Episode 1080/2000, Final Loss: 1.9393
2026-09-13 19:24:53,287 [INFO]   Episode 1090/2000, Final Loss: 2.0223
2026-09-13 19:25:28,404 [INFO]   Episode 1100/2000, Final Loss: 1.9396
2026-09-13 19:26:02,982 [INFO]   Episode 1110/2000, Final Loss: 2.0697
2026-09-13 19:26:36,630 [INFO]   Episode 1120/2000, Final Loss: 1.9277
2026-09-13 19:26:51,439 [INFO] [Query Budget] Reached 3206250/3204460 environment samples at episode 1125; stopping. Breakdown: {'executed': {'calls': 28125, 'samples': 1406250}, 'observational': {'calls': 9000, 'samples': 1800000}, 'total': {'calls': 37125, 'samples': 3206250}}
2026-09-13 19:26:51,583 [INFO]   Done. final_loss=1.9445  elapsed=3947s
2026-09-13 19:26:52,097 [INFO]   [Query Budget] round_robin breakdown: {'executed': {'calls': 28125, 'samples': 1406250}, 'observational': {'calls': 9000, 'samples': 1800000}, 'total': {'calls': 37125, 'samples': 3206250}}
2026-09-13 19:26:52,097 [INFO]   Results saved to /scratch/alpine/paco0228/ACE/results/audit_reruns/bf5_baselines/round_robin/seed_42
