2026-08-09 18:52:46,304 [INFO] 30-node baseline: method=random seed=789 episodes=5000
2026-08-09 18:52:46,305 [INFO]   SCM: 30 nodes, 38 edges, 11 colliders
2026-08-09 18:53:11,434 [INFO]   Episode 0/5000, loss=5.7403
2026-08-09 18:56:36,515 [INFO]   Episode 10/5000, loss=5.7518
2026-08-09 19:00:01,631 [INFO]   Episode 20/5000, loss=5.7729
2026-08-09 19:03:26,691 [INFO]   Episode 30/5000, loss=5.7763
2026-08-09 19:06:51,878 [INFO]   Episode 40/5000, loss=5.7864
2026-08-09 19:10:17,175 [INFO]   Episode 50/5000, loss=5.7342
2026-08-09 19:13:42,603 [INFO]   Episode 60/5000, loss=5.7825
2026-08-09 19:17:07,835 [INFO]   Episode 70/5000, loss=5.7391
2026-08-09 19:20:33,443 [INFO]   Episode 80/5000, loss=5.7841
2026-08-09 19:23:59,154 [INFO]   Episode 90/5000, loss=5.7986
2026-08-09 19:27:24,890 [INFO]   Episode 100/5000, loss=5.7578
2026-08-09 19:30:50,674 [INFO]   Episode 110/5000, loss=5.7825
2026-08-09 19:34:17,443 [INFO]   Episode 120/5000, loss=5.7936
2026-08-09 19:37:43,702 [INFO]   Episode 130/5000, loss=5.8004
2026-08-09 19:41:10,373 [INFO]   Episode 140/5000, loss=5.7886
2026-08-09 19:44:37,397 [INFO]   Episode 150/5000, loss=5.7882
2026-08-09 19:48:04,757 [INFO]   Episode 160/5000, loss=5.7815
2026-08-09 19:51:11,123 [INFO] [Query Budget] Reached 484500/483460 environment samples at episode 170; stopping.
2026-08-09 19:51:11,156 [INFO]   Done. final_loss=5.7897  elapsed=3505s
2026-08-09 19:51:11,371 [INFO]   [Query Budget] random breakdown: {'executed': {'calls': 4250, 'samples': 212500}, 'observational': {'calls': 1360, 'samples': 272000}, 'total': {'calls': 5610, 'samples': 484500}}
2026-08-09 19:51:11,372 [INFO]   Results saved to /scratch/alpine/paco0228/ACE/results/curc_30node_budget_fairness/baselines/random/seed_789
