2026-08-09 18:52:44,051 [INFO] 30-node baseline: method=random seed=42 episodes=5000
2026-08-09 18:52:44,075 [INFO]   SCM: 30 nodes, 39 edges, 11 colliders
2026-08-09 18:53:04,675 [INFO]   Episode 0/5000, loss=5.8667
2026-08-09 18:55:29,805 [INFO]   Episode 10/5000, loss=5.8193
2026-08-09 18:57:55,605 [INFO]   Episode 20/5000, loss=5.8711
2026-08-09 19:00:21,721 [INFO]   Episode 30/5000, loss=5.8472
2026-08-09 19:02:46,019 [INFO]   Episode 40/5000, loss=5.8557
2026-08-09 19:05:11,761 [INFO]   Episode 50/5000, loss=5.9151
2026-08-09 19:07:37,231 [INFO]   Episode 60/5000, loss=5.8817
2026-08-09 19:09:59,525 [INFO]   Episode 70/5000, loss=5.8736
2026-08-09 19:12:25,281 [INFO]   Episode 80/5000, loss=5.8615
2026-08-09 19:14:50,894 [INFO]   Episode 90/5000, loss=5.8319
2026-08-09 19:17:15,849 [INFO]   Episode 100/5000, loss=5.8640
2026-08-09 19:19:39,515 [INFO]   Episode 110/5000, loss=5.8181
2026-08-09 19:22:02,470 [INFO]   Episode 120/5000, loss=5.8635
2026-08-09 19:24:25,760 [INFO]   Episode 130/5000, loss=5.8838
2026-08-09 19:26:48,952 [INFO]   Episode 140/5000, loss=5.8582
2026-08-09 19:29:12,425 [INFO]   Episode 150/5000, loss=5.8870
2026-08-09 19:31:35,601 [INFO]   Episode 160/5000, loss=5.8645
2026-08-09 19:33:44,307 [INFO] [Query Budget] Reached 484500/483460 environment samples at episode 170; stopping.
2026-08-09 19:33:44,338 [INFO]   Done. final_loss=5.8687  elapsed=2460s
2026-08-09 19:33:44,489 [INFO]   [Query Budget] random breakdown: {'executed': {'calls': 4250, 'samples': 212500}, 'observational': {'calls': 1360, 'samples': 272000}, 'total': {'calls': 5610, 'samples': 484500}}
2026-08-09 19:33:44,490 [INFO]   Results saved to /scratch/alpine/paco0228/ACE/results/curc_30node_budget_fairness/baselines/random/seed_42
