2026-08-09 18:52:44,051 [INFO] 30-node baseline: method=random seed=123 episodes=5000
2026-08-09 18:52:44,075 [INFO]   SCM: 30 nodes, 39 edges, 12 colliders
2026-08-09 18:53:02,868 [INFO]   Episode 0/5000, loss=5.8098
2026-08-09 18:55:13,018 [INFO]   Episode 10/5000, loss=5.8437
2026-08-09 18:57:23,059 [INFO]   Episode 20/5000, loss=5.8215
2026-08-09 18:59:33,184 [INFO]   Episode 30/5000, loss=5.8068
2026-08-09 19:01:43,276 [INFO]   Episode 40/5000, loss=5.8163
2026-08-09 19:03:53,564 [INFO]   Episode 50/5000, loss=5.8215
2026-08-09 19:06:03,633 [INFO]   Episode 60/5000, loss=5.8364
2026-08-09 19:08:13,586 [INFO]   Episode 70/5000, loss=5.8352
2026-08-09 19:10:23,481 [INFO]   Episode 80/5000, loss=5.8153
2026-08-09 19:12:33,584 [INFO]   Episode 90/5000, loss=5.8233
2026-08-09 19:14:43,740 [INFO]   Episode 100/5000, loss=5.8332
2026-08-09 19:16:53,954 [INFO]   Episode 110/5000, loss=5.8183
2026-08-09 19:19:04,436 [INFO]   Episode 120/5000, loss=5.8220
2026-08-09 19:21:15,500 [INFO]   Episode 130/5000, loss=5.7815
2026-08-09 19:23:25,812 [INFO]   Episode 140/5000, loss=5.7943
2026-08-09 19:25:36,476 [INFO]   Episode 150/5000, loss=5.7566
2026-08-09 19:27:48,053 [INFO]   Episode 160/5000, loss=5.8608
2026-08-09 19:29:46,570 [INFO] [Query Budget] Reached 484500/483460 environment samples at episode 170; stopping.
2026-08-09 19:29:46,623 [INFO]   Done. final_loss=5.8031  elapsed=2223s
2026-08-09 19:29:46,902 [INFO]   [Query Budget] random breakdown: {'executed': {'calls': 4250, 'samples': 212500}, 'observational': {'calls': 1360, 'samples': 272000}, 'total': {'calls': 5610, 'samples': 484500}}
2026-08-09 19:29:46,902 [INFO]   Results saved to /scratch/alpine/paco0228/ACE/results/curc_30node_budget_fairness/baselines/random/seed_123
