2026-08-09 18:52:46,303 [INFO] 30-node baseline: method=random seed=1011 episodes=5000
2026-08-09 18:52:46,305 [INFO]   SCM: 30 nodes, 36 edges, 10 colliders
2026-08-09 18:53:11,676 [INFO]   Episode 0/5000, loss=5.9141
2026-08-09 18:56:41,146 [INFO]   Episode 10/5000, loss=5.9158
2026-08-09 19:00:09,618 [INFO]   Episode 20/5000, loss=5.9135
2026-08-09 19:03:37,768 [INFO]   Episode 30/5000, loss=5.9375
2026-08-09 19:07:05,862 [INFO]   Episode 40/5000, loss=5.9661
2026-08-09 19:10:34,061 [INFO]   Episode 50/5000, loss=5.9497
2026-08-09 19:14:02,494 [INFO]   Episode 60/5000, loss=5.9329
2026-08-09 19:17:30,950 [INFO]   Episode 70/5000, loss=5.9663
2026-08-09 19:20:59,879 [INFO]   Episode 80/5000, loss=5.9473
2026-08-09 19:24:28,877 [INFO]   Episode 90/5000, loss=5.9096
2026-08-09 19:27:57,710 [INFO]   Episode 100/5000, loss=5.8929
2026-08-09 19:31:26,550 [INFO]   Episode 110/5000, loss=5.9018
2026-08-09 19:34:55,721 [INFO]   Episode 120/5000, loss=5.9427
2026-08-09 19:38:25,134 [INFO]   Episode 130/5000, loss=5.9159
2026-08-09 19:41:54,428 [INFO]   Episode 140/5000, loss=5.9324
2026-08-09 19:45:24,008 [INFO]   Episode 150/5000, loss=5.9229
2026-08-09 19:48:53,950 [INFO]   Episode 160/5000, loss=5.9953
2026-08-09 19:52:02,863 [INFO] [Query Budget] Reached 484500/483460 environment samples at episode 170; stopping.
2026-08-09 19:52:02,888 [INFO]   Done. final_loss=5.9116  elapsed=3557s
2026-08-09 19:52:03,076 [INFO]   [Query Budget] random breakdown: {'executed': {'calls': 4250, 'samples': 212500}, 'observational': {'calls': 1360, 'samples': 272000}, 'total': {'calls': 5610, 'samples': 484500}}
2026-08-09 19:52:03,076 [INFO]   Results saved to /scratch/alpine/paco0228/ACE/results/curc_30node_budget_fairness/baselines/random/seed_1011
