2026-08-09 18:52:44,051 [INFO] 30-node baseline: method=random seed=456 episodes=5000
2026-08-09 18:52:44,075 [INFO]   SCM: 30 nodes, 37 edges, 10 colliders
2026-08-09 18:53:12,414 [INFO]   Episode 0/5000, loss=5.8760
2026-08-09 18:56:40,642 [INFO]   Episode 10/5000, loss=5.9041
2026-08-09 19:00:53,422 [INFO]   Episode 20/5000, loss=5.9656
2026-08-09 19:03:31,979 [INFO]   Episode 30/5000, loss=5.9061
2026-08-09 19:06:07,761 [INFO]   Episode 40/5000, loss=5.8845
2026-08-09 19:08:45,846 [INFO]   Episode 50/5000, loss=5.9139
2026-08-09 19:11:42,015 [INFO]   Episode 60/5000, loss=5.9565
2026-08-09 19:14:43,023 [INFO]   Episode 70/5000, loss=5.8935
2026-08-09 19:17:36,554 [INFO]   Episode 80/5000, loss=5.9064
2026-08-09 19:20:30,727 [INFO]   Episode 90/5000, loss=5.8726
2026-08-09 19:23:12,451 [INFO]   Episode 100/5000, loss=5.9274
2026-08-09 19:25:41,834 [INFO]   Episode 110/5000, loss=5.8867
2026-08-09 19:28:11,642 [INFO]   Episode 120/5000, loss=5.9480
2026-08-09 19:30:45,099 [INFO]   Episode 130/5000, loss=5.8722
2026-08-09 19:33:15,948 [INFO]   Episode 140/5000, loss=5.9252
2026-08-09 19:35:44,725 [INFO]   Episode 150/5000, loss=5.9346
2026-08-09 19:38:10,854 [INFO]   Episode 160/5000, loss=5.8698
2026-08-09 19:40:22,524 [INFO] [Query Budget] Reached 484500/483460 environment samples at episode 170; stopping.
2026-08-09 19:40:22,555 [INFO]   Done. final_loss=5.8733  elapsed=2859s
2026-08-09 19:40:22,711 [INFO]   [Query Budget] random breakdown: {'executed': {'calls': 4250, 'samples': 212500}, 'observational': {'calls': 1360, 'samples': 272000}, 'total': {'calls': 5610, 'samples': 484500}}
2026-08-09 19:40:22,711 [INFO]   Results saved to /scratch/alpine/paco0228/ACE/results/curc_30node_budget_fairness/baselines/random/seed_456
