2026-08-09 18:52:46,303 [INFO] 30-node baseline: method=round_robin seed=42 episodes=5000
2026-08-09 18:52:46,305 [INFO]   SCM: 30 nodes, 39 edges, 11 colliders
2026-08-09 18:53:11,480 [INFO]   Episode 0/5000, loss=5.8554
2026-08-09 18:56:40,013 [INFO]   Episode 10/5000, loss=5.8546
2026-08-09 19:00:08,452 [INFO]   Episode 20/5000, loss=5.8605
2026-08-09 19:03:36,220 [INFO]   Episode 30/5000, loss=5.9214
2026-08-09 19:07:03,859 [INFO]   Episode 40/5000, loss=5.8606
2026-08-09 19:10:31,350 [INFO]   Episode 50/5000, loss=5.8488
2026-08-09 19:13:58,595 [INFO]   Episode 60/5000, loss=5.9012
2026-08-09 19:17:26,050 [INFO]   Episode 70/5000, loss=5.8649
2026-08-09 19:20:53,686 [INFO]   Episode 80/5000, loss=5.8779
2026-08-09 19:24:21,253 [INFO]   Episode 90/5000, loss=5.9074
2026-08-09 19:27:48,933 [INFO]   Episode 100/5000, loss=5.8504
2026-08-09 19:31:16,942 [INFO]   Episode 110/5000, loss=5.8375
2026-08-09 19:34:45,629 [INFO]   Episode 120/5000, loss=5.8731
2026-08-09 19:38:13,752 [INFO]   Episode 130/5000, loss=5.8367
2026-08-09 19:41:41,846 [INFO]   Episode 140/5000, loss=5.9063
2026-08-09 19:45:10,163 [INFO]   Episode 150/5000, loss=5.8508
2026-08-09 19:48:39,713 [INFO]   Episode 160/5000, loss=5.8934
2026-08-09 19:51:49,313 [INFO] [Query Budget] Reached 484500/483460 environment samples at episode 170; stopping.
2026-08-09 19:51:49,339 [INFO]   Done. final_loss=5.9134  elapsed=3543s
2026-08-09 19:51:49,528 [INFO]   [Query Budget] round_robin breakdown: {'executed': {'calls': 4250, 'samples': 212500}, 'observational': {'calls': 1360, 'samples': 272000}, 'total': {'calls': 5610, 'samples': 484500}}
2026-08-09 19:51:49,528 [INFO]   Results saved to /scratch/alpine/paco0228/ACE/results/curc_30node_budget_fairness/baselines/round_robin/seed_42
