2026-08-09 18:52:46,331 [INFO] 30-node baseline: method=round_robin seed=789 episodes=5000
2026-08-09 18:52:46,333 [INFO]   SCM: 30 nodes, 38 edges, 11 colliders
2026-08-09 18:53:12,031 [INFO]   Episode 0/5000, loss=5.7950
2026-08-09 18:56:43,369 [INFO]   Episode 10/5000, loss=5.8096
2026-08-09 19:00:12,929 [INFO]   Episode 20/5000, loss=5.7630
2026-08-09 19:03:42,775 [INFO]   Episode 30/5000, loss=5.7918
2026-08-09 19:07:12,045 [INFO]   Episode 40/5000, loss=5.7837
2026-08-09 19:10:42,400 [INFO]   Episode 50/5000, loss=5.7879
2026-08-09 19:14:11,916 [INFO]   Episode 60/5000, loss=5.7810
2026-08-09 19:17:41,329 [INFO]   Episode 70/5000, loss=5.7728
2026-08-09 19:21:10,883 [INFO]   Episode 80/5000, loss=5.8002
2026-08-09 19:24:40,763 [INFO]   Episode 90/5000, loss=5.7510
2026-08-09 19:28:10,398 [INFO]   Episode 100/5000, loss=5.8363
2026-08-09 19:31:40,116 [INFO]   Episode 110/5000, loss=5.7522
2026-08-09 19:35:09,944 [INFO]   Episode 120/5000, loss=5.7894
2026-08-09 19:38:40,003 [INFO]   Episode 130/5000, loss=5.7630
2026-08-09 19:42:09,893 [INFO]   Episode 140/5000, loss=5.8062
2026-08-09 19:45:40,040 [INFO]   Episode 150/5000, loss=5.8483
2026-08-09 19:49:10,224 [INFO]   Episode 160/5000, loss=5.7571
2026-08-09 19:52:18,038 [INFO] [Query Budget] Reached 484500/483460 environment samples at episode 170; stopping.
2026-08-09 19:52:18,066 [INFO]   Done. final_loss=5.7996  elapsed=3572s
2026-08-09 19:52:18,252 [INFO]   [Query Budget] round_robin breakdown: {'executed': {'calls': 4250, 'samples': 212500}, 'observational': {'calls': 1360, 'samples': 272000}, 'total': {'calls': 5610, 'samples': 484500}}
2026-08-09 19:52:18,252 [INFO]   Results saved to /scratch/alpine/paco0228/ACE/results/curc_30node_budget_fairness/baselines/round_robin/seed_789
