2026-08-09 18:52:46,330 [INFO] 30-node baseline: method=round_robin seed=1011 episodes=5000
2026-08-09 18:52:46,333 [INFO]   SCM: 30 nodes, 36 edges, 10 colliders
2026-08-09 18:53:12,229 [INFO]   Episode 0/5000, loss=5.8929
2026-08-09 18:56:37,174 [INFO]   Episode 10/5000, loss=5.8890
2026-08-09 19:00:01,653 [INFO]   Episode 20/5000, loss=5.9035
2026-08-09 19:03:26,020 [INFO]   Episode 30/5000, loss=5.9628
2026-08-09 19:06:50,240 [INFO]   Episode 40/5000, loss=5.8909
2026-08-09 19:10:14,496 [INFO]   Episode 50/5000, loss=5.9397
2026-08-09 19:13:39,527 [INFO]   Episode 60/5000, loss=5.9013
2026-08-09 19:17:05,277 [INFO]   Episode 70/5000, loss=5.9199
2026-08-09 19:20:30,076 [INFO]   Episode 80/5000, loss=5.8955
2026-08-09 19:23:54,443 [INFO]   Episode 90/5000, loss=5.9853
2026-08-09 19:27:19,689 [INFO]   Episode 100/5000, loss=5.8849
2026-08-09 19:30:47,305 [INFO]   Episode 110/5000, loss=5.8759
2026-08-09 19:34:12,313 [INFO]   Episode 120/5000, loss=5.9136
2026-08-09 19:37:36,927 [INFO]   Episode 130/5000, loss=5.9267
2026-08-09 19:41:01,326 [INFO]   Episode 140/5000, loss=5.9181
2026-08-09 19:44:26,129 [INFO]   Episode 150/5000, loss=5.9179
2026-08-09 19:47:51,405 [INFO]   Episode 160/5000, loss=5.9609
2026-08-09 19:50:55,898 [INFO] [Query Budget] Reached 484500/483460 environment samples at episode 170; stopping.
2026-08-09 19:50:55,933 [INFO]   Done. final_loss=5.9134  elapsed=3490s
2026-08-09 19:50:56,238 [INFO]   [Query Budget] round_robin breakdown: {'executed': {'calls': 4250, 'samples': 212500}, 'observational': {'calls': 1360, 'samples': 272000}, 'total': {'calls': 5610, 'samples': 484500}}
2026-08-09 19:50:56,238 [INFO]   Results saved to /scratch/alpine/paco0228/ACE/results/curc_30node_budget_fairness/baselines/round_robin/seed_1011
