2026-08-09 18:52:46,304 [INFO] 30-node baseline: method=round_robin seed=456 episodes=5000
2026-08-09 18:52:46,305 [INFO]   SCM: 30 nodes, 37 edges, 10 colliders
2026-08-09 18:53:11,367 [INFO]   Episode 0/5000, loss=5.9263
2026-08-09 18:56:38,212 [INFO]   Episode 10/5000, loss=5.8948
2026-08-09 19:00:04,596 [INFO]   Episode 20/5000, loss=5.9342
2026-08-09 19:03:31,377 [INFO]   Episode 30/5000, loss=5.8919
2026-08-09 19:06:58,229 [INFO]   Episode 40/5000, loss=5.9526
2026-08-09 19:10:24,882 [INFO]   Episode 50/5000, loss=5.8868
2026-08-09 19:13:51,116 [INFO]   Episode 60/5000, loss=5.9012
2026-08-09 19:17:17,335 [INFO]   Episode 70/5000, loss=5.8890
2026-08-09 19:20:44,092 [INFO]   Episode 80/5000, loss=5.9436
2026-08-09 19:24:11,089 [INFO]   Episode 90/5000, loss=5.9107
2026-08-09 19:27:37,339 [INFO]   Episode 100/5000, loss=5.9061
2026-08-09 19:31:03,323 [INFO]   Episode 110/5000, loss=5.9529
2026-08-09 19:34:30,238 [INFO]   Episode 120/5000, loss=5.9187
2026-08-09 19:37:56,744 [INFO]   Episode 130/5000, loss=5.9529
2026-08-09 19:41:23,260 [INFO]   Episode 140/5000, loss=5.8870
2026-08-09 19:44:49,857 [INFO]   Episode 150/5000, loss=5.9402
2026-08-09 19:48:16,484 [INFO]   Episode 160/5000, loss=5.9241
2026-08-09 19:51:23,062 [INFO] [Query Budget] Reached 484500/483460 environment samples at episode 170; stopping.
2026-08-09 19:51:23,095 [INFO]   Done. final_loss=5.9269  elapsed=3517s
2026-08-09 19:51:23,287 [INFO]   [Query Budget] round_robin breakdown: {'executed': {'calls': 4250, 'samples': 212500}, 'observational': {'calls': 1360, 'samples': 272000}, 'total': {'calls': 5610, 'samples': 484500}}
2026-08-09 19:51:23,287 [INFO]   Results saved to /scratch/alpine/paco0228/ACE/results/curc_30node_budget_fairness/baselines/round_robin/seed_456
