2026-08-09 18:52:46,303 [INFO] 30-node baseline: method=round_robin seed=123 episodes=5000
2026-08-09 18:52:46,305 [INFO]   SCM: 30 nodes, 39 edges, 12 colliders
2026-08-09 18:53:11,984 [INFO]   Episode 0/5000, loss=5.8078
2026-08-09 18:56:44,360 [INFO]   Episode 10/5000, loss=5.8014
2026-08-09 19:00:16,705 [INFO]   Episode 20/5000, loss=5.7939
2026-08-09 19:03:49,330 [INFO]   Episode 30/5000, loss=5.8162
2026-08-09 19:07:22,352 [INFO]   Episode 40/5000, loss=5.7911
2026-08-09 19:10:55,050 [INFO]   Episode 50/5000, loss=5.8289
2026-08-09 19:14:28,397 [INFO]   Episode 60/5000, loss=5.8119
2026-08-09 19:18:02,061 [INFO]   Episode 70/5000, loss=5.8436
2026-08-09 19:21:36,001 [INFO]   Episode 80/5000, loss=5.8261
2026-08-09 19:25:10,081 [INFO]   Episode 90/5000, loss=5.8327
2026-08-09 19:28:43,356 [INFO]   Episode 100/5000, loss=5.8314
2026-08-09 19:32:16,941 [INFO]   Episode 110/5000, loss=5.8070
2026-08-09 19:35:51,201 [INFO]   Episode 120/5000, loss=5.7962
2026-08-09 19:39:25,090 [INFO]   Episode 130/5000, loss=5.8111
2026-08-09 19:42:59,060 [INFO]   Episode 140/5000, loss=5.8364
2026-08-09 19:46:33,890 [INFO]   Episode 150/5000, loss=5.8093
2026-08-09 19:50:08,928 [INFO]   Episode 160/5000, loss=5.8505
2026-08-09 19:53:20,189 [INFO] [Query Budget] Reached 484500/483460 environment samples at episode 170; stopping.
2026-08-09 19:53:20,215 [INFO]   Done. final_loss=5.8113  elapsed=3634s
2026-08-09 19:53:20,430 [INFO]   [Query Budget] round_robin breakdown: {'executed': {'calls': 4250, 'samples': 212500}, 'observational': {'calls': 1360, 'samples': 272000}, 'total': {'calls': 5610, 'samples': 484500}}
2026-08-09 19:53:20,431 [INFO]   Results saved to /scratch/alpine/paco0228/ACE/results/curc_30node_budget_fairness/baselines/round_robin/seed_123
