2026-09-13 18:21:04,864 [INFO] 30-node baseline: method=round_robin seed=42 episodes=150
2026-09-13 18:21:04,865 [INFO]   SCM: 30 nodes, 39 edges, 11 colliders
2026-09-13 18:21:59,688 [INFO]   Episode 0/150, loss=5.5142
2026-09-13 18:25:44,260 [INFO]   Episode 10/150, loss=5.5087
2026-09-13 18:29:29,134 [INFO]   Episode 20/150, loss=5.5149
2026-09-13 18:33:09,024 [INFO]   Episode 30/150, loss=5.5162
2026-09-13 18:36:48,035 [INFO]   Episode 40/150, loss=5.5198
2026-09-13 18:40:25,085 [INFO]   Episode 50/150, loss=5.5210
2026-09-13 18:44:02,364 [INFO]   Episode 60/150, loss=5.5137
2026-09-13 18:47:39,088 [INFO]   Episode 70/150, loss=5.5159
2026-09-13 18:51:16,046 [INFO]   Episode 80/150, loss=5.5145
2026-09-13 18:54:53,516 [INFO]   Episode 90/150, loss=5.5139
2026-09-13 18:58:30,357 [INFO]   Episode 100/150, loss=5.5143
2026-09-13 19:02:08,497 [INFO]   Episode 110/150, loss=5.5230
2026-09-13 19:05:46,303 [INFO]   Episode 120/150, loss=5.5143
2026-09-13 19:09:23,288 [INFO]   Episode 130/150, loss=5.5170
2026-09-13 19:13:00,467 [INFO]   Episode 140/150, loss=5.5121
2026-09-13 19:16:16,087 [INFO]   Done. final_loss=5.5204  elapsed=3311s
2026-09-13 19:16:16,418 [INFO]   [Query Budget] round_robin breakdown: {'executed': {'calls': 3750, 'samples': 187500}, 'observational': {'calls': 1200, 'samples': 240000}, 'total': {'calls': 4950, 'samples': 427500}}
2026-09-13 19:16:16,418 [INFO]   Results saved to /scratch/alpine/paco0228/ACE/results/audit_reruns/t2_30node/round_robin/seed_42
