2026-09-13 18:21:05,202 [INFO] 30-node baseline: method=bayesian_oed seed=2022 episodes=300
2026-09-13 18:21:05,202 [INFO]   SCM: 30 nodes, 38 edges, 11 colliders
2026-09-13 18:24:42,918 [INFO]   Episode 0/300, loss=5.3910
2026-09-13 18:54:40,160 [INFO]   Episode 10/300, loss=5.3972
2026-09-13 19:26:02,767 [INFO]   Episode 20/300, loss=5.3929
2026-09-13 19:58:53,399 [INFO]   Episode 30/300, loss=5.3904
2026-09-13 20:30:41,717 [INFO]   Episode 40/300, loss=5.3936
2026-09-13 21:00:44,931 [INFO]   Episode 50/300, loss=5.3948
2026-09-13 21:30:12,451 [INFO]   Episode 60/300, loss=5.3971
2026-09-13 22:03:46,253 [INFO]   Episode 70/300, loss=5.3959
2026-09-13 22:40:04,947 [INFO]   Episode 80/300, loss=5.3945
2026-09-13 23:16:22,417 [INFO]   Episode 90/300, loss=5.3948
2026-09-13 23:52:38,858 [INFO]   Episode 100/300, loss=5.3880
2026-09-14 00:28:58,239 [INFO]   Episode 110/300, loss=5.3956
2026-09-14 01:05:09,697 [INFO]   Episode 120/300, loss=5.3928
2026-09-14 01:41:26,493 [INFO]   Episode 130/300, loss=5.3932
2026-09-14 02:17:41,700 [INFO]   Episode 140/300, loss=5.3880
2026-09-14 02:53:55,757 [INFO]   Episode 150/300, loss=5.3886
2026-09-14 03:30:12,232 [INFO]   Episode 160/300, loss=5.3932
2026-09-14 04:06:28,878 [INFO]   Episode 170/300, loss=5.3937
2026-09-14 04:42:50,110 [INFO]   Episode 180/300, loss=5.3933
2026-09-14 05:12:42,333 [INFO]   Episode 190/300, loss=5.3950
2026-09-14 05:42:11,195 [INFO]   Episode 200/300, loss=5.3915
2026-09-14 06:11:19,947 [INFO]   Episode 210/300, loss=5.3890
2026-09-14 06:40:35,176 [INFO]   Episode 220/300, loss=5.3944
2026-09-14 07:09:45,083 [INFO]   Episode 230/300, loss=5.3889
2026-09-14 07:38:51,919 [INFO]   Episode 240/300, loss=5.3913
2026-09-14 08:08:00,922 [INFO]   Episode 250/300, loss=5.3917
2026-09-14 08:37:09,168 [INFO]   Episode 260/300, loss=5.3911
2026-09-14 09:06:26,123 [INFO]   Episode 270/300, loss=5.3927
2026-09-14 09:36:54,879 [INFO]   Episode 280/300, loss=5.3962
2026-09-14 10:10:19,815 [INFO]   Episode 290/300, loss=5.3957
2026-09-14 10:40:37,726 [INFO]   Done. final_loss=5.3917  elapsed=58773s
2026-09-14 10:40:40,245 [INFO]   [Query Budget] bayesian_oed breakdown: {'candidate_probe': {'calls': 225000, 'samples': 11250000}, 'executed': {'calls': 7500, 'samples': 375000}, 'observational': {'calls': 2400, 'samples': 480000}, 'total': {'calls': 234900, 'samples': 12105000}}
2026-09-14 10:40:40,245 [INFO]   Results saved to /scratch/alpine/paco0228/ACE/results/audit_reruns/t2_30node/bayesian_oed/seed_2022
