2026-09-13 18:21:04,947 [INFO] 30-node baseline: method=max_variance seed=456 episodes=150
2026-09-13 18:21:04,948 [INFO]   SCM: 30 nodes, 37 edges, 10 colliders
2026-09-13 18:22:16,254 [INFO]   Episode 0/150, loss=5.5478
2026-09-13 18:28:42,849 [INFO]   Episode 10/150, loss=5.5513
2026-09-13 18:35:09,097 [INFO]   Episode 20/150, loss=5.5469
2026-09-13 18:41:35,469 [INFO]   Episode 30/150, loss=5.5491
2026-09-13 18:48:02,126 [INFO]   Episode 40/150, loss=5.5517
2026-09-13 18:54:30,566 [INFO]   Episode 50/150, loss=5.5571
2026-09-13 19:01:03,467 [INFO]   Episode 60/150, loss=5.5577
2026-09-13 19:07:41,457 [INFO]   Episode 70/150, loss=5.5510
2026-09-13 19:14:16,383 [INFO]   Episode 80/150, loss=5.5477
2026-09-13 19:20:48,302 [INFO]   Episode 90/150, loss=5.5538
2026-09-13 19:27:21,174 [INFO]   Episode 100/150, loss=5.5484
2026-09-13 19:33:50,210 [INFO]   Episode 110/150, loss=5.5491
2026-09-13 19:40:20,084 [INFO]   Episode 120/150, loss=5.5541
2026-09-13 19:46:52,060 [INFO]   Episode 130/150, loss=5.5555
2026-09-13 19:53:22,092 [INFO]   Episode 140/150, loss=5.5592
2026-09-13 19:59:14,189 [INFO]   Done. final_loss=5.5463  elapsed=5889s
2026-09-13 19:59:14,735 [INFO]   [Query Budget] max_variance breakdown: {'candidate_probe': {'calls': 240000, 'samples': 12000000}, 'executed': {'calls': 3750, 'samples': 187500}, 'observational': {'calls': 1200, 'samples': 240000}, 'total': {'calls': 244950, 'samples': 12427500}}
2026-09-13 19:59:14,735 [INFO]   Results saved to /scratch/alpine/paco0228/ACE/results/audit_reruns/t2_30node/max_variance/seed_456
