2026-09-13 18:21:04,714 [INFO] 30-node baseline: method=random seed=2024 episodes=300
2026-09-13 18:21:04,716 [INFO]   SCM: 30 nodes, 37 edges, 10 colliders
2026-09-13 18:22:02,464 [INFO]   Episode 0/300, loss=5.4828
2026-09-13 18:26:06,989 [INFO]   Episode 10/300, loss=5.4752
2026-09-13 18:30:23,911 [INFO]   Episode 20/300, loss=5.4769
2026-09-13 18:34:39,147 [INFO]   Episode 30/300, loss=5.4785
2026-09-13 18:39:01,137 [INFO]   Episode 40/300, loss=5.4824
2026-09-13 18:42:48,746 [INFO]   Episode 50/300, loss=5.4803
2026-09-13 18:46:37,926 [INFO]   Episode 60/300, loss=5.4782
2026-09-13 18:50:28,118 [INFO]   Episode 70/300, loss=5.4813
2026-09-13 18:54:20,482 [INFO]   Episode 80/300, loss=5.4823
2026-09-13 18:58:19,234 [INFO]   Episode 90/300, loss=5.4775
2026-09-13 19:02:07,710 [INFO]   Episode 100/300, loss=5.4817
2026-09-13 19:06:33,276 [INFO]   Episode 110/300, loss=5.4777
2026-09-13 19:11:10,192 [INFO]   Episode 120/300, loss=5.4759
2026-09-13 19:15:01,528 [INFO]   Episode 130/300, loss=5.4807
2026-09-13 19:18:58,536 [INFO]   Episode 140/300, loss=5.4849
2026-09-13 19:23:04,546 [INFO]   Episode 150/300, loss=5.4720
2026-09-13 19:26:53,420 [INFO]   Episode 160/300, loss=5.4784
2026-09-13 19:30:53,425 [INFO]   Episode 170/300, loss=5.4773
2026-09-13 19:34:56,799 [INFO]   Episode 180/300, loss=5.4801
2026-09-13 19:39:33,791 [INFO]   Episode 190/300, loss=5.4794
2026-09-13 19:43:51,608 [INFO]   Episode 200/300, loss=5.4818
2026-09-13 19:47:49,921 [INFO]   Episode 210/300, loss=5.4792
2026-09-13 19:52:02,878 [INFO]   Episode 220/300, loss=5.4861
2026-09-13 19:56:24,454 [INFO]   Episode 230/300, loss=5.4837
2026-09-13 20:00:26,987 [INFO]   Episode 240/300, loss=5.4768
2026-09-13 20:04:35,353 [INFO]   Episode 250/300, loss=5.4835
2026-09-13 20:08:37,413 [INFO]   Episode 260/300, loss=5.4776
2026-09-13 20:12:37,307 [INFO]   Episode 270/300, loss=5.4778
2026-09-13 20:16:52,515 [INFO]   Episode 280/300, loss=5.4806
2026-09-13 20:21:33,538 [INFO]   Episode 290/300, loss=5.4763
2026-09-13 20:26:23,684 [INFO]   Done. final_loss=5.4758  elapsed=7519s
2026-09-13 20:26:25,420 [INFO]   [Query Budget] random breakdown: {'executed': {'calls': 7500, 'samples': 375000}, 'observational': {'calls': 2400, 'samples': 480000}, 'total': {'calls': 9900, 'samples': 855000}}
2026-09-13 20:26:25,420 [INFO]   Results saved to /scratch/alpine/paco0228/ACE/results/audit_reruns/t2_30node/random/seed_2024
