2026-09-13 18:21:05,199 [INFO] 30-node baseline: method=bayesian_oed seed=1011 episodes=150
2026-09-13 18:21:05,201 [INFO]   SCM: 30 nodes, 36 edges, 10 colliders
2026-09-13 18:25:08,128 [INFO]   Episode 0/150, loss=5.5700
2026-09-13 18:59:39,822 [INFO]   Episode 10/150, loss=5.5704
2026-09-13 19:35:34,854 [INFO]   Episode 20/150, loss=5.5767
2026-09-13 20:11:45,929 [INFO]   Episode 30/150, loss=5.5666
2026-09-13 20:41:16,949 [INFO]   Episode 40/150, loss=5.5798
2026-09-13 21:10:29,865 [INFO]   Episode 50/150, loss=5.5803
2026-09-13 21:39:42,428 [INFO]   Episode 60/150, loss=5.5837
2026-09-13 22:09:56,344 [INFO]   Episode 70/150, loss=5.5614
2026-09-13 22:40:11,215 [INFO]   Episode 80/150, loss=5.5765
2026-09-13 23:11:51,435 [INFO]   Episode 90/150, loss=5.5697
2026-09-13 23:44:04,104 [INFO]   Episode 100/150, loss=5.5637
2026-09-14 00:14:08,153 [INFO]   Episode 110/150, loss=5.5838
2026-09-14 00:43:19,424 [INFO]   Episode 120/150, loss=5.5741
2026-09-14 01:12:14,935 [INFO]   Episode 130/150, loss=5.5751
2026-09-14 01:41:09,483 [INFO]   Episode 140/150, loss=5.5756
2026-09-14 02:07:18,647 [INFO]   Done. final_loss=5.5738  elapsed=27973s
2026-09-14 02:07:18,952 [INFO]   [Query Budget] bayesian_oed breakdown: {'candidate_probe': {'calls': 112500, 'samples': 5625000}, 'executed': {'calls': 3750, 'samples': 187500}, 'observational': {'calls': 1200, 'samples': 240000}, 'total': {'calls': 117450, 'samples': 6052500}}
2026-09-14 02:07:18,952 [INFO]   Results saved to /scratch/alpine/paco0228/ACE/results/audit_reruns/t2_30node/bayesian_oed/seed_1011
