2026-09-13 18:21:04,632 [INFO] 30-node baseline: method=random seed=789 episodes=150
2026-09-13 18:21:04,634 [INFO]   SCM: 30 nodes, 38 edges, 11 colliders
2026-09-13 18:21:58,743 [INFO]   Episode 0/150, loss=5.6082
2026-09-13 18:25:34,029 [INFO]   Episode 10/150, loss=5.6155
2026-09-13 18:29:07,092 [INFO]   Episode 20/150, loss=5.6122
2026-09-13 18:32:37,780 [INFO]   Episode 30/150, loss=5.6192
2026-09-13 18:36:08,348 [INFO]   Episode 40/150, loss=5.6169
2026-09-13 18:39:38,688 [INFO]   Episode 50/150, loss=5.6097
2026-09-13 18:43:09,164 [INFO]   Episode 60/150, loss=5.6090
2026-09-13 18:46:40,684 [INFO]   Episode 70/150, loss=5.6133
2026-09-13 18:50:11,717 [INFO]   Episode 80/150, loss=5.6171
2026-09-13 18:53:42,740 [INFO]   Episode 90/150, loss=5.6199
2026-09-13 18:57:14,100 [INFO]   Episode 100/150, loss=5.6055
2026-09-13 19:00:45,469 [INFO]   Episode 110/150, loss=5.6157
2026-09-13 19:04:16,799 [INFO]   Episode 120/150, loss=5.6225
2026-09-13 19:07:48,090 [INFO]   Episode 130/150, loss=5.6127
2026-09-13 19:11:18,706 [INFO]   Episode 140/150, loss=5.6065
2026-09-13 19:14:27,996 [INFO]   Done. final_loss=5.6126  elapsed=3203s
2026-09-13 19:14:28,331 [INFO]   [Query Budget] random breakdown: {'executed': {'calls': 3750, 'samples': 187500}, 'observational': {'calls': 1200, 'samples': 240000}, 'total': {'calls': 4950, 'samples': 427500}}
2026-09-13 19:14:28,331 [INFO]   Results saved to /scratch/alpine/paco0228/ACE/results/audit_reruns/t2_30node/random/seed_789
