2026-09-13 18:21:04,918 [INFO] 30-node baseline: method=round_robin seed=2023 episodes=300
2026-09-13 18:21:04,920 [INFO]   SCM: 30 nodes, 38 edges, 12 colliders
2026-09-13 18:21:58,718 [INFO]   Episode 0/300, loss=5.3947
2026-09-13 18:24:49,348 [INFO]   Episode 10/300, loss=5.3920
2026-09-13 18:27:41,586 [INFO]   Episode 20/300, loss=5.3981
2026-09-13 18:30:33,472 [INFO]   Episode 30/300, loss=5.3981
2026-09-13 18:33:24,447 [INFO]   Episode 40/300, loss=5.3941
2026-09-13 18:36:16,070 [INFO]   Episode 50/300, loss=5.3979
2026-09-13 18:39:05,273 [INFO]   Episode 60/300, loss=5.3933
2026-09-13 18:41:54,897 [INFO]   Episode 70/300, loss=5.3982
2026-09-13 18:44:45,350 [INFO]   Episode 80/300, loss=5.3944
2026-09-13 18:47:34,928 [INFO]   Episode 90/300, loss=5.3992
2026-09-13 18:50:25,222 [INFO]   Episode 100/300, loss=5.3951
2026-09-13 18:53:14,461 [INFO]   Episode 110/300, loss=5.3960
2026-09-13 18:56:02,289 [INFO]   Episode 120/300, loss=5.3968
2026-09-13 18:58:50,441 [INFO]   Episode 130/300, loss=5.3975
2026-09-13 19:01:38,392 [INFO]   Episode 140/300, loss=5.3927
2026-09-13 19:04:25,606 [INFO]   Episode 150/300, loss=5.3972
2026-09-13 19:07:13,183 [INFO]   Episode 160/300, loss=5.3995
2026-09-13 19:10:01,708 [INFO]   Episode 170/300, loss=5.3979
2026-09-13 19:12:49,789 [INFO]   Episode 180/300, loss=5.3939
2026-09-13 19:15:37,914 [INFO]   Episode 190/300, loss=5.3973
2026-09-13 19:18:26,000 [INFO]   Episode 200/300, loss=5.3980
2026-09-13 19:21:14,728 [INFO]   Episode 210/300, loss=5.3999
2026-09-13 19:24:03,588 [INFO]   Episode 220/300, loss=5.3931
2026-09-13 19:26:52,013 [INFO]   Episode 230/300, loss=5.3995
2026-09-13 19:29:42,327 [INFO]   Episode 240/300, loss=5.3953
2026-09-13 19:32:35,940 [INFO]   Episode 250/300, loss=5.4014
2026-09-13 19:35:27,034 [INFO]   Episode 260/300, loss=5.3990
2026-09-13 19:38:18,159 [INFO]   Episode 270/300, loss=5.3935
2026-09-13 19:41:09,807 [INFO]   Episode 280/300, loss=5.3972
2026-09-13 19:44:03,069 [INFO]   Episode 290/300, loss=5.3923
2026-09-13 19:46:40,032 [INFO]   Done. final_loss=5.4011  elapsed=5135s
2026-09-13 19:46:40,574 [INFO]   [Query Budget] round_robin breakdown: {'executed': {'calls': 7500, 'samples': 375000}, 'observational': {'calls': 2400, 'samples': 480000}, 'total': {'calls': 9900, 'samples': 855000}}
2026-09-13 19:46:40,574 [INFO]   Results saved to /scratch/alpine/paco0228/ACE/results/audit_reruns/t2_30node/round_robin/seed_2023
