2026-09-13 18:21:05,213 [INFO] 30-node baseline: method=bayesian_oed seed=2026 episodes=300
2026-09-13 18:21:05,214 [INFO]   SCM: 30 nodes, 38 edges, 11 colliders
2026-09-13 18:24:33,194 [INFO]   Episode 0/300, loss=5.6356
2026-09-13 18:54:01,264 [INFO]   Episode 10/300, loss=5.6368
2026-09-13 19:24:57,638 [INFO]   Episode 20/300, loss=5.6346
2026-09-13 19:55:17,845 [INFO]   Episode 30/300, loss=5.6350
2026-09-13 20:24:27,770 [INFO]   Episode 40/300, loss=5.6360
2026-09-13 20:53:17,003 [INFO]   Episode 50/300, loss=5.6362
2026-09-13 21:22:02,224 [INFO]   Episode 60/300, loss=5.6312
2026-09-13 21:50:45,445 [INFO]   Episode 70/300, loss=5.6305
2026-09-13 22:19:31,875 [INFO]   Episode 80/300, loss=5.6348
2026-09-13 22:48:22,044 [INFO]   Episode 90/300, loss=5.6326
2026-09-13 23:17:18,515 [INFO]   Episode 100/300, loss=5.6321
2026-09-13 23:46:13,879 [INFO]   Episode 110/300, loss=5.6333
2026-09-14 00:15:20,073 [INFO]   Episode 120/300, loss=5.6286
2026-09-14 00:44:24,845 [INFO]   Episode 130/300, loss=5.6349
2026-09-14 01:13:27,027 [INFO]   Episode 140/300, loss=5.6351
2026-09-14 01:42:28,058 [INFO]   Episode 150/300, loss=5.6343
2026-09-14 02:11:12,966 [INFO]   Episode 160/300, loss=5.6353
2026-09-14 02:39:58,892 [INFO]   Episode 170/300, loss=5.6351
2026-09-14 03:08:40,779 [INFO]   Episode 180/300, loss=5.6362
2026-09-14 03:37:22,840 [INFO]   Episode 190/300, loss=5.6270
2026-09-14 04:06:05,527 [INFO]   Episode 200/300, loss=5.6376
2026-09-14 04:34:48,633 [INFO]   Episode 210/300, loss=5.6331
2026-09-14 05:03:36,859 [INFO]   Episode 220/300, loss=5.6315
2026-09-14 05:32:20,117 [INFO]   Episode 230/300, loss=5.6307
2026-09-14 06:01:09,227 [INFO]   Episode 240/300, loss=5.6421
2026-09-14 06:30:00,068 [INFO]   Episode 250/300, loss=5.6373
2026-09-14 06:58:52,258 [INFO]   Episode 260/300, loss=5.6365
2026-09-14 07:27:42,413 [INFO]   Episode 270/300, loss=5.6274
2026-09-14 07:56:31,782 [INFO]   Episode 280/300, loss=5.6297
2026-09-14 08:25:21,439 [INFO]   Episode 290/300, loss=5.6407
2026-09-14 08:51:18,695 [INFO]   Done. final_loss=5.6387  elapsed=52213s
2026-09-14 08:51:20,282 [INFO]   [Query Budget] bayesian_oed breakdown: {'candidate_probe': {'calls': 225000, 'samples': 11250000}, 'executed': {'calls': 7500, 'samples': 375000}, 'observational': {'calls': 2400, 'samples': 480000}, 'total': {'calls': 234900, 'samples': 12105000}}
2026-09-14 08:51:20,282 [INFO]   Results saved to /scratch/alpine/paco0228/ACE/results/audit_reruns/t2_30node/bayesian_oed/seed_2026
