2026-09-13 18:21:04,947 [INFO] 30-node baseline: method=random seed=42 episodes=150
2026-09-13 18:21:04,948 [INFO]   SCM: 30 nodes, 39 edges, 11 colliders
2026-09-13 18:21:58,279 [INFO]   Episode 0/150, loss=5.5101
2026-09-13 18:25:22,685 [INFO]   Episode 10/150, loss=5.5227
2026-09-13 18:28:46,557 [INFO]   Episode 20/150, loss=5.5149
2026-09-13 18:32:10,083 [INFO]   Episode 30/150, loss=5.5213
2026-09-13 18:35:35,991 [INFO]   Episode 40/150, loss=5.5143
2026-09-13 18:39:01,378 [INFO]   Episode 50/150, loss=5.5116
2026-09-13 18:42:25,815 [INFO]   Episode 60/150, loss=5.5128
2026-09-13 18:45:51,264 [INFO]   Episode 70/150, loss=5.5117
2026-09-13 18:49:16,613 [INFO]   Episode 80/150, loss=5.5163
2026-09-13 18:52:41,672 [INFO]   Episode 90/150, loss=5.5229
2026-09-13 18:56:06,345 [INFO]   Episode 100/150, loss=5.5220
2026-09-13 18:59:30,811 [INFO]   Episode 110/150, loss=5.5191
2026-09-13 19:02:54,583 [INFO]   Episode 120/150, loss=5.5193
2026-09-13 19:06:17,933 [INFO]   Episode 130/150, loss=5.5266
2026-09-13 19:09:41,777 [INFO]   Episode 140/150, loss=5.5098
2026-09-13 19:12:45,451 [INFO]   Done. final_loss=5.5209  elapsed=3101s
2026-09-13 19:12:45,769 [INFO]   [Query Budget] random breakdown: {'executed': {'calls': 3750, 'samples': 187500}, 'observational': {'calls': 1200, 'samples': 240000}, 'total': {'calls': 4950, 'samples': 427500}}
2026-09-13 19:12:45,769 [INFO]   Results saved to /scratch/alpine/paco0228/ACE/results/audit_reruns/t2_30node/random/seed_42
