2026-09-13 18:21:04,956 [INFO] 30-node baseline: method=random seed=2022 episodes=300
2026-09-13 18:21:04,957 [INFO]   SCM: 30 nodes, 38 edges, 11 colliders
2026-09-13 18:21:58,488 [INFO]   Episode 0/300, loss=5.4020
2026-09-13 18:25:31,968 [INFO]   Episode 10/300, loss=5.3950
2026-09-13 18:29:03,046 [INFO]   Episode 20/300, loss=5.3944
2026-09-13 18:32:32,221 [INFO]   Episode 30/300, loss=5.3928
2026-09-13 18:36:01,528 [INFO]   Episode 40/300, loss=5.3999
2026-09-13 18:39:31,627 [INFO]   Episode 50/300, loss=5.3984
2026-09-13 18:43:01,591 [INFO]   Episode 60/300, loss=5.3935
2026-09-13 18:46:32,654 [INFO]   Episode 70/300, loss=5.3960
2026-09-13 18:50:03,096 [INFO]   Episode 80/300, loss=5.3958
2026-09-13 18:53:33,837 [INFO]   Episode 90/300, loss=5.3935
2026-09-13 18:57:03,744 [INFO]   Episode 100/300, loss=5.3959
2026-09-13 19:00:33,819 [INFO]   Episode 110/300, loss=5.3937
2026-09-13 19:04:04,578 [INFO]   Episode 120/300, loss=5.3973
2026-09-13 19:07:34,842 [INFO]   Episode 130/300, loss=5.3909
2026-09-13 19:11:04,190 [INFO]   Episode 140/300, loss=5.3946
2026-09-13 19:14:33,795 [INFO]   Episode 150/300, loss=5.4007
2026-09-13 19:18:03,259 [INFO]   Episode 160/300, loss=5.3920
2026-09-13 19:21:35,433 [INFO]   Episode 170/300, loss=5.3910
2026-09-13 19:25:08,315 [INFO]   Episode 180/300, loss=5.3984
2026-09-13 19:28:41,028 [INFO]   Episode 190/300, loss=5.3925
2026-09-13 19:32:12,297 [INFO]   Episode 200/300, loss=5.3902
2026-09-13 19:35:43,056 [INFO]   Episode 210/300, loss=5.3905
2026-09-13 19:39:13,478 [INFO]   Episode 220/300, loss=5.3969
2026-09-13 19:42:45,051 [INFO]   Episode 230/300, loss=5.3924
2026-09-13 19:46:16,190 [INFO]   Episode 240/300, loss=5.3927
2026-09-13 19:49:46,779 [INFO]   Episode 250/300, loss=5.3913
2026-09-13 19:53:16,969 [INFO]   Episode 260/300, loss=5.3956
2026-09-13 19:56:50,239 [INFO]   Episode 270/300, loss=5.3927
2026-09-13 20:00:23,352 [INFO]   Episode 280/300, loss=5.3968
2026-09-13 20:03:56,343 [INFO]   Episode 290/300, loss=5.3895
2026-09-13 20:07:08,091 [INFO]   Done. final_loss=5.3940  elapsed=6363s
2026-09-13 20:07:08,918 [INFO]   [Query Budget] random breakdown: {'executed': {'calls': 7500, 'samples': 375000}, 'observational': {'calls': 2400, 'samples': 480000}, 'total': {'calls': 9900, 'samples': 855000}}
2026-09-13 20:07:08,918 [INFO]   Results saved to /scratch/alpine/paco0228/ACE/results/audit_reruns/t2_30node/random/seed_2022
