2026-09-13 18:21:05,013 [INFO] 30-node baseline: method=max_variance seed=789 episodes=150
2026-09-13 18:21:05,014 [INFO]   SCM: 30 nodes, 38 edges, 11 colliders
2026-09-13 18:22:17,011 [INFO]   Episode 0/150, loss=5.6136
2026-09-13 18:28:50,081 [INFO]   Episode 10/150, loss=5.6021
2026-09-13 18:35:24,209 [INFO]   Episode 20/150, loss=5.6062
2026-09-13 18:41:56,899 [INFO]   Episode 30/150, loss=5.6047
2026-09-13 18:48:29,457 [INFO]   Episode 40/150, loss=5.6084
2026-09-13 18:55:02,055 [INFO]   Episode 50/150, loss=5.6190
2026-09-13 19:01:58,454 [INFO]   Episode 60/150, loss=5.6222
2026-09-13 19:09:02,443 [INFO]   Episode 70/150, loss=5.6185
2026-09-13 19:16:03,618 [INFO]   Episode 80/150, loss=5.6059
2026-09-13 19:23:04,822 [INFO]   Episode 90/150, loss=5.6088
2026-09-13 19:30:04,306 [INFO]   Episode 100/150, loss=5.6103
2026-09-13 19:36:49,738 [INFO]   Episode 110/150, loss=5.6045
2026-09-13 19:43:39,386 [INFO]   Episode 120/150, loss=5.6067
2026-09-13 19:50:31,347 [INFO]   Episode 130/150, loss=5.6053
2026-09-13 19:57:20,874 [INFO]   Episode 140/150, loss=5.6102
2026-09-13 20:03:37,111 [INFO]   Done. final_loss=5.6084  elapsed=6152s
2026-09-13 20:03:37,458 [INFO]   [Query Budget] max_variance breakdown: {'candidate_probe': {'calls': 240000, 'samples': 12000000}, 'executed': {'calls': 3750, 'samples': 187500}, 'observational': {'calls': 1200, 'samples': 240000}, 'total': {'calls': 244950, 'samples': 12427500}}
2026-09-13 20:03:37,458 [INFO]   Results saved to /scratch/alpine/paco0228/ACE/results/audit_reruns/t2_30node/max_variance/seed_789
