2026-09-13 18:21:04,814 [INFO] 30-node baseline: method=random seed=1011 episodes=150
2026-09-13 18:21:04,815 [INFO]   SCM: 30 nodes, 36 edges, 10 colliders
2026-09-13 18:22:00,192 [INFO]   Episode 0/150, loss=5.5691
2026-09-13 18:25:39,459 [INFO]   Episode 10/150, loss=5.5851
2026-09-13 18:29:17,973 [INFO]   Episode 20/150, loss=5.5687
2026-09-13 18:32:55,382 [INFO]   Episode 30/150, loss=5.5783
2026-09-13 18:36:31,150 [INFO]   Episode 40/150, loss=5.5797
2026-09-13 18:40:08,094 [INFO]   Episode 50/150, loss=5.5876
2026-09-13 18:43:44,851 [INFO]   Episode 60/150, loss=5.5684
2026-09-13 18:47:21,179 [INFO]   Episode 70/150, loss=5.5804
2026-09-13 18:50:58,151 [INFO]   Episode 80/150, loss=5.5775
2026-09-13 18:54:35,493 [INFO]   Episode 90/150, loss=5.5745
2026-09-13 18:58:12,056 [INFO]   Episode 100/150, loss=5.5765
2026-09-13 19:01:48,954 [INFO]   Episode 110/150, loss=5.5817
2026-09-13 19:05:26,598 [INFO]   Episode 120/150, loss=5.5805
2026-09-13 19:09:01,345 [INFO]   Episode 130/150, loss=5.5655
2026-09-13 19:12:35,296 [INFO]   Episode 140/150, loss=5.5720
2026-09-13 19:15:47,633 [INFO]   Done. final_loss=5.5761  elapsed=3283s
2026-09-13 19:15:47,984 [INFO]   [Query Budget] random breakdown: {'executed': {'calls': 3750, 'samples': 187500}, 'observational': {'calls': 1200, 'samples': 240000}, 'total': {'calls': 4950, 'samples': 427500}}
2026-09-13 19:15:47,984 [INFO]   Results saved to /scratch/alpine/paco0228/ACE/results/audit_reruns/t2_30node/random/seed_1011
