2026-09-13 18:21:05,196 [INFO] 30-node baseline: method=bayesian_oed seed=2023 episodes=300
2026-09-13 18:21:05,197 [INFO]   SCM: 30 nodes, 38 edges, 12 colliders
2026-09-13 18:24:31,249 [INFO]   Episode 0/300, loss=5.3951
2026-09-13 18:53:34,718 [INFO]   Episode 10/300, loss=5.3932
2026-09-13 19:23:32,345 [INFO]   Episode 20/300, loss=5.3976
2026-09-13 19:54:04,215 [INFO]   Episode 30/300, loss=5.4006
2026-09-13 20:23:50,576 [INFO]   Episode 40/300, loss=5.3946
2026-09-13 20:52:33,199 [INFO]   Episode 50/300, loss=5.3966
2026-09-13 21:21:17,461 [INFO]   Episode 60/300, loss=5.3970
2026-09-13 21:51:42,568 [INFO]   Episode 70/300, loss=5.3983
2026-09-13 22:26:28,061 [INFO]   Episode 80/300, loss=5.3971
2026-09-13 23:01:15,740 [INFO]   Episode 90/300, loss=5.3943
2026-09-13 23:35:59,081 [INFO]   Episode 100/300, loss=5.3943
2026-09-14 00:10:39,368 [INFO]   Episode 110/300, loss=5.3938
2026-09-14 00:45:27,573 [INFO]   Episode 120/300, loss=5.3958
2026-09-14 01:20:01,095 [INFO]   Episode 130/300, loss=5.3951
2026-09-14 01:54:44,279 [INFO]   Episode 140/300, loss=5.3927
2026-09-14 02:29:33,668 [INFO]   Episode 150/300, loss=5.3949
2026-09-14 03:04:08,808 [INFO]   Episode 160/300, loss=5.3947
2026-09-14 03:38:54,574 [INFO]   Episode 170/300, loss=5.4001
2026-09-14 04:13:31,224 [INFO]   Episode 180/300, loss=5.3967
2026-09-14 04:47:58,048 [INFO]   Episode 190/300, loss=5.3969
2026-09-14 05:16:39,117 [INFO]   Episode 200/300, loss=5.3964
2026-09-14 05:45:29,228 [INFO]   Episode 210/300, loss=5.3968
2026-09-14 06:14:20,781 [INFO]   Episode 220/300, loss=5.3970
2026-09-14 06:43:06,419 [INFO]   Episode 230/300, loss=5.3958
2026-09-14 07:11:44,395 [INFO]   Episode 240/300, loss=5.3949
2026-09-14 07:40:36,103 [INFO]   Episode 250/300, loss=5.3981
2026-09-14 08:09:09,361 [INFO]   Episode 260/300, loss=5.3982
2026-09-14 08:37:43,538 [INFO]   Episode 270/300, loss=5.3955
2026-09-14 09:06:25,074 [INFO]   Episode 280/300, loss=5.3958
2026-09-14 09:36:07,870 [INFO]   Episode 290/300, loss=5.3956
2026-09-14 10:05:36,605 [INFO]   Done. final_loss=5.3983  elapsed=56671s
2026-09-14 10:05:37,542 [INFO]   [Query Budget] bayesian_oed breakdown: {'candidate_probe': {'calls': 225000, 'samples': 11250000}, 'executed': {'calls': 7500, 'samples': 375000}, 'observational': {'calls': 2400, 'samples': 480000}, 'total': {'calls': 234900, 'samples': 12105000}}
2026-09-14 10:05:37,542 [INFO]   Results saved to /scratch/alpine/paco0228/ACE/results/audit_reruns/t2_30node/bayesian_oed/seed_2023
