2026-09-13 18:21:05,036 [INFO] 30-node baseline: method=round_robin seed=2024 episodes=300
2026-09-13 18:21:05,037 [INFO]   SCM: 30 nodes, 37 edges, 10 colliders
2026-09-13 18:21:51,941 [INFO]   Episode 0/300, loss=5.4729
2026-09-13 18:24:17,915 [INFO]   Episode 10/300, loss=5.4761
2026-09-13 18:26:41,313 [INFO]   Episode 20/300, loss=5.4744
2026-09-13 18:29:03,351 [INFO]   Episode 30/300, loss=5.4788
2026-09-13 18:31:26,101 [INFO]   Episode 40/300, loss=5.4870
2026-09-13 18:33:51,739 [INFO]   Episode 50/300, loss=5.4767
2026-09-13 18:36:25,270 [INFO]   Episode 60/300, loss=5.4765
2026-09-13 18:39:12,923 [INFO]   Episode 70/300, loss=5.4752
2026-09-13 18:42:04,165 [INFO]   Episode 80/300, loss=5.4808
2026-09-13 18:44:50,015 [INFO]   Episode 90/300, loss=5.4872
2026-09-13 18:47:30,562 [INFO]   Episode 100/300, loss=5.4802
2026-09-13 18:50:08,275 [INFO]   Episode 110/300, loss=5.4779
2026-09-13 18:52:43,466 [INFO]   Episode 120/300, loss=5.4740
2026-09-13 18:55:25,602 [INFO]   Episode 130/300, loss=5.4803
2026-09-13 18:58:08,941 [INFO]   Episode 140/300, loss=5.4783
2026-09-13 19:00:51,944 [INFO]   Episode 150/300, loss=5.4867
2026-09-13 19:03:33,334 [INFO]   Episode 160/300, loss=5.4813
2026-09-13 19:06:16,871 [INFO]   Episode 170/300, loss=5.4738
2026-09-13 19:09:04,497 [INFO]   Episode 180/300, loss=5.4759
2026-09-13 19:11:45,836 [INFO]   Episode 190/300, loss=5.4744
2026-09-13 19:14:13,937 [INFO]   Episode 200/300, loss=5.4719
2026-09-13 19:16:54,614 [INFO]   Episode 210/300, loss=5.4823
2026-09-13 19:19:35,340 [INFO]   Episode 220/300, loss=5.4872
2026-09-13 19:22:17,661 [INFO]   Episode 230/300, loss=5.4780
2026-09-13 19:25:04,653 [INFO]   Episode 240/300, loss=5.4776
2026-09-13 19:27:48,236 [INFO]   Episode 250/300, loss=5.4782
2026-09-13 19:30:35,365 [INFO]   Episode 260/300, loss=5.4758
2026-09-13 19:33:20,037 [INFO]   Episode 270/300, loss=5.4719
2026-09-13 19:36:06,722 [INFO]   Episode 280/300, loss=5.4736
2026-09-13 19:38:47,194 [INFO]   Episode 290/300, loss=5.4831
2026-09-13 19:41:13,823 [INFO]   Done. final_loss=5.4739  elapsed=4809s
2026-09-13 19:41:15,453 [INFO]   [Query Budget] round_robin breakdown: {'executed': {'calls': 7500, 'samples': 375000}, 'observational': {'calls': 2400, 'samples': 480000}, 'total': {'calls': 9900, 'samples': 855000}}
2026-09-13 19:41:15,453 [INFO]   Results saved to /scratch/alpine/paco0228/ACE/results/audit_reruns/t2_30node/round_robin/seed_2024
