2026-09-13 18:21:05,016 [INFO] 30-node baseline: method=max_variance seed=42 episodes=150
2026-09-13 18:21:05,017 [INFO]   SCM: 30 nodes, 39 edges, 11 colliders
2026-09-13 18:22:16,352 [INFO]   Episode 0/150, loss=5.5208
2026-09-13 18:28:46,677 [INFO]   Episode 10/150, loss=5.5333
2026-09-13 18:35:14,822 [INFO]   Episode 20/150, loss=5.5198
2026-09-13 18:41:46,160 [INFO]   Episode 30/150, loss=5.5179
2026-09-13 18:48:20,329 [INFO]   Episode 40/150, loss=5.5293
2026-09-13 18:54:56,617 [INFO]   Episode 50/150, loss=5.5158
2026-09-13 19:01:56,597 [INFO]   Episode 60/150, loss=5.5192
2026-09-13 19:09:04,335 [INFO]   Episode 70/150, loss=5.5157
2026-09-13 19:16:09,590 [INFO]   Episode 80/150, loss=5.5188
2026-09-13 19:23:11,619 [INFO]   Episode 90/150, loss=5.5131
2026-09-13 19:30:17,802 [INFO]   Episode 100/150, loss=5.5147
2026-09-13 19:37:14,552 [INFO]   Episode 110/150, loss=5.5184
2026-09-13 19:44:17,147 [INFO]   Episode 120/150, loss=5.5100
2026-09-13 19:51:19,100 [INFO]   Episode 130/150, loss=5.5022
2026-09-13 19:58:19,554 [INFO]   Episode 140/150, loss=5.5072
2026-09-13 20:04:37,743 [INFO]   Done. final_loss=5.5159  elapsed=6213s
2026-09-13 20:04:38,083 [INFO]   [Query Budget] max_variance breakdown: {'candidate_probe': {'calls': 240000, 'samples': 12000000}, 'executed': {'calls': 3750, 'samples': 187500}, 'observational': {'calls': 1200, 'samples': 240000}, 'total': {'calls': 244950, 'samples': 12427500}}
2026-09-13 20:04:38,083 [INFO]   Results saved to /scratch/alpine/paco0228/ACE/results/audit_reruns/t2_30node/max_variance/seed_42
