2026-09-13 18:21:04,858 [INFO] 30-node baseline: method=random seed=2026 episodes=300
2026-09-13 18:21:04,859 [INFO]   SCM: 30 nodes, 38 edges, 11 colliders
2026-09-13 18:21:59,175 [INFO]   Episode 0/300, loss=5.6315
2026-09-13 18:25:31,860 [INFO]   Episode 10/300, loss=5.6354
2026-09-13 18:29:00,278 [INFO]   Episode 20/300, loss=5.6321
2026-09-13 18:32:28,299 [INFO]   Episode 30/300, loss=5.6407
2026-09-13 18:35:56,230 [INFO]   Episode 40/300, loss=5.6349
2026-09-13 18:39:24,302 [INFO]   Episode 50/300, loss=5.6340
2026-09-13 18:42:52,624 [INFO]   Episode 60/300, loss=5.6317
2026-09-13 18:46:20,797 [INFO]   Episode 70/300, loss=5.6309
2026-09-13 18:49:50,066 [INFO]   Episode 80/300, loss=5.6270
2026-09-13 18:53:19,113 [INFO]   Episode 90/300, loss=5.6415
2026-09-13 18:56:49,051 [INFO]   Episode 100/300, loss=5.6361
2026-09-13 19:00:16,151 [INFO]   Episode 110/300, loss=5.6314
2026-09-13 19:03:43,586 [INFO]   Episode 120/300, loss=5.6348
2026-09-13 19:07:13,037 [INFO]   Episode 130/300, loss=5.6273
2026-09-13 19:10:41,286 [INFO]   Episode 140/300, loss=5.6475
2026-09-13 19:14:10,033 [INFO]   Episode 150/300, loss=5.6319
2026-09-13 19:17:37,419 [INFO]   Episode 160/300, loss=5.6443
2026-09-13 19:21:10,270 [INFO]   Episode 170/300, loss=5.6339
2026-09-13 19:24:41,161 [INFO]   Episode 180/300, loss=5.6279
2026-09-13 19:28:12,535 [INFO]   Episode 190/300, loss=5.6325
2026-09-13 19:31:40,654 [INFO]   Episode 200/300, loss=5.6328
2026-09-13 19:35:08,962 [INFO]   Episode 210/300, loss=5.6317
2026-09-13 19:38:37,512 [INFO]   Episode 220/300, loss=5.6311
2026-09-13 19:42:05,872 [INFO]   Episode 230/300, loss=5.6257
2026-09-13 19:45:26,070 [INFO]   Episode 240/300, loss=5.6377
2026-09-13 19:48:45,983 [INFO]   Episode 250/300, loss=5.6415
2026-09-13 19:52:05,931 [INFO]   Episode 260/300, loss=5.6356
2026-09-13 19:55:26,010 [INFO]   Episode 270/300, loss=5.6310
2026-09-13 19:58:45,954 [INFO]   Episode 280/300, loss=5.6349
2026-09-13 20:02:05,934 [INFO]   Episode 290/300, loss=5.6297
2026-09-13 20:05:06,261 [INFO]   Done. final_loss=5.6456  elapsed=6241s
2026-09-13 20:05:08,474 [INFO]   [Query Budget] random breakdown: {'executed': {'calls': 7500, 'samples': 375000}, 'observational': {'calls': 2400, 'samples': 480000}, 'total': {'calls': 9900, 'samples': 855000}}
2026-09-13 20:05:08,475 [INFO]   Results saved to /scratch/alpine/paco0228/ACE/results/audit_reruns/t2_30node/random/seed_2026
