2026-09-13 18:21:05,211 [INFO] 30-node baseline: method=bayesian_oed seed=2025 episodes=300
2026-09-13 18:21:05,214 [INFO]   SCM: 30 nodes, 38 edges, 11 colliders
2026-09-13 18:24:37,957 [INFO]   Episode 0/300, loss=5.4034
2026-09-13 18:54:47,041 [INFO]   Episode 10/300, loss=5.4036
2026-09-13 19:25:50,766 [INFO]   Episode 20/300, loss=5.4013
2026-09-13 19:56:21,385 [INFO]   Episode 30/300, loss=5.4051
2026-09-13 20:25:36,343 [INFO]   Episode 40/300, loss=5.4028
2026-09-13 20:54:36,389 [INFO]   Episode 50/300, loss=5.4005
2026-09-13 21:23:40,378 [INFO]   Episode 60/300, loss=5.4098
2026-09-13 21:52:44,049 [INFO]   Episode 70/300, loss=5.4029
2026-09-13 22:22:35,297 [INFO]   Episode 80/300, loss=5.4116
2026-09-13 22:51:36,089 [INFO]   Episode 90/300, loss=5.4052
2026-09-13 23:21:22,450 [INFO]   Episode 100/300, loss=5.4100
2026-09-13 23:50:17,289 [INFO]   Episode 110/300, loss=5.3991
2026-09-14 00:19:13,540 [INFO]   Episode 120/300, loss=5.4071
2026-09-14 00:48:08,854 [INFO]   Episode 130/300, loss=5.4051
2026-09-14 01:17:08,922 [INFO]   Episode 140/300, loss=5.4104
2026-09-14 01:46:06,150 [INFO]   Episode 150/300, loss=5.4096
2026-09-14 02:15:06,730 [INFO]   Episode 160/300, loss=5.4057
2026-09-14 02:44:08,949 [INFO]   Episode 170/300, loss=5.4114
2026-09-14 03:13:06,293 [INFO]   Episode 180/300, loss=5.4006
2026-09-14 03:42:05,354 [INFO]   Episode 190/300, loss=5.3981
2026-09-14 04:11:09,248 [INFO]   Episode 200/300, loss=5.4021
2026-09-14 04:40:12,484 [INFO]   Episode 210/300, loss=5.4049
2026-09-14 05:09:17,430 [INFO]   Episode 220/300, loss=5.4036
2026-09-14 05:38:22,713 [INFO]   Episode 230/300, loss=5.4036
2026-09-14 06:07:29,165 [INFO]   Episode 240/300, loss=5.4064
2026-09-14 06:36:32,249 [INFO]   Episode 250/300, loss=5.4047
2026-09-14 07:05:33,322 [INFO]   Episode 260/300, loss=5.4058
2026-09-14 07:34:37,371 [INFO]   Episode 270/300, loss=5.4105
2026-09-14 08:03:43,170 [INFO]   Episode 280/300, loss=5.4055
2026-09-14 08:32:47,022 [INFO]   Episode 290/300, loss=5.3998
2026-09-14 08:58:53,753 [INFO]   Done. final_loss=5.4023  elapsed=52669s
2026-09-14 08:58:54,352 [INFO]   [Query Budget] bayesian_oed breakdown: {'candidate_probe': {'calls': 225000, 'samples': 11250000}, 'executed': {'calls': 7500, 'samples': 375000}, 'observational': {'calls': 2400, 'samples': 480000}, 'total': {'calls': 234900, 'samples': 12105000}}
2026-09-14 08:58:54,352 [INFO]   Results saved to /scratch/alpine/paco0228/ACE/results/audit_reruns/t2_30node/bayesian_oed/seed_2025
