2026-09-13 18:21:04,691 [INFO] 30-node baseline: method=max_variance seed=2022 episodes=300
2026-09-13 18:21:04,694 [INFO]   SCM: 30 nodes, 38 edges, 11 colliders
2026-09-13 18:22:18,527 [INFO]   Episode 0/300, loss=5.3885
2026-09-13 18:29:10,791 [INFO]   Episode 10/300, loss=5.3939
2026-09-13 18:35:57,156 [INFO]   Episode 20/300, loss=5.3995
2026-09-13 18:42:42,170 [INFO]   Episode 30/300, loss=5.3972
2026-09-13 18:49:29,832 [INFO]   Episode 40/300, loss=5.3903
2026-09-13 18:56:27,104 [INFO]   Episode 50/300, loss=5.3922
2026-09-13 19:03:31,596 [INFO]   Episode 60/300, loss=5.3917
2026-09-13 19:10:52,837 [INFO]   Episode 70/300, loss=5.3955
2026-09-13 19:18:32,235 [INFO]   Episode 80/300, loss=5.3938
2026-09-13 19:26:11,695 [INFO]   Episode 90/300, loss=5.3907
2026-09-13 19:33:52,555 [INFO]   Episode 100/300, loss=5.3961
2026-09-13 19:41:31,534 [INFO]   Episode 110/300, loss=5.3923
2026-09-13 19:48:43,383 [INFO]   Episode 120/300, loss=5.3895
2026-09-13 19:55:48,431 [INFO]   Episode 130/300, loss=5.3945
2026-09-13 20:03:15,903 [INFO]   Episode 140/300, loss=5.3961
2026-09-13 20:10:51,744 [INFO]   Episode 150/300, loss=5.3949
2026-09-13 20:18:15,844 [INFO]   Episode 160/300, loss=5.3964
2026-09-13 20:25:09,433 [INFO]   Episode 170/300, loss=5.3920
2026-09-13 20:32:00,494 [INFO]   Episode 180/300, loss=5.4007
2026-09-13 20:38:52,042 [INFO]   Episode 190/300, loss=5.3922
2026-09-13 20:45:48,002 [INFO]   Episode 200/300, loss=5.3917
2026-09-13 20:52:51,361 [INFO]   Episode 210/300, loss=5.3941
2026-09-13 20:59:50,257 [INFO]   Episode 220/300, loss=5.3952
2026-09-13 21:06:30,753 [INFO]   Episode 230/300, loss=5.3935
2026-09-13 21:13:05,217 [INFO]   Episode 240/300, loss=5.3920
2026-09-13 21:19:39,133 [INFO]   Episode 250/300, loss=5.3908
2026-09-13 21:26:13,090 [INFO]   Episode 260/300, loss=5.3897
2026-09-13 21:32:46,593 [INFO]   Episode 270/300, loss=5.3944
2026-09-13 21:39:20,555 [INFO]   Episode 280/300, loss=5.3910
2026-09-13 21:46:07,273 [INFO]   Episode 290/300, loss=5.3908
2026-09-13 21:52:01,332 [INFO]   Done. final_loss=5.3940  elapsed=12657s
2026-09-13 21:52:01,953 [INFO]   [Query Budget] max_variance breakdown: {'candidate_probe': {'calls': 480000, 'samples': 24000000}, 'executed': {'calls': 7500, 'samples': 375000}, 'observational': {'calls': 2400, 'samples': 480000}, 'total': {'calls': 489900, 'samples': 24855000}}
2026-09-13 21:52:01,953 [INFO]   Results saved to /scratch/alpine/paco0228/ACE/results/audit_reruns/t2_30node/max_variance/seed_2022
