2026-09-13 18:21:05,068 [INFO] 30-node baseline: method=round_robin seed=2022 episodes=300
2026-09-13 18:21:05,068 [INFO]   SCM: 30 nodes, 38 edges, 11 colliders
2026-09-13 18:21:50,223 [INFO]   Episode 0/300, loss=5.3927
2026-09-13 18:24:01,357 [INFO]   Episode 10/300, loss=5.3959
2026-09-13 18:26:14,455 [INFO]   Episode 20/300, loss=5.3918
2026-09-13 18:28:26,219 [INFO]   Episode 30/300, loss=5.3963
2026-09-13 18:30:37,677 [INFO]   Episode 40/300, loss=5.3915
2026-09-13 18:32:48,952 [INFO]   Episode 50/300, loss=5.3896
2026-09-13 18:35:01,441 [INFO]   Episode 60/300, loss=5.3972
2026-09-13 18:37:13,102 [INFO]   Episode 70/300, loss=5.3973
2026-09-13 18:39:24,989 [INFO]   Episode 80/300, loss=5.3954
2026-09-13 18:41:37,773 [INFO]   Episode 90/300, loss=5.3942
2026-09-13 18:43:50,282 [INFO]   Episode 100/300, loss=5.4031
2026-09-13 18:46:00,965 [INFO]   Episode 110/300, loss=5.4010
2026-09-13 18:48:11,838 [INFO]   Episode 120/300, loss=5.4005
2026-09-13 18:50:22,961 [INFO]   Episode 130/300, loss=5.3928
2026-09-13 18:52:34,185 [INFO]   Episode 140/300, loss=5.3941
2026-09-13 18:54:44,853 [INFO]   Episode 150/300, loss=5.3922
2026-09-13 18:56:55,668 [INFO]   Episode 160/300, loss=5.3984
2026-09-13 18:59:06,311 [INFO]   Episode 170/300, loss=5.3925
2026-09-13 19:01:17,175 [INFO]   Episode 180/300, loss=5.3942
2026-09-13 19:03:28,709 [INFO]   Episode 190/300, loss=5.3941
2026-09-13 19:05:40,356 [INFO]   Episode 200/300, loss=5.3896
2026-09-13 19:07:51,749 [INFO]   Episode 210/300, loss=5.3935
2026-09-13 19:10:02,524 [INFO]   Episode 220/300, loss=5.3949
2026-09-13 19:12:13,756 [INFO]   Episode 230/300, loss=5.3951
2026-09-13 19:14:25,928 [INFO]   Episode 240/300, loss=5.3913
2026-09-13 19:16:38,197 [INFO]   Episode 250/300, loss=5.3956
2026-09-13 19:18:50,068 [INFO]   Episode 260/300, loss=5.3887
2026-09-13 19:21:01,252 [INFO]   Episode 270/300, loss=5.3966
2026-09-13 19:23:12,310 [INFO]   Episode 280/300, loss=5.3920
2026-09-13 19:25:23,795 [INFO]   Episode 290/300, loss=5.3958
2026-09-13 19:27:22,032 [INFO]   Done. final_loss=5.3884  elapsed=3977s
2026-09-13 19:27:27,441 [INFO]   [Query Budget] round_robin breakdown: {'executed': {'calls': 7500, 'samples': 375000}, 'observational': {'calls': 2400, 'samples': 480000}, 'total': {'calls': 9900, 'samples': 855000}}
2026-09-13 19:27:27,441 [INFO]   Results saved to /scratch/alpine/paco0228/ACE/results/audit_reruns/t2_30node/round_robin/seed_2022
