2026-09-13 18:21:04,981 [INFO] 30-node baseline: method=max_variance seed=2026 episodes=300
2026-09-13 18:21:04,986 [INFO]   SCM: 30 nodes, 38 edges, 11 colliders
2026-09-13 18:22:23,290 [INFO]   Episode 0/300, loss=5.6371
2026-09-13 18:29:56,965 [INFO]   Episode 10/300, loss=5.6301
2026-09-13 18:37:34,582 [INFO]   Episode 20/300, loss=5.6371
2026-09-13 18:45:10,705 [INFO]   Episode 30/300, loss=5.6339
2026-09-13 18:52:46,970 [INFO]   Episode 40/300, loss=5.6365
2026-09-13 19:00:48,676 [INFO]   Episode 50/300, loss=5.6371
2026-09-13 19:08:33,779 [INFO]   Episode 60/300, loss=5.6381
2026-09-13 19:16:30,257 [INFO]   Episode 70/300, loss=5.6285
2026-09-13 19:24:27,234 [INFO]   Episode 80/300, loss=5.6378
2026-09-13 19:32:19,072 [INFO]   Episode 90/300, loss=5.6437
2026-09-13 19:40:13,292 [INFO]   Episode 100/300, loss=5.6369
2026-09-13 19:47:56,837 [INFO]   Episode 110/300, loss=5.6348
2026-09-13 19:55:56,568 [INFO]   Episode 120/300, loss=5.6353
2026-09-13 20:03:57,414 [INFO]   Episode 130/300, loss=5.6380
2026-09-13 20:11:45,300 [INFO]   Episode 140/300, loss=5.6357
2026-09-13 20:18:33,337 [INFO]   Episode 150/300, loss=5.6396
2026-09-13 20:25:07,683 [INFO]   Episode 160/300, loss=5.6399
2026-09-13 20:31:25,929 [INFO]   Episode 170/300, loss=5.6320
2026-09-13 20:37:44,119 [INFO]   Episode 180/300, loss=5.6328
2026-09-13 20:44:05,694 [INFO]   Episode 190/300, loss=5.6324
2026-09-13 20:50:27,636 [INFO]   Episode 200/300, loss=5.6346
2026-09-13 20:56:53,429 [INFO]   Episode 210/300, loss=5.6370
2026-09-13 21:03:10,140 [INFO]   Episode 220/300, loss=5.6288
2026-09-13 21:09:25,907 [INFO]   Episode 230/300, loss=5.6319
2026-09-13 21:15:42,769 [INFO]   Episode 240/300, loss=5.6399
2026-09-13 21:22:00,399 [INFO]   Episode 250/300, loss=5.6411
2026-09-13 21:28:17,797 [INFO]   Episode 260/300, loss=5.6307
2026-09-13 21:34:34,369 [INFO]   Episode 270/300, loss=5.6400
2026-09-13 21:40:52,277 [INFO]   Episode 280/300, loss=5.6340
2026-09-13 21:47:12,941 [INFO]   Episode 290/300, loss=5.6387
2026-09-13 21:52:54,415 [INFO]   Done. final_loss=5.6393  elapsed=12709s
2026-09-13 21:52:57,878 [INFO]   [Query Budget] max_variance breakdown: {'candidate_probe': {'calls': 480000, 'samples': 24000000}, 'executed': {'calls': 7500, 'samples': 375000}, 'observational': {'calls': 2400, 'samples': 480000}, 'total': {'calls': 489900, 'samples': 24855000}}
2026-09-13 21:52:57,878 [INFO]   Results saved to /scratch/alpine/paco0228/ACE/results/audit_reruns/t2_30node/max_variance/seed_2026
