2026-09-13 18:21:05,018 [INFO] 30-node baseline: method=round_robin seed=1011 episodes=150
2026-09-13 18:21:05,019 [INFO]   SCM: 30 nodes, 36 edges, 10 colliders
2026-09-13 18:21:50,103 [INFO]   Episode 0/150, loss=5.5688
2026-09-13 18:23:57,456 [INFO]   Episode 10/150, loss=5.5755
2026-09-13 18:26:04,425 [INFO]   Episode 20/150, loss=5.5728
2026-09-13 18:28:11,098 [INFO]   Episode 30/150, loss=5.5751
2026-09-13 18:30:17,484 [INFO]   Episode 40/150, loss=5.5765
2026-09-13 18:32:23,894 [INFO]   Episode 50/150, loss=5.5633
2026-09-13 18:34:30,336 [INFO]   Episode 60/150, loss=5.5761
2026-09-13 18:36:36,794 [INFO]   Episode 70/150, loss=5.5823
2026-09-13 18:38:43,658 [INFO]   Episode 80/150, loss=5.5719
2026-09-13 18:40:50,449 [INFO]   Episode 90/150, loss=5.5727
2026-09-13 18:42:57,314 [INFO]   Episode 100/150, loss=5.5719
2026-09-13 18:45:04,156 [INFO]   Episode 110/150, loss=5.5679
2026-09-13 18:47:11,017 [INFO]   Episode 120/150, loss=5.5713
2026-09-13 18:49:18,179 [INFO]   Episode 130/150, loss=5.5767
2026-09-13 18:51:25,357 [INFO]   Episode 140/150, loss=5.5799
2026-09-13 18:53:19,931 [INFO]   Done. final_loss=5.5651  elapsed=1935s
2026-09-13 18:53:20,340 [INFO]   [Query Budget] round_robin breakdown: {'executed': {'calls': 3750, 'samples': 187500}, 'observational': {'calls': 1200, 'samples': 240000}, 'total': {'calls': 4950, 'samples': 427500}}
2026-09-13 18:53:20,340 [INFO]   Results saved to /scratch/alpine/paco0228/ACE/results/audit_reruns/t2_30node/round_robin/seed_1011
