2026-09-13 18:21:04,852 [INFO] 30-node baseline: method=max_variance seed=123 episodes=150
2026-09-13 18:21:04,853 [INFO]   SCM: 30 nodes, 39 edges, 12 colliders
2026-09-13 18:22:17,457 [INFO]   Episode 0/150, loss=5.6442
2026-09-13 18:29:02,801 [INFO]   Episode 10/150, loss=5.6433
2026-09-13 18:35:46,200 [INFO]   Episode 20/150, loss=5.6391
2026-09-13 18:42:26,154 [INFO]   Episode 30/150, loss=5.6435
2026-09-13 18:49:07,839 [INFO]   Episode 40/150, loss=5.6414
2026-09-13 18:55:55,603 [INFO]   Episode 50/150, loss=5.6422
2026-09-13 19:03:11,722 [INFO]   Episode 60/150, loss=5.6445
2026-09-13 19:10:33,463 [INFO]   Episode 70/150, loss=5.6442
2026-09-13 19:17:47,372 [INFO]   Episode 80/150, loss=5.6404
2026-09-13 19:24:41,798 [INFO]   Episode 90/150, loss=5.6384
2026-09-13 19:31:34,688 [INFO]   Episode 100/150, loss=5.6449
2026-09-13 19:38:40,861 [INFO]   Episode 110/150, loss=5.6442
2026-09-13 19:45:49,155 [INFO]   Episode 120/150, loss=5.6406
2026-09-13 19:53:02,077 [INFO]   Episode 130/150, loss=5.6450
2026-09-13 20:00:06,399 [INFO]   Episode 140/150, loss=5.6398
2026-09-13 20:06:32,894 [INFO]   Done. final_loss=5.6384  elapsed=6328s
2026-09-13 20:06:33,237 [INFO]   [Query Budget] max_variance breakdown: {'candidate_probe': {'calls': 240000, 'samples': 12000000}, 'executed': {'calls': 3750, 'samples': 187500}, 'observational': {'calls': 1200, 'samples': 240000}, 'total': {'calls': 244950, 'samples': 12427500}}
2026-09-13 20:06:33,237 [INFO]   Results saved to /scratch/alpine/paco0228/ACE/results/audit_reruns/t2_30node/max_variance/seed_123
