2026-09-13 18:21:04,582 [INFO] 30-node baseline: method=random seed=456 episodes=150
2026-09-13 18:21:04,584 [INFO]   SCM: 30 nodes, 37 edges, 10 colliders
2026-09-13 18:22:01,437 [INFO]   Episode 0/150, loss=5.5472
2026-09-13 18:25:33,779 [INFO]   Episode 10/150, loss=5.5495
2026-09-13 18:29:06,460 [INFO]   Episode 20/150, loss=5.5504
2026-09-13 18:32:41,706 [INFO]   Episode 30/150, loss=5.5457
2026-09-13 18:36:18,458 [INFO]   Episode 40/150, loss=5.5528
2026-09-13 18:39:54,075 [INFO]   Episode 50/150, loss=5.5524
2026-09-13 18:43:29,301 [INFO]   Episode 60/150, loss=5.5493
2026-09-13 18:47:04,721 [INFO]   Episode 70/150, loss=5.5672
2026-09-13 18:50:42,902 [INFO]   Episode 80/150, loss=5.5476
2026-09-13 18:54:21,974 [INFO]   Episode 90/150, loss=5.5498
2026-09-13 18:58:00,419 [INFO]   Episode 100/150, loss=5.5436
2026-09-13 19:01:32,323 [INFO]   Episode 110/150, loss=5.5433
2026-09-13 19:05:05,226 [INFO]   Episode 120/150, loss=5.5453
2026-09-13 19:08:44,386 [INFO]   Episode 130/150, loss=5.5515
2026-09-13 19:12:23,543 [INFO]   Episode 140/150, loss=5.5532
2026-09-13 19:15:38,615 [INFO]   Done. final_loss=5.5575  elapsed=3274s
2026-09-13 19:15:38,948 [INFO]   [Query Budget] random breakdown: {'executed': {'calls': 3750, 'samples': 187500}, 'observational': {'calls': 1200, 'samples': 240000}, 'total': {'calls': 4950, 'samples': 427500}}
2026-09-13 19:15:38,948 [INFO]   Results saved to /scratch/alpine/paco0228/ACE/results/audit_reruns/t2_30node/random/seed_456
