2026-09-13 18:21:04,912 [INFO] 30-node baseline: method=random seed=2023 episodes=300
2026-09-13 18:21:04,913 [INFO]   SCM: 30 nodes, 38 edges, 12 colliders
2026-09-13 18:22:15,615 [INFO]   Episode 0/300, loss=5.3954
2026-09-13 18:28:12,962 [INFO]   Episode 10/300, loss=5.3970
2026-09-13 18:33:54,507 [INFO]   Episode 20/300, loss=5.3942
2026-09-13 18:38:58,253 [INFO]   Episode 30/300, loss=5.4006
2026-09-13 18:43:13,064 [INFO]   Episode 40/300, loss=5.3973
2026-09-13 18:47:30,937 [INFO]   Episode 50/300, loss=5.3941
2026-09-13 18:52:06,677 [INFO]   Episode 60/300, loss=5.3949
2026-09-13 18:56:53,720 [INFO]   Episode 70/300, loss=5.3967
2026-09-13 19:01:03,485 [INFO]   Episode 80/300, loss=5.3936
2026-09-13 19:05:22,701 [INFO]   Episode 90/300, loss=5.3987
2026-09-13 19:10:19,929 [INFO]   Episode 100/300, loss=5.3939
2026-09-13 19:15:12,439 [INFO]   Episode 110/300, loss=5.3943
2026-09-13 19:20:01,502 [INFO]   Episode 120/300, loss=5.3970
2026-09-13 19:24:27,774 [INFO]   Episode 130/300, loss=5.3968
2026-09-13 19:28:58,830 [INFO]   Episode 140/300, loss=5.3981
2026-09-13 19:33:44,343 [INFO]   Episode 150/300, loss=5.3967
2026-09-13 19:38:32,909 [INFO]   Episode 160/300, loss=5.3965
2026-09-13 19:43:01,540 [INFO]   Episode 170/300, loss=5.3964
2026-09-13 19:47:09,379 [INFO]   Episode 180/300, loss=5.3988
2026-09-13 19:51:37,395 [INFO]   Episode 190/300, loss=5.3946
2026-09-13 19:56:21,557 [INFO]   Episode 200/300, loss=5.3961
2026-09-13 20:01:09,472 [INFO]   Episode 210/300, loss=5.3990
2026-09-13 20:05:52,061 [INFO]   Episode 220/300, loss=5.3957
2026-09-13 20:10:05,557 [INFO]   Episode 230/300, loss=5.3951
2026-09-13 20:14:17,891 [INFO]   Episode 240/300, loss=5.3934
2026-09-13 20:18:42,541 [INFO]   Episode 250/300, loss=5.3926
2026-09-13 20:23:18,292 [INFO]   Episode 260/300, loss=5.3925
2026-09-13 20:27:59,851 [INFO]   Episode 270/300, loss=5.3936
2026-09-13 20:32:26,662 [INFO]   Episode 280/300, loss=5.3960
2026-09-13 20:36:15,671 [INFO]   Episode 290/300, loss=5.3935
2026-09-13 20:39:38,916 [INFO]   Done. final_loss=5.3979  elapsed=8314s
2026-09-13 20:39:40,284 [INFO]   [Query Budget] random breakdown: {'executed': {'calls': 7500, 'samples': 375000}, 'observational': {'calls': 2400, 'samples': 480000}, 'total': {'calls': 9900, 'samples': 855000}}
2026-09-13 20:39:40,284 [INFO]   Results saved to /scratch/alpine/paco0228/ACE/results/audit_reruns/t2_30node/random/seed_2023
