2026-09-13 18:21:05,000 [INFO] 30-node baseline: method=max_variance seed=2025 episodes=300
2026-09-13 18:21:05,001 [INFO]   SCM: 30 nodes, 38 edges, 11 colliders
2026-09-13 18:22:23,808 [INFO]   Episode 0/300, loss=5.4021
2026-09-13 18:30:05,370 [INFO]   Episode 10/300, loss=5.4043
2026-09-13 18:37:49,934 [INFO]   Episode 20/300, loss=5.4029
2026-09-13 18:45:30,365 [INFO]   Episode 30/300, loss=5.4041
2026-09-13 18:53:10,934 [INFO]   Episode 40/300, loss=5.4024
2026-09-13 19:01:15,414 [INFO]   Episode 50/300, loss=5.4038
2026-09-13 19:09:06,043 [INFO]   Episode 60/300, loss=5.4067
2026-09-13 19:17:08,037 [INFO]   Episode 70/300, loss=5.4056
2026-09-13 19:25:10,014 [INFO]   Episode 80/300, loss=5.4071
2026-09-13 19:33:01,352 [INFO]   Episode 90/300, loss=5.4145
2026-09-13 19:41:03,486 [INFO]   Episode 100/300, loss=5.4061
2026-09-13 19:48:51,211 [INFO]   Episode 110/300, loss=5.4038
2026-09-13 19:56:53,355 [INFO]   Episode 120/300, loss=5.4066
2026-09-13 20:04:57,719 [INFO]   Episode 130/300, loss=5.4133
2026-09-13 20:12:47,115 [INFO]   Episode 140/300, loss=5.4078
2026-09-13 20:19:28,993 [INFO]   Episode 150/300, loss=5.4112
2026-09-13 20:26:07,850 [INFO]   Episode 160/300, loss=5.4023
2026-09-13 20:32:37,452 [INFO]   Episode 170/300, loss=5.3949
2026-09-13 20:39:05,887 [INFO]   Episode 180/300, loss=5.3946
2026-09-13 20:45:36,880 [INFO]   Episode 190/300, loss=5.4096
2026-09-13 20:52:03,555 [INFO]   Episode 200/300, loss=5.4122
2026-09-13 20:58:30,793 [INFO]   Episode 210/300, loss=5.4034
2026-09-13 21:04:52,941 [INFO]   Episode 220/300, loss=5.4014
2026-09-13 21:11:15,082 [INFO]   Episode 230/300, loss=5.4054
2026-09-13 21:17:36,514 [INFO]   Episode 240/300, loss=5.4071
2026-09-13 21:23:58,415 [INFO]   Episode 250/300, loss=5.4096
2026-09-13 21:30:20,632 [INFO]   Episode 260/300, loss=5.4121
2026-09-13 21:36:42,646 [INFO]   Episode 270/300, loss=5.4051
2026-09-13 21:43:06,889 [INFO]   Episode 280/300, loss=5.4076
2026-09-13 21:49:31,246 [INFO]   Episode 290/300, loss=5.4042
2026-09-13 21:55:16,074 [INFO]   Done. final_loss=5.4099  elapsed=12851s
2026-09-13 21:55:16,715 [INFO]   [Query Budget] max_variance breakdown: {'candidate_probe': {'calls': 480000, 'samples': 24000000}, 'executed': {'calls': 7500, 'samples': 375000}, 'observational': {'calls': 2400, 'samples': 480000}, 'total': {'calls': 489900, 'samples': 24855000}}
2026-09-13 21:55:16,715 [INFO]   Results saved to /scratch/alpine/paco0228/ACE/results/audit_reruns/t2_30node/max_variance/seed_2025
