2026-09-13 18:21:04,624 [INFO] 30-node baseline: method=round_robin seed=2026 episodes=300
2026-09-13 18:21:04,626 [INFO]   SCM: 30 nodes, 38 edges, 11 colliders
2026-09-13 18:21:59,495 [INFO]   Episode 0/300, loss=5.6291
2026-09-13 18:25:30,174 [INFO]   Episode 10/300, loss=5.6347
2026-09-13 18:28:56,427 [INFO]   Episode 20/300, loss=5.6365
2026-09-13 18:32:23,859 [INFO]   Episode 30/300, loss=5.6397
2026-09-13 18:35:52,207 [INFO]   Episode 40/300, loss=5.6310
2026-09-13 18:39:21,033 [INFO]   Episode 50/300, loss=5.6278
2026-09-13 18:42:52,615 [INFO]   Episode 60/300, loss=5.6331
2026-09-13 18:46:24,336 [INFO]   Episode 70/300, loss=5.6327
2026-09-13 18:49:57,044 [INFO]   Episode 80/300, loss=5.6395
2026-09-13 18:53:55,174 [INFO]   Episode 90/300, loss=5.6311
2026-09-13 18:57:49,105 [INFO]   Episode 100/300, loss=5.6368
2026-09-13 19:01:40,714 [INFO]   Episode 110/300, loss=5.6321
2026-09-13 19:05:30,282 [INFO]   Episode 120/300, loss=5.6354
2026-09-13 19:09:25,677 [INFO]   Episode 130/300, loss=5.6386
2026-09-13 19:13:12,226 [INFO]   Episode 140/300, loss=5.6341
2026-09-13 19:16:54,236 [INFO]   Episode 150/300, loss=5.6314
2026-09-13 19:20:48,863 [INFO]   Episode 160/300, loss=5.6388
2026-09-13 19:24:36,554 [INFO]   Episode 170/300, loss=5.6310
2026-09-13 19:28:22,780 [INFO]   Episode 180/300, loss=5.6315
2026-09-13 19:32:24,331 [INFO]   Episode 190/300, loss=5.6318
2026-09-13 19:36:11,293 [INFO]   Episode 200/300, loss=5.6385
2026-09-13 19:40:10,303 [INFO]   Episode 210/300, loss=5.6357
2026-09-13 19:44:15,873 [INFO]   Episode 220/300, loss=5.6335
2026-09-13 19:48:12,356 [INFO]   Episode 230/300, loss=5.6273
2026-09-13 19:52:06,125 [INFO]   Episode 240/300, loss=5.6312
2026-09-13 19:56:14,741 [INFO]   Episode 250/300, loss=5.6310
2026-09-13 20:00:11,893 [INFO]   Episode 260/300, loss=5.6456
2026-09-13 20:04:13,471 [INFO]   Episode 270/300, loss=5.6349
2026-09-13 20:07:45,936 [INFO]   Episode 280/300, loss=5.6363
2026-09-13 20:11:23,618 [INFO]   Episode 290/300, loss=5.6344
2026-09-13 20:15:01,118 [INFO]   Done. final_loss=5.6386  elapsed=6836s
2026-09-13 20:15:01,743 [INFO]   [Query Budget] round_robin breakdown: {'executed': {'calls': 7500, 'samples': 375000}, 'observational': {'calls': 2400, 'samples': 480000}, 'total': {'calls': 9900, 'samples': 855000}}
2026-09-13 20:15:01,743 [INFO]   Results saved to /scratch/alpine/paco0228/ACE/results/audit_reruns/t2_30node/round_robin/seed_2026
