2026-09-13 18:21:05,222 [INFO] 30-node baseline: method=bayesian_oed seed=789 episodes=150
2026-09-13 18:21:05,223 [INFO]   SCM: 30 nodes, 38 edges, 11 colliders
2026-09-13 18:25:07,981 [INFO]   Episode 0/150, loss=5.6183
2026-09-13 18:59:07,439 [INFO]   Episode 10/150, loss=5.6136
2026-09-13 19:33:52,724 [INFO]   Episode 20/150, loss=5.6116
2026-09-13 20:09:08,907 [INFO]   Episode 30/150, loss=5.6039
2026-09-13 20:38:50,974 [INFO]   Episode 40/150, loss=5.6049
2026-09-13 21:07:57,879 [INFO]   Episode 50/150, loss=5.6218
2026-09-13 21:36:50,076 [INFO]   Episode 60/150, loss=5.6044
2026-09-13 22:06:59,252 [INFO]   Episode 70/150, loss=5.6114
2026-09-13 22:37:32,319 [INFO]   Episode 80/150, loss=5.6055
2026-09-13 23:09:16,248 [INFO]   Episode 90/150, loss=5.6099
2026-09-13 23:41:24,880 [INFO]   Episode 100/150, loss=5.6111
2026-09-14 00:11:20,889 [INFO]   Episode 110/150, loss=5.6158
2026-09-14 00:40:15,374 [INFO]   Episode 120/150, loss=5.6058
2026-09-14 01:09:06,834 [INFO]   Episode 130/150, loss=5.6066
2026-09-14 01:37:59,726 [INFO]   Episode 140/150, loss=5.6101
2026-09-14 02:04:00,919 [INFO]   Done. final_loss=5.6059  elapsed=27776s
2026-09-14 02:04:01,275 [INFO]   [Query Budget] bayesian_oed breakdown: {'candidate_probe': {'calls': 112500, 'samples': 5625000}, 'executed': {'calls': 3750, 'samples': 187500}, 'observational': {'calls': 1200, 'samples': 240000}, 'total': {'calls': 117450, 'samples': 6052500}}
2026-09-14 02:04:01,275 [INFO]   Results saved to /scratch/alpine/paco0228/ACE/results/audit_reruns/t2_30node/bayesian_oed/seed_789
