2026-09-13 18:21:04,717 [INFO] 30-node baseline: method=max_variance seed=1011 episodes=150
2026-09-13 18:21:04,719 [INFO]   SCM: 30 nodes, 36 edges, 10 colliders
2026-09-13 18:22:20,840 [INFO]   Episode 0/150, loss=5.5760
2026-09-13 18:29:33,328 [INFO]   Episode 10/150, loss=5.5694
2026-09-13 18:36:30,495 [INFO]   Episode 20/150, loss=5.5761
2026-09-13 18:43:35,554 [INFO]   Episode 30/150, loss=5.5738
2026-09-13 18:50:53,973 [INFO]   Episode 40/150, loss=5.5741
2026-09-13 18:58:36,455 [INFO]   Episode 50/150, loss=5.5708
2026-09-13 19:06:17,804 [INFO]   Episode 60/150, loss=5.5689
2026-09-13 19:13:58,366 [INFO]   Episode 70/150, loss=5.5747
2026-09-13 19:21:48,064 [INFO]   Episode 80/150, loss=5.5754
2026-09-13 19:29:32,526 [INFO]   Episode 90/150, loss=5.5838
2026-09-13 19:37:18,913 [INFO]   Episode 100/150, loss=5.5803
2026-09-13 19:45:01,452 [INFO]   Episode 110/150, loss=5.5701
2026-09-13 19:52:41,946 [INFO]   Episode 120/150, loss=5.5731
2026-09-13 20:00:31,582 [INFO]   Episode 130/150, loss=5.5697
2026-09-13 20:07:38,361 [INFO]   Episode 140/150, loss=5.5793
2026-09-13 20:13:58,953 [INFO]   Done. final_loss=5.5658  elapsed=6774s
2026-09-13 20:14:00,432 [INFO]   [Query Budget] max_variance breakdown: {'candidate_probe': {'calls': 240000, 'samples': 12000000}, 'executed': {'calls': 3750, 'samples': 187500}, 'observational': {'calls': 1200, 'samples': 240000}, 'total': {'calls': 244950, 'samples': 12427500}}
2026-09-13 20:14:00,432 [INFO]   Results saved to /scratch/alpine/paco0228/ACE/results/audit_reruns/t2_30node/max_variance/seed_1011
