2026-09-13 18:21:04,717 [INFO] 30-node baseline: method=round_robin seed=789 episodes=150
2026-09-13 18:21:04,719 [INFO]   SCM: 30 nodes, 38 edges, 11 colliders
2026-09-13 18:21:55,087 [INFO]   Episode 0/150, loss=5.6033
2026-09-13 18:24:54,452 [INFO]   Episode 10/150, loss=5.6058
2026-09-13 18:27:56,986 [INFO]   Episode 20/150, loss=5.6124
2026-09-13 18:30:59,108 [INFO]   Episode 30/150, loss=5.6081
2026-09-13 18:34:00,637 [INFO]   Episode 40/150, loss=5.6096
2026-09-13 18:36:59,010 [INFO]   Episode 50/150, loss=5.6103
2026-09-13 18:39:57,563 [INFO]   Episode 60/150, loss=5.6077
2026-09-13 18:42:57,614 [INFO]   Episode 70/150, loss=5.6093
2026-09-13 18:45:55,601 [INFO]   Episode 80/150, loss=5.6122
2026-09-13 18:48:53,733 [INFO]   Episode 90/150, loss=5.6040
2026-09-13 18:51:51,781 [INFO]   Episode 100/150, loss=5.6169
2026-09-13 18:54:50,087 [INFO]   Episode 110/150, loss=5.6044
2026-09-13 18:57:48,618 [INFO]   Episode 120/150, loss=5.6080
2026-09-13 19:00:46,915 [INFO]   Episode 130/150, loss=5.6078
2026-09-13 19:03:44,965 [INFO]   Episode 140/150, loss=5.6054
2026-09-13 19:06:23,764 [INFO]   Done. final_loss=5.6091  elapsed=2719s
2026-09-13 19:06:24,140 [INFO]   [Query Budget] round_robin breakdown: {'executed': {'calls': 3750, 'samples': 187500}, 'observational': {'calls': 1200, 'samples': 240000}, 'total': {'calls': 4950, 'samples': 427500}}
2026-09-13 19:06:24,140 [INFO]   Results saved to /scratch/alpine/paco0228/ACE/results/audit_reruns/t2_30node/round_robin/seed_789
