2026-09-13 18:21:04,945 [INFO] 30-node baseline: method=random seed=123 episodes=150
2026-09-13 18:21:04,947 [INFO]   SCM: 30 nodes, 39 edges, 12 colliders
2026-09-13 18:21:58,552 [INFO]   Episode 0/150, loss=5.6457
2026-09-13 18:25:32,565 [INFO]   Episode 10/150, loss=5.6387
2026-09-13 18:29:09,060 [INFO]   Episode 20/150, loss=5.6431
2026-09-13 18:32:46,736 [INFO]   Episode 30/150, loss=5.6424
2026-09-13 18:36:25,719 [INFO]   Episode 40/150, loss=5.6420
2026-09-13 18:40:04,301 [INFO]   Episode 50/150, loss=5.6473
2026-09-13 18:43:41,766 [INFO]   Episode 60/150, loss=5.6502
2026-09-13 18:47:19,640 [INFO]   Episode 70/150, loss=5.6377
2026-09-13 18:50:57,657 [INFO]   Episode 80/150, loss=5.6433
2026-09-13 18:54:35,805 [INFO]   Episode 90/150, loss=5.6405
2026-09-13 18:58:14,013 [INFO]   Episode 100/150, loss=5.6387
2026-09-13 19:01:51,669 [INFO]   Episode 110/150, loss=5.6436
2026-09-13 19:05:28,888 [INFO]   Episode 120/150, loss=5.6440
2026-09-13 19:09:05,854 [INFO]   Episode 130/150, loss=5.6451
2026-09-13 19:12:43,479 [INFO]   Episode 140/150, loss=5.6524
2026-09-13 19:16:01,091 [INFO]   Done. final_loss=5.6406  elapsed=3296s
2026-09-13 19:16:01,411 [INFO]   [Query Budget] random breakdown: {'executed': {'calls': 3750, 'samples': 187500}, 'observational': {'calls': 1200, 'samples': 240000}, 'total': {'calls': 4950, 'samples': 427500}}
2026-09-13 19:16:01,411 [INFO]   Results saved to /scratch/alpine/paco0228/ACE/results/audit_reruns/t2_30node/random/seed_123
