2026-09-13 18:21:04,958 [INFO] 30-node baseline: method=bayesian_oed seed=123 episodes=150
2026-09-13 18:21:04,959 [INFO]   SCM: 30 nodes, 39 edges, 12 colliders
2026-09-13 18:25:13,504 [INFO]   Episode 0/150, loss=5.6497
2026-09-13 19:00:54,344 [INFO]   Episode 10/150, loss=5.6465
2026-09-13 19:36:34,988 [INFO]   Episode 20/150, loss=5.6402
2026-09-13 20:12:23,783 [INFO]   Episode 30/150, loss=5.6447
2026-09-13 20:44:36,038 [INFO]   Episode 40/150, loss=5.6410
2026-09-13 21:16:37,510 [INFO]   Episode 50/150, loss=5.6495
2026-09-13 21:49:21,153 [INFO]   Episode 60/150, loss=5.6442
2026-09-13 22:25:20,256 [INFO]   Episode 70/150, loss=5.6383
2026-09-13 23:01:13,365 [INFO]   Episode 80/150, loss=5.6394
2026-09-13 23:37:02,965 [INFO]   Episode 90/150, loss=5.6452
2026-09-14 00:10:01,256 [INFO]   Episode 100/150, loss=5.6392
2026-09-14 00:39:24,083 [INFO]   Episode 110/150, loss=5.6419
2026-09-14 01:08:51,697 [INFO]   Episode 120/150, loss=5.6402
2026-09-14 01:38:21,486 [INFO]   Episode 130/150, loss=5.6414
2026-09-14 02:07:51,707 [INFO]   Episode 140/150, loss=5.6454
2026-09-14 02:34:25,128 [INFO]   Done. final_loss=5.6450  elapsed=29600s
2026-09-14 02:34:26,211 [INFO]   [Query Budget] bayesian_oed breakdown: {'candidate_probe': {'calls': 112500, 'samples': 5625000}, 'executed': {'calls': 3750, 'samples': 187500}, 'observational': {'calls': 1200, 'samples': 240000}, 'total': {'calls': 117450, 'samples': 6052500}}
2026-09-14 02:34:26,211 [INFO]   Results saved to /scratch/alpine/paco0228/ACE/results/audit_reruns/t2_30node/bayesian_oed/seed_123
