2026-09-13 18:21:05,273 [INFO] 30-node baseline: method=max_variance seed=2024 episodes=300
2026-09-13 18:21:05,275 [INFO]   SCM: 30 nodes, 37 edges, 10 colliders
2026-09-13 18:22:24,090 [INFO]   Episode 0/300, loss=5.4757
2026-09-13 18:30:07,950 [INFO]   Episode 10/300, loss=5.4799
2026-09-13 18:37:55,741 [INFO]   Episode 20/300, loss=5.4744
2026-09-13 18:45:40,678 [INFO]   Episode 30/300, loss=5.4824
2026-09-13 18:53:27,364 [INFO]   Episode 40/300, loss=5.4843
2026-09-13 19:01:35,514 [INFO]   Episode 50/300, loss=5.4781
2026-09-13 19:09:31,454 [INFO]   Episode 60/300, loss=5.4760
2026-09-13 19:17:38,894 [INFO]   Episode 70/300, loss=5.4738
2026-09-13 19:25:44,901 [INFO]   Episode 80/300, loss=5.4794
2026-09-13 19:33:39,906 [INFO]   Episode 90/300, loss=5.4892
2026-09-13 19:41:49,053 [INFO]   Episode 100/300, loss=5.4808
2026-09-13 19:49:43,403 [INFO]   Episode 110/300, loss=5.4793
2026-09-13 19:57:52,134 [INFO]   Episode 120/300, loss=5.4827
2026-09-13 20:06:00,511 [INFO]   Episode 130/300, loss=5.4794
2026-09-13 20:13:46,036 [INFO]   Episode 140/300, loss=5.4755
2026-09-13 20:20:22,924 [INFO]   Episode 150/300, loss=5.4799
2026-09-13 20:27:01,053 [INFO]   Episode 160/300, loss=5.4777
2026-09-13 20:33:32,132 [INFO]   Episode 170/300, loss=5.4735
2026-09-13 20:40:01,043 [INFO]   Episode 180/300, loss=5.4785
2026-09-13 20:46:29,710 [INFO]   Episode 190/300, loss=5.4783
2026-09-13 20:53:01,906 [INFO]   Episode 200/300, loss=5.4753
2026-09-13 20:59:30,933 [INFO]   Episode 210/300, loss=5.4799
2026-09-13 21:05:56,205 [INFO]   Episode 220/300, loss=5.4765
2026-09-13 21:12:17,775 [INFO]   Episode 230/300, loss=5.4806
2026-09-13 21:18:39,901 [INFO]   Episode 240/300, loss=5.4758
2026-09-13 21:25:02,161 [INFO]   Episode 250/300, loss=5.4718
2026-09-13 21:31:24,807 [INFO]   Episode 260/300, loss=5.4836
2026-09-13 21:37:47,308 [INFO]   Episode 270/300, loss=5.4846
2026-09-13 21:44:14,486 [INFO]   Episode 280/300, loss=5.4858
2026-09-13 21:50:37,157 [INFO]   Episode 290/300, loss=5.4849
2026-09-13 21:56:20,987 [INFO]   Done. final_loss=5.4816  elapsed=12916s
2026-09-13 21:56:21,601 [INFO]   [Query Budget] max_variance breakdown: {'candidate_probe': {'calls': 480000, 'samples': 24000000}, 'executed': {'calls': 7500, 'samples': 375000}, 'observational': {'calls': 2400, 'samples': 480000}, 'total': {'calls': 489900, 'samples': 24855000}}
2026-09-13 21:56:21,601 [INFO]   Results saved to /scratch/alpine/paco0228/ACE/results/audit_reruns/t2_30node/max_variance/seed_2024
