2026-09-13 18:21:04,598 [INFO] 30-node baseline: method=max_variance seed=2023 episodes=300
2026-09-13 18:21:04,600 [INFO]   SCM: 30 nodes, 38 edges, 12 colliders
2026-09-13 18:22:16,732 [INFO]   Episode 0/300, loss=5.3958
2026-09-13 18:28:53,951 [INFO]   Episode 10/300, loss=5.3960
2026-09-13 18:35:31,966 [INFO]   Episode 20/300, loss=5.3944
2026-09-13 18:42:12,087 [INFO]   Episode 30/300, loss=5.3967
2026-09-13 18:48:52,470 [INFO]   Episode 40/300, loss=5.3966
2026-09-13 18:55:38,940 [INFO]   Episode 50/300, loss=5.3929
2026-09-13 19:02:32,553 [INFO]   Episode 60/300, loss=5.3960
2026-09-13 19:09:26,955 [INFO]   Episode 70/300, loss=5.3952
2026-09-13 19:16:17,996 [INFO]   Episode 80/300, loss=5.3949
2026-09-13 19:23:10,191 [INFO]   Episode 90/300, loss=5.3958
2026-09-13 19:30:06,870 [INFO]   Episode 100/300, loss=5.3942
2026-09-13 19:37:04,692 [INFO]   Episode 110/300, loss=5.3966
2026-09-13 19:44:04,259 [INFO]   Episode 120/300, loss=5.3959
2026-09-13 19:51:04,002 [INFO]   Episode 130/300, loss=5.3945
2026-09-13 19:58:00,239 [INFO]   Episode 140/300, loss=5.4051
2026-09-13 20:04:59,999 [INFO]   Episode 150/300, loss=5.3933
2026-09-13 20:11:48,577 [INFO]   Episode 160/300, loss=5.3976
2026-09-13 20:18:29,139 [INFO]   Episode 170/300, loss=5.3980
2026-09-13 20:25:03,564 [INFO]   Episode 180/300, loss=5.3970
2026-09-13 20:31:38,273 [INFO]   Episode 190/300, loss=5.3943
2026-09-13 20:38:13,373 [INFO]   Episode 200/300, loss=5.3949
2026-09-13 20:44:54,305 [INFO]   Episode 210/300, loss=5.3976
2026-09-13 20:51:38,032 [INFO]   Episode 220/300, loss=5.4001
2026-09-13 20:58:18,790 [INFO]   Episode 230/300, loss=5.3961
2026-09-13 21:04:53,496 [INFO]   Episode 240/300, loss=5.3966
2026-09-13 21:11:29,382 [INFO]   Episode 250/300, loss=5.4018
2026-09-13 21:18:05,431 [INFO]   Episode 260/300, loss=5.3978
2026-09-13 21:24:40,332 [INFO]   Episode 270/300, loss=5.3949
2026-09-13 21:31:17,303 [INFO]   Episode 280/300, loss=5.3970
2026-09-13 21:37:52,445 [INFO]   Episode 290/300, loss=5.3977
2026-09-13 21:43:48,253 [INFO]   Done. final_loss=5.3979  elapsed=12164s
2026-09-13 21:43:49,058 [INFO]   [Query Budget] max_variance breakdown: {'candidate_probe': {'calls': 480000, 'samples': 24000000}, 'executed': {'calls': 7500, 'samples': 375000}, 'observational': {'calls': 2400, 'samples': 480000}, 'total': {'calls': 489900, 'samples': 24855000}}
2026-09-13 21:43:49,058 [INFO]   Results saved to /scratch/alpine/paco0228/ACE/results/audit_reruns/t2_30node/max_variance/seed_2023
