2026-09-13 18:21:04,690 [INFO] 30-node baseline: method=random seed=2025 episodes=300
2026-09-13 18:21:04,692 [INFO]   SCM: 30 nodes, 38 edges, 11 colliders
2026-09-13 18:22:00,417 [INFO]   Episode 0/300, loss=5.4021
2026-09-13 18:25:34,270 [INFO]   Episode 10/300, loss=5.4048
2026-09-13 18:29:08,536 [INFO]   Episode 20/300, loss=5.4043
2026-09-13 18:32:45,191 [INFO]   Episode 30/300, loss=5.4118
2026-09-13 18:36:20,592 [INFO]   Episode 40/300, loss=5.4091
2026-09-13 18:40:04,811 [INFO]   Episode 50/300, loss=5.4186
2026-09-13 18:44:01,027 [INFO]   Episode 60/300, loss=5.4068
2026-09-13 18:47:54,667 [INFO]   Episode 70/300, loss=5.4045
2026-09-13 18:51:51,525 [INFO]   Episode 80/300, loss=5.4042
2026-09-13 18:55:58,100 [INFO]   Episode 90/300, loss=5.4058
2026-09-13 19:00:13,793 [INFO]   Episode 100/300, loss=5.4158
2026-09-13 19:04:21,347 [INFO]   Episode 110/300, loss=5.4032
2026-09-13 19:08:28,649 [INFO]   Episode 120/300, loss=5.4067
2026-09-13 19:12:40,257 [INFO]   Episode 130/300, loss=5.4019
2026-09-13 19:16:38,534 [INFO]   Episode 140/300, loss=5.3968
2026-09-13 19:20:43,913 [INFO]   Episode 150/300, loss=5.4087
2026-09-13 19:24:53,830 [INFO]   Episode 160/300, loss=5.4052
2026-09-13 19:28:56,945 [INFO]   Episode 170/300, loss=5.4072
2026-09-13 19:33:06,217 [INFO]   Episode 180/300, loss=5.4017
2026-09-13 19:37:00,357 [INFO]   Episode 190/300, loss=5.3995
2026-09-13 19:41:14,861 [INFO]   Episode 200/300, loss=5.4044
2026-09-13 19:45:18,603 [INFO]   Episode 210/300, loss=5.4069
2026-09-13 19:49:27,287 [INFO]   Episode 220/300, loss=5.4096
2026-09-13 19:53:31,733 [INFO]   Episode 230/300, loss=5.4043
2026-09-13 19:57:36,986 [INFO]   Episode 240/300, loss=5.4092
2026-09-13 20:01:36,592 [INFO]   Episode 250/300, loss=5.4025
2026-09-13 20:05:28,041 [INFO]   Episode 260/300, loss=5.4066
2026-09-13 20:09:17,364 [INFO]   Episode 270/300, loss=5.3986
2026-09-13 20:13:13,510 [INFO]   Episode 280/300, loss=5.3984
2026-09-13 20:16:59,441 [INFO]   Episode 290/300, loss=5.4019
2026-09-13 20:20:12,603 [INFO]   Done. final_loss=5.4014  elapsed=7148s
2026-09-13 20:20:13,242 [INFO]   [Query Budget] random breakdown: {'executed': {'calls': 7500, 'samples': 375000}, 'observational': {'calls': 2400, 'samples': 480000}, 'total': {'calls': 9900, 'samples': 855000}}
2026-09-13 20:20:13,242 [INFO]   Results saved to /scratch/alpine/paco0228/ACE/results/audit_reruns/t2_30node/random/seed_2025
