2026-09-13 18:21:04,841 [INFO] 30-node baseline: method=round_robin seed=456 episodes=150
2026-09-13 18:21:04,844 [INFO]   SCM: 30 nodes, 37 edges, 10 colliders
2026-09-13 18:22:09,295 [INFO]   Episode 0/150, loss=5.5502
2026-09-13 18:27:32,325 [INFO]   Episode 10/150, loss=5.5516
2026-09-13 18:33:07,460 [INFO]   Episode 20/150, loss=5.5532
2026-09-13 18:38:37,486 [INFO]   Episode 30/150, loss=5.5485
2026-09-13 18:44:03,042 [INFO]   Episode 40/150, loss=5.5604
2026-09-13 18:49:24,821 [INFO]   Episode 50/150, loss=5.5535
2026-09-13 18:54:43,163 [INFO]   Episode 60/150, loss=5.5580
2026-09-13 18:59:54,337 [INFO]   Episode 70/150, loss=5.5507
2026-09-13 19:04:47,470 [INFO]   Episode 80/150, loss=5.5433
2026-09-13 19:09:52,196 [INFO]   Episode 90/150, loss=5.5480
2026-09-13 19:15:05,380 [INFO]   Episode 100/150, loss=5.5562
2026-09-13 19:20:13,688 [INFO]   Episode 110/150, loss=5.5538
2026-09-13 19:25:17,858 [INFO]   Episode 120/150, loss=5.5567
2026-09-13 19:30:13,223 [INFO]   Episode 130/150, loss=5.5585
2026-09-13 19:35:17,459 [INFO]   Episode 140/150, loss=5.5663
2026-09-13 19:39:55,163 [INFO]   Done. final_loss=5.5484  elapsed=4730s
2026-09-13 19:39:55,730 [INFO]   [Query Budget] round_robin breakdown: {'executed': {'calls': 3750, 'samples': 187500}, 'observational': {'calls': 1200, 'samples': 240000}, 'total': {'calls': 4950, 'samples': 427500}}
2026-09-13 19:39:55,731 [INFO]   Results saved to /scratch/alpine/paco0228/ACE/results/audit_reruns/t2_30node/round_robin/seed_456
