2026-09-13 18:21:05,213 [INFO] 30-node baseline: method=bayesian_oed seed=2024 episodes=300
2026-09-13 18:21:05,214 [INFO]   SCM: 30 nodes, 37 edges, 10 colliders
2026-09-13 18:24:40,945 [INFO]   Episode 0/300, loss=5.4733
2026-09-13 18:55:03,172 [INFO]   Episode 10/300, loss=5.4747
2026-09-13 19:26:11,548 [INFO]   Episode 20/300, loss=5.4798
2026-09-13 19:56:45,485 [INFO]   Episode 30/300, loss=5.4706
2026-09-13 20:25:54,198 [INFO]   Episode 40/300, loss=5.4869
2026-09-13 20:54:43,858 [INFO]   Episode 50/300, loss=5.4845
2026-09-13 21:23:48,665 [INFO]   Episode 60/300, loss=5.4755
2026-09-13 21:52:48,223 [INFO]   Episode 70/300, loss=5.4749
2026-09-13 22:22:38,609 [INFO]   Episode 80/300, loss=5.4810
2026-09-13 22:52:23,349 [INFO]   Episode 90/300, loss=5.4807
2026-09-13 23:22:01,822 [INFO]   Episode 100/300, loss=5.4811
2026-09-13 23:51:50,851 [INFO]   Episode 110/300, loss=5.4788
2026-09-14 00:21:37,227 [INFO]   Episode 120/300, loss=5.4814
2026-09-14 00:50:53,916 [INFO]   Episode 130/300, loss=5.4811
2026-09-14 01:19:51,153 [INFO]   Episode 140/300, loss=5.4747
2026-09-14 01:48:46,353 [INFO]   Episode 150/300, loss=5.4830
2026-09-14 02:17:40,223 [INFO]   Episode 160/300, loss=5.4872
2026-09-14 02:46:36,048 [INFO]   Episode 170/300, loss=5.4783
2026-09-14 03:15:29,477 [INFO]   Episode 180/300, loss=5.4765
2026-09-14 03:44:24,623 [INFO]   Episode 190/300, loss=5.4741
2026-09-14 04:13:17,907 [INFO]   Episode 200/300, loss=5.4763
2026-09-14 04:42:09,405 [INFO]   Episode 210/300, loss=5.4803
2026-09-14 05:10:55,114 [INFO]   Episode 220/300, loss=5.4726
2026-09-14 05:39:42,620 [INFO]   Episode 230/300, loss=5.4814
2026-09-14 06:08:19,951 [INFO]   Episode 240/300, loss=5.4781
2026-09-14 06:37:09,772 [INFO]   Episode 250/300, loss=5.4779
2026-09-14 07:06:03,611 [INFO]   Episode 260/300, loss=5.4701
2026-09-14 07:34:52,951 [INFO]   Episode 270/300, loss=5.4826
2026-09-14 08:03:42,592 [INFO]   Episode 280/300, loss=5.4786
2026-09-14 08:32:34,396 [INFO]   Episode 290/300, loss=5.4786
2026-09-14 08:58:21,484 [INFO]   Done. final_loss=5.4773  elapsed=52636s
2026-09-14 08:58:30,572 [INFO]   [Query Budget] bayesian_oed breakdown: {'candidate_probe': {'calls': 225000, 'samples': 11250000}, 'executed': {'calls': 7500, 'samples': 375000}, 'observational': {'calls': 2400, 'samples': 480000}, 'total': {'calls': 234900, 'samples': 12105000}}
2026-09-14 08:58:30,573 [INFO]   Results saved to /scratch/alpine/paco0228/ACE/results/audit_reruns/t2_30node/bayesian_oed/seed_2024
