2026-09-13 18:21:04,948 [INFO] 30-node baseline: method=round_robin seed=2025 episodes=300
2026-09-13 18:21:04,951 [INFO]   SCM: 30 nodes, 38 edges, 11 colliders
2026-09-13 18:21:52,888 [INFO]   Episode 0/300, loss=5.4038
2026-09-13 18:24:21,026 [INFO]   Episode 10/300, loss=5.4127
2026-09-13 18:26:48,531 [INFO]   Episode 20/300, loss=5.4011
2026-09-13 18:29:16,664 [INFO]   Episode 30/300, loss=5.4028
2026-09-13 18:31:45,657 [INFO]   Episode 40/300, loss=5.4079
2026-09-13 18:34:25,133 [INFO]   Episode 50/300, loss=5.3968
2026-09-13 18:37:22,551 [INFO]   Episode 60/300, loss=5.3984
2026-09-13 18:40:27,401 [INFO]   Episode 70/300, loss=5.4034
2026-09-13 18:43:45,410 [INFO]   Episode 80/300, loss=5.4036
2026-09-13 18:47:27,787 [INFO]   Episode 90/300, loss=5.4052
2026-09-13 18:51:15,060 [INFO]   Episode 100/300, loss=5.4002
2026-09-13 18:54:57,602 [INFO]   Episode 110/300, loss=5.4058
2026-09-13 18:58:15,214 [INFO]   Episode 120/300, loss=5.4043
2026-09-13 19:01:19,618 [INFO]   Episode 130/300, loss=5.4015
2026-09-13 19:04:32,749 [INFO]   Episode 140/300, loss=5.4030
2026-09-13 19:07:43,791 [INFO]   Episode 150/300, loss=5.4101
2026-09-13 19:11:05,970 [INFO]   Episode 160/300, loss=5.4185
2026-09-13 19:14:07,834 [INFO]   Episode 170/300, loss=5.4072
2026-09-13 19:17:32,613 [INFO]   Episode 180/300, loss=5.4078
2026-09-13 19:21:04,939 [INFO]   Episode 190/300, loss=5.4083
2026-09-13 19:24:06,602 [INFO]   Episode 200/300, loss=5.4074
2026-09-13 19:27:12,624 [INFO]   Episode 210/300, loss=5.4088
2026-09-13 19:30:19,231 [INFO]   Episode 220/300, loss=5.4099
2026-09-13 19:33:24,761 [INFO]   Episode 230/300, loss=5.4063
2026-09-13 19:36:29,325 [INFO]   Episode 240/300, loss=5.4034
2026-09-13 19:39:09,784 [INFO]   Episode 250/300, loss=5.4096
2026-09-13 19:41:55,626 [INFO]   Episode 260/300, loss=5.4042
2026-09-13 19:44:50,445 [INFO]   Episode 270/300, loss=5.4006
2026-09-13 19:47:42,607 [INFO]   Episode 280/300, loss=5.3967
2026-09-13 19:50:28,836 [INFO]   Episode 290/300, loss=5.4166
2026-09-13 19:53:08,483 [INFO]   Done. final_loss=5.4065  elapsed=5524s
2026-09-13 19:53:09,938 [INFO]   [Query Budget] round_robin breakdown: {'executed': {'calls': 7500, 'samples': 375000}, 'observational': {'calls': 2400, 'samples': 480000}, 'total': {'calls': 9900, 'samples': 855000}}
2026-09-13 19:53:09,938 [INFO]   Results saved to /scratch/alpine/paco0228/ACE/results/audit_reruns/t2_30node/round_robin/seed_2025
