2026-09-13 18:21:04,705 [INFO] 30-node baseline: method=bayesian_oed seed=42 episodes=150
2026-09-13 18:21:04,708 [INFO]   SCM: 30 nodes, 39 edges, 11 colliders
2026-09-13 18:25:11,691 [INFO]   Episode 0/150, loss=5.5188
2026-09-13 19:00:56,354 [INFO]   Episode 10/150, loss=5.5125
2026-09-13 19:36:39,065 [INFO]   Episode 20/150, loss=5.5200
2026-09-13 20:12:33,553 [INFO]   Episode 30/150, loss=5.5252
2026-09-13 20:44:37,378 [INFO]   Episode 40/150, loss=5.5230
2026-09-13 21:17:09,912 [INFO]   Episode 50/150, loss=5.5062
2026-09-13 21:50:19,079 [INFO]   Episode 60/150, loss=5.5133
2026-09-13 22:26:47,757 [INFO]   Episode 70/150, loss=5.5177
2026-09-13 23:02:49,440 [INFO]   Episode 80/150, loss=5.5268
2026-09-13 23:39:10,848 [INFO]   Episode 90/150, loss=5.5152
2026-09-14 00:11:58,860 [INFO]   Episode 100/150, loss=5.5174
2026-09-14 00:41:15,199 [INFO]   Episode 110/150, loss=5.5083
2026-09-14 01:10:31,017 [INFO]   Episode 120/150, loss=5.5155
2026-09-14 01:39:51,977 [INFO]   Episode 130/150, loss=5.5250
2026-09-14 02:09:11,683 [INFO]   Episode 140/150, loss=5.5259
2026-09-14 02:35:37,708 [INFO]   Done. final_loss=5.5188  elapsed=29673s
2026-09-14 02:35:38,031 [INFO]   [Query Budget] bayesian_oed breakdown: {'candidate_probe': {'calls': 112500, 'samples': 5625000}, 'executed': {'calls': 3750, 'samples': 187500}, 'observational': {'calls': 1200, 'samples': 240000}, 'total': {'calls': 117450, 'samples': 6052500}}
2026-09-14 02:35:38,031 [INFO]   Results saved to /scratch/alpine/paco0228/ACE/results/audit_reruns/t2_30node/bayesian_oed/seed_42
