2026-09-13 18:21:04,701 [INFO] 30-node baseline: method=bayesian_oed seed=456 episodes=150
2026-09-13 18:21:04,705 [INFO]   SCM: 30 nodes, 37 edges, 10 colliders
2026-09-13 18:24:44,276 [INFO]   Episode 0/150, loss=5.5523
2026-09-13 18:54:37,728 [INFO]   Episode 10/150, loss=5.5517
2026-09-13 19:27:29,985 [INFO]   Episode 20/150, loss=5.5461
2026-09-13 20:00:16,622 [INFO]   Episode 30/150, loss=5.5520
2026-09-13 20:31:19,185 [INFO]   Episode 40/150, loss=5.5531
2026-09-13 21:00:51,196 [INFO]   Episode 50/150, loss=5.5517
2026-09-13 21:30:10,939 [INFO]   Episode 60/150, loss=5.5524
2026-09-13 21:59:01,208 [INFO]   Episode 70/150, loss=5.5540
2026-09-13 22:27:59,450 [INFO]   Episode 80/150, loss=5.5548
2026-09-13 22:58:15,359 [INFO]   Episode 90/150, loss=5.5533
2026-09-13 23:27:34,753 [INFO]   Episode 100/150, loss=5.5572
2026-09-13 23:56:23,250 [INFO]   Episode 110/150, loss=5.5494
2026-09-14 00:25:19,506 [INFO]   Episode 120/150, loss=5.5555
2026-09-14 00:54:17,491 [INFO]   Episode 130/150, loss=5.5516
2026-09-14 01:23:08,431 [INFO]   Episode 140/150, loss=5.5581
2026-09-14 01:49:05,903 [INFO]   Done. final_loss=5.5527  elapsed=26881s
2026-09-14 01:49:06,668 [INFO]   [Query Budget] bayesian_oed breakdown: {'candidate_probe': {'calls': 112500, 'samples': 5625000}, 'executed': {'calls': 3750, 'samples': 187500}, 'observational': {'calls': 1200, 'samples': 240000}, 'total': {'calls': 117450, 'samples': 6052500}}
2026-09-14 01:49:06,668 [INFO]   Results saved to /scratch/alpine/paco0228/ACE/results/audit_reruns/t2_30node/bayesian_oed/seed_456
