2026-09-13 18:21:04,827 [INFO] 30-node baseline: method=round_robin seed=123 episodes=150
2026-09-13 18:21:04,829 [INFO]   SCM: 30 nodes, 39 edges, 12 colliders
2026-09-13 18:21:59,085 [INFO]   Episode 0/150, loss=5.6446
2026-09-13 18:25:34,445 [INFO]   Episode 10/150, loss=5.6435
2026-09-13 18:29:08,667 [INFO]   Episode 20/150, loss=5.6510
2026-09-13 18:32:41,605 [INFO]   Episode 30/150, loss=5.6402
2026-09-13 18:36:14,946 [INFO]   Episode 40/150, loss=5.6412
2026-09-13 18:39:48,790 [INFO]   Episode 50/150, loss=5.6446
2026-09-13 18:43:23,159 [INFO]   Episode 60/150, loss=5.6484
2026-09-13 18:46:56,657 [INFO]   Episode 70/150, loss=5.6450
2026-09-13 18:50:29,980 [INFO]   Episode 80/150, loss=5.6457
2026-09-13 18:54:03,927 [INFO]   Episode 90/150, loss=5.6440
2026-09-13 18:57:37,820 [INFO]   Episode 100/150, loss=5.6374
2026-09-13 19:01:11,081 [INFO]   Episode 110/150, loss=5.6441
2026-09-13 19:04:42,517 [INFO]   Episode 120/150, loss=5.6475
2026-09-13 19:08:12,583 [INFO]   Episode 130/150, loss=5.6462
2026-09-13 19:11:42,965 [INFO]   Episode 140/150, loss=5.6412
2026-09-13 19:14:51,736 [INFO]   Done. final_loss=5.6536  elapsed=3227s
2026-09-13 19:14:52,075 [INFO]   [Query Budget] round_robin breakdown: {'executed': {'calls': 3750, 'samples': 187500}, 'observational': {'calls': 1200, 'samples': 240000}, 'total': {'calls': 4950, 'samples': 427500}}
2026-09-13 19:14:52,076 [INFO]   Results saved to /scratch/alpine/paco0228/ACE/results/audit_reruns/t2_30node/round_robin/seed_123
