2026-09-13 18:21:04,680 [INFO] 5-node baseline: method=random seed=577 episodes=171 query_budget=None
2026-09-13 18:21:40,648 [INFO]   Episode 0/171, Final Loss: 2.1314
2026-09-13 18:22:15,385 [INFO]   Episode 10/171, Final Loss: 2.1284
2026-09-13 18:22:50,179 [INFO]   Episode 20/171, Final Loss: 2.1595
2026-09-13 18:23:24,930 [INFO]   Episode 30/171, Final Loss: 2.0848
2026-09-13 18:23:59,605 [INFO]   Episode 40/171, Final Loss: 2.1470
2026-09-13 18:24:34,621 [INFO]   Episode 50/171, Final Loss: 2.0798
2026-09-13 18:25:09,837 [INFO]   Episode 60/171, Final Loss: 2.0765
2026-09-13 18:25:44,725 [INFO]   Episode 70/171, Final Loss: 2.1284
2026-09-13 18:26:19,963 [INFO]   Episode 80/171, Final Loss: 2.0550
2026-09-13 18:26:55,257 [INFO]   Episode 90/171, Final Loss: 2.0647
2026-09-13 18:27:30,535 [INFO]   Episode 100/171, Final Loss: 2.1835
2026-09-13 18:28:05,887 [INFO]   Episode 110/171, Final Loss: 2.1284
2026-09-13 18:28:41,350 [INFO]   Episode 120/171, Final Loss: 2.1487
2026-09-13 18:29:16,757 [INFO]   Episode 130/171, Final Loss: 2.1292
2026-09-13 18:29:52,155 [INFO]   Episode 140/171, Final Loss: 2.1469
2026-09-13 18:30:27,738 [INFO]   Episode 150/171, Final Loss: 2.0619
2026-09-13 18:31:03,051 [INFO]   Episode 160/171, Final Loss: 2.0575
2026-09-13 18:31:38,451 [INFO]   Episode 170/171, Final Loss: 2.0464
2026-09-13 18:31:38,465 [INFO]   Done. final_loss=2.0464  elapsed=634s
2026-09-13 18:31:38,557 [INFO]   [Query Budget] random breakdown: {'executed': {'calls': 4275, 'samples': 213750}, 'observational': {'calls': 1368, 'samples': 273600}, 'total': {'calls': 5643, 'samples': 487350}}
2026-09-13 18:31:38,557 [INFO]   Results saved to /scratch/alpine/paco0228/ACE/results/audit_reruns/t1_5node/random/seed_577
