2026-09-13 18:21:04,592 [INFO] 5-node baseline: method=round_robin seed=123 episodes=171 query_budget=None
2026-09-13 18:21:40,564 [INFO]   Episode 0/171, Final Loss: 2.1406
2026-09-13 18:22:15,541 [INFO]   Episode 10/171, Final Loss: 2.1446
2026-09-13 18:22:50,897 [INFO]   Episode 20/171, Final Loss: 2.1558
2026-09-13 18:23:25,904 [INFO]   Episode 30/171, Final Loss: 2.1125
2026-09-13 18:24:02,790 [INFO]   Episode 40/171, Final Loss: 2.1141
2026-09-13 18:24:39,422 [INFO]   Episode 50/171, Final Loss: 2.0878
2026-09-13 18:25:14,756 [INFO]   Episode 60/171, Final Loss: 2.1540
2026-09-13 18:25:51,461 [INFO]   Episode 70/171, Final Loss: 2.1473
2026-09-13 18:26:28,431 [INFO]   Episode 80/171, Final Loss: 2.0998
2026-09-13 18:27:05,437 [INFO]   Episode 90/171, Final Loss: 2.1009
2026-09-13 18:27:40,663 [INFO]   Episode 100/171, Final Loss: 2.2039
2026-09-13 18:28:17,191 [INFO]   Episode 110/171, Final Loss: 2.2202
2026-09-13 18:28:54,215 [INFO]   Episode 120/171, Final Loss: 2.1406
2026-09-13 18:29:31,153 [INFO]   Episode 130/171, Final Loss: 2.0935
2026-09-13 18:30:06,984 [INFO]   Episode 140/171, Final Loss: 2.1104
2026-09-13 18:30:43,901 [INFO]   Episode 150/171, Final Loss: 2.1068
2026-09-13 18:31:20,472 [INFO]   Episode 160/171, Final Loss: 2.1331
2026-09-13 18:31:57,106 [INFO]   Episode 170/171, Final Loss: 2.1961
2026-09-13 18:31:57,125 [INFO]   Done. final_loss=2.1961  elapsed=653s
2026-09-13 18:31:57,246 [INFO]   [Query Budget] round_robin breakdown: {'executed': {'calls': 4275, 'samples': 213750}, 'observational': {'calls': 1368, 'samples': 273600}, 'total': {'calls': 5643, 'samples': 487350}}
2026-09-13 18:31:57,246 [INFO]   Results saved to /scratch/alpine/paco0228/ACE/results/audit_reruns/t1_5node/round_robin/seed_123
