2026-09-13 18:21:04,659 [INFO] 5-node baseline: method=random seed=271 episodes=171 query_budget=None
2026-09-13 18:21:40,673 [INFO]   Episode 0/171, Final Loss: 2.0480
2026-09-13 18:22:16,115 [INFO]   Episode 10/171, Final Loss: 2.0603
2026-09-13 18:22:51,383 [INFO]   Episode 20/171, Final Loss: 2.0308
2026-09-13 18:23:26,940 [INFO]   Episode 30/171, Final Loss: 2.0348
2026-09-13 18:24:02,492 [INFO]   Episode 40/171, Final Loss: 2.1876
2026-09-13 18:24:37,799 [INFO]   Episode 50/171, Final Loss: 2.0683
2026-09-13 18:25:13,772 [INFO]   Episode 60/171, Final Loss: 2.0411
2026-09-13 18:25:49,920 [INFO]   Episode 70/171, Final Loss: 2.0353
2026-09-13 18:26:25,901 [INFO]   Episode 80/171, Final Loss: 2.0640
2026-09-13 18:27:02,193 [INFO]   Episode 90/171, Final Loss: 2.0640
2026-09-13 18:27:38,118 [INFO]   Episode 100/171, Final Loss: 2.0387
2026-09-13 18:28:13,621 [INFO]   Episode 110/171, Final Loss: 2.0430
2026-09-13 18:28:49,775 [INFO]   Episode 120/171, Final Loss: 2.1097
2026-09-13 18:29:25,601 [INFO]   Episode 130/171, Final Loss: 2.0584
2026-09-13 18:30:01,243 [INFO]   Episode 140/171, Final Loss: 2.0536
2026-09-13 18:30:37,082 [INFO]   Episode 150/171, Final Loss: 2.0977
2026-09-13 18:31:12,946 [INFO]   Episode 160/171, Final Loss: 2.1724
2026-09-13 18:31:48,764 [INFO]   Episode 170/171, Final Loss: 2.0813
2026-09-13 18:31:48,782 [INFO]   Done. final_loss=2.0813  elapsed=644s
2026-09-13 18:31:48,921 [INFO]   [Query Budget] random breakdown: {'executed': {'calls': 4275, 'samples': 213750}, 'observational': {'calls': 1368, 'samples': 273600}, 'total': {'calls': 5643, 'samples': 487350}}
2026-09-13 18:31:48,922 [INFO]   Results saved to /scratch/alpine/paco0228/ACE/results/audit_reruns/t1_5node/random/seed_271
