2026-09-13 18:21:04,697 [INFO] 5-node baseline: method=max_variance seed=314 episodes=171 query_budget=None
2026-09-13 18:21:42,832 [INFO]   Episode 0/171, Final Loss: 1.9360
2026-09-13 18:22:36,513 [INFO]   Episode 10/171, Final Loss: 1.9387
2026-09-13 18:23:30,244 [INFO]   Episode 20/171, Final Loss: 1.9443
2026-09-13 18:24:24,161 [INFO]   Episode 30/171, Final Loss: 1.9901
2026-09-13 18:25:17,981 [INFO]   Episode 40/171, Final Loss: 1.9942
2026-09-13 18:26:11,776 [INFO]   Episode 50/171, Final Loss: 1.9468
2026-09-13 18:27:05,561 [INFO]   Episode 60/171, Final Loss: 1.9576
2026-09-13 18:27:59,571 [INFO]   Episode 70/171, Final Loss: 2.0076
2026-09-13 18:28:53,572 [INFO]   Episode 80/171, Final Loss: 1.9336
2026-09-13 18:29:47,604 [INFO]   Episode 90/171, Final Loss: 2.0069
2026-09-13 18:30:41,926 [INFO]   Episode 100/171, Final Loss: 1.9574
2026-09-13 18:31:36,239 [INFO]   Episode 110/171, Final Loss: 2.0160
2026-09-13 18:32:30,444 [INFO]   Episode 120/171, Final Loss: 1.9541
2026-09-13 18:33:24,679 [INFO]   Episode 130/171, Final Loss: 1.9696
2026-09-13 18:34:18,968 [INFO]   Episode 140/171, Final Loss: 1.9920
2026-09-13 18:35:13,283 [INFO]   Episode 150/171, Final Loss: 1.9524
2026-09-13 18:36:07,454 [INFO]   Episode 160/171, Final Loss: 1.9456
2026-09-13 18:37:01,843 [INFO]   Episode 170/171, Final Loss: 2.0593
2026-09-13 18:37:01,862 [INFO]   Done. final_loss=2.0593  elapsed=957s
2026-09-13 18:37:01,963 [INFO]   [Query Budget] max_variance breakdown: {'candidate_probe': {'calls': 273600, 'samples': 13680000}, 'executed': {'calls': 4275, 'samples': 213750}, 'observational': {'calls': 1368, 'samples': 273600}, 'total': {'calls': 279243, 'samples': 14167350}}
2026-09-13 18:37:01,963 [INFO]   Results saved to /scratch/alpine/paco0228/ACE/results/audit_reruns/t1_5node/max_variance/seed_314
