2026-09-13 18:21:04,680 [INFO] 5-node baseline: method=random seed=1011 episodes=171 query_budget=None
2026-09-13 18:21:39,293 [INFO]   Episode 0/171, Final Loss: 2.1042
2026-09-13 18:22:00,344 [INFO]   Episode 10/171, Final Loss: 2.0591
2026-09-13 18:22:21,375 [INFO]   Episode 20/171, Final Loss: 2.0608
2026-09-13 18:22:42,402 [INFO]   Episode 30/171, Final Loss: 2.1533
2026-09-13 18:23:03,482 [INFO]   Episode 40/171, Final Loss: 2.1528
2026-09-13 18:23:24,562 [INFO]   Episode 50/171, Final Loss: 2.1497
2026-09-13 18:23:45,692 [INFO]   Episode 60/171, Final Loss: 2.0849
2026-09-13 18:24:06,815 [INFO]   Episode 70/171, Final Loss: 2.0985
2026-09-13 18:24:28,053 [INFO]   Episode 80/171, Final Loss: 2.1141
2026-09-13 18:24:49,273 [INFO]   Episode 90/171, Final Loss: 2.0612
2026-09-13 18:25:10,544 [INFO]   Episode 100/171, Final Loss: 2.1714
2026-09-13 18:25:31,772 [INFO]   Episode 110/171, Final Loss: 2.1129
2026-09-13 18:25:53,017 [INFO]   Episode 120/171, Final Loss: 2.0536
2026-09-13 18:26:14,315 [INFO]   Episode 130/171, Final Loss: 2.1518
2026-09-13 18:26:35,562 [INFO]   Episode 140/171, Final Loss: 2.0853
2026-09-13 18:26:56,796 [INFO]   Episode 150/171, Final Loss: 2.1633
2026-09-13 18:27:18,084 [INFO]   Episode 160/171, Final Loss: 2.0505
2026-09-13 18:27:39,377 [INFO]   Episode 170/171, Final Loss: 2.1203
2026-09-13 18:27:39,402 [INFO]   Done. final_loss=2.1203  elapsed=395s
2026-09-13 18:27:39,487 [INFO]   [Query Budget] random breakdown: {'executed': {'calls': 4275, 'samples': 213750}, 'observational': {'calls': 1368, 'samples': 273600}, 'total': {'calls': 5643, 'samples': 487350}}
2026-09-13 18:27:39,487 [INFO]   Results saved to /scratch/alpine/paco0228/ACE/results/audit_reruns/t1_5node/random/seed_1011
