2026-09-13 18:21:04,920 [INFO] 5-node baseline: method=max_variance seed=456 episodes=171 query_budget=None
2026-09-13 18:21:41,066 [INFO]   Episode 0/171, Final Loss: 2.0393
2026-09-13 18:22:19,781 [INFO]   Episode 10/171, Final Loss: 2.0806
2026-09-13 18:22:58,399 [INFO]   Episode 20/171, Final Loss: 1.9938
2026-09-13 18:23:37,069 [INFO]   Episode 30/171, Final Loss: 2.0894
2026-09-13 18:24:15,720 [INFO]   Episode 40/171, Final Loss: 2.0989
2026-09-13 18:24:54,457 [INFO]   Episode 50/171, Final Loss: 2.0571
2026-09-13 18:25:33,181 [INFO]   Episode 60/171, Final Loss: 2.1774
2026-09-13 18:26:12,005 [INFO]   Episode 70/171, Final Loss: 2.0080
2026-09-13 18:26:50,805 [INFO]   Episode 80/171, Final Loss: 2.0931
2026-09-13 18:27:29,699 [INFO]   Episode 90/171, Final Loss: 2.0441
2026-09-13 18:28:08,540 [INFO]   Episode 100/171, Final Loss: 2.0177
2026-09-13 18:28:47,478 [INFO]   Episode 110/171, Final Loss: 2.0305
2026-09-13 18:29:26,390 [INFO]   Episode 120/171, Final Loss: 2.0409
2026-09-13 18:30:05,332 [INFO]   Episode 130/171, Final Loss: 2.0774
2026-09-13 18:30:44,196 [INFO]   Episode 140/171, Final Loss: 2.1503
2026-09-13 18:31:23,147 [INFO]   Episode 150/171, Final Loss: 2.0609
2026-09-13 18:32:02,084 [INFO]   Episode 160/171, Final Loss: 2.0598
2026-09-13 18:32:41,157 [INFO]   Episode 170/171, Final Loss: 2.1483
2026-09-13 18:32:41,173 [INFO]   Done. final_loss=2.1483  elapsed=696s
2026-09-13 18:32:41,247 [INFO]   [Query Budget] max_variance breakdown: {'candidate_probe': {'calls': 273600, 'samples': 13680000}, 'executed': {'calls': 4275, 'samples': 213750}, 'observational': {'calls': 1368, 'samples': 273600}, 'total': {'calls': 279243, 'samples': 14167350}}
2026-09-13 18:32:41,247 [INFO]   Results saved to /scratch/alpine/paco0228/ACE/results/audit_reruns/t1_5node/max_variance/seed_456
