2026-09-13 18:21:04,626 [INFO] 5-node baseline: method=round_robin seed=271 episodes=171 query_budget=None
2026-09-13 18:21:39,396 [INFO]   Episode 0/171, Final Loss: 2.1196
2026-09-13 18:22:01,481 [INFO]   Episode 10/171, Final Loss: 2.0930
2026-09-13 18:22:23,570 [INFO]   Episode 20/171, Final Loss: 2.1279
2026-09-13 18:22:45,659 [INFO]   Episode 30/171, Final Loss: 2.0440
2026-09-13 18:23:07,709 [INFO]   Episode 40/171, Final Loss: 2.0930
2026-09-13 18:23:29,761 [INFO]   Episode 50/171, Final Loss: 2.1545
2026-09-13 18:23:51,811 [INFO]   Episode 60/171, Final Loss: 2.0486
2026-09-13 18:24:13,886 [INFO]   Episode 70/171, Final Loss: 2.0427
2026-09-13 18:24:35,984 [INFO]   Episode 80/171, Final Loss: 2.0553
2026-09-13 18:24:58,084 [INFO]   Episode 90/171, Final Loss: 2.1179
2026-09-13 18:25:20,258 [INFO]   Episode 100/171, Final Loss: 2.1536
2026-09-13 18:25:42,465 [INFO]   Episode 110/171, Final Loss: 2.1286
2026-09-13 18:26:04,711 [INFO]   Episode 120/171, Final Loss: 2.2040
2026-09-13 18:26:26,905 [INFO]   Episode 130/171, Final Loss: 2.1574
2026-09-13 18:26:49,130 [INFO]   Episode 140/171, Final Loss: 2.1015
2026-09-13 18:27:11,356 [INFO]   Episode 150/171, Final Loss: 2.2022
2026-09-13 18:27:33,617 [INFO]   Episode 160/171, Final Loss: 2.0989
2026-09-13 18:27:55,890 [INFO]   Episode 170/171, Final Loss: 2.1176
2026-09-13 18:27:55,903 [INFO]   Done. final_loss=2.1176  elapsed=411s
2026-09-13 18:27:55,975 [INFO]   [Query Budget] round_robin breakdown: {'executed': {'calls': 4275, 'samples': 213750}, 'observational': {'calls': 1368, 'samples': 273600}, 'total': {'calls': 5643, 'samples': 487350}}
2026-09-13 18:27:55,975 [INFO]   Results saved to /scratch/alpine/paco0228/ACE/results/audit_reruns/t1_5node/round_robin/seed_271
