2026-09-13 18:21:04,681 [INFO] 5-node baseline: method=max_variance seed=42 episodes=171 query_budget=None
2026-09-13 18:21:40,770 [INFO]   Episode 0/171, Final Loss: 1.9898
2026-09-13 18:22:17,510 [INFO]   Episode 10/171, Final Loss: 1.9747
2026-09-13 18:22:54,200 [INFO]   Episode 20/171, Final Loss: 1.9897
2026-09-13 18:23:30,849 [INFO]   Episode 30/171, Final Loss: 1.9992
2026-09-13 18:24:07,573 [INFO]   Episode 40/171, Final Loss: 1.9697
2026-09-13 18:24:44,308 [INFO]   Episode 50/171, Final Loss: 1.9573
2026-09-13 18:25:21,196 [INFO]   Episode 60/171, Final Loss: 1.9489
2026-09-13 18:25:58,142 [INFO]   Episode 70/171, Final Loss: 1.9603
2026-09-13 18:26:35,178 [INFO]   Episode 80/171, Final Loss: 1.9967
2026-09-13 18:27:12,184 [INFO]   Episode 90/171, Final Loss: 1.9394
2026-09-13 18:27:49,231 [INFO]   Episode 100/171, Final Loss: 2.0360
2026-09-13 18:28:26,194 [INFO]   Episode 110/171, Final Loss: 2.0815
2026-09-13 18:29:03,259 [INFO]   Episode 120/171, Final Loss: 1.9615
2026-09-13 18:29:40,334 [INFO]   Episode 130/171, Final Loss: 2.0274
2026-09-13 18:30:17,375 [INFO]   Episode 140/171, Final Loss: 1.9430
2026-09-13 18:30:54,465 [INFO]   Episode 150/171, Final Loss: 2.0658
2026-09-13 18:31:31,526 [INFO]   Episode 160/171, Final Loss: 1.9610
2026-09-13 18:32:08,609 [INFO]   Episode 170/171, Final Loss: 1.9575
2026-09-13 18:32:08,623 [INFO]   Done. final_loss=1.9575  elapsed=664s
2026-09-13 18:32:08,707 [INFO]   [Query Budget] max_variance breakdown: {'candidate_probe': {'calls': 273600, 'samples': 13680000}, 'executed': {'calls': 4275, 'samples': 213750}, 'observational': {'calls': 1368, 'samples': 273600}, 'total': {'calls': 279243, 'samples': 14167350}}
2026-09-13 18:32:08,707 [INFO]   Results saved to /scratch/alpine/paco0228/ACE/results/audit_reruns/t1_5node/max_variance/seed_42
