2026-09-13 18:21:04,686 [INFO] 5-node baseline: method=max_variance seed=1011 episodes=171 query_budget=None
2026-09-13 18:21:40,764 [INFO]   Episode 0/171, Final Loss: 2.1455
2026-09-13 18:22:17,485 [INFO]   Episode 10/171, Final Loss: 2.0579
2026-09-13 18:22:54,158 [INFO]   Episode 20/171, Final Loss: 2.1653
2026-09-13 18:23:30,865 [INFO]   Episode 30/171, Final Loss: 2.0583
2026-09-13 18:24:07,527 [INFO]   Episode 40/171, Final Loss: 2.2204
2026-09-13 18:24:44,166 [INFO]   Episode 50/171, Final Loss: 2.0524
2026-09-13 18:25:20,964 [INFO]   Episode 60/171, Final Loss: 2.0640
2026-09-13 18:25:57,796 [INFO]   Episode 70/171, Final Loss: 2.1600
2026-09-13 18:26:34,662 [INFO]   Episode 80/171, Final Loss: 2.1218
2026-09-13 18:27:11,570 [INFO]   Episode 90/171, Final Loss: 2.1886
2026-09-13 18:27:48,441 [INFO]   Episode 100/171, Final Loss: 2.0830
2026-09-13 18:28:25,275 [INFO]   Episode 110/171, Final Loss: 2.0652
2026-09-13 18:29:02,154 [INFO]   Episode 120/171, Final Loss: 2.0686
2026-09-13 18:29:39,111 [INFO]   Episode 130/171, Final Loss: 2.0925
2026-09-13 18:30:16,016 [INFO]   Episode 140/171, Final Loss: 2.1385
2026-09-13 18:30:52,932 [INFO]   Episode 150/171, Final Loss: 2.1240
2026-09-13 18:31:29,886 [INFO]   Episode 160/171, Final Loss: 2.0856
2026-09-13 18:32:06,886 [INFO]   Episode 170/171, Final Loss: 2.1489
2026-09-13 18:32:06,912 [INFO]   Done. final_loss=2.1489  elapsed=662s
2026-09-13 18:32:07,024 [INFO]   [Query Budget] max_variance breakdown: {'candidate_probe': {'calls': 273600, 'samples': 13680000}, 'executed': {'calls': 4275, 'samples': 213750}, 'observational': {'calls': 1368, 'samples': 273600}, 'total': {'calls': 279243, 'samples': 14167350}}
2026-09-13 18:32:07,024 [INFO]   Results saved to /scratch/alpine/paco0228/ACE/results/audit_reruns/t1_5node/max_variance/seed_1011
