2026-09-13 18:21:04,624 [INFO] 5-node baseline: method=round_robin seed=314 episodes=171 query_budget=None
2026-09-13 18:21:39,308 [INFO]   Episode 0/171, Final Loss: 2.0006
2026-09-13 18:22:00,554 [INFO]   Episode 10/171, Final Loss: 1.9862
2026-09-13 18:22:21,784 [INFO]   Episode 20/171, Final Loss: 1.9730
2026-09-13 18:22:43,005 [INFO]   Episode 30/171, Final Loss: 2.0593
2026-09-13 18:23:04,253 [INFO]   Episode 40/171, Final Loss: 2.0768
2026-09-13 18:23:25,489 [INFO]   Episode 50/171, Final Loss: 1.9571
2026-09-13 18:23:46,741 [INFO]   Episode 60/171, Final Loss: 1.9853
2026-09-13 18:24:08,020 [INFO]   Episode 70/171, Final Loss: 2.0288
2026-09-13 18:24:29,335 [INFO]   Episode 80/171, Final Loss: 1.9484
2026-09-13 18:24:50,673 [INFO]   Episode 90/171, Final Loss: 2.0065
2026-09-13 18:25:12,074 [INFO]   Episode 100/171, Final Loss: 2.0241
2026-09-13 18:25:33,482 [INFO]   Episode 110/171, Final Loss: 2.0472
2026-09-13 18:25:54,898 [INFO]   Episode 120/171, Final Loss: 1.9536
2026-09-13 18:26:16,352 [INFO]   Episode 130/171, Final Loss: 1.9727
2026-09-13 18:26:37,823 [INFO]   Episode 140/171, Final Loss: 2.0516
2026-09-13 18:26:59,302 [INFO]   Episode 150/171, Final Loss: 1.9829
2026-09-13 18:27:20,817 [INFO]   Episode 160/171, Final Loss: 2.0237
2026-09-13 18:27:42,310 [INFO]   Episode 170/171, Final Loss: 2.0447
2026-09-13 18:27:42,322 [INFO]   Done. final_loss=2.0447  elapsed=398s
2026-09-13 18:27:42,391 [INFO]   [Query Budget] round_robin breakdown: {'executed': {'calls': 4275, 'samples': 213750}, 'observational': {'calls': 1368, 'samples': 273600}, 'total': {'calls': 5643, 'samples': 487350}}
2026-09-13 18:27:42,391 [INFO]   Results saved to /scratch/alpine/paco0228/ACE/results/audit_reruns/t1_5node/round_robin/seed_314
