2026-09-13 18:21:04,677 [INFO] 5-node baseline: method=max_variance seed=271 episodes=171 query_budget=None
2026-09-13 18:21:43,846 [INFO]   Episode 0/171, Final Loss: 2.1221
2026-09-13 18:22:50,047 [INFO]   Episode 10/171, Final Loss: 2.0828
2026-09-13 18:23:55,993 [INFO]   Episode 20/171, Final Loss: 2.0592
2026-09-13 18:25:02,184 [INFO]   Episode 30/171, Final Loss: 2.0384
2026-09-13 18:26:08,742 [INFO]   Episode 40/171, Final Loss: 2.0860
2026-09-13 18:27:14,545 [INFO]   Episode 50/171, Final Loss: 2.0367
2026-09-13 18:28:20,745 [INFO]   Episode 60/171, Final Loss: 2.0840
2026-09-13 18:29:26,798 [INFO]   Episode 70/171, Final Loss: 2.2962
2026-09-13 18:30:33,549 [INFO]   Episode 80/171, Final Loss: 2.0798
2026-09-13 18:31:40,152 [INFO]   Episode 90/171, Final Loss: 2.1050
2026-09-13 18:32:45,647 [INFO]   Episode 100/171, Final Loss: 2.0583
2026-09-13 18:33:50,869 [INFO]   Episode 110/171, Final Loss: 2.0523
2026-09-13 18:34:54,048 [INFO]   Episode 120/171, Final Loss: 2.0999
2026-09-13 18:35:58,934 [INFO]   Episode 130/171, Final Loss: 2.0593
2026-09-13 18:37:03,644 [INFO]   Episode 140/171, Final Loss: 2.0976
2026-09-13 18:38:08,300 [INFO]   Episode 150/171, Final Loss: 2.1240
2026-09-13 18:39:12,941 [INFO]   Episode 160/171, Final Loss: 2.0364
2026-09-13 18:40:17,348 [INFO]   Episode 170/171, Final Loss: 2.0482
2026-09-13 18:40:17,361 [INFO]   Done. final_loss=2.0482  elapsed=1153s
2026-09-13 18:40:17,883 [INFO]   [Query Budget] max_variance breakdown: {'candidate_probe': {'calls': 273600, 'samples': 13680000}, 'executed': {'calls': 4275, 'samples': 213750}, 'observational': {'calls': 1368, 'samples': 273600}, 'total': {'calls': 279243, 'samples': 14167350}}
2026-09-13 18:40:17,883 [INFO]   Results saved to /scratch/alpine/paco0228/ACE/results/audit_reruns/t1_5node/max_variance/seed_271
