2026-09-13 18:21:04,672 [INFO] 5-node baseline: method=random seed=314 episodes=171 query_budget=None
2026-09-13 18:21:40,637 [INFO]   Episode 0/171, Final Loss: 1.9846
2026-09-13 18:22:15,974 [INFO]   Episode 10/171, Final Loss: 1.9347
2026-09-13 18:22:51,190 [INFO]   Episode 20/171, Final Loss: 1.9430
2026-09-13 18:23:26,663 [INFO]   Episode 30/171, Final Loss: 2.0728
2026-09-13 18:24:02,207 [INFO]   Episode 40/171, Final Loss: 2.0105
2026-09-13 18:24:37,559 [INFO]   Episode 50/171, Final Loss: 1.9451
2026-09-13 18:25:13,527 [INFO]   Episode 60/171, Final Loss: 2.1251
2026-09-13 18:25:49,799 [INFO]   Episode 70/171, Final Loss: 1.9386
2026-09-13 18:26:25,842 [INFO]   Episode 80/171, Final Loss: 1.9755
2026-09-13 18:27:02,095 [INFO]   Episode 90/171, Final Loss: 2.0130
2026-09-13 18:27:38,098 [INFO]   Episode 100/171, Final Loss: 1.9708
2026-09-13 18:28:13,562 [INFO]   Episode 110/171, Final Loss: 2.0078
2026-09-13 18:28:49,799 [INFO]   Episode 120/171, Final Loss: 2.0016
2026-09-13 18:29:25,681 [INFO]   Episode 130/171, Final Loss: 2.0442
2026-09-13 18:30:01,496 [INFO]   Episode 140/171, Final Loss: 1.9524
2026-09-13 18:30:37,470 [INFO]   Episode 150/171, Final Loss: 1.9714
2026-09-13 18:31:13,374 [INFO]   Episode 160/171, Final Loss: 2.0482
2026-09-13 18:31:49,265 [INFO]   Episode 170/171, Final Loss: 2.0307
2026-09-13 18:31:49,279 [INFO]   Done. final_loss=2.0307  elapsed=645s
2026-09-13 18:31:50,321 [INFO]   [Query Budget] random breakdown: {'executed': {'calls': 4275, 'samples': 213750}, 'observational': {'calls': 1368, 'samples': 273600}, 'total': {'calls': 5643, 'samples': 487350}}
2026-09-13 18:31:50,322 [INFO]   Results saved to /scratch/alpine/paco0228/ACE/results/audit_reruns/t1_5node/random/seed_314
