2026-09-13 18:21:04,687 [INFO] 5-node baseline: method=max_variance seed=141 episodes=171 query_budget=None
2026-09-13 18:21:43,860 [INFO]   Episode 0/171, Final Loss: 2.0689
2026-09-13 18:22:49,715 [INFO]   Episode 10/171, Final Loss: 2.1436
2026-09-13 18:23:55,373 [INFO]   Episode 20/171, Final Loss: 2.1028
2026-09-13 18:25:01,090 [INFO]   Episode 30/171, Final Loss: 2.0821
2026-09-13 18:26:06,983 [INFO]   Episode 40/171, Final Loss: 2.1503
2026-09-13 18:27:12,402 [INFO]   Episode 50/171, Final Loss: 2.1167
2026-09-13 18:28:18,253 [INFO]   Episode 60/171, Final Loss: 2.0993
2026-09-13 18:29:24,221 [INFO]   Episode 70/171, Final Loss: 2.1283
2026-09-13 18:30:30,075 [INFO]   Episode 80/171, Final Loss: 2.1579
2026-09-13 18:31:36,237 [INFO]   Episode 90/171, Final Loss: 2.1302
2026-09-13 18:32:41,164 [INFO]   Episode 100/171, Final Loss: 2.1140
2026-09-13 18:33:46,134 [INFO]   Episode 110/171, Final Loss: 2.0764
2026-09-13 18:34:49,261 [INFO]   Episode 120/171, Final Loss: 2.1853
2026-09-13 18:35:53,383 [INFO]   Episode 130/171, Final Loss: 2.1307
2026-09-13 18:36:57,721 [INFO]   Episode 140/171, Final Loss: 2.0880
2026-09-13 18:38:01,230 [INFO]   Episode 150/171, Final Loss: 2.0678
2026-09-13 18:39:05,337 [INFO]   Episode 160/171, Final Loss: 2.1668
2026-09-13 18:40:08,657 [INFO]   Episode 170/171, Final Loss: 2.1249
2026-09-13 18:40:08,680 [INFO]   Done. final_loss=2.1249  elapsed=1144s
2026-09-13 18:40:08,795 [INFO]   [Query Budget] max_variance breakdown: {'candidate_probe': {'calls': 273600, 'samples': 13680000}, 'executed': {'calls': 4275, 'samples': 213750}, 'observational': {'calls': 1368, 'samples': 273600}, 'total': {'calls': 279243, 'samples': 14167350}}
2026-09-13 18:40:08,796 [INFO]   Results saved to /scratch/alpine/paco0228/ACE/results/audit_reruns/t1_5node/max_variance/seed_141
