2026-09-13 18:21:04,661 [INFO] 5-node baseline: method=max_variance seed=618 episodes=171 query_budget=None
2026-09-13 18:21:40,977 [INFO]   Episode 0/171, Final Loss: 2.0812
2026-09-13 18:22:19,689 [INFO]   Episode 10/171, Final Loss: 2.1581
2026-09-13 18:22:58,282 [INFO]   Episode 20/171, Final Loss: 2.0901
2026-09-13 18:23:36,814 [INFO]   Episode 30/171, Final Loss: 2.1577
2026-09-13 18:24:15,322 [INFO]   Episode 40/171, Final Loss: 2.0911
2026-09-13 18:24:53,977 [INFO]   Episode 50/171, Final Loss: 2.0552
2026-09-13 18:25:32,663 [INFO]   Episode 60/171, Final Loss: 2.1312
2026-09-13 18:26:11,274 [INFO]   Episode 70/171, Final Loss: 2.1547
2026-09-13 18:26:49,963 [INFO]   Episode 80/171, Final Loss: 2.0517
2026-09-13 18:27:28,660 [INFO]   Episode 90/171, Final Loss: 2.0796
2026-09-13 18:28:07,365 [INFO]   Episode 100/171, Final Loss: 2.1647
2026-09-13 18:28:46,074 [INFO]   Episode 110/171, Final Loss: 2.1150
2026-09-13 18:29:24,862 [INFO]   Episode 120/171, Final Loss: 2.1597
2026-09-13 18:30:03,566 [INFO]   Episode 130/171, Final Loss: 2.1803
2026-09-13 18:30:42,297 [INFO]   Episode 140/171, Final Loss: 2.1849
2026-09-13 18:31:21,111 [INFO]   Episode 150/171, Final Loss: 2.0739
2026-09-13 18:32:00,022 [INFO]   Episode 160/171, Final Loss: 2.1927
2026-09-13 18:32:38,861 [INFO]   Episode 170/171, Final Loss: 2.0790
2026-09-13 18:32:38,875 [INFO]   Done. final_loss=2.0790  elapsed=694s
2026-09-13 18:32:38,948 [INFO]   [Query Budget] max_variance breakdown: {'candidate_probe': {'calls': 273600, 'samples': 13680000}, 'executed': {'calls': 4275, 'samples': 213750}, 'observational': {'calls': 1368, 'samples': 273600}, 'total': {'calls': 279243, 'samples': 14167350}}
2026-09-13 18:32:38,948 [INFO]   Results saved to /scratch/alpine/paco0228/ACE/results/audit_reruns/t1_5node/max_variance/seed_618
