2026-09-13 18:21:04,675 [INFO] 5-node baseline: method=ppo seed=577 episodes=171 query_budget=None
2026-09-13 18:21:39,537 [INFO]   Episode 0/171, Final Loss: 2.1351
2026-09-13 18:22:01,766 [INFO]   Episode 10/171, Final Loss: 2.1034
2026-09-13 18:22:23,963 [INFO]   Episode 20/171, Final Loss: 2.1034
2026-09-13 18:22:46,136 [INFO]   Episode 30/171, Final Loss: 2.1121
2026-09-13 18:23:08,310 [INFO]   Episode 40/171, Final Loss: 2.0928
2026-09-13 18:23:30,465 [INFO]   Episode 50/171, Final Loss: 2.1139
2026-09-13 18:23:52,649 [INFO]   Episode 60/171, Final Loss: 2.1156
2026-09-13 18:24:14,806 [INFO]   Episode 70/171, Final Loss: 2.1493
2026-09-13 18:24:36,913 [INFO]   Episode 80/171, Final Loss: 2.1040
2026-09-13 18:24:58,990 [INFO]   Episode 90/171, Final Loss: 2.0738
2026-09-13 18:25:21,133 [INFO]   Episode 100/171, Final Loss: 2.1326
2026-09-13 18:25:43,189 [INFO]   Episode 110/171, Final Loss: 2.1468
2026-09-13 18:26:05,135 [INFO]   Episode 120/171, Final Loss: 2.1188
2026-09-13 18:26:27,273 [INFO]   Episode 130/171, Final Loss: 2.1328
2026-09-13 18:26:49,411 [INFO]   Episode 140/171, Final Loss: 2.1105
2026-09-13 18:27:11,345 [INFO]   Episode 150/171, Final Loss: 2.1080
2026-09-13 18:27:33,308 [INFO]   Episode 160/171, Final Loss: 2.0891
2026-09-13 18:27:55,485 [INFO]   Episode 170/171, Final Loss: 2.0989
2026-09-13 18:27:55,498 [INFO]   Done. final_loss=2.0989  elapsed=411s
2026-09-13 18:27:55,788 [INFO]   [Query Budget] ppo breakdown: {'executed': {'calls': 4275, 'samples': 213750}, 'observational': {'calls': 1368, 'samples': 273600}, 'total': {'calls': 5643, 'samples': 487350}}
2026-09-13 18:27:55,788 [INFO]   Results saved to /scratch/alpine/paco0228/ACE/results/audit_reruns/t1_5node/ppo/seed_577
