2026-09-13 18:21:04,676 [INFO] 5-node baseline: method=ppo seed=314 episodes=171 query_budget=None
2026-09-13 18:21:39,534 [INFO]   Episode 0/171, Final Loss: 2.1377
2026-09-13 18:22:01,191 [INFO]   Episode 10/171, Final Loss: 2.1345
2026-09-13 18:22:22,838 [INFO]   Episode 20/171, Final Loss: 2.1373
2026-09-13 18:22:44,498 [INFO]   Episode 30/171, Final Loss: 2.1122
2026-09-13 18:23:06,188 [INFO]   Episode 40/171, Final Loss: 2.1344
2026-09-13 18:23:27,747 [INFO]   Episode 50/171, Final Loss: 2.1459
2026-09-13 18:23:49,424 [INFO]   Episode 60/171, Final Loss: 2.1411
2026-09-13 18:24:11,122 [INFO]   Episode 70/171, Final Loss: 2.0870
2026-09-13 18:24:32,805 [INFO]   Episode 80/171, Final Loss: 2.0960
2026-09-13 18:24:54,526 [INFO]   Episode 90/171, Final Loss: 2.1161
2026-09-13 18:25:16,200 [INFO]   Episode 100/171, Final Loss: 2.0925
2026-09-13 18:25:37,834 [INFO]   Episode 110/171, Final Loss: 2.1674
2026-09-13 18:25:59,533 [INFO]   Episode 120/171, Final Loss: 2.1887
2026-09-13 18:26:21,227 [INFO]   Episode 130/171, Final Loss: 2.0964
2026-09-13 18:26:42,941 [INFO]   Episode 140/171, Final Loss: 2.1224
2026-09-13 18:27:04,627 [INFO]   Episode 150/171, Final Loss: 2.1189
2026-09-13 18:27:26,381 [INFO]   Episode 160/171, Final Loss: 2.2203
2026-09-13 18:27:48,183 [INFO]   Episode 170/171, Final Loss: 2.3583
2026-09-13 18:27:48,229 [INFO]   Done. final_loss=2.3583  elapsed=404s
2026-09-13 18:27:48,364 [INFO]   [Query Budget] ppo breakdown: {'executed': {'calls': 4275, 'samples': 213750}, 'observational': {'calls': 1368, 'samples': 273600}, 'total': {'calls': 5643, 'samples': 487350}}
2026-09-13 18:27:48,364 [INFO]   Results saved to /scratch/alpine/paco0228/ACE/results/audit_reruns/t1_5node/ppo/seed_314
