2026-09-13 18:21:04,686 [INFO] 5-node baseline: method=round_robin seed=618 episodes=171 query_budget=None
2026-09-13 18:21:41,048 [INFO]   Episode 0/171, Final Loss: 2.0816
2026-09-13 18:22:18,696 [INFO]   Episode 10/171, Final Loss: 2.1907
2026-09-13 18:22:56,489 [INFO]   Episode 20/171, Final Loss: 2.0791
2026-09-13 18:23:33,711 [INFO]   Episode 30/171, Final Loss: 2.0707
2026-09-13 18:24:10,812 [INFO]   Episode 40/171, Final Loss: 2.1194
2026-09-13 18:24:47,941 [INFO]   Episode 50/171, Final Loss: 2.0795
2026-09-13 18:25:25,084 [INFO]   Episode 60/171, Final Loss: 2.1263
2026-09-13 18:26:02,215 [INFO]   Episode 70/171, Final Loss: 2.1771
2026-09-13 18:26:39,435 [INFO]   Episode 80/171, Final Loss: 2.0661
2026-09-13 18:27:16,688 [INFO]   Episode 90/171, Final Loss: 2.1354
2026-09-13 18:27:54,042 [INFO]   Episode 100/171, Final Loss: 2.0937
2026-09-13 18:28:30,642 [INFO]   Episode 110/171, Final Loss: 2.1626
2026-09-13 18:29:06,904 [INFO]   Episode 120/171, Final Loss: 2.1266
2026-09-13 18:29:43,190 [INFO]   Episode 130/171, Final Loss: 2.0910
2026-09-13 18:30:19,487 [INFO]   Episode 140/171, Final Loss: 2.0697
2026-09-13 18:30:55,570 [INFO]   Episode 150/171, Final Loss: 2.2099
2026-09-13 18:31:31,900 [INFO]   Episode 160/171, Final Loss: 2.1681
2026-09-13 18:32:08,253 [INFO]   Episode 170/171, Final Loss: 2.0916
2026-09-13 18:32:08,277 [INFO]   Done. final_loss=2.0916  elapsed=664s
2026-09-13 18:32:08,406 [INFO]   [Query Budget] round_robin breakdown: {'executed': {'calls': 4275, 'samples': 213750}, 'observational': {'calls': 1368, 'samples': 273600}, 'total': {'calls': 5643, 'samples': 487350}}
2026-09-13 18:32:08,406 [INFO]   Results saved to /scratch/alpine/paco0228/ACE/results/audit_reruns/t1_5node/round_robin/seed_618
