2026-09-13 18:21:04,592 [INFO] 5-node baseline: method=round_robin seed=42 episodes=171 query_budget=None
2026-09-13 18:21:41,362 [INFO]   Episode 0/171, Final Loss: 2.0102
2026-09-13 18:22:23,048 [INFO]   Episode 10/171, Final Loss: 2.0828
2026-09-13 18:23:03,907 [INFO]   Episode 20/171, Final Loss: 1.9394
2026-09-13 18:23:45,626 [INFO]   Episode 30/171, Final Loss: 1.9335
2026-09-13 18:24:27,550 [INFO]   Episode 40/171, Final Loss: 1.9856
2026-09-13 18:25:08,573 [INFO]   Episode 50/171, Final Loss: 1.9442
2026-09-13 18:25:50,403 [INFO]   Episode 60/171, Final Loss: 1.9989
2026-09-13 18:26:32,673 [INFO]   Episode 70/171, Final Loss: 1.9320
2026-09-13 18:27:13,945 [INFO]   Episode 80/171, Final Loss: 2.0288
2026-09-13 18:27:56,481 [INFO]   Episode 90/171, Final Loss: 2.0176
2026-09-13 18:28:39,286 [INFO]   Episode 100/171, Final Loss: 1.9486
2026-09-13 18:29:22,017 [INFO]   Episode 110/171, Final Loss: 1.9688
2026-09-13 18:30:04,083 [INFO]   Episode 120/171, Final Loss: 1.9591
2026-09-13 18:30:47,017 [INFO]   Episode 130/171, Final Loss: 1.9511
2026-09-13 18:31:30,076 [INFO]   Episode 140/171, Final Loss: 1.9469
2026-09-13 18:32:12,124 [INFO]   Episode 150/171, Final Loss: 1.9455
2026-09-13 18:32:54,904 [INFO]   Episode 160/171, Final Loss: 2.0956
2026-09-13 18:33:37,725 [INFO]   Episode 170/171, Final Loss: 1.9610
2026-09-13 18:33:37,750 [INFO]   Done. final_loss=1.9610  elapsed=753s
2026-09-13 18:33:39,610 [INFO]   [Query Budget] round_robin breakdown: {'executed': {'calls': 4275, 'samples': 213750}, 'observational': {'calls': 1368, 'samples': 273600}, 'total': {'calls': 5643, 'samples': 487350}}
2026-09-13 18:33:39,610 [INFO]   Results saved to /scratch/alpine/paco0228/ACE/results/audit_reruns/t1_5node/round_robin/seed_42
