2026-09-13 18:21:04,628 [INFO] 5-node baseline: method=round_robin seed=141 episodes=171 query_budget=None
2026-09-13 18:21:39,298 [INFO]   Episode 0/171, Final Loss: 2.0415
2026-09-13 18:22:00,468 [INFO]   Episode 10/171, Final Loss: 2.0534
2026-09-13 18:22:21,655 [INFO]   Episode 20/171, Final Loss: 2.1823
2026-09-13 18:22:42,823 [INFO]   Episode 30/171, Final Loss: 2.0764
2026-09-13 18:23:03,986 [INFO]   Episode 40/171, Final Loss: 2.1517
2026-09-13 18:23:25,176 [INFO]   Episode 50/171, Final Loss: 2.0925
2026-09-13 18:23:46,380 [INFO]   Episode 60/171, Final Loss: 2.1640
2026-09-13 18:24:07,595 [INFO]   Episode 70/171, Final Loss: 2.1313
2026-09-13 18:24:28,846 [INFO]   Episode 80/171, Final Loss: 2.0603
2026-09-13 18:24:50,143 [INFO]   Episode 90/171, Final Loss: 2.1917
2026-09-13 18:25:11,474 [INFO]   Episode 100/171, Final Loss: 2.0627
2026-09-13 18:25:32,827 [INFO]   Episode 110/171, Final Loss: 2.0812
2026-09-13 18:25:54,201 [INFO]   Episode 120/171, Final Loss: 2.1819
2026-09-13 18:26:15,586 [INFO]   Episode 130/171, Final Loss: 2.1425
2026-09-13 18:26:36,980 [INFO]   Episode 140/171, Final Loss: 2.1373
2026-09-13 18:26:58,366 [INFO]   Episode 150/171, Final Loss: 2.1026
2026-09-13 18:27:19,743 [INFO]   Episode 160/171, Final Loss: 2.0974
2026-09-13 18:27:41,130 [INFO]   Episode 170/171, Final Loss: 2.1283
2026-09-13 18:27:41,143 [INFO]   Done. final_loss=2.1283  elapsed=397s
2026-09-13 18:27:41,249 [INFO]   [Query Budget] round_robin breakdown: {'executed': {'calls': 4275, 'samples': 213750}, 'observational': {'calls': 1368, 'samples': 273600}, 'total': {'calls': 5643, 'samples': 487350}}
2026-09-13 18:27:41,249 [INFO]   Results saved to /scratch/alpine/paco0228/ACE/results/audit_reruns/t1_5node/round_robin/seed_141
