2026-09-13 18:21:04,933 [INFO] 5-node baseline: method=max_variance seed=789 episodes=171 query_budget=None
2026-09-13 18:21:41,172 [INFO]   Episode 0/171, Final Loss: 1.9976
2026-09-13 18:22:19,412 [INFO]   Episode 10/171, Final Loss: 2.0347
2026-09-13 18:22:57,571 [INFO]   Episode 20/171, Final Loss: 1.9912
2026-09-13 18:23:35,784 [INFO]   Episode 30/171, Final Loss: 2.0468
2026-09-13 18:24:13,994 [INFO]   Episode 40/171, Final Loss: 1.9927
2026-09-13 18:24:52,262 [INFO]   Episode 50/171, Final Loss: 2.1062
2026-09-13 18:25:30,622 [INFO]   Episode 60/171, Final Loss: 2.0715
2026-09-13 18:26:09,017 [INFO]   Episode 70/171, Final Loss: 2.0133
2026-09-13 18:26:47,391 [INFO]   Episode 80/171, Final Loss: 2.0299
2026-09-13 18:27:25,766 [INFO]   Episode 90/171, Final Loss: 2.0689
2026-09-13 18:28:04,127 [INFO]   Episode 100/171, Final Loss: 2.1380
2026-09-13 18:28:42,535 [INFO]   Episode 110/171, Final Loss: 2.0233
2026-09-13 18:29:20,875 [INFO]   Episode 120/171, Final Loss: 2.0767
2026-09-13 18:29:59,249 [INFO]   Episode 130/171, Final Loss: 1.9892
2026-09-13 18:30:37,722 [INFO]   Episode 140/171, Final Loss: 1.9895
2026-09-13 18:31:16,162 [INFO]   Episode 150/171, Final Loss: 2.0463
2026-09-13 18:31:54,667 [INFO]   Episode 160/171, Final Loss: 2.0126
2026-09-13 18:32:33,233 [INFO]   Episode 170/171, Final Loss: 2.0002
2026-09-13 18:32:33,254 [INFO]   Done. final_loss=2.0002  elapsed=688s
2026-09-13 18:32:33,335 [INFO]   [Query Budget] max_variance breakdown: {'candidate_probe': {'calls': 273600, 'samples': 13680000}, 'executed': {'calls': 4275, 'samples': 213750}, 'observational': {'calls': 1368, 'samples': 273600}, 'total': {'calls': 279243, 'samples': 14167350}}
2026-09-13 18:32:33,335 [INFO]   Results saved to /scratch/alpine/paco0228/ACE/results/audit_reruns/t1_5node/max_variance/seed_789
