2026-09-13 18:21:04,693 [INFO] 5-node baseline: method=max_variance seed=123 episodes=171 query_budget=None
2026-09-13 18:21:40,937 [INFO]   Episode 0/171, Final Loss: 2.1190
2026-09-13 18:22:19,309 [INFO]   Episode 10/171, Final Loss: 2.1235
2026-09-13 18:22:57,571 [INFO]   Episode 20/171, Final Loss: 2.1006
2026-09-13 18:23:35,886 [INFO]   Episode 30/171, Final Loss: 2.1161
2026-09-13 18:24:14,187 [INFO]   Episode 40/171, Final Loss: 2.1043
2026-09-13 18:24:52,547 [INFO]   Episode 50/171, Final Loss: 2.2235
2026-09-13 18:25:30,898 [INFO]   Episode 60/171, Final Loss: 2.0981
2026-09-13 18:26:09,305 [INFO]   Episode 70/171, Final Loss: 2.1183
2026-09-13 18:26:47,744 [INFO]   Episode 80/171, Final Loss: 2.0812
2026-09-13 18:27:26,258 [INFO]   Episode 90/171, Final Loss: 2.1182
2026-09-13 18:28:04,799 [INFO]   Episode 100/171, Final Loss: 2.0929
2026-09-13 18:28:43,302 [INFO]   Episode 110/171, Final Loss: 2.1055
2026-09-13 18:29:21,867 [INFO]   Episode 120/171, Final Loss: 2.0997
2026-09-13 18:30:00,361 [INFO]   Episode 130/171, Final Loss: 2.0997
2026-09-13 18:30:38,927 [INFO]   Episode 140/171, Final Loss: 2.1649
2026-09-13 18:31:17,464 [INFO]   Episode 150/171, Final Loss: 2.2084
2026-09-13 18:31:56,012 [INFO]   Episode 160/171, Final Loss: 2.1942
2026-09-13 18:32:34,611 [INFO]   Episode 170/171, Final Loss: 2.1275
2026-09-13 18:32:34,624 [INFO]   Done. final_loss=2.1275  elapsed=690s
2026-09-13 18:32:34,692 [INFO]   [Query Budget] max_variance breakdown: {'candidate_probe': {'calls': 273600, 'samples': 13680000}, 'executed': {'calls': 4275, 'samples': 213750}, 'observational': {'calls': 1368, 'samples': 273600}, 'total': {'calls': 279243, 'samples': 14167350}}
2026-09-13 18:32:34,692 [INFO]   Results saved to /scratch/alpine/paco0228/ACE/results/audit_reruns/t1_5node/max_variance/seed_123
