2026-09-13 18:21:04,678 [INFO] 5-node baseline: method=random seed=123 episodes=171 query_budget=None
2026-09-13 18:21:40,064 [INFO]   Episode 0/171, Final Loss: 2.1184
2026-09-13 18:22:09,161 [INFO]   Episode 10/171, Final Loss: 2.1162
2026-09-13 18:22:38,376 [INFO]   Episode 20/171, Final Loss: 2.1143
2026-09-13 18:23:07,679 [INFO]   Episode 30/171, Final Loss: 2.1258
2026-09-13 18:23:37,081 [INFO]   Episode 40/171, Final Loss: 2.1907
2026-09-13 18:24:06,449 [INFO]   Episode 50/171, Final Loss: 2.1123
2026-09-13 18:24:35,872 [INFO]   Episode 60/171, Final Loss: 2.1447
2026-09-13 18:25:05,301 [INFO]   Episode 70/171, Final Loss: 2.1227
2026-09-13 18:25:34,871 [INFO]   Episode 80/171, Final Loss: 2.2428
2026-09-13 18:26:04,408 [INFO]   Episode 90/171, Final Loss: 2.1106
2026-09-13 18:26:33,930 [INFO]   Episode 100/171, Final Loss: 2.2178
2026-09-13 18:27:03,596 [INFO]   Episode 110/171, Final Loss: 2.1010
2026-09-13 18:27:33,165 [INFO]   Episode 120/171, Final Loss: 2.0886
2026-09-13 18:28:02,748 [INFO]   Episode 130/171, Final Loss: 2.1313
2026-09-13 18:28:32,406 [INFO]   Episode 140/171, Final Loss: 2.1346
2026-09-13 18:29:02,000 [INFO]   Episode 150/171, Final Loss: 2.0859
2026-09-13 18:29:31,697 [INFO]   Episode 160/171, Final Loss: 2.0982
2026-09-13 18:30:01,157 [INFO]   Episode 170/171, Final Loss: 2.1594
2026-09-13 18:30:01,175 [INFO]   Done. final_loss=2.1594  elapsed=536s
2026-09-13 18:30:01,298 [INFO]   [Query Budget] random breakdown: {'executed': {'calls': 4275, 'samples': 213750}, 'observational': {'calls': 1368, 'samples': 273600}, 'total': {'calls': 5643, 'samples': 487350}}
2026-09-13 18:30:01,298 [INFO]   Results saved to /scratch/alpine/paco0228/ACE/results/audit_reruns/t1_5node/random/seed_123
