2026-09-13 18:21:04,678 [INFO] 5-node baseline: method=random seed=456 episodes=171 query_budget=None
2026-09-13 18:21:40,225 [INFO]   Episode 0/171, Final Loss: 2.0754
2026-09-13 18:22:10,886 [INFO]   Episode 10/171, Final Loss: 2.0196
2026-09-13 18:22:41,490 [INFO]   Episode 20/171, Final Loss: 2.0477
2026-09-13 18:23:14,805 [INFO]   Episode 30/171, Final Loss: 2.0474
2026-09-13 18:23:52,948 [INFO]   Episode 40/171, Final Loss: 2.0559
2026-09-13 18:24:31,281 [INFO]   Episode 50/171, Final Loss: 2.0636
2026-09-13 18:25:09,931 [INFO]   Episode 60/171, Final Loss: 2.0863
2026-09-13 18:25:47,619 [INFO]   Episode 70/171, Final Loss: 2.0414
2026-09-13 18:26:26,032 [INFO]   Episode 80/171, Final Loss: 2.1043
2026-09-13 18:27:03,332 [INFO]   Episode 90/171, Final Loss: 2.0517
2026-09-13 18:27:34,762 [INFO]   Episode 100/171, Final Loss: 2.0138
2026-09-13 18:28:04,809 [INFO]   Episode 110/171, Final Loss: 2.0403
2026-09-13 18:28:35,000 [INFO]   Episode 120/171, Final Loss: 2.0487
2026-09-13 18:29:05,338 [INFO]   Episode 130/171, Final Loss: 2.1251
2026-09-13 18:29:35,627 [INFO]   Episode 140/171, Final Loss: 2.0414
2026-09-13 18:30:05,844 [INFO]   Episode 150/171, Final Loss: 2.0373
2026-09-13 18:30:36,141 [INFO]   Episode 160/171, Final Loss: 2.0709
2026-09-13 18:31:06,516 [INFO]   Episode 170/171, Final Loss: 2.1148
2026-09-13 18:31:06,536 [INFO]   Done. final_loss=2.1148  elapsed=602s
2026-09-13 18:31:06,617 [INFO]   [Query Budget] random breakdown: {'executed': {'calls': 4275, 'samples': 213750}, 'observational': {'calls': 1368, 'samples': 273600}, 'total': {'calls': 5643, 'samples': 487350}}
2026-09-13 18:31:06,617 [INFO]   Results saved to /scratch/alpine/paco0228/ACE/results/audit_reruns/t1_5node/random/seed_456
