2026-09-13 18:21:04,648 [INFO] 5-node baseline: method=random seed=618 episodes=171 query_budget=None
2026-09-13 18:21:40,625 [INFO]   Episode 0/171, Final Loss: 2.0509
2026-09-13 18:22:15,085 [INFO]   Episode 10/171, Final Loss: 2.0675
2026-09-13 18:22:49,680 [INFO]   Episode 20/171, Final Loss: 2.0722
2026-09-13 18:23:24,272 [INFO]   Episode 30/171, Final Loss: 2.1387
2026-09-13 18:23:58,770 [INFO]   Episode 40/171, Final Loss: 2.1306
2026-09-13 18:24:33,263 [INFO]   Episode 50/171, Final Loss: 2.1909
2026-09-13 18:25:07,943 [INFO]   Episode 60/171, Final Loss: 2.1260
2026-09-13 18:25:42,284 [INFO]   Episode 70/171, Final Loss: 2.1895
2026-09-13 18:26:16,977 [INFO]   Episode 80/171, Final Loss: 2.0584
2026-09-13 18:26:51,827 [INFO]   Episode 90/171, Final Loss: 2.0847
2026-09-13 18:27:27,360 [INFO]   Episode 100/171, Final Loss: 2.1283
2026-09-13 18:28:01,684 [INFO]   Episode 110/171, Final Loss: 2.0621
2026-09-13 18:28:36,005 [INFO]   Episode 120/171, Final Loss: 2.0578
2026-09-13 18:29:10,354 [INFO]   Episode 130/171, Final Loss: 2.0783
2026-09-13 18:29:44,736 [INFO]   Episode 140/171, Final Loss: 2.0979
2026-09-13 18:30:19,075 [INFO]   Episode 150/171, Final Loss: 2.1517
2026-09-13 18:30:53,459 [INFO]   Episode 160/171, Final Loss: 2.1687
2026-09-13 18:31:27,802 [INFO]   Episode 170/171, Final Loss: 2.0641
2026-09-13 18:31:27,822 [INFO]   Done. final_loss=2.0641  elapsed=623s
2026-09-13 18:31:30,927 [INFO]   [Query Budget] random breakdown: {'executed': {'calls': 4275, 'samples': 213750}, 'observational': {'calls': 1368, 'samples': 273600}, 'total': {'calls': 5643, 'samples': 487350}}
2026-09-13 18:31:30,927 [INFO]   Results saved to /scratch/alpine/paco0228/ACE/results/audit_reruns/t1_5node/random/seed_618
