2026-09-13 18:21:04,667 [INFO] 5-node baseline: method=ppo seed=618 episodes=171 query_budget=None
2026-09-13 18:21:40,759 [INFO]   Episode 0/171, Final Loss: 2.0307
2026-09-13 18:22:15,915 [INFO]   Episode 10/171, Final Loss: 2.0398
2026-09-13 18:22:50,946 [INFO]   Episode 20/171, Final Loss: 2.0210
2026-09-13 18:23:25,769 [INFO]   Episode 30/171, Final Loss: 1.9883
2026-09-13 18:24:00,644 [INFO]   Episode 40/171, Final Loss: 1.9875
2026-09-13 18:24:35,475 [INFO]   Episode 50/171, Final Loss: 2.0215
2026-09-13 18:25:10,375 [INFO]   Episode 60/171, Final Loss: 2.0018
2026-09-13 18:25:45,230 [INFO]   Episode 70/171, Final Loss: 2.0156
2026-09-13 18:26:19,710 [INFO]   Episode 80/171, Final Loss: 2.0019
2026-09-13 18:26:54,805 [INFO]   Episode 90/171, Final Loss: 2.0696
2026-09-13 18:27:29,908 [INFO]   Episode 100/171, Final Loss: 2.0298
2026-09-13 18:28:04,648 [INFO]   Episode 110/171, Final Loss: 2.0583
2026-09-13 18:28:39,610 [INFO]   Episode 120/171, Final Loss: 2.0221
2026-09-13 18:29:14,510 [INFO]   Episode 130/171, Final Loss: 2.0219
2026-09-13 18:29:49,370 [INFO]   Episode 140/171, Final Loss: 2.0085
2026-09-13 18:30:24,160 [INFO]   Episode 150/171, Final Loss: 2.0261
2026-09-13 18:30:58,909 [INFO]   Episode 160/171, Final Loss: 2.1065
2026-09-13 18:31:33,667 [INFO]   Episode 170/171, Final Loss: 2.0057
2026-09-13 18:31:33,684 [INFO]   Done. final_loss=2.0057  elapsed=629s
2026-09-13 18:31:33,774 [INFO]   [Query Budget] ppo breakdown: {'executed': {'calls': 4275, 'samples': 213750}, 'observational': {'calls': 1368, 'samples': 273600}, 'total': {'calls': 5643, 'samples': 487350}}
2026-09-13 18:31:33,774 [INFO]   Results saved to /scratch/alpine/paco0228/ACE/results/audit_reruns/t1_5node/ppo/seed_618
