2026-09-13 18:21:04,675 [INFO] 5-node baseline: method=ppo seed=271 episodes=171 query_budget=None
2026-09-13 18:21:39,534 [INFO]   Episode 0/171, Final Loss: 2.0672
2026-09-13 18:22:01,326 [INFO]   Episode 10/171, Final Loss: 2.0801
2026-09-13 18:22:23,165 [INFO]   Episode 20/171, Final Loss: 2.1722
2026-09-13 18:22:44,977 [INFO]   Episode 30/171, Final Loss: 2.0741
2026-09-13 18:23:06,386 [INFO]   Episode 40/171, Final Loss: 2.0592
2026-09-13 18:23:28,144 [INFO]   Episode 50/171, Final Loss: 2.0996
2026-09-13 18:23:49,976 [INFO]   Episode 60/171, Final Loss: 2.0831
2026-09-13 18:24:11,668 [INFO]   Episode 70/171, Final Loss: 2.0806
2026-09-13 18:24:33,412 [INFO]   Episode 80/171, Final Loss: 2.1165
2026-09-13 18:24:55,221 [INFO]   Episode 90/171, Final Loss: 2.0659
2026-09-13 18:25:17,009 [INFO]   Episode 100/171, Final Loss: 2.1103
2026-09-13 18:25:38,583 [INFO]   Episode 110/171, Final Loss: 2.0843
2026-09-13 18:26:00,230 [INFO]   Episode 120/171, Final Loss: 2.0479
2026-09-13 18:26:21,998 [INFO]   Episode 130/171, Final Loss: 2.1283
2026-09-13 18:26:43,715 [INFO]   Episode 140/171, Final Loss: 2.0867
2026-09-13 18:27:05,520 [INFO]   Episode 150/171, Final Loss: 2.0884
2026-09-13 18:27:27,153 [INFO]   Episode 160/171, Final Loss: 2.1291
2026-09-13 18:27:49,031 [INFO]   Episode 170/171, Final Loss: 2.1377
2026-09-13 18:27:49,044 [INFO]   Done. final_loss=2.1377  elapsed=404s
2026-09-13 18:27:49,148 [INFO]   [Query Budget] ppo breakdown: {'executed': {'calls': 4275, 'samples': 213750}, 'observational': {'calls': 1368, 'samples': 273600}, 'total': {'calls': 5643, 'samples': 487350}}
2026-09-13 18:27:49,148 [INFO]   Results saved to /scratch/alpine/paco0228/ACE/results/audit_reruns/t1_5node/ppo/seed_271
