2026-09-13 18:21:04,699 [INFO] 5-node baseline: method=round_robin seed=789 episodes=171 query_budget=None
2026-09-13 18:21:41,110 [INFO]   Episode 0/171, Final Loss: 1.9864
2026-09-13 18:22:20,506 [INFO]   Episode 10/171, Final Loss: 2.0323
2026-09-13 18:22:59,986 [INFO]   Episode 20/171, Final Loss: 2.0280
2026-09-13 18:23:39,432 [INFO]   Episode 30/171, Final Loss: 2.0049
2026-09-13 18:24:18,918 [INFO]   Episode 40/171, Final Loss: 2.1283
2026-09-13 18:24:58,478 [INFO]   Episode 50/171, Final Loss: 2.1409
2026-09-13 18:25:38,031 [INFO]   Episode 60/171, Final Loss: 2.0065
2026-09-13 18:26:17,547 [INFO]   Episode 70/171, Final Loss: 2.1019
2026-09-13 18:26:57,184 [INFO]   Episode 80/171, Final Loss: 2.1627
2026-09-13 18:27:36,855 [INFO]   Episode 90/171, Final Loss: 1.9944
2026-09-13 18:28:16,587 [INFO]   Episode 100/171, Final Loss: 1.9862
2026-09-13 18:28:56,269 [INFO]   Episode 110/171, Final Loss: 2.0049
2026-09-13 18:29:36,082 [INFO]   Episode 120/171, Final Loss: 2.0258
2026-09-13 18:30:15,883 [INFO]   Episode 130/171, Final Loss: 2.0206
2026-09-13 18:30:55,702 [INFO]   Episode 140/171, Final Loss: 2.0066
2026-09-13 18:31:35,534 [INFO]   Episode 150/171, Final Loss: 2.0708
2026-09-13 18:32:15,328 [INFO]   Episode 160/171, Final Loss: 2.0202
2026-09-13 18:32:54,459 [INFO]   Episode 170/171, Final Loss: 2.0005
2026-09-13 18:32:54,478 [INFO]   Done. final_loss=2.0005  elapsed=710s
2026-09-13 18:32:54,577 [INFO]   [Query Budget] round_robin breakdown: {'executed': {'calls': 4275, 'samples': 213750}, 'observational': {'calls': 1368, 'samples': 273600}, 'total': {'calls': 5643, 'samples': 487350}}
2026-09-13 18:32:54,577 [INFO]   Results saved to /scratch/alpine/paco0228/ACE/results/audit_reruns/t1_5node/round_robin/seed_789
