2026-09-13 18:21:04,696 [INFO] 5-node baseline: method=max_variance seed=577 episodes=171 query_budget=None
2026-09-13 18:21:41,689 [INFO]   Episode 0/171, Final Loss: 2.0641
2026-09-13 18:22:23,752 [INFO]   Episode 10/171, Final Loss: 2.1539
2026-09-13 18:23:04,389 [INFO]   Episode 20/171, Final Loss: 2.0626
2026-09-13 18:23:45,005 [INFO]   Episode 30/171, Final Loss: 2.0535
2026-09-13 18:24:25,578 [INFO]   Episode 40/171, Final Loss: 2.0739
2026-09-13 18:25:06,250 [INFO]   Episode 50/171, Final Loss: 2.0479
2026-09-13 18:25:46,895 [INFO]   Episode 60/171, Final Loss: 2.1463
2026-09-13 18:26:27,644 [INFO]   Episode 70/171, Final Loss: 2.0488
2026-09-13 18:27:08,527 [INFO]   Episode 80/171, Final Loss: 2.0679
2026-09-13 18:27:49,326 [INFO]   Episode 90/171, Final Loss: 2.1109
2026-09-13 18:28:33,244 [INFO]   Episode 100/171, Final Loss: 2.0639
2026-09-13 18:29:14,175 [INFO]   Episode 110/171, Final Loss: 2.1603
2026-09-13 18:29:55,115 [INFO]   Episode 120/171, Final Loss: 2.1386
2026-09-13 18:30:36,021 [INFO]   Episode 130/171, Final Loss: 2.0450
2026-09-13 18:31:16,920 [INFO]   Episode 140/171, Final Loss: 2.0925
2026-09-13 18:31:57,824 [INFO]   Episode 150/171, Final Loss: 2.0616
2026-09-13 18:32:38,756 [INFO]   Episode 160/171, Final Loss: 2.1156
2026-09-13 18:33:19,634 [INFO]   Episode 170/171, Final Loss: 2.0516
2026-09-13 18:33:19,659 [INFO]   Done. final_loss=2.0516  elapsed=735s
2026-09-13 18:33:19,749 [INFO]   [Query Budget] max_variance breakdown: {'candidate_probe': {'calls': 273600, 'samples': 13680000}, 'executed': {'calls': 4275, 'samples': 213750}, 'observational': {'calls': 1368, 'samples': 273600}, 'total': {'calls': 279243, 'samples': 14167350}}
2026-09-13 18:33:19,749 [INFO]   Results saved to /scratch/alpine/paco0228/ACE/results/audit_reruns/t1_5node/max_variance/seed_577
