2026-09-13 18:21:04,660 [INFO] 5-node baseline: method=ppo seed=456 episodes=171 query_budget=None
2026-09-13 18:21:40,790 [INFO]   Episode 0/171, Final Loss: 1.9139
2026-09-13 18:22:16,111 [INFO]   Episode 10/171, Final Loss: 1.9444
2026-09-13 18:22:51,674 [INFO]   Episode 20/171, Final Loss: 1.9343
2026-09-13 18:23:26,865 [INFO]   Episode 30/171, Final Loss: 1.9433
2026-09-13 18:24:02,091 [INFO]   Episode 40/171, Final Loss: 1.9613
2026-09-13 18:24:37,402 [INFO]   Episode 50/171, Final Loss: 1.9318
2026-09-13 18:25:12,712 [INFO]   Episode 60/171, Final Loss: 1.9781
2026-09-13 18:25:48,173 [INFO]   Episode 70/171, Final Loss: 1.9430
2026-09-13 18:26:24,774 [INFO]   Episode 80/171, Final Loss: 1.9438
2026-09-13 18:27:00,832 [INFO]   Episode 90/171, Final Loss: 1.9726
2026-09-13 18:27:36,290 [INFO]   Episode 100/171, Final Loss: 1.9364
2026-09-13 18:28:12,048 [INFO]   Episode 110/171, Final Loss: 1.9461
2026-09-13 18:28:47,931 [INFO]   Episode 120/171, Final Loss: 1.9597
2026-09-13 18:29:23,652 [INFO]   Episode 130/171, Final Loss: 2.0407
2026-09-13 18:29:59,633 [INFO]   Episode 140/171, Final Loss: 2.0337
2026-09-13 18:30:35,556 [INFO]   Episode 150/171, Final Loss: 1.9247
2026-09-13 18:31:11,523 [INFO]   Episode 160/171, Final Loss: 1.9352
2026-09-13 18:31:47,085 [INFO]   Episode 170/171, Final Loss: 1.9485
2026-09-13 18:31:47,106 [INFO]   Done. final_loss=1.9485  elapsed=642s
2026-09-13 18:31:47,212 [INFO]   [Query Budget] ppo breakdown: {'executed': {'calls': 4275, 'samples': 213750}, 'observational': {'calls': 1368, 'samples': 273600}, 'total': {'calls': 5643, 'samples': 487350}}
2026-09-13 18:31:47,212 [INFO]   Results saved to /scratch/alpine/paco0228/ACE/results/audit_reruns/t1_5node/ppo/seed_456
