2026-09-13 18:21:04,655 [INFO] 5-node baseline: method=random seed=42 episodes=171 query_budget=None
2026-09-13 18:21:39,817 [INFO]   Episode 0/171, Final Loss: 1.9675
2026-09-13 18:22:06,286 [INFO]   Episode 10/171, Final Loss: 1.9665
2026-09-13 18:22:32,759 [INFO]   Episode 20/171, Final Loss: 1.9402
2026-09-13 18:22:59,227 [INFO]   Episode 30/171, Final Loss: 2.0140
2026-09-13 18:23:25,679 [INFO]   Episode 40/171, Final Loss: 1.9765
2026-09-13 18:23:52,251 [INFO]   Episode 50/171, Final Loss: 1.9339
2026-09-13 18:24:18,811 [INFO]   Episode 60/171, Final Loss: 1.9721
2026-09-13 18:24:45,341 [INFO]   Episode 70/171, Final Loss: 2.0487
2026-09-13 18:25:11,800 [INFO]   Episode 80/171, Final Loss: 1.9408
2026-09-13 18:25:38,373 [INFO]   Episode 90/171, Final Loss: 1.9611
2026-09-13 18:26:04,827 [INFO]   Episode 100/171, Final Loss: 2.1108
2026-09-13 18:26:31,043 [INFO]   Episode 110/171, Final Loss: 1.9614
2026-09-13 18:26:57,110 [INFO]   Episode 120/171, Final Loss: 1.9782
2026-09-13 18:27:23,250 [INFO]   Episode 130/171, Final Loss: 2.0371
2026-09-13 18:27:49,301 [INFO]   Episode 140/171, Final Loss: 2.0278
2026-09-13 18:28:15,360 [INFO]   Episode 150/171, Final Loss: 1.9767
2026-09-13 18:28:41,479 [INFO]   Episode 160/171, Final Loss: 2.0104
2026-09-13 18:29:07,586 [INFO]   Episode 170/171, Final Loss: 1.9317
2026-09-13 18:29:07,605 [INFO]   Done. final_loss=1.9317  elapsed=483s
2026-09-13 18:29:07,829 [INFO]   [Query Budget] random breakdown: {'executed': {'calls': 4275, 'samples': 213750}, 'observational': {'calls': 1368, 'samples': 273600}, 'total': {'calls': 5643, 'samples': 487350}}
2026-09-13 18:29:07,829 [INFO]   Results saved to /scratch/alpine/paco0228/ACE/results/audit_reruns/t1_5node/random/seed_42
