2026-09-13 18:21:04,599 [INFO] 5-node baseline: method=ppo seed=1011 episodes=171 query_budget=None
2026-09-13 18:21:41,149 [INFO]   Episode 0/171, Final Loss: 2.2590
2026-09-13 18:22:16,793 [INFO]   Episode 10/171, Final Loss: 2.3314
2026-09-13 18:22:52,473 [INFO]   Episode 20/171, Final Loss: 2.4141
2026-09-13 18:23:27,926 [INFO]   Episode 30/171, Final Loss: 2.3400
2026-09-13 18:24:03,173 [INFO]   Episode 40/171, Final Loss: 2.2531
2026-09-13 18:24:38,958 [INFO]   Episode 50/171, Final Loss: 2.2615
2026-09-13 18:25:14,744 [INFO]   Episode 60/171, Final Loss: 2.2759
2026-09-13 18:25:50,559 [INFO]   Episode 70/171, Final Loss: 2.2605
2026-09-13 18:26:25,939 [INFO]   Episode 80/171, Final Loss: 2.3221
2026-09-13 18:27:01,570 [INFO]   Episode 90/171, Final Loss: 2.3972
2026-09-13 18:27:37,466 [INFO]   Episode 100/171, Final Loss: 2.2477
2026-09-13 18:28:13,236 [INFO]   Episode 110/171, Final Loss: 2.3153
2026-09-13 18:28:48,814 [INFO]   Episode 120/171, Final Loss: 2.2327
2026-09-13 18:29:24,710 [INFO]   Episode 130/171, Final Loss: 2.2768
2026-09-13 18:30:00,556 [INFO]   Episode 140/171, Final Loss: 2.2745
2026-09-13 18:30:36,509 [INFO]   Episode 150/171, Final Loss: 2.3276
2026-09-13 18:31:12,372 [INFO]   Episode 160/171, Final Loss: 2.3231
2026-09-13 18:31:48,065 [INFO]   Episode 170/171, Final Loss: 2.2830
2026-09-13 18:31:48,085 [INFO]   Done. final_loss=2.2830  elapsed=643s
2026-09-13 18:31:48,403 [INFO]   [Query Budget] ppo breakdown: {'executed': {'calls': 4275, 'samples': 213750}, 'observational': {'calls': 1368, 'samples': 273600}, 'total': {'calls': 5643, 'samples': 487350}}
2026-09-13 18:31:48,403 [INFO]   Results saved to /scratch/alpine/paco0228/ACE/results/audit_reruns/t1_5node/ppo/seed_1011
