2026-09-13 18:21:04,689 [INFO] 5-node baseline: method=round_robin seed=577 episodes=171 query_budget=None
2026-09-13 18:21:41,148 [INFO]   Episode 0/171, Final Loss: 2.0518
2026-09-13 18:22:19,888 [INFO]   Episode 10/171, Final Loss: 2.1137
2026-09-13 18:22:58,778 [INFO]   Episode 20/171, Final Loss: 2.1167
2026-09-13 18:23:36,998 [INFO]   Episode 30/171, Final Loss: 2.1351
2026-09-13 18:24:15,169 [INFO]   Episode 40/171, Final Loss: 2.0602
2026-09-13 18:24:53,505 [INFO]   Episode 50/171, Final Loss: 2.0959
2026-09-13 18:25:31,766 [INFO]   Episode 60/171, Final Loss: 2.0720
2026-09-13 18:26:09,932 [INFO]   Episode 70/171, Final Loss: 2.0606
2026-09-13 18:26:48,205 [INFO]   Episode 80/171, Final Loss: 2.0573
2026-09-13 18:27:26,506 [INFO]   Episode 90/171, Final Loss: 2.1263
2026-09-13 18:28:04,960 [INFO]   Episode 100/171, Final Loss: 2.0892
2026-09-13 18:28:42,068 [INFO]   Episode 110/171, Final Loss: 2.1938
2026-09-13 18:29:19,200 [INFO]   Episode 120/171, Final Loss: 2.0615
2026-09-13 18:29:56,421 [INFO]   Episode 130/171, Final Loss: 2.1635
2026-09-13 18:30:33,570 [INFO]   Episode 140/171, Final Loss: 2.1554
2026-09-13 18:31:10,586 [INFO]   Episode 150/171, Final Loss: 2.1389
2026-09-13 18:31:47,754 [INFO]   Episode 160/171, Final Loss: 2.0447
2026-09-13 18:32:34,607 [INFO]   Episode 170/171, Final Loss: 2.0624
2026-09-13 18:32:34,635 [INFO]   Done. final_loss=2.0624  elapsed=690s
2026-09-13 18:32:34,867 [INFO]   [Query Budget] round_robin breakdown: {'executed': {'calls': 4275, 'samples': 213750}, 'observational': {'calls': 1368, 'samples': 273600}, 'total': {'calls': 5643, 'samples': 487350}}
2026-09-13 18:32:34,867 [INFO]   Results saved to /scratch/alpine/paco0228/ACE/results/audit_reruns/t1_5node/round_robin/seed_577
