2026-09-13 18:21:04,695 [INFO] 5-node baseline: method=round_robin seed=456 episodes=171 query_budget=None
2026-09-13 18:21:41,000 [INFO]   Episode 0/171, Final Loss: 2.0523
2026-09-13 18:22:19,295 [INFO]   Episode 10/171, Final Loss: 2.0349
2026-09-13 18:22:57,609 [INFO]   Episode 20/171, Final Loss: 2.0141
2026-09-13 18:23:35,942 [INFO]   Episode 30/171, Final Loss: 2.0521
2026-09-13 18:24:14,278 [INFO]   Episode 40/171, Final Loss: 2.0793
2026-09-13 18:24:52,709 [INFO]   Episode 50/171, Final Loss: 2.0436
2026-09-13 18:25:31,181 [INFO]   Episode 60/171, Final Loss: 2.0999
2026-09-13 18:26:09,630 [INFO]   Episode 70/171, Final Loss: 2.0431
2026-09-13 18:26:48,115 [INFO]   Episode 80/171, Final Loss: 2.0543
2026-09-13 18:27:26,650 [INFO]   Episode 90/171, Final Loss: 2.0285
2026-09-13 18:28:05,263 [INFO]   Episode 100/171, Final Loss: 2.0139
2026-09-13 18:28:43,897 [INFO]   Episode 110/171, Final Loss: 2.0573
2026-09-13 18:29:22,577 [INFO]   Episode 120/171, Final Loss: 2.0666
2026-09-13 18:30:01,284 [INFO]   Episode 130/171, Final Loss: 2.0252
2026-09-13 18:30:39,985 [INFO]   Episode 140/171, Final Loss: 2.0508
2026-09-13 18:31:18,677 [INFO]   Episode 150/171, Final Loss: 2.0865
2026-09-13 18:31:57,368 [INFO]   Episode 160/171, Final Loss: 2.0413
2026-09-13 18:32:36,013 [INFO]   Episode 170/171, Final Loss: 2.0381
2026-09-13 18:32:36,031 [INFO]   Done. final_loss=2.0381  elapsed=691s
2026-09-13 18:32:36,153 [INFO]   [Query Budget] round_robin breakdown: {'executed': {'calls': 4275, 'samples': 213750}, 'observational': {'calls': 1368, 'samples': 273600}, 'total': {'calls': 5643, 'samples': 487350}}
2026-09-13 18:32:36,154 [INFO]   Results saved to /scratch/alpine/paco0228/ACE/results/audit_reruns/t1_5node/round_robin/seed_456
