2026-09-13 18:21:04,681 [INFO] 5-node baseline: method=random seed=141 episodes=171 query_budget=None
2026-09-13 18:21:39,281 [INFO]   Episode 0/171, Final Loss: 2.0619
2026-09-13 18:22:00,425 [INFO]   Episode 10/171, Final Loss: 2.1032
2026-09-13 18:22:21,516 [INFO]   Episode 20/171, Final Loss: 2.1719
2026-09-13 18:22:42,626 [INFO]   Episode 30/171, Final Loss: 2.0690
2026-09-13 18:23:03,787 [INFO]   Episode 40/171, Final Loss: 2.1567
2026-09-13 18:23:24,961 [INFO]   Episode 50/171, Final Loss: 2.1429
2026-09-13 18:23:46,178 [INFO]   Episode 60/171, Final Loss: 2.1437
2026-09-13 18:24:07,378 [INFO]   Episode 70/171, Final Loss: 2.0929
2026-09-13 18:24:28,647 [INFO]   Episode 80/171, Final Loss: 2.0698
2026-09-13 18:24:49,905 [INFO]   Episode 90/171, Final Loss: 2.1727
2026-09-13 18:25:11,197 [INFO]   Episode 100/171, Final Loss: 2.0531
2026-09-13 18:25:32,481 [INFO]   Episode 110/171, Final Loss: 2.1204
2026-09-13 18:25:53,775 [INFO]   Episode 120/171, Final Loss: 2.0753
2026-09-13 18:26:15,070 [INFO]   Episode 130/171, Final Loss: 2.0884
2026-09-13 18:26:36,411 [INFO]   Episode 140/171, Final Loss: 2.1515
2026-09-13 18:26:57,739 [INFO]   Episode 150/171, Final Loss: 2.0829
2026-09-13 18:27:19,050 [INFO]   Episode 160/171, Final Loss: 2.1253
2026-09-13 18:27:40,377 [INFO]   Episode 170/171, Final Loss: 2.0683
2026-09-13 18:27:40,395 [INFO]   Done. final_loss=2.0683  elapsed=396s
2026-09-13 18:27:40,484 [INFO]   [Query Budget] random breakdown: {'executed': {'calls': 4275, 'samples': 213750}, 'observational': {'calls': 1368, 'samples': 273600}, 'total': {'calls': 5643, 'samples': 487350}}
2026-09-13 18:27:40,484 [INFO]   Results saved to /scratch/alpine/paco0228/ACE/results/audit_reruns/t1_5node/random/seed_141
