2026-09-13 18:21:04,659 [INFO] 5-node baseline: method=ppo seed=789 episodes=171 query_budget=None
2026-09-13 18:21:40,907 [INFO]   Episode 0/171, Final Loss: 1.9821
2026-09-13 18:22:16,843 [INFO]   Episode 10/171, Final Loss: 2.1313
2026-09-13 18:22:52,743 [INFO]   Episode 20/171, Final Loss: 2.1748
2026-09-13 18:23:29,190 [INFO]   Episode 30/171, Final Loss: 2.1392
2026-09-13 18:24:05,540 [INFO]   Episode 40/171, Final Loss: 2.0335
2026-09-13 18:24:41,632 [INFO]   Episode 50/171, Final Loss: 1.9829
2026-09-13 18:25:17,509 [INFO]   Episode 60/171, Final Loss: 2.0300
2026-09-13 18:25:53,627 [INFO]   Episode 70/171, Final Loss: 2.0346
2026-09-13 18:26:29,511 [INFO]   Episode 80/171, Final Loss: 2.0136
2026-09-13 18:27:05,110 [INFO]   Episode 90/171, Final Loss: 1.9829
2026-09-13 18:27:40,870 [INFO]   Episode 100/171, Final Loss: 1.9989
2026-09-13 18:28:16,905 [INFO]   Episode 110/171, Final Loss: 1.9942
2026-09-13 18:28:53,224 [INFO]   Episode 120/171, Final Loss: 2.0492
2026-09-13 18:29:28,914 [INFO]   Episode 130/171, Final Loss: 2.0204
2026-09-13 18:30:04,680 [INFO]   Episode 140/171, Final Loss: 2.0116
2026-09-13 18:30:40,037 [INFO]   Episode 150/171, Final Loss: 1.9716
2026-09-13 18:31:15,758 [INFO]   Episode 160/171, Final Loss: 1.9832
2026-09-13 18:31:51,276 [INFO]   Episode 170/171, Final Loss: 2.1243
2026-09-13 18:31:51,299 [INFO]   Done. final_loss=2.1243  elapsed=647s
2026-09-13 18:31:53,990 [INFO]   [Query Budget] ppo breakdown: {'executed': {'calls': 4275, 'samples': 213750}, 'observational': {'calls': 1368, 'samples': 273600}, 'total': {'calls': 5643, 'samples': 487350}}
2026-09-13 18:31:53,990 [INFO]   Results saved to /scratch/alpine/paco0228/ACE/results/audit_reruns/t1_5node/ppo/seed_789
