2026-09-13 18:21:04,660 [INFO] 5-node baseline: method=ppo seed=123 episodes=171 query_budget=None
2026-09-13 18:21:40,678 [INFO]   Episode 0/171, Final Loss: 1.8793
2026-09-13 18:22:14,541 [INFO]   Episode 10/171, Final Loss: 1.9374
2026-09-13 18:22:48,371 [INFO]   Episode 20/171, Final Loss: 1.8852
2026-09-13 18:23:22,165 [INFO]   Episode 30/171, Final Loss: 1.9599
2026-09-13 18:23:55,652 [INFO]   Episode 40/171, Final Loss: 1.9946
2026-09-13 18:24:29,216 [INFO]   Episode 50/171, Final Loss: 1.9727
2026-09-13 18:25:02,827 [INFO]   Episode 60/171, Final Loss: 1.9783
2026-09-13 18:25:36,752 [INFO]   Episode 70/171, Final Loss: 2.0611
2026-09-13 18:26:10,500 [INFO]   Episode 80/171, Final Loss: 1.9039
2026-09-13 18:26:44,205 [INFO]   Episode 90/171, Final Loss: 1.9734
2026-09-13 18:27:17,663 [INFO]   Episode 100/171, Final Loss: 1.9044
2026-09-13 18:27:51,173 [INFO]   Episode 110/171, Final Loss: 1.8781
2026-09-13 18:28:24,736 [INFO]   Episode 120/171, Final Loss: 1.9114
2026-09-13 18:28:58,250 [INFO]   Episode 130/171, Final Loss: 1.9196
2026-09-13 18:29:31,720 [INFO]   Episode 140/171, Final Loss: 1.9932
2026-09-13 18:30:05,121 [INFO]   Episode 150/171, Final Loss: 1.9129
2026-09-13 18:30:38,779 [INFO]   Episode 160/171, Final Loss: 1.9644
2026-09-13 18:31:12,246 [INFO]   Episode 170/171, Final Loss: 1.9844
2026-09-13 18:31:12,262 [INFO]   Done. final_loss=1.9844  elapsed=608s
2026-09-13 18:31:12,674 [INFO]   [Query Budget] ppo breakdown: {'executed': {'calls': 4275, 'samples': 213750}, 'observational': {'calls': 1368, 'samples': 273600}, 'total': {'calls': 5643, 'samples': 487350}}
2026-09-13 18:31:12,674 [INFO]   Results saved to /scratch/alpine/paco0228/ACE/results/audit_reruns/t1_5node/ppo/seed_123
