2026-09-13 18:21:04,676 [INFO] 5-node baseline: method=ppo seed=141 episodes=171 query_budget=None
2026-09-13 18:21:39,537 [INFO]   Episode 0/171, Final Loss: 2.0878
2026-09-13 18:22:01,757 [INFO]   Episode 10/171, Final Loss: 2.0968
2026-09-13 18:22:23,914 [INFO]   Episode 20/171, Final Loss: 2.0636
2026-09-13 18:22:46,125 [INFO]   Episode 30/171, Final Loss: 2.3798
2026-09-13 18:23:08,324 [INFO]   Episode 40/171, Final Loss: 2.1706
2026-09-13 18:23:30,474 [INFO]   Episode 50/171, Final Loss: 2.2044
2026-09-13 18:23:52,566 [INFO]   Episode 60/171, Final Loss: 2.0698
2026-09-13 18:24:14,734 [INFO]   Episode 70/171, Final Loss: 2.0505
2026-09-13 18:24:36,992 [INFO]   Episode 80/171, Final Loss: 2.0712
2026-09-13 18:24:59,191 [INFO]   Episode 90/171, Final Loss: 2.0352
2026-09-13 18:25:21,523 [INFO]   Episode 100/171, Final Loss: 2.0523
2026-09-13 18:25:43,762 [INFO]   Episode 110/171, Final Loss: 2.0398
2026-09-13 18:26:06,053 [INFO]   Episode 120/171, Final Loss: 2.0573
2026-09-13 18:26:28,307 [INFO]   Episode 130/171, Final Loss: 2.1074
2026-09-13 18:26:50,627 [INFO]   Episode 140/171, Final Loss: 2.1488
2026-09-13 18:27:12,968 [INFO]   Episode 150/171, Final Loss: 2.0901
2026-09-13 18:27:35,069 [INFO]   Episode 160/171, Final Loss: 2.0323
2026-09-13 18:27:57,287 [INFO]   Episode 170/171, Final Loss: 2.0702
2026-09-13 18:27:57,300 [INFO]   Done. final_loss=2.0702  elapsed=413s
2026-09-13 18:27:57,597 [INFO]   [Query Budget] ppo breakdown: {'executed': {'calls': 4275, 'samples': 213750}, 'observational': {'calls': 1368, 'samples': 273600}, 'total': {'calls': 5643, 'samples': 487350}}
2026-09-13 18:27:57,597 [INFO]   Results saved to /scratch/alpine/paco0228/ACE/results/audit_reruns/t1_5node/ppo/seed_141
