2026-09-13 18:21:04,697 [INFO] 5-node baseline: method=round_robin seed=1011 episodes=171 query_budget=None
2026-09-13 18:21:40,970 [INFO]   Episode 0/171, Final Loss: 2.1820
2026-09-13 18:22:18,971 [INFO]   Episode 10/171, Final Loss: 2.0919
2026-09-13 18:22:56,970 [INFO]   Episode 20/171, Final Loss: 2.0710
2026-09-13 18:23:34,964 [INFO]   Episode 30/171, Final Loss: 2.1622
2026-09-13 18:24:12,990 [INFO]   Episode 40/171, Final Loss: 2.1047
2026-09-13 18:24:51,042 [INFO]   Episode 50/171, Final Loss: 2.1162
2026-09-13 18:25:29,145 [INFO]   Episode 60/171, Final Loss: 2.1190
2026-09-13 18:26:07,275 [INFO]   Episode 70/171, Final Loss: 2.0854
2026-09-13 18:26:45,502 [INFO]   Episode 80/171, Final Loss: 2.1677
2026-09-13 18:27:23,770 [INFO]   Episode 90/171, Final Loss: 2.0576
2026-09-13 18:28:02,072 [INFO]   Episode 100/171, Final Loss: 2.0702
2026-09-13 18:28:40,431 [INFO]   Episode 110/171, Final Loss: 2.2141
2026-09-13 18:29:18,782 [INFO]   Episode 120/171, Final Loss: 2.0866
2026-09-13 18:29:57,180 [INFO]   Episode 130/171, Final Loss: 2.0983
2026-09-13 18:30:35,530 [INFO]   Episode 140/171, Final Loss: 2.1767
2026-09-13 18:31:13,915 [INFO]   Episode 150/171, Final Loss: 2.1379
2026-09-13 18:31:52,328 [INFO]   Episode 160/171, Final Loss: 2.1232
2026-09-13 18:32:30,721 [INFO]   Episode 170/171, Final Loss: 2.1172
2026-09-13 18:32:30,737 [INFO]   Done. final_loss=2.1172  elapsed=686s
2026-09-13 18:32:30,848 [INFO]   [Query Budget] round_robin breakdown: {'executed': {'calls': 4275, 'samples': 213750}, 'observational': {'calls': 1368, 'samples': 273600}, 'total': {'calls': 5643, 'samples': 487350}}
2026-09-13 18:32:30,848 [INFO]   Results saved to /scratch/alpine/paco0228/ACE/results/audit_reruns/t1_5node/round_robin/seed_1011
