2026-09-13 18:21:04,620 [INFO] 5-node baseline: method=random seed=789 episodes=171 query_budget=None
2026-09-13 18:21:39,910 [INFO]   Episode 0/171, Final Loss: 1.9917
2026-09-13 18:22:07,431 [INFO]   Episode 10/171, Final Loss: 2.0427
2026-09-13 18:22:34,695 [INFO]   Episode 20/171, Final Loss: 2.0209
2026-09-13 18:23:01,848 [INFO]   Episode 30/171, Final Loss: 2.0325
2026-09-13 18:23:28,977 [INFO]   Episode 40/171, Final Loss: 2.0325
2026-09-13 18:23:56,014 [INFO]   Episode 50/171, Final Loss: 2.1270
2026-09-13 18:24:23,109 [INFO]   Episode 60/171, Final Loss: 2.0039
2026-09-13 18:24:50,165 [INFO]   Episode 70/171, Final Loss: 2.0139
2026-09-13 18:25:17,222 [INFO]   Episode 80/171, Final Loss: 1.9924
2026-09-13 18:25:44,383 [INFO]   Episode 90/171, Final Loss: 2.1308
2026-09-13 18:26:11,581 [INFO]   Episode 100/171, Final Loss: 2.0149
2026-09-13 18:26:38,788 [INFO]   Episode 110/171, Final Loss: 2.0824
2026-09-13 18:27:06,033 [INFO]   Episode 120/171, Final Loss: 2.0523
2026-09-13 18:27:33,280 [INFO]   Episode 130/171, Final Loss: 2.1143
2026-09-13 18:28:00,519 [INFO]   Episode 140/171, Final Loss: 2.1194
2026-09-13 18:28:27,786 [INFO]   Episode 150/171, Final Loss: 2.0874
2026-09-13 18:28:55,036 [INFO]   Episode 160/171, Final Loss: 2.0210
2026-09-13 18:29:22,355 [INFO]   Episode 170/171, Final Loss: 2.0517
2026-09-13 18:29:22,371 [INFO]   Done. final_loss=2.0517  elapsed=498s
2026-09-13 18:29:22,476 [INFO]   [Query Budget] random breakdown: {'executed': {'calls': 4275, 'samples': 213750}, 'observational': {'calls': 1368, 'samples': 273600}, 'total': {'calls': 5643, 'samples': 487350}}
2026-09-13 18:29:22,477 [INFO]   Results saved to /scratch/alpine/paco0228/ACE/results/audit_reruns/t1_5node/random/seed_789
