2026-09-13 18:21:04,668 [INFO] 5-node baseline: method=ppo seed=42 episodes=171 query_budget=None
2026-09-13 18:21:40,736 [INFO]   Episode 0/171, Final Loss: 2.0560
2026-09-13 18:22:15,857 [INFO]   Episode 10/171, Final Loss: 1.9640
2026-09-13 18:22:51,102 [INFO]   Episode 20/171, Final Loss: 1.9807
2026-09-13 18:23:25,539 [INFO]   Episode 30/171, Final Loss: 1.9900
2026-09-13 18:23:59,864 [INFO]   Episode 40/171, Final Loss: 2.0066
2026-09-13 18:24:34,302 [INFO]   Episode 50/171, Final Loss: 1.9961
2026-09-13 18:25:08,679 [INFO]   Episode 60/171, Final Loss: 2.0384
2026-09-13 18:25:43,103 [INFO]   Episode 70/171, Final Loss: 2.0288
2026-09-13 18:26:17,330 [INFO]   Episode 80/171, Final Loss: 1.9965
2026-09-13 18:26:51,843 [INFO]   Episode 90/171, Final Loss: 1.9793
2026-09-13 18:27:26,171 [INFO]   Episode 100/171, Final Loss: 1.9834
2026-09-13 18:28:00,432 [INFO]   Episode 110/171, Final Loss: 1.9702
2026-09-13 18:28:34,648 [INFO]   Episode 120/171, Final Loss: 1.9792
2026-09-13 18:29:08,822 [INFO]   Episode 130/171, Final Loss: 2.0476
2026-09-13 18:29:43,206 [INFO]   Episode 140/171, Final Loss: 2.0008
2026-09-13 18:30:17,853 [INFO]   Episode 150/171, Final Loss: 2.0189
2026-09-13 18:30:52,619 [INFO]   Episode 160/171, Final Loss: 1.9947
2026-09-13 18:31:27,165 [INFO]   Episode 170/171, Final Loss: 1.9948
2026-09-13 18:31:27,182 [INFO]   Done. final_loss=1.9948  elapsed=623s
2026-09-13 18:31:27,488 [INFO]   [Query Budget] ppo breakdown: {'executed': {'calls': 4275, 'samples': 213750}, 'observational': {'calls': 1368, 'samples': 273600}, 'total': {'calls': 5643, 'samples': 487350}}
2026-09-13 18:31:27,488 [INFO]   Results saved to /scratch/alpine/paco0228/ACE/results/audit_reruns/t1_5node/ppo/seed_42
