2026-09-13 18:21:05,035 [INFO] 50-node baseline: method=random seed=789 episodes=150
2026-09-13 18:21:05,036 [INFO]   SCM: 50 nodes, 66 edges, 17 colliders
2026-09-13 18:22:13,187 [INFO]   Episode 0/150, loss=9.0181
2026-09-13 18:28:10,610 [INFO]   Episode 10/150, loss=9.0119
2026-09-13 18:34:04,697 [INFO]   Episode 20/150, loss=9.0130
2026-09-13 18:39:56,427 [INFO]   Episode 30/150, loss=9.0066
2026-09-13 18:45:47,821 [INFO]   Episode 40/150, loss=9.0028
2026-09-13 18:51:37,022 [INFO]   Episode 50/150, loss=9.0097
2026-09-13 18:57:46,759 [INFO]   Episode 60/150, loss=9.0154
2026-09-13 19:03:57,734 [INFO]   Episode 70/150, loss=9.0130
2026-09-13 19:09:56,585 [INFO]   Episode 80/150, loss=9.0087
2026-09-13 19:15:56,382 [INFO]   Episode 90/150, loss=9.0166
2026-09-13 19:21:56,351 [INFO]   Episode 100/150, loss=9.0242
2026-09-13 19:27:56,903 [INFO]   Episode 110/150, loss=9.0096
2026-09-13 19:34:05,310 [INFO]   Episode 120/150, loss=9.0018
2026-09-13 19:40:09,795 [INFO]   Episode 130/150, loss=9.0055
2026-09-13 19:46:15,881 [INFO]   Episode 140/150, loss=9.0169
2026-09-13 19:52:01,653 [INFO]   Done. final_loss=9.0202  elapsed=5457s
2026-09-13 19:52:03,549 [INFO]   [Query Budget] random breakdown: {'executed': {'calls': 3750, 'samples': 187500}, 'observational': {'calls': 1200, 'samples': 240000}, 'total': {'calls': 4950, 'samples': 427500}}
2026-09-13 19:52:03,549 [INFO]   Results saved to /scratch/alpine/paco0228/ACE/results/audit_reruns/scaling/nodes50/random/seed_789
