2026-09-13 18:21:04,755 [INFO] 50-node baseline: method=random seed=1011 episodes=150
2026-09-13 18:21:04,758 [INFO]   SCM: 50 nodes, 62 edges, 17 colliders
2026-09-13 18:22:27,275 [INFO]   Episode 0/150, loss=9.1777
2026-09-13 18:28:40,363 [INFO]   Episode 10/150, loss=9.1893
2026-09-13 18:34:20,088 [INFO]   Episode 20/150, loss=9.1955
2026-09-13 18:40:00,665 [INFO]   Episode 30/150, loss=9.1918
2026-09-13 18:45:44,007 [INFO]   Episode 40/150, loss=9.1799
2026-09-13 18:51:30,496 [INFO]   Episode 50/150, loss=9.1937
2026-09-13 18:57:21,569 [INFO]   Episode 60/150, loss=9.1889
2026-09-13 19:03:09,672 [INFO]   Episode 70/150, loss=9.1833
2026-09-13 19:08:57,043 [INFO]   Episode 80/150, loss=9.1821
2026-09-13 19:14:46,191 [INFO]   Episode 90/150, loss=9.1843
2026-09-13 19:20:34,095 [INFO]   Episode 100/150, loss=9.1797
2026-09-13 19:26:21,849 [INFO]   Episode 110/150, loss=9.1980
2026-09-13 19:33:06,840 [INFO]   Episode 120/150, loss=9.1853
2026-09-13 19:39:16,264 [INFO]   Episode 130/150, loss=9.1867
2026-09-13 19:46:15,398 [INFO]   Episode 140/150, loss=9.1960
2026-09-13 19:52:50,634 [INFO]   Done. final_loss=9.1998  elapsed=5506s
2026-09-13 19:52:51,684 [INFO]   [Query Budget] random breakdown: {'executed': {'calls': 3750, 'samples': 187500}, 'observational': {'calls': 1200, 'samples': 240000}, 'total': {'calls': 4950, 'samples': 427500}}
2026-09-13 19:52:51,684 [INFO]   Results saved to /scratch/alpine/paco0228/ACE/results/audit_reruns/scaling/nodes50/random/seed_1011
