2026-09-13 18:21:04,781 [INFO] 15-node baseline: method=random seed=1011 episodes=150
2026-09-13 18:21:04,782 [INFO]   SCM: 15 nodes, 19 edges, 5 colliders
2026-09-13 18:21:48,076 [INFO]   Episode 0/150, loss=2.3725
2026-09-13 18:23:34,487 [INFO]   Episode 10/150, loss=2.3667
2026-09-13 18:25:21,009 [INFO]   Episode 20/150, loss=2.3673
2026-09-13 18:27:07,570 [INFO]   Episode 30/150, loss=2.3660
2026-09-13 18:28:54,160 [INFO]   Episode 40/150, loss=2.3795
2026-09-13 18:30:40,860 [INFO]   Episode 50/150, loss=2.3616
2026-09-13 18:32:27,488 [INFO]   Episode 60/150, loss=2.3633
2026-09-13 18:34:14,243 [INFO]   Episode 70/150, loss=2.3833
2026-09-13 18:36:00,874 [INFO]   Episode 80/150, loss=2.3677
2026-09-13 18:37:47,480 [INFO]   Episode 90/150, loss=2.3746
2026-09-13 18:39:37,118 [INFO]   Episode 100/150, loss=2.3722
2026-09-13 18:41:28,138 [INFO]   Episode 110/150, loss=2.3718
2026-09-13 18:43:19,201 [INFO]   Episode 120/150, loss=2.3690
2026-09-13 18:45:10,109 [INFO]   Episode 130/150, loss=2.3701
2026-09-13 18:47:00,979 [INFO]   Episode 140/150, loss=2.3635
2026-09-13 18:48:41,165 [INFO]   Done. final_loss=2.3668  elapsed=1656s
2026-09-13 18:48:47,025 [INFO]   [Query Budget] random breakdown: {'executed': {'calls': 3750, 'samples': 187500}, 'observational': {'calls': 1200, 'samples': 240000}, 'total': {'calls': 4950, 'samples': 427500}}
2026-09-13 18:48:47,025 [INFO]   Results saved to /scratch/alpine/paco0228/ACE/results/audit_reruns/scaling/nodes15/random/seed_1011
