2026-09-13 18:21:04,825 [INFO] 15-node baseline: method=random seed=456 episodes=150
2026-09-13 18:21:04,826 [INFO]   SCM: 15 nodes, 20 edges, 6 colliders
2026-09-13 18:21:49,718 [INFO]   Episode 0/150, loss=2.3915
2026-09-13 18:23:42,621 [INFO]   Episode 10/150, loss=2.3929
2026-09-13 18:25:35,590 [INFO]   Episode 20/150, loss=2.3980
2026-09-13 18:27:28,028 [INFO]   Episode 30/150, loss=2.3899
2026-09-13 18:29:20,598 [INFO]   Episode 40/150, loss=2.3955
2026-09-13 18:31:13,306 [INFO]   Episode 50/150, loss=2.4051
2026-09-13 18:33:06,226 [INFO]   Episode 60/150, loss=2.3938
2026-09-13 18:34:59,131 [INFO]   Episode 70/150, loss=2.3968
2026-09-13 18:36:52,018 [INFO]   Episode 80/150, loss=2.4012
2026-09-13 18:38:44,822 [INFO]   Episode 90/150, loss=2.3928
2026-09-13 18:40:37,762 [INFO]   Episode 100/150, loss=2.3880
2026-09-13 18:42:30,549 [INFO]   Episode 110/150, loss=2.3914
2026-09-13 18:44:23,189 [INFO]   Episode 120/150, loss=2.4044
2026-09-13 18:46:15,799 [INFO]   Episode 130/150, loss=2.3942
2026-09-13 18:48:08,528 [INFO]   Episode 140/150, loss=2.3975
2026-09-13 18:49:56,683 [INFO]   Done. final_loss=2.3993  elapsed=1732s
2026-09-13 18:49:56,877 [INFO]   [Query Budget] random breakdown: {'executed': {'calls': 3750, 'samples': 187500}, 'observational': {'calls': 1200, 'samples': 240000}, 'total': {'calls': 4950, 'samples': 427500}}
2026-09-13 18:49:56,877 [INFO]   Results saved to /scratch/alpine/paco0228/ACE/results/audit_reruns/scaling/nodes15/random/seed_456
