2026-09-13 18:21:04,669 [INFO] 50-node baseline: method=random seed=123 episodes=150
2026-09-13 18:21:04,672 [INFO]   SCM: 50 nodes, 63 edges, 17 colliders
2026-09-13 18:22:17,579 [INFO]   Episode 0/150, loss=8.9490
2026-09-13 18:28:16,208 [INFO]   Episode 10/150, loss=8.9460
2026-09-13 18:34:10,839 [INFO]   Episode 20/150, loss=8.9491
2026-09-13 18:40:01,887 [INFO]   Episode 30/150, loss=8.9501
2026-09-13 18:45:46,558 [INFO]   Episode 40/150, loss=8.9564
2026-09-13 18:51:29,098 [INFO]   Episode 50/150, loss=8.9528
2026-09-13 18:57:08,735 [INFO]   Episode 60/150, loss=8.9529
2026-09-13 19:02:45,476 [INFO]   Episode 70/150, loss=8.9563
2026-09-13 19:08:35,331 [INFO]   Episode 80/150, loss=8.9486
2026-09-13 19:14:15,646 [INFO]   Episode 90/150, loss=8.9547
2026-09-13 19:19:53,470 [INFO]   Episode 100/150, loss=8.9476
2026-09-13 19:25:33,880 [INFO]   Episode 110/150, loss=8.9530
2026-09-13 19:31:24,541 [INFO]   Episode 120/150, loss=8.9656
2026-09-13 19:37:15,931 [INFO]   Episode 130/150, loss=8.9530
2026-09-13 19:43:13,569 [INFO]   Episode 140/150, loss=8.9546
2026-09-13 19:48:32,357 [INFO]   Done. final_loss=8.9594  elapsed=5248s
2026-09-13 19:48:33,250 [INFO]   [Query Budget] random breakdown: {'executed': {'calls': 3750, 'samples': 187500}, 'observational': {'calls': 1200, 'samples': 240000}, 'total': {'calls': 4950, 'samples': 427500}}
2026-09-13 19:48:33,250 [INFO]   Results saved to /scratch/alpine/paco0228/ACE/results/audit_reruns/scaling/nodes50/random/seed_123
