2026-09-13 18:21:04,885 [INFO] 30-node baseline: method=random seed=1011 episodes=150
2026-09-13 18:21:04,887 [INFO]   SCM: 30 nodes, 36 edges, 10 colliders
2026-09-13 18:21:59,543 [INFO]   Episode 0/150, loss=5.5691
2026-09-13 18:25:42,748 [INFO]   Episode 10/150, loss=5.5851
2026-09-13 18:29:36,664 [INFO]   Episode 20/150, loss=5.5687
2026-09-13 18:33:27,844 [INFO]   Episode 30/150, loss=5.5783
2026-09-13 18:37:09,929 [INFO]   Episode 40/150, loss=5.5797
2026-09-13 18:40:47,813 [INFO]   Episode 50/150, loss=5.5876
2026-09-13 18:44:23,010 [INFO]   Episode 60/150, loss=5.5684
2026-09-13 18:47:58,412 [INFO]   Episode 70/150, loss=5.5804
2026-09-13 18:51:33,272 [INFO]   Episode 80/150, loss=5.5775
2026-09-13 18:55:04,518 [INFO]   Episode 90/150, loss=5.5745
2026-09-13 18:58:35,470 [INFO]   Episode 100/150, loss=5.5765
2026-09-13 19:02:06,772 [INFO]   Episode 110/150, loss=5.5817
2026-09-13 19:05:38,976 [INFO]   Episode 120/150, loss=5.5805
2026-09-13 19:09:16,782 [INFO]   Episode 130/150, loss=5.5655
2026-09-13 19:12:47,874 [INFO]   Episode 140/150, loss=5.5720
2026-09-13 19:16:19,182 [INFO]   Done. final_loss=5.5761  elapsed=3314s
2026-09-13 19:16:19,553 [INFO]   [Query Budget] random breakdown: {'executed': {'calls': 3750, 'samples': 187500}, 'observational': {'calls': 1200, 'samples': 240000}, 'total': {'calls': 4950, 'samples': 427500}}
2026-09-13 19:16:19,553 [INFO]   Results saved to /scratch/alpine/paco0228/ACE/results/audit_reruns/scaling/nodes30/random/seed_1011
