2026-09-13 18:21:05,023 [INFO] 30-node baseline: method=random seed=789 episodes=150
2026-09-13 18:21:05,024 [INFO]   SCM: 30 nodes, 38 edges, 11 colliders
2026-09-13 18:22:01,037 [INFO]   Episode 0/150, loss=5.6082
2026-09-13 18:27:07,775 [INFO]   Episode 10/150, loss=5.6155
2026-09-13 18:32:04,682 [INFO]   Episode 20/150, loss=5.6122
2026-09-13 18:35:47,126 [INFO]   Episode 30/150, loss=5.6192
2026-09-13 18:39:24,955 [INFO]   Episode 40/150, loss=5.6169
2026-09-13 18:42:58,439 [INFO]   Episode 50/150, loss=5.6097
2026-09-13 18:46:29,625 [INFO]   Episode 60/150, loss=5.6090
2026-09-13 18:50:07,654 [INFO]   Episode 70/150, loss=5.6133
2026-09-13 18:53:59,187 [INFO]   Episode 80/150, loss=5.6171
2026-09-13 18:57:51,922 [INFO]   Episode 90/150, loss=5.6199
2026-09-13 19:01:53,226 [INFO]   Episode 100/150, loss=5.6055
2026-09-13 19:05:53,153 [INFO]   Episode 110/150, loss=5.6157
2026-09-13 19:09:44,681 [INFO]   Episode 120/150, loss=5.6225
2026-09-13 19:13:37,946 [INFO]   Episode 130/150, loss=5.6127
2026-09-13 19:17:30,881 [INFO]   Episode 140/150, loss=5.6065
2026-09-13 19:21:11,157 [INFO]   Done. final_loss=5.6126  elapsed=3606s
2026-09-13 19:21:11,625 [INFO]   [Query Budget] random breakdown: {'executed': {'calls': 3750, 'samples': 187500}, 'observational': {'calls': 1200, 'samples': 240000}, 'total': {'calls': 4950, 'samples': 427500}}
2026-09-13 19:21:11,625 [INFO]   Results saved to /scratch/alpine/paco0228/ACE/results/audit_reruns/scaling/nodes30/random/seed_789
