2026-09-13 18:21:04,797 [INFO] 15-node baseline: method=random seed=789 episodes=150
2026-09-13 18:21:04,799 [INFO]   SCM: 15 nodes, 19 edges, 5 colliders
2026-09-13 18:21:51,657 [INFO]   Episode 0/150, loss=2.4004
2026-09-13 18:24:20,552 [INFO]   Episode 10/150, loss=2.3954
2026-09-13 18:26:47,855 [INFO]   Episode 20/150, loss=2.3929
2026-09-13 18:29:14,044 [INFO]   Episode 30/150, loss=2.3958
2026-09-13 18:31:37,399 [INFO]   Episode 40/150, loss=2.3983
2026-09-13 18:33:56,763 [INFO]   Episode 50/150, loss=2.3975
2026-09-13 18:36:10,811 [INFO]   Episode 60/150, loss=2.4074
2026-09-13 18:38:22,761 [INFO]   Episode 70/150, loss=2.3965
2026-09-13 18:40:34,927 [INFO]   Episode 80/150, loss=2.3966
2026-09-13 18:42:46,308 [INFO]   Episode 90/150, loss=2.3897
2026-09-13 18:44:58,326 [INFO]   Episode 100/150, loss=2.3886
2026-09-13 18:47:09,325 [INFO]   Episode 110/150, loss=2.3875
2026-09-13 18:49:32,572 [INFO]   Episode 120/150, loss=2.3938
2026-09-13 18:51:59,070 [INFO]   Episode 130/150, loss=2.3955
2026-09-13 18:54:27,098 [INFO]   Episode 140/150, loss=2.3964
2026-09-13 18:56:40,684 [INFO]   Done. final_loss=2.3912  elapsed=2136s
2026-09-13 18:56:42,205 [INFO]   [Query Budget] random breakdown: {'executed': {'calls': 3750, 'samples': 187500}, 'observational': {'calls': 1200, 'samples': 240000}, 'total': {'calls': 4950, 'samples': 427500}}
2026-09-13 18:56:42,205 [INFO]   Results saved to /scratch/alpine/paco0228/ACE/results/audit_reruns/scaling/nodes15/random/seed_789
