2026-09-13 18:21:04,955 [INFO] 30-node baseline: method=random seed=456 episodes=150
2026-09-13 18:21:04,956 [INFO]   SCM: 30 nodes, 37 edges, 10 colliders
2026-09-13 18:21:59,863 [INFO]   Episode 0/150, loss=5.5472
2026-09-13 18:25:43,116 [INFO]   Episode 10/150, loss=5.5495
2026-09-13 18:29:25,085 [INFO]   Episode 20/150, loss=5.5504
2026-09-13 18:33:04,401 [INFO]   Episode 30/150, loss=5.5457
2026-09-13 18:36:37,637 [INFO]   Episode 40/150, loss=5.5528
2026-09-13 18:40:06,851 [INFO]   Episode 50/150, loss=5.5524
2026-09-13 18:43:34,404 [INFO]   Episode 60/150, loss=5.5493
2026-09-13 18:47:01,127 [INFO]   Episode 70/150, loss=5.5672
2026-09-13 18:50:37,260 [INFO]   Episode 80/150, loss=5.5476
2026-09-13 18:54:23,635 [INFO]   Episode 90/150, loss=5.5498
2026-09-13 18:58:09,116 [INFO]   Episode 100/150, loss=5.5436
2026-09-13 19:01:59,817 [INFO]   Episode 110/150, loss=5.5433
2026-09-13 19:05:50,004 [INFO]   Episode 120/150, loss=5.5453
2026-09-13 19:09:37,529 [INFO]   Episode 130/150, loss=5.5515
2026-09-13 19:13:17,943 [INFO]   Episode 140/150, loss=5.5532
2026-09-13 19:16:50,683 [INFO]   Done. final_loss=5.5575  elapsed=3346s
2026-09-13 19:16:51,023 [INFO]   [Query Budget] random breakdown: {'executed': {'calls': 3750, 'samples': 187500}, 'observational': {'calls': 1200, 'samples': 240000}, 'total': {'calls': 4950, 'samples': 427500}}
2026-09-13 19:16:51,023 [INFO]   Results saved to /scratch/alpine/paco0228/ACE/results/audit_reruns/scaling/nodes30/random/seed_456
