2026-09-13 18:21:04,867 [INFO] 15-node baseline: method=random seed=42 episodes=150
2026-09-13 18:21:04,868 [INFO]   SCM: 15 nodes, 17 edges, 4 colliders
2026-09-13 18:21:48,016 [INFO]   Episode 0/150, loss=2.2025
2026-09-13 18:23:35,607 [INFO]   Episode 10/150, loss=2.2076
2026-09-13 18:25:22,916 [INFO]   Episode 20/150, loss=2.2101
2026-09-13 18:27:09,999 [INFO]   Episode 30/150, loss=2.2186
2026-09-13 18:28:56,956 [INFO]   Episode 40/150, loss=2.2066
2026-09-13 18:30:43,908 [INFO]   Episode 50/150, loss=2.2040
2026-09-13 18:32:30,844 [INFO]   Episode 60/150, loss=2.2077
2026-09-13 18:34:17,767 [INFO]   Episode 70/150, loss=2.2089
2026-09-13 18:36:04,953 [INFO]   Episode 80/150, loss=2.2096
2026-09-13 18:37:52,099 [INFO]   Episode 90/150, loss=2.2068
2026-09-13 18:39:39,288 [INFO]   Episode 100/150, loss=2.2008
2026-09-13 18:41:26,337 [INFO]   Episode 110/150, loss=2.2051
2026-09-13 18:43:13,364 [INFO]   Episode 120/150, loss=2.2043
2026-09-13 18:45:00,496 [INFO]   Episode 130/150, loss=2.2133
2026-09-13 18:46:47,651 [INFO]   Episode 140/150, loss=2.2053
2026-09-13 18:48:24,187 [INFO]   Done. final_loss=2.2106  elapsed=1639s
2026-09-13 18:48:24,416 [INFO]   [Query Budget] random breakdown: {'executed': {'calls': 3750, 'samples': 187500}, 'observational': {'calls': 1200, 'samples': 240000}, 'total': {'calls': 4950, 'samples': 427500}}
2026-09-13 18:48:24,416 [INFO]   Results saved to /scratch/alpine/paco0228/ACE/results/audit_reruns/scaling/nodes15/random/seed_42
