2026-09-13 18:21:04,795 [INFO] 15-node baseline: method=random seed=123 episodes=150
2026-09-13 18:21:04,796 [INFO]   SCM: 15 nodes, 19 edges, 4 colliders
2026-09-13 18:21:48,253 [INFO]   Episode 0/150, loss=2.2684
2026-09-13 18:23:38,720 [INFO]   Episode 10/150, loss=2.2706
2026-09-13 18:25:29,095 [INFO]   Episode 20/150, loss=2.2689
2026-09-13 18:27:19,548 [INFO]   Episode 30/150, loss=2.2675
2026-09-13 18:29:09,995 [INFO]   Episode 40/150, loss=2.2718
2026-09-13 18:31:01,322 [INFO]   Episode 50/150, loss=2.2687
2026-09-13 18:32:53,478 [INFO]   Episode 60/150, loss=2.2698
2026-09-13 18:34:46,612 [INFO]   Episode 70/150, loss=2.2683
2026-09-13 18:36:37,833 [INFO]   Episode 80/150, loss=2.2685
2026-09-13 18:38:28,568 [INFO]   Episode 90/150, loss=2.2691
2026-09-13 18:40:20,223 [INFO]   Episode 100/150, loss=2.2712
2026-09-13 18:42:10,895 [INFO]   Episode 110/150, loss=2.2691
2026-09-13 18:44:01,472 [INFO]   Episode 120/150, loss=2.2687
2026-09-13 18:45:52,209 [INFO]   Episode 130/150, loss=2.2681
2026-09-13 18:47:42,945 [INFO]   Episode 140/150, loss=2.2668
2026-09-13 18:49:23,337 [INFO]   Done. final_loss=2.2684  elapsed=1699s
2026-09-13 18:49:23,595 [INFO]   [Query Budget] random breakdown: {'executed': {'calls': 3750, 'samples': 187500}, 'observational': {'calls': 1200, 'samples': 240000}, 'total': {'calls': 4950, 'samples': 427500}}
2026-09-13 18:49:23,595 [INFO]   Results saved to /scratch/alpine/paco0228/ACE/results/audit_reruns/scaling/nodes15/random/seed_123
