2026-09-13 18:21:04,741 [INFO] 30-node baseline: method=random seed=42 episodes=150
2026-09-13 18:21:04,742 [INFO]   SCM: 30 nodes, 39 edges, 11 colliders
2026-09-13 18:21:58,161 [INFO]   Episode 0/150, loss=5.5101
2026-09-13 18:25:29,737 [INFO]   Episode 10/150, loss=5.5227
2026-09-13 18:29:00,221 [INFO]   Episode 20/150, loss=5.5149
2026-09-13 18:32:30,903 [INFO]   Episode 30/150, loss=5.5213
2026-09-13 18:36:00,704 [INFO]   Episode 40/150, loss=5.5143
2026-09-13 18:39:31,245 [INFO]   Episode 50/150, loss=5.5116
2026-09-13 18:43:03,771 [INFO]   Episode 60/150, loss=5.5128
2026-09-13 18:46:34,548 [INFO]   Episode 70/150, loss=5.5117
2026-09-13 18:50:05,242 [INFO]   Episode 80/150, loss=5.5163
2026-09-13 18:53:36,775 [INFO]   Episode 90/150, loss=5.5229
2026-09-13 18:57:36,362 [INFO]   Episode 100/150, loss=5.5220
2026-09-13 19:01:41,475 [INFO]   Episode 110/150, loss=5.5191
2026-09-13 19:05:36,396 [INFO]   Episode 120/150, loss=5.5193
2026-09-13 19:09:25,724 [INFO]   Episode 130/150, loss=5.5266
2026-09-13 19:13:06,872 [INFO]   Episode 140/150, loss=5.5098
2026-09-13 19:16:32,780 [INFO]   Done. final_loss=5.5209  elapsed=3328s
2026-09-13 19:16:33,408 [INFO]   [Query Budget] random breakdown: {'executed': {'calls': 3750, 'samples': 187500}, 'observational': {'calls': 1200, 'samples': 240000}, 'total': {'calls': 4950, 'samples': 427500}}
2026-09-13 19:16:33,408 [INFO]   Results saved to /scratch/alpine/paco0228/ACE/results/audit_reruns/scaling/nodes30/random/seed_42
