2026-09-13 18:21:04,747 [INFO] 50-node baseline: method=random seed=42 episodes=150
2026-09-13 18:21:04,750 [INFO]   SCM: 50 nodes, 61 edges, 16 colliders
2026-09-13 18:22:23,653 [INFO]   Episode 0/150, loss=8.7698
2026-09-13 18:29:59,223 [INFO]   Episode 10/150, loss=8.7803
2026-09-13 18:36:24,829 [INFO]   Episode 20/150, loss=8.7714
2026-09-13 18:42:36,284 [INFO]   Episode 30/150, loss=8.7598
2026-09-13 18:49:02,414 [INFO]   Episode 40/150, loss=8.7668
2026-09-13 18:56:03,300 [INFO]   Episode 50/150, loss=8.7732
2026-09-13 19:03:11,507 [INFO]   Episode 60/150, loss=8.7714
2026-09-13 19:10:21,193 [INFO]   Episode 70/150, loss=8.7661
2026-09-13 19:17:20,428 [INFO]   Episode 80/150, loss=8.7647
2026-09-13 19:24:10,510 [INFO]   Episode 90/150, loss=8.7690
2026-09-13 19:31:03,130 [INFO]   Episode 100/150, loss=8.7798
2026-09-13 19:38:01,107 [INFO]   Episode 110/150, loss=8.7618
2026-09-13 19:45:09,996 [INFO]   Episode 120/150, loss=8.7587
2026-09-13 19:52:11,499 [INFO]   Episode 130/150, loss=8.7778
2026-09-13 19:59:12,555 [INFO]   Episode 140/150, loss=8.7618
2026-09-13 20:05:11,947 [INFO]   Done. final_loss=8.7697  elapsed=6247s
2026-09-13 20:05:16,265 [INFO]   [Query Budget] random breakdown: {'executed': {'calls': 3750, 'samples': 187500}, 'observational': {'calls': 1200, 'samples': 240000}, 'total': {'calls': 4950, 'samples': 427500}}
2026-09-13 20:05:16,265 [INFO]   Results saved to /scratch/alpine/paco0228/ACE/results/audit_reruns/scaling/nodes50/random/seed_42
