2026-09-13 18:21:04,883 [INFO] 50-node baseline: method=random seed=456 episodes=150
2026-09-13 18:21:04,886 [INFO]   SCM: 50 nodes, 68 edges, 19 colliders
2026-09-13 18:22:12,281 [INFO]   Episode 0/150, loss=8.9499
2026-09-13 18:28:01,899 [INFO]   Episode 10/150, loss=8.9568
2026-09-13 18:33:49,741 [INFO]   Episode 20/150, loss=8.9559
2026-09-13 18:39:37,876 [INFO]   Episode 30/150, loss=8.9534
2026-09-13 18:45:22,251 [INFO]   Episode 40/150, loss=8.9505
2026-09-13 18:51:04,548 [INFO]   Episode 50/150, loss=8.9505
2026-09-13 18:56:49,300 [INFO]   Episode 60/150, loss=8.9593
2026-09-13 19:02:37,022 [INFO]   Episode 70/150, loss=8.9526
2026-09-13 19:08:29,977 [INFO]   Episode 80/150, loss=8.9600
2026-09-13 19:14:25,224 [INFO]   Episode 90/150, loss=8.9677
2026-09-13 19:20:20,732 [INFO]   Episode 100/150, loss=8.9564
2026-09-13 19:26:16,139 [INFO]   Episode 110/150, loss=8.9457
2026-09-13 19:32:09,339 [INFO]   Episode 120/150, loss=8.9556
2026-09-13 19:38:02,991 [INFO]   Episode 130/150, loss=8.9653
2026-09-13 19:43:55,426 [INFO]   Episode 140/150, loss=8.9467
2026-09-13 19:49:08,281 [INFO]   Done. final_loss=8.9584  elapsed=5283s
2026-09-13 19:49:08,784 [INFO]   [Query Budget] random breakdown: {'executed': {'calls': 3750, 'samples': 187500}, 'observational': {'calls': 1200, 'samples': 240000}, 'total': {'calls': 4950, 'samples': 427500}}
2026-09-13 19:49:08,784 [INFO]   Results saved to /scratch/alpine/paco0228/ACE/results/audit_reruns/scaling/nodes50/random/seed_456
