2026-09-13 18:21:05,194 [INFO] 30-node baseline: method=random seed=123 episodes=150
2026-09-13 18:21:05,195 [INFO]   SCM: 30 nodes, 39 edges, 12 colliders
2026-09-13 18:22:00,448 [INFO]   Episode 0/150, loss=5.6457
2026-09-13 18:25:48,568 [INFO]   Episode 10/150, loss=5.6387
2026-09-13 18:29:38,260 [INFO]   Episode 20/150, loss=5.6431
2026-09-13 18:33:22,683 [INFO]   Episode 30/150, loss=5.6424
2026-09-13 18:37:05,745 [INFO]   Episode 40/150, loss=5.6420
2026-09-13 18:40:42,038 [INFO]   Episode 50/150, loss=5.6473
2026-09-13 18:44:20,097 [INFO]   Episode 60/150, loss=5.6502
2026-09-13 18:47:54,572 [INFO]   Episode 70/150, loss=5.6377
2026-09-13 18:51:53,044 [INFO]   Episode 80/150, loss=5.6433
2026-09-13 18:55:50,404 [INFO]   Episode 90/150, loss=5.6405
2026-09-13 18:59:48,487 [INFO]   Episode 100/150, loss=5.6387
2026-09-13 19:03:45,627 [INFO]   Episode 110/150, loss=5.6436
2026-09-13 19:07:38,883 [INFO]   Episode 120/150, loss=5.6440
2026-09-13 19:11:28,995 [INFO]   Episode 130/150, loss=5.6451
2026-09-13 19:15:16,470 [INFO]   Episode 140/150, loss=5.6524
2026-09-13 19:18:51,963 [INFO]   Done. final_loss=5.6406  elapsed=3467s
2026-09-13 19:18:52,400 [INFO]   [Query Budget] random breakdown: {'executed': {'calls': 3750, 'samples': 187500}, 'observational': {'calls': 1200, 'samples': 240000}, 'total': {'calls': 4950, 'samples': 427500}}
2026-09-13 19:18:52,400 [INFO]   Results saved to /scratch/alpine/paco0228/ACE/results/audit_reruns/scaling/nodes30/random/seed_123
