2026-08-10 09:04:11,025 [INFO] 30-node baseline: method=bayesian_oed seed=456 episodes=150
2026-08-10 09:04:11,046 [INFO]   SCM: 30 nodes, 37 edges, 10 colliders
2026-08-10 09:07:28,785 [INFO]   Episode 0/150, loss=5.9434
2026-08-10 09:46:20,946 [INFO]   Episode 10/150, loss=5.8787
2026-08-10 10:21:42,191 [INFO]   Episode 20/150, loss=5.9198
2026-08-10 10:50:55,998 [INFO]   Episode 30/150, loss=5.9011
2026-08-10 11:20:19,360 [INFO]   Episode 40/150, loss=5.9008
2026-08-10 11:50:31,595 [INFO]   Episode 50/150, loss=5.8885
2026-08-10 12:24:51,336 [INFO]   Episode 60/150, loss=5.9406
2026-08-10 12:56:57,237 [INFO]   Episode 70/150, loss=5.9418
2026-08-10 13:26:29,263 [INFO]   Episode 80/150, loss=5.9103
2026-08-10 13:58:45,982 [INFO]   Episode 90/150, loss=5.9016
2026-08-10 14:30:34,999 [INFO]   Episode 100/150, loss=5.9096
2026-08-10 15:01:04,211 [INFO]   Episode 110/150, loss=5.9393
2026-08-10 15:30:41,744 [INFO]   Episode 120/150, loss=5.8824
2026-08-10 16:01:03,254 [INFO]   Episode 130/150, loss=5.9421
2026-08-10 16:32:54,825 [INFO]   Episode 140/150, loss=5.9050
2026-08-10 16:59:30,625 [INFO]   Done. final_loss=5.8994  elapsed=28520s
2026-08-10 16:59:30,867 [INFO]   [Query Budget] bayesian_oed breakdown: {'candidate_probe': {'calls': 112500, 'samples': 5625000}, 'executed': {'calls': 3750, 'samples': 187500}, 'observational': {'calls': 1200, 'samples': 240000}, 'total': {'calls': 117450, 'samples': 6052500}}
2026-08-10 16:59:30,867 [INFO]   Results saved to /scratch/alpine/paco0228/ACE/results/curc_30node_baselines/bayesian_oed/seed_456
