2026-08-03 09:25:45,847 [INFO] 30-node baseline: method=bayesian_oed seed=456 episodes=150
2026-08-03 09:25:45,860 [INFO]   SCM: 30 nodes, 37 edges, 10 colliders
2026-08-03 09:29:42,077 [INFO]   Episode 0/150, loss=5.9434
2026-08-03 10:03:59,831 [INFO]   Episode 10/150, loss=5.8787
2026-08-03 10:34:46,355 [INFO]   Episode 20/150, loss=5.9198
2026-08-03 11:04:23,937 [INFO]   Episode 30/150, loss=5.9011
2026-08-03 11:34:48,541 [INFO]   Episode 40/150, loss=5.9008
2026-08-03 12:04:55,081 [INFO]   Episode 50/150, loss=5.8885
2026-08-03 12:35:31,182 [INFO]   Episode 60/150, loss=5.9406
2026-08-03 13:05:55,444 [INFO]   Episode 70/150, loss=5.9418
2026-08-03 13:37:44,178 [INFO]   Episode 80/150, loss=5.9103
2026-08-03 14:08:20,181 [INFO]   Episode 90/150, loss=5.9016
2026-08-03 14:43:59,084 [INFO]   Episode 100/150, loss=5.9096
2026-08-03 15:16:32,987 [INFO]   Episode 110/150, loss=5.9393
2026-08-03 15:46:41,197 [INFO]   Episode 120/150, loss=5.8824
2026-08-03 16:16:16,636 [INFO]   Episode 130/150, loss=5.9421
2026-08-03 16:45:54,036 [INFO]   Episode 140/150, loss=5.9050
2026-08-03 17:12:08,928 [INFO]   Done. final_loss=5.8994  elapsed=27983s
2026-08-03 17:12:09,095 [INFO]   [Query Budget] bayesian_oed breakdown: {'candidate_probe': {'calls': 112500, 'samples': 5625000}, 'executed': {'calls': 3750, 'samples': 187500}, 'observational': {'calls': 1200, 'samples': 240000}, 'total': {'calls': 117450, 'samples': 6052500}}
2026-08-03 17:12:09,095 [INFO]   Results saved to /scratch/alpine/paco0228/ACE/results/curc_30node_baselines/bayesian_oed/seed_456
