2026-08-03 09:25:45,862 [INFO] 30-node baseline: method=bayesian_oed seed=1011 episodes=150
2026-08-03 09:25:45,863 [INFO]   SCM: 30 nodes, 36 edges, 10 colliders
2026-08-03 09:29:38,640 [INFO]   Episode 0/150, loss=5.9133
2026-08-03 10:03:29,402 [INFO]   Episode 10/150, loss=5.9291
2026-08-03 10:33:46,968 [INFO]   Episode 20/150, loss=5.9626
2026-08-03 11:02:41,984 [INFO]   Episode 30/150, loss=5.8882
2026-08-03 11:32:15,476 [INFO]   Episode 40/150, loss=5.8761
2026-08-03 12:01:25,454 [INFO]   Episode 50/150, loss=5.9077
2026-08-03 12:30:19,651 [INFO]   Episode 60/150, loss=5.8938
2026-08-03 12:59:25,513 [INFO]   Episode 70/150, loss=5.9569
2026-08-03 13:29:51,952 [INFO]   Episode 80/150, loss=5.9622
2026-08-03 13:59:01,376 [INFO]   Episode 90/150, loss=5.9573
2026-08-03 14:31:25,639 [INFO]   Episode 100/150, loss=5.8993
2026-08-03 15:04:27,883 [INFO]   Episode 110/150, loss=5.9113
2026-08-03 15:33:26,965 [INFO]   Episode 120/150, loss=5.9185
2026-08-03 16:02:14,410 [INFO]   Episode 130/150, loss=5.9624
2026-08-03 16:30:42,474 [INFO]   Episode 140/150, loss=5.8749
2026-08-03 16:56:23,413 [INFO]   Done. final_loss=6.0070  elapsed=27038s
2026-08-03 16:56:23,652 [INFO]   [Query Budget] bayesian_oed breakdown: {'candidate_probe': {'calls': 112500, 'samples': 5625000}, 'executed': {'calls': 3750, 'samples': 187500}, 'observational': {'calls': 1200, 'samples': 240000}, 'total': {'calls': 117450, 'samples': 6052500}}
2026-08-03 16:56:23,652 [INFO]   Results saved to /scratch/alpine/paco0228/ACE/results/curc_30node_baselines/bayesian_oed/seed_1011
