2026-08-10 09:04:11,025 [INFO] 30-node baseline: method=bayesian_oed seed=123 episodes=150
2026-08-10 09:04:11,046 [INFO]   SCM: 30 nodes, 39 edges, 12 colliders
2026-08-10 09:07:41,142 [INFO]   Episode 0/150, loss=5.8261
2026-08-10 09:41:43,391 [INFO]   Episode 10/150, loss=5.8027
2026-08-10 10:15:02,523 [INFO]   Episode 20/150, loss=5.8212
2026-08-10 10:45:05,351 [INFO]   Episode 30/150, loss=5.7965
2026-08-10 11:15:09,640 [INFO]   Episode 40/150, loss=5.8328
2026-08-10 11:45:08,061 [INFO]   Episode 50/150, loss=5.7929
2026-08-10 12:18:28,134 [INFO]   Episode 60/150, loss=5.8436
2026-08-10 12:51:01,869 [INFO]   Episode 70/150, loss=5.8136
2026-08-10 13:20:52,416 [INFO]   Episode 80/150, loss=5.8331
2026-08-10 13:53:56,344 [INFO]   Episode 90/150, loss=5.8185
2026-08-10 14:26:56,868 [INFO]   Episode 100/150, loss=5.8181
2026-08-10 14:58:45,653 [INFO]   Episode 110/150, loss=5.7915
2026-08-10 15:29:20,317 [INFO]   Episode 120/150, loss=5.8224
2026-08-10 16:00:35,345 [INFO]   Episode 130/150, loss=5.8212
2026-08-10 16:36:34,612 [INFO]   Episode 140/150, loss=5.7819
2026-08-10 17:04:07,696 [INFO]   Done. final_loss=5.8704  elapsed=28797s
2026-08-10 17:04:07,878 [INFO]   [Query Budget] bayesian_oed breakdown: {'candidate_probe': {'calls': 112500, 'samples': 5625000}, 'executed': {'calls': 3750, 'samples': 187500}, 'observational': {'calls': 1200, 'samples': 240000}, 'total': {'calls': 117450, 'samples': 6052500}}
2026-08-10 17:04:07,878 [INFO]   Results saved to /scratch/alpine/paco0228/ACE/results/curc_30node_baselines/bayesian_oed/seed_123
