2026-08-03 09:25:45,862 [INFO] 30-node baseline: method=bayesian_oed seed=789 episodes=150
2026-08-03 09:25:45,863 [INFO]   SCM: 30 nodes, 38 edges, 11 colliders
2026-08-03 09:29:43,321 [INFO]   Episode 0/150, loss=5.8098
2026-08-03 10:04:08,230 [INFO]   Episode 10/150, loss=5.7705
2026-08-03 10:35:02,102 [INFO]   Episode 20/150, loss=5.8094
2026-08-03 11:04:40,325 [INFO]   Episode 30/150, loss=5.7961
2026-08-03 11:35:01,094 [INFO]   Episode 40/150, loss=5.8111
2026-08-03 12:04:59,309 [INFO]   Episode 50/150, loss=5.8046
2026-08-03 12:35:24,059 [INFO]   Episode 60/150, loss=5.7599
2026-08-03 13:06:01,959 [INFO]   Episode 70/150, loss=5.7656
2026-08-03 13:38:07,766 [INFO]   Episode 80/150, loss=5.7547
2026-08-03 14:09:22,544 [INFO]   Episode 90/150, loss=5.8085
2026-08-03 14:46:25,831 [INFO]   Episode 100/150, loss=5.7887
2026-08-03 15:19:01,560 [INFO]   Episode 110/150, loss=5.7991
2026-08-03 15:49:26,192 [INFO]   Episode 120/150, loss=5.8276
2026-08-03 16:19:24,190 [INFO]   Episode 130/150, loss=5.7963
2026-08-03 16:49:33,068 [INFO]   Episode 140/150, loss=5.7635
2026-08-03 17:16:33,705 [INFO]   Done. final_loss=5.8014  elapsed=28248s
2026-08-03 17:16:33,876 [INFO]   [Query Budget] bayesian_oed breakdown: {'candidate_probe': {'calls': 112500, 'samples': 5625000}, 'executed': {'calls': 3750, 'samples': 187500}, 'observational': {'calls': 1200, 'samples': 240000}, 'total': {'calls': 117450, 'samples': 6052500}}
2026-08-03 17:16:33,876 [INFO]   Results saved to /scratch/alpine/paco0228/ACE/results/curc_30node_baselines/bayesian_oed/seed_789
