2026-08-10 09:04:11,022 [INFO] 30-node baseline: method=bayesian_oed seed=42 episodes=150
2026-08-10 09:04:11,043 [INFO]   SCM: 30 nodes, 39 edges, 11 colliders
2026-08-10 09:06:17,069 [INFO]   Episode 0/150, loss=5.8557
2026-08-10 09:24:01,805 [INFO]   Episode 10/150, loss=5.9061
2026-08-10 09:41:46,746 [INFO]   Episode 20/150, loss=5.8931
2026-08-10 09:59:33,085 [INFO]   Episode 30/150, loss=5.8617
2026-08-10 10:17:18,526 [INFO]   Episode 40/150, loss=5.8827
2026-08-10 10:35:08,573 [INFO]   Episode 50/150, loss=5.8880
2026-08-10 10:52:57,416 [INFO]   Episode 60/150, loss=5.8616
2026-08-10 11:10:46,651 [INFO]   Episode 70/150, loss=5.8586
2026-08-10 11:28:27,690 [INFO]   Episode 80/150, loss=5.8464
2026-08-10 11:46:06,358 [INFO]   Episode 90/150, loss=5.8343
2026-08-10 12:03:59,609 [INFO]   Episode 100/150, loss=5.8803
2026-08-10 12:21:40,057 [INFO]   Episode 110/150, loss=5.8638
2026-08-10 12:39:15,458 [INFO]   Episode 120/150, loss=5.8443
2026-08-10 12:56:50,713 [INFO]   Episode 130/150, loss=5.8991
2026-08-10 13:14:28,909 [INFO]   Episode 140/150, loss=5.8758
2026-08-10 13:30:21,872 [INFO]   Done. final_loss=5.9055  elapsed=15971s
2026-08-10 13:30:22,191 [INFO]   [Query Budget] bayesian_oed breakdown: {'candidate_probe': {'calls': 112500, 'samples': 5625000}, 'executed': {'calls': 3750, 'samples': 187500}, 'observational': {'calls': 1200, 'samples': 240000}, 'total': {'calls': 117450, 'samples': 6052500}}
2026-08-10 13:30:22,191 [INFO]   Results saved to /scratch/alpine/paco0228/ACE/results/curc_30node_baselines/bayesian_oed/seed_42
