2026-08-10 09:04:11,027 [INFO] 30-node baseline: method=bayesian_oed seed=1011 episodes=150
2026-08-10 09:04:11,048 [INFO]   SCM: 30 nodes, 36 edges, 10 colliders
2026-08-10 09:11:34,991 [INFO]   Episode 0/150, loss=5.9133
2026-08-10 09:47:14,357 [INFO]   Episode 10/150, loss=5.9291
2026-08-10 10:27:12,724 [INFO]   Episode 20/150, loss=5.9626
2026-08-10 11:16:15,521 [INFO]   Episode 30/150, loss=5.8882
2026-08-10 11:45:21,638 [INFO]   Episode 40/150, loss=5.8761
2026-08-10 12:14:59,394 [INFO]   Episode 50/150, loss=5.9077
2026-08-10 12:44:00,227 [INFO]   Episode 60/150, loss=5.8938
2026-08-10 13:12:37,189 [INFO]   Episode 70/150, loss=5.9569
2026-08-10 13:41:28,387 [INFO]   Episode 80/150, loss=5.9622
2026-08-10 14:10:17,006 [INFO]   Episode 90/150, loss=5.9573
2026-08-10 14:39:01,287 [INFO]   Episode 100/150, loss=5.8993
2026-08-10 15:07:47,991 [INFO]   Episode 110/150, loss=5.9113
2026-08-10 15:36:34,329 [INFO]   Episode 120/150, loss=5.9185
2026-08-10 16:05:23,429 [INFO]   Episode 130/150, loss=5.9624
2026-08-10 16:34:11,870 [INFO]   Episode 140/150, loss=5.8749
2026-08-10 17:00:13,483 [INFO]   Done. final_loss=6.0070  elapsed=28562s
2026-08-10 17:00:13,662 [INFO]   [Query Budget] bayesian_oed breakdown: {'candidate_probe': {'calls': 112500, 'samples': 5625000}, 'executed': {'calls': 3750, 'samples': 187500}, 'observational': {'calls': 1200, 'samples': 240000}, 'total': {'calls': 117450, 'samples': 6052500}}
2026-08-10 17:00:13,662 [INFO]   Results saved to /scratch/alpine/paco0228/ACE/results/curc_30node_baselines/bayesian_oed/seed_1011
