2026-08-03 09:25:45,849 [INFO] 30-node baseline: method=bayesian_oed seed=123 episodes=150
2026-08-03 09:25:45,860 [INFO]   SCM: 30 nodes, 39 edges, 12 colliders
2026-08-03 09:29:48,828 [INFO]   Episode 0/150, loss=5.8261
2026-08-03 10:05:20,398 [INFO]   Episode 10/150, loss=5.8027
2026-08-03 10:37:13,954 [INFO]   Episode 20/150, loss=5.8212
2026-08-03 11:08:11,107 [INFO]   Episode 30/150, loss=5.7965
2026-08-03 11:39:43,084 [INFO]   Episode 40/150, loss=5.8328
2026-08-03 12:10:18,835 [INFO]   Episode 50/150, loss=5.7929
2026-08-03 12:40:06,155 [INFO]   Episode 60/150, loss=5.8436
2026-08-03 13:10:19,422 [INFO]   Episode 70/150, loss=5.8136
2026-08-03 13:41:36,174 [INFO]   Episode 80/150, loss=5.8331
2026-08-03 14:12:21,528 [INFO]   Episode 90/150, loss=5.8185
2026-08-03 14:48:33,981 [INFO]   Episode 100/150, loss=5.8181
2026-08-03 15:20:24,507 [INFO]   Episode 110/150, loss=5.7915
2026-08-03 15:50:17,355 [INFO]   Episode 120/150, loss=5.8224
2026-08-03 16:19:43,550 [INFO]   Episode 130/150, loss=5.8212
2026-08-03 16:49:08,250 [INFO]   Episode 140/150, loss=5.7819
2026-08-03 17:15:35,837 [INFO]   Done. final_loss=5.8704  elapsed=28190s
2026-08-03 17:15:36,003 [INFO]   [Query Budget] bayesian_oed breakdown: {'candidate_probe': {'calls': 112500, 'samples': 5625000}, 'executed': {'calls': 3750, 'samples': 187500}, 'observational': {'calls': 1200, 'samples': 240000}, 'total': {'calls': 117450, 'samples': 6052500}}
2026-08-03 17:15:36,003 [INFO]   Results saved to /scratch/alpine/paco0228/ACE/results/curc_30node_baselines/bayesian_oed/seed_123
