2026-08-10 09:04:11,027 [INFO] 30-node baseline: method=bayesian_oed seed=789 episodes=150
2026-08-10 09:04:11,048 [INFO]   SCM: 30 nodes, 38 edges, 11 colliders
2026-08-10 09:11:26,321 [INFO]   Episode 0/150, loss=5.8098
2026-08-10 09:47:40,369 [INFO]   Episode 10/150, loss=5.7705
2026-08-10 10:27:10,974 [INFO]   Episode 20/150, loss=5.8094
2026-08-10 11:15:43,358 [INFO]   Episode 30/150, loss=5.7961
2026-08-10 11:44:14,960 [INFO]   Episode 40/150, loss=5.8111
2026-08-10 12:13:26,762 [INFO]   Episode 50/150, loss=5.8046
2026-08-10 12:42:09,829 [INFO]   Episode 60/150, loss=5.7599
2026-08-10 13:10:35,783 [INFO]   Episode 70/150, loss=5.7656
2026-08-10 13:38:45,180 [INFO]   Episode 80/150, loss=5.7547
2026-08-10 14:06:54,313 [INFO]   Episode 90/150, loss=5.8085
2026-08-10 14:35:08,604 [INFO]   Episode 100/150, loss=5.7887
2026-08-10 15:03:19,317 [INFO]   Episode 110/150, loss=5.7991
2026-08-10 15:31:30,355 [INFO]   Episode 120/150, loss=5.8276
2026-08-10 15:59:46,669 [INFO]   Episode 130/150, loss=5.7963
2026-08-10 16:28:07,222 [INFO]   Episode 140/150, loss=5.7635
2026-08-10 16:53:36,618 [INFO]   Done. final_loss=5.8014  elapsed=28166s
2026-08-10 16:53:37,286 [INFO]   [Query Budget] bayesian_oed breakdown: {'candidate_probe': {'calls': 112500, 'samples': 5625000}, 'executed': {'calls': 3750, 'samples': 187500}, 'observational': {'calls': 1200, 'samples': 240000}, 'total': {'calls': 117450, 'samples': 6052500}}
2026-08-10 16:53:37,286 [INFO]   Results saved to /scratch/alpine/paco0228/ACE/results/curc_30node_baselines/bayesian_oed/seed_789
