2026-08-03 09:25:45,859 [INFO] 30-node baseline: method=bayesian_oed seed=42 episodes=150
2026-08-03 09:25:45,861 [INFO]   SCM: 30 nodes, 39 edges, 11 colliders
2026-08-03 09:29:09,710 [INFO]   Episode 0/150, loss=5.8557
2026-08-03 09:58:09,552 [INFO]   Episode 10/150, loss=5.9061
2026-08-03 10:27:09,818 [INFO]   Episode 20/150, loss=5.8931
2026-08-03 10:56:16,353 [INFO]   Episode 30/150, loss=5.8617
2026-08-03 11:25:24,258 [INFO]   Episode 40/150, loss=5.8827
2026-08-03 11:54:15,672 [INFO]   Episode 50/150, loss=5.8880
2026-08-03 12:23:01,480 [INFO]   Episode 60/150, loss=5.8616
2026-08-03 12:51:41,316 [INFO]   Episode 70/150, loss=5.8586
2026-08-03 13:20:21,630 [INFO]   Episode 80/150, loss=5.8464
2026-08-03 13:49:02,773 [INFO]   Episode 90/150, loss=5.8343
2026-08-03 14:17:33,840 [INFO]   Episode 100/150, loss=5.8803
2026-08-03 14:45:57,225 [INFO]   Episode 110/150, loss=5.8638
2026-08-03 15:14:19,643 [INFO]   Episode 120/150, loss=5.8443
2026-08-03 15:42:44,878 [INFO]   Episode 130/150, loss=5.8991
2026-08-03 16:11:04,887 [INFO]   Episode 140/150, loss=5.8758
2026-08-03 16:36:43,246 [INFO]   Done. final_loss=5.9055  elapsed=25857s
2026-08-03 16:36:43,538 [INFO]   [Query Budget] bayesian_oed breakdown: {'candidate_probe': {'calls': 112500, 'samples': 5625000}, 'executed': {'calls': 3750, 'samples': 187500}, 'observational': {'calls': 1200, 'samples': 240000}, 'total': {'calls': 117450, 'samples': 6052500}}
2026-08-03 16:36:43,538 [INFO]   Results saved to /scratch/alpine/paco0228/ACE/results/curc_30node_baselines/bayesian_oed/seed_42
